<html>
<body>
<pre>
<h1>µVision Build Log</h1>
<h2>Project:</h2>
C:\Users\jda3800\Documents\Keil_STM32\Project\SD_Projects\RotaryEncoder\MDK-ARM\RotaryEncoder.uvproj
Project File Date:  09/11/2014

<h2>Output:</h2>
Build Project 'RotaryEncoder' - Target 'STM32F3_Discovery'
compiling main.c...
linking...
Program Size: Code=5208 RO-data=488 RW-data=112 ZI-data=1632  
FromELF: creating hex file...
".\Obj\RotaryEncoder.axf" - 0 Error(s), 0 Warning(s).
Load "C:\\Users\\jda3800\\Documents\\Keil_STM32\\Project\\SD_Projects\\RotaryEncoder\\MDK-ARM\\Obj\\RotaryEncoder.axf" 
Erase Done.
Programming Done.
Verify OK.
ed in a function definition
    STM_EVAL_LEDInit(LED6);
C:\Users\jda3800\Documents\Keil_STM32\Project\SD_Projects\RotaryEncoder\main.c(133): error:  #147: declaration is incompatible with "void STM_EVAL_LEDInit(Led_TypeDef)" (declared at line 155 of "..\..\..\..\Utilities\STM32F3_Discovery\stm32f3_discovery.h")
    STM_EVAL_LEDInit(LED6);
C:\Users\jda3800\Documents\Keil_STM32\Project\SD_Projects\RotaryEncoder\main.c(134): warning:  #77-D: this declaration has no storage class or type specifier
        STM_EVAL_LEDInit(LED7);
C:\Users\jda3800\Documents\Keil_STM32\Project\SD_Projects\RotaryEncoder\main.c(134): error:  #92: identifier-list parameters may only be used in a function definition
        STM_EVAL_LEDInit(LED7);
C:\Users\jda3800\Documents\Keil_STM32\Project\SD_Projects\RotaryEncoder\main.c(136): warning:  #77-D: this declaration has no storage class or type specifier
    STM_EVAL_LEDOff(LED6);
C:\Users\jda3800\Documents\Keil_STM32\Project\SD_Projects\RotaryEncoder\main.c(136): error:  #92: identifier-list parameters may only be used in a function definition
    STM_EVAL_LEDOff(LED6);
C:\Users\jda3800\Documents\Keil_STM32\Project\SD_Projects\RotaryEncoder\main.c(136): error:  #147: declaration is incompatible with "void STM_EVAL_LEDOff(Led_TypeDef)" (declared at line 157 of "..\..\..\..\Utilities\STM32F3_Discovery\stm32f3_discovery.h")
    STM_EVAL_LEDOff(LED6);
C:\Users\jda3800\Documents\Keil_STM32\Project\SD_Projects\RotaryEncoder\main.c(137): warning:  #77-D: this declaration has no storage class or type specifier
        STM_EVAL_LEDOff(LED7);
C:\Users\jda3800\Documents\Keil_STM32\Project\SD_Projects\RotaryEncoder\main.c(137): error:  #92: identifier-list parameters may only be used in a function definition
        STM_EVAL_LEDOff(LED7);
C:\Users\jda3800\Documents\Keil_STM32\Project\SD_Projects\RotaryEncoder\main.c(138): error:  #169: expected a declaration
  }
C:\Users\jda3800\Documents\Keil_STM32\Project\SD_Projects\RotaryEncoder\main.c(193): warning: At end of source:  #12-D: parsing restarts here after previous syntax error
..\main.c: 5 warnings, 7 errors
".\Obj\RotaryEncoder.axf" - 7 Error(s), 5 Warning(s).
Target not created
void TIM_Config(void);
..\main.c: 6 warnings, 7 errors
compiling stm32f30x_it.c...
".\Obj\RotaryEncoder.axf" - 7 Error(s), 6 Warning(s).
Target not created
