<html>
<body>
<pre>
<h1>µVision Build Log</h1>
<h2>Project:</h2>
C:\Users\jda3800\Documents\Keil_STM32\Project\SD_Projects\TIM\MDK-ARM\TIM.uvproj
Project File Date:  09/18/2014

<h2>Output:</h2>
Build Project 'TIM' - Target 'STM32F3_Discovery'
compiling main.c...
compiling stm32f30x_it.c...
linking...
Program Size: Code=8628 RO-data=488 RW-data=108 ZI-data=1668  
FromELF: creating hex file...
".\Obj\TIM.axf" - 0 Error(s), 0 Warning(s).
Load "C:\\Users\\jda3800\\Documents\\Keil_STM32\\Project\\SD_Projects\\TIM\\MDK-ARM\\Obj\\TIM.axf" 
Erase Done.
Programming Done.
Verify OK.
