<html>
<body>
<pre>
<h1>µVision Build Log</h1>
<h2>Project:</h2>
C:\Users\jda3800\Documents\Keil_STM32\Project\SD_Projects\UART\MDK-ARM\UART.uvproj
Project File Date:  09/11/2014

<h2>Output:</h2>
Build Project 'UART' - Target 'STM32F3_Discovery'
compiling main.c...
linking...
Program Size: Code=8640 RO-data=424 RW-data=84 ZI-data=1692  
FromELF: creating hex file...
".\Obj\UART.axf" - 0 Error(s), 0 Warning(s).
Load "C:\\Users\\jda3800\\Documents\\Keil_STM32\\Project\\SD_Projects\\UART\\MDK-ARM\\Obj\\UART.axf" 
Erase Done.
Programming Done.
Verify OK.
</pre>
</body>
</html>
1 Warning(s).
Load "C:\\Users\\jda3800\\Documents\\Keil_STM32\\Project\\SD_Projects\\UART\\MDK-ARM\\Obj\\UART.axf" 
Erase Done.
Programming Done.
Verify OK.
