<!doctype html public "-//w3c//dtd html 4.0 transitional//en">
<html><head>
<title>Static Call Graph - [.\Obj\LCD.axf]</title></head>
<body><HR>
<H1>Static Call Graph for image .\Obj\LCD.axf</H1><HR>
<BR><P>#&#060CALLGRAPH&#062# ARM Linker, 5.03 [Build 76]: Last Updated: Mon Sep 29 13:51:37 2014
<BR><P>
<H3>Maximum Stack Usage =        320 bytes + Unknown(Functions without stacksize, Cycles, Untraceable Function Pointers)</H3><H3>
Call chain for Maximum Stack Depth:</H3>
_printf_g &rArr; _printf_fp_dec &rArr; _printf_fp_dec_real &rArr; _fp_digits &rArr; _btod_etento &rArr; _btod_emul &rArr; _e2e
<P>
<H3>
Functions with no stack information
</H3><UL>
 <LI><a href="#[55]">__user_initial_stackheap</a>
</UL>
</UL>
<P>
<H3>
Mutually Recursive functions
</H3> <LI><a href="#[1f]">ADC1_2_IRQHandler</a>&nbsp;&nbsp;&nbsp;&rArr;&nbsp;&nbsp;&nbsp;<a href="#[1f]">ADC1_2_IRQHandler</a><BR>
</UL>
<P>
<H3>
Function Pointers
</H3><UL>
 <LI><a href="#[1f]">ADC1_2_IRQHandler</a> from startup_stm32f30x.o(.text) referenced from startup_stm32f30x.o(RESET)
 <LI><a href="#[3c]">ADC3_IRQHandler</a> from startup_stm32f30x.o(.text) referenced from startup_stm32f30x.o(RESET)
 <LI><a href="#[47]">ADC4_IRQHandler</a> from startup_stm32f30x.o(.text) referenced from startup_stm32f30x.o(RESET)
 <LI><a href="#[7]">BusFault_Handler</a> from stm32f30x_it.o(.text) referenced from startup_stm32f30x.o(RESET)
 <LI><a href="#[22]">CAN1_RX1_IRQHandler</a> from startup_stm32f30x.o(.text) referenced from startup_stm32f30x.o(RESET)
 <LI><a href="#[23]">CAN1_SCE_IRQHandler</a> from startup_stm32f30x.o(.text) referenced from startup_stm32f30x.o(RESET)
 <LI><a href="#[48]">COMP1_2_3_IRQHandler</a> from startup_stm32f30x.o(.text) referenced from startup_stm32f30x.o(RESET)
 <LI><a href="#[49]">COMP4_5_6_IRQHandler</a> from startup_stm32f30x.o(.text) referenced from startup_stm32f30x.o(RESET)
 <LI><a href="#[4a]">COMP7_IRQHandler</a> from startup_stm32f30x.o(.text) referenced from startup_stm32f30x.o(RESET)
 <LI><a href="#[18]">DMA1_Channel1_IRQHandler</a> from startup_stm32f30x.o(.text) referenced from startup_stm32f30x.o(RESET)
 <LI><a href="#[19]">DMA1_Channel2_IRQHandler</a> from startup_stm32f30x.o(.text) referenced from startup_stm32f30x.o(RESET)
 <LI><a href="#[1a]">DMA1_Channel3_IRQHandler</a> from startup_stm32f30x.o(.text) referenced from startup_stm32f30x.o(RESET)
 <LI><a href="#[1b]">DMA1_Channel4_IRQHandler</a> from startup_stm32f30x.o(.text) referenced from startup_stm32f30x.o(RESET)
 <LI><a href="#[1c]">DMA1_Channel5_IRQHandler</a> from startup_stm32f30x.o(.text) referenced from startup_stm32f30x.o(RESET)
 <LI><a href="#[1d]">DMA1_Channel6_IRQHandler</a> from startup_stm32f30x.o(.text) referenced from startup_stm32f30x.o(RESET)
 <LI><a href="#[1e]">DMA1_Channel7_IRQHandler</a> from startup_stm32f30x.o(.text) referenced from startup_stm32f30x.o(RESET)
 <LI><a href="#[42]">DMA2_Channel1_IRQHandler</a> from startup_stm32f30x.o(.text) referenced from startup_stm32f30x.o(RESET)
 <LI><a href="#[43]">DMA2_Channel2_IRQHandler</a> from startup_stm32f30x.o(.text) referenced from startup_stm32f30x.o(RESET)
 <LI><a href="#[44]">DMA2_Channel3_IRQHandler</a> from startup_stm32f30x.o(.text) referenced from startup_stm32f30x.o(RESET)
 <LI><a href="#[45]">DMA2_Channel4_IRQHandler</a> from startup_stm32f30x.o(.text) referenced from startup_stm32f30x.o(RESET)
 <LI><a href="#[46]">DMA2_Channel5_IRQHandler</a> from startup_stm32f30x.o(.text) referenced from startup_stm32f30x.o(RESET)
 <LI><a href="#[a]">DebugMon_Handler</a> from stm32f30x_it.o(.text) referenced from startup_stm32f30x.o(RESET)
 <LI><a href="#[13]">EXTI0_IRQHandler</a> from startup_stm32f30x.o(.text) referenced from startup_stm32f30x.o(RESET)
 <LI><a href="#[35]">EXTI15_10_IRQHandler</a> from startup_stm32f30x.o(.text) referenced from startup_stm32f30x.o(RESET)
 <LI><a href="#[14]">EXTI1_IRQHandler</a> from startup_stm32f30x.o(.text) referenced from startup_stm32f30x.o(RESET)
 <LI><a href="#[15]">EXTI2_TS_IRQHandler</a> from startup_stm32f30x.o(.text) referenced from startup_stm32f30x.o(RESET)
 <LI><a href="#[16]">EXTI3_IRQHandler</a> from startup_stm32f30x.o(.text) referenced from startup_stm32f30x.o(RESET)
 <LI><a href="#[17]">EXTI4_IRQHandler</a> from startup_stm32f30x.o(.text) referenced from startup_stm32f30x.o(RESET)
 <LI><a href="#[24]">EXTI9_5_IRQHandler</a> from startup_stm32f30x.o(.text) referenced from startup_stm32f30x.o(RESET)
 <LI><a href="#[11]">FLASH_IRQHandler</a> from startup_stm32f30x.o(.text) referenced from startup_stm32f30x.o(RESET)
 <LI><a href="#[4e]">FPU_IRQHandler</a> from startup_stm32f30x.o(.text) referenced from startup_stm32f30x.o(RESET)
 <LI><a href="#[5]">HardFault_Handler</a> from stm32f30x_it.o(.text) referenced from startup_stm32f30x.o(RESET)
 <LI><a href="#[2d]">I2C1_ER_IRQHandler</a> from startup_stm32f30x.o(.text) referenced from startup_stm32f30x.o(RESET)
 <LI><a href="#[2c]">I2C1_EV_IRQHandler</a> from startup_stm32f30x.o(.text) referenced from startup_stm32f30x.o(RESET)
 <LI><a href="#[2f]">I2C2_ER_IRQHandler</a> from startup_stm32f30x.o(.text) referenced from startup_stm32f30x.o(RESET)
 <LI><a href="#[2e]">I2C2_EV_IRQHandler</a> from startup_stm32f30x.o(.text) referenced from startup_stm32f30x.o(RESET)
 <LI><a href="#[6]">MemManage_Handler</a> from stm32f30x_it.o(.text) referenced from startup_stm32f30x.o(RESET)
 <LI><a href="#[4]">NMI_Handler</a> from stm32f30x_it.o(.text) referenced from startup_stm32f30x.o(RESET)
 <LI><a href="#[e]">PVD_IRQHandler</a> from startup_stm32f30x.o(.text) referenced from startup_stm32f30x.o(RESET)
 <LI><a href="#[b]">PendSV_Handler</a> from stm32f30x_it.o(.text) referenced from startup_stm32f30x.o(RESET)
 <LI><a href="#[12]">RCC_IRQHandler</a> from startup_stm32f30x.o(.text) referenced from startup_stm32f30x.o(RESET)
 <LI><a href="#[36]">RTC_Alarm_IRQHandler</a> from startup_stm32f30x.o(.text) referenced from startup_stm32f30x.o(RESET)
 <LI><a href="#[10]">RTC_WKUP_IRQHandler</a> from startup_stm32f30x.o(.text) referenced from startup_stm32f30x.o(RESET)
 <LI><a href="#[53]">Reset_Handler</a> from startup_stm32f30x.o(.text) referenced from startup_stm32f30x.o(RESET)
 <LI><a href="#[30]">SPI1_IRQHandler</a> from startup_stm32f30x.o(.text) referenced from startup_stm32f30x.o(RESET)
 <LI><a href="#[31]">SPI2_IRQHandler</a> from startup_stm32f30x.o(.text) referenced from startup_stm32f30x.o(RESET)
 <LI><a href="#[3d]">SPI3_IRQHandler</a> from startup_stm32f30x.o(.text) referenced from startup_stm32f30x.o(RESET)
 <LI><a href="#[9]">SVC_Handler</a> from stm32f30x_it.o(.text) referenced from startup_stm32f30x.o(RESET)
 <LI><a href="#[c]">SysTick_Handler</a> from stm32f30x_it.o(.text) referenced from startup_stm32f30x.o(RESET)
 <LI><a href="#[4f]">SystemInit</a> from system_stm32f30x.o(.text) referenced from startup_stm32f30x.o(.text)
 <LI><a href="#[f]">TAMPER_STAMP_IRQHandler</a> from startup_stm32f30x.o(.text) referenced from startup_stm32f30x.o(RESET)
 <LI><a href="#[25]">TIM1_BRK_TIM15_IRQHandler</a> from startup_stm32f30x.o(.text) referenced from startup_stm32f30x.o(RESET)
 <LI><a href="#[28]">TIM1_CC_IRQHandler</a> from startup_stm32f30x.o(.text) referenced from startup_stm32f30x.o(RESET)
 <LI><a href="#[27]">TIM1_TRG_COM_TIM17_IRQHandler</a> from startup_stm32f30x.o(.text) referenced from startup_stm32f30x.o(RESET)
 <LI><a href="#[26]">TIM1_UP_TIM16_IRQHandler</a> from startup_stm32f30x.o(.text) referenced from startup_stm32f30x.o(RESET)
 <LI><a href="#[29]">TIM2_IRQHandler</a> from stm32f30x_it.o(.text) referenced from startup_stm32f30x.o(RESET)
 <LI><a href="#[2a]">TIM3_IRQHandler</a> from startup_stm32f30x.o(.text) referenced from startup_stm32f30x.o(RESET)
 <LI><a href="#[2b]">TIM4_IRQHandler</a> from startup_stm32f30x.o(.text) referenced from startup_stm32f30x.o(RESET)
 <LI><a href="#[40]">TIM6_DAC_IRQHandler</a> from startup_stm32f30x.o(.text) referenced from startup_stm32f30x.o(RESET)
 <LI><a href="#[41]">TIM7_IRQHandler</a> from startup_stm32f30x.o(.text) referenced from startup_stm32f30x.o(RESET)
 <LI><a href="#[38]">TIM8_BRK_IRQHandler</a> from startup_stm32f30x.o(.text) referenced from startup_stm32f30x.o(RESET)
 <LI><a href="#[3b]">TIM8_CC_IRQHandler</a> from startup_stm32f30x.o(.text) referenced from startup_stm32f30x.o(RESET)
 <LI><a href="#[3a]">TIM8_TRG_COM_IRQHandler</a> from startup_stm32f30x.o(.text) referenced from startup_stm32f30x.o(RESET)
 <LI><a href="#[39]">TIM8_UP_IRQHandler</a> from startup_stm32f30x.o(.text) referenced from startup_stm32f30x.o(RESET)
 <LI><a href="#[3e]">UART4_IRQHandler</a> from startup_stm32f30x.o(.text) referenced from startup_stm32f30x.o(RESET)
 <LI><a href="#[3f]">UART5_IRQHandler</a> from startup_stm32f30x.o(.text) referenced from startup_stm32f30x.o(RESET)
 <LI><a href="#[32]">USART1_IRQHandler</a> from startup_stm32f30x.o(.text) referenced from startup_stm32f30x.o(RESET)
 <LI><a href="#[33]">USART2_IRQHandler</a> from startup_stm32f30x.o(.text) referenced from startup_stm32f30x.o(RESET)
 <LI><a href="#[34]">USART3_IRQHandler</a> from startup_stm32f30x.o(.text) referenced from startup_stm32f30x.o(RESET)
 <LI><a href="#[37]">USBWakeUp_IRQHandler</a> from startup_stm32f30x.o(.text) referenced from startup_stm32f30x.o(RESET)
 <LI><a href="#[4d]">USBWakeUp_RMP_IRQHandler</a> from startup_stm32f30x.o(.text) referenced from startup_stm32f30x.o(RESET)
 <LI><a href="#[20]">USB_HP_CAN1_TX_IRQHandler</a> from startup_stm32f30x.o(.text) referenced from startup_stm32f30x.o(RESET)
 <LI><a href="#[4b]">USB_HP_IRQHandler</a> from startup_stm32f30x.o(.text) referenced from startup_stm32f30x.o(RESET)
 <LI><a href="#[21]">USB_LP_CAN1_RX0_IRQHandler</a> from startup_stm32f30x.o(.text) referenced from startup_stm32f30x.o(RESET)
 <LI><a href="#[4c]">USB_LP_IRQHandler</a> from startup_stm32f30x.o(.text) referenced from startup_stm32f30x.o(RESET)
 <LI><a href="#[8]">UsageFault_Handler</a> from stm32f30x_it.o(.text) referenced from startup_stm32f30x.o(RESET)
 <LI><a href="#[d]">WWDG_IRQHandler</a> from startup_stm32f30x.o(.text) referenced from startup_stm32f30x.o(RESET)
 <LI><a href="#[54]">__main</a> from __main.o(!!!main) referenced from startup_stm32f30x.o(.text)
 <LI><a href="#[52]">_printf_input_char</a> from _printf_char_common.o(.text) referenced from _printf_char_common.o(.text)
 <LI><a href="#[51]">_sputc</a> from _sputc.o(.text) referenced from noretval__2sprintf.o(.text)
</UL>
<P>
<H3>
Global Symbols
</H3>
<P><STRONG><a name="[54]"></a>__main</STRONG> (Thumb, 8 bytes, Stack size 0 bytes, __main.o(!!!main))
<BR><BR>[Calls]<UL><LI><a href="#[57]">&gt;&gt;</a>&nbsp;&nbsp;&nbsp;__rt_entry
<LI><a href="#[56]">&gt;&gt;</a>&nbsp;&nbsp;&nbsp;__scatterload
</UL>

<P><STRONG><a name="[56]"></a>__scatterload</STRONG> (Thumb, 0 bytes, Stack size unknown bytes, __scatter.o(!!!scatter))
<BR><BR>[Called By]<UL><LI><a href="#[54]">&gt;&gt;</a>&nbsp;&nbsp;&nbsp;__main
</UL>

<P><STRONG><a name="[58]"></a>__scatterload_rt2</STRONG> (Thumb, 44 bytes, Stack size unknown bytes, __scatter.o(!!!scatter), UNUSED)
<BR><BR>[Calls]<UL><LI><a href="#[57]">&gt;&gt;</a>&nbsp;&nbsp;&nbsp;__rt_entry
</UL>

<P><STRONG><a name="[b6]"></a>__scatterload_rt2_thumb_only</STRONG> (Thumb, 0 bytes, Stack size unknown bytes, __scatter.o(!!!scatter), UNUSED)

<P><STRONG><a name="[b7]"></a>__scatterload_null</STRONG> (Thumb, 0 bytes, Stack size unknown bytes, __scatter.o(!!!scatter), UNUSED)

<P><STRONG><a name="[59]"></a>__scatterload_copy</STRONG> (Thumb, 26 bytes, Stack size unknown bytes, __scatter_copy.o(!!handler_copy), UNUSED)
<BR><BR>[Calls]<UL><LI><a href="#[59]">&gt;&gt;</a>&nbsp;&nbsp;&nbsp;__scatterload_copy
</UL>
<BR>[Called By]<UL><LI><a href="#[59]">&gt;&gt;</a>&nbsp;&nbsp;&nbsp;__scatterload_copy
</UL>

<P><STRONG><a name="[b8]"></a>__scatterload_zeroinit</STRONG> (Thumb, 28 bytes, Stack size unknown bytes, __scatter_zi.o(!!handler_zi), UNUSED)

<P><STRONG><a name="[5a]"></a>_printf_g</STRONG> (Thumb, 0 bytes, Stack size unknown bytes, _printf_g.o(.ARM.Collect$$_printf_percent$$00000005))
<BR><BR>[Stack]<UL><LI>Max Depth = 320 + Unknown Stack Size
<LI>Call Chain = _printf_g &rArr; _printf_fp_dec &rArr; _printf_fp_dec_real &rArr; _fp_digits &rArr; _btod_etento &rArr; _btod_emul &rArr; _e2e
</UL>
<BR>[Calls]<UL><LI><a href="#[5b]">&gt;&gt;</a>&nbsp;&nbsp;&nbsp;_printf_fp_dec
</UL>

<P><STRONG><a name="[9c]"></a>_printf_percent</STRONG> (Thumb, 0 bytes, Stack size unknown bytes, _printf_percent.o(.ARM.Collect$$_printf_percent$$00000000))
<BR><BR>[Called By]<UL><LI><a href="#[9b]">&gt;&gt;</a>&nbsp;&nbsp;&nbsp;__printf
</UL>

<P><STRONG><a name="[b9]"></a>_printf_percent_end</STRONG> (Thumb, 0 bytes, Stack size unknown bytes, _printf_percent_end.o(.ARM.Collect$$_printf_percent$$00000017))

<P><STRONG><a name="[65]"></a>__rt_lib_init</STRONG> (Thumb, 0 bytes, Stack size unknown bytes, libinit.o(.ARM.Collect$$libinit$$00000000))
<BR><BR>[Called By]<UL><LI><a href="#[64]">&gt;&gt;</a>&nbsp;&nbsp;&nbsp;__rt_entry_li
</UL>

<P><STRONG><a name="[5c]"></a>__rt_lib_init_fp_1</STRONG> (Thumb, 0 bytes, Stack size unknown bytes, libinit2.o(.ARM.Collect$$libinit$$00000001))
<BR><BR>[Calls]<UL><LI><a href="#[5d]">&gt;&gt;</a>&nbsp;&nbsp;&nbsp;_fp_init
</UL>

<P><STRONG><a name="[ba]"></a>__rt_lib_init_heap_1</STRONG> (Thumb, 0 bytes, Stack size unknown bytes, libinit2.o(.ARM.Collect$$libinit$$00000008))

<P><STRONG><a name="[5e]"></a>__rt_lib_init_lc_common</STRONG> (Thumb, 0 bytes, Stack size unknown bytes, libinit2.o(.ARM.Collect$$libinit$$0000000D))
<BR><BR>[Calls]<UL><LI><a href="#[5f]">&gt;&gt;</a>&nbsp;&nbsp;&nbsp;__rt_locale
</UL>

<P><STRONG><a name="[bb]"></a>__rt_lib_init_rand_1</STRONG> (Thumb, 0 bytes, Stack size unknown bytes, libinit2.o(.ARM.Collect$$libinit$$0000000C))

<P><STRONG><a name="[bc]"></a>__rt_lib_init_user_alloc_1</STRONG> (Thumb, 0 bytes, Stack size unknown bytes, libinit2.o(.ARM.Collect$$libinit$$0000000A))

<P><STRONG><a name="[bd]"></a>__rt_lib_init_lc_collate_1</STRONG> (Thumb, 0 bytes, Stack size unknown bytes, libinit2.o(.ARM.Collect$$libinit$$0000000F))

<P><STRONG><a name="[be]"></a>__rt_lib_init_lc_ctype_1</STRONG> (Thumb, 0 bytes, Stack size unknown bytes, libinit2.o(.ARM.Collect$$libinit$$00000011))

<P><STRONG><a name="[bf]"></a>__rt_lib_init_lc_monetary_1</STRONG> (Thumb, 0 bytes, Stack size unknown bytes, libinit2.o(.ARM.Collect$$libinit$$00000013))

<P><STRONG><a name="[60]"></a>__rt_lib_init_lc_numeric_2</STRONG> (Thumb, 0 bytes, Stack size unknown bytes, libinit2.o(.ARM.Collect$$libinit$$00000014))
<BR><BR>[Stack]<UL><LI>Max Depth = 8 + Unknown Stack Size
<LI>Call Chain = __rt_lib_init_lc_numeric_2 &rArr; _get_lc_numeric
</UL>
<BR>[Calls]<UL><LI><a href="#[61]">&gt;&gt;</a>&nbsp;&nbsp;&nbsp;_get_lc_numeric
</UL>

<P><STRONG><a name="[c0]"></a>__rt_lib_init_alloca_1</STRONG> (Thumb, 0 bytes, Stack size unknown bytes, libinit2.o(.ARM.Collect$$libinit$$0000002C))

<P><STRONG><a name="[c1]"></a>__rt_lib_init_argv_1</STRONG> (Thumb, 0 bytes, Stack size unknown bytes, libinit2.o(.ARM.Collect$$libinit$$0000002A))

<P><STRONG><a name="[c2]"></a>__rt_lib_init_atexit_1</STRONG> (Thumb, 0 bytes, Stack size unknown bytes, libinit2.o(.ARM.Collect$$libinit$$00000019))

<P><STRONG><a name="[c3]"></a>__rt_lib_init_clock_1</STRONG> (Thumb, 0 bytes, Stack size unknown bytes, libinit2.o(.ARM.Collect$$libinit$$0000001F))

<P><STRONG><a name="[c4]"></a>__rt_lib_init_cpp_1</STRONG> (Thumb, 0 bytes, Stack size unknown bytes, libinit2.o(.ARM.Collect$$libinit$$00000030))

<P><STRONG><a name="[c5]"></a>__rt_lib_init_exceptions_1</STRONG> (Thumb, 0 bytes, Stack size unknown bytes, libinit2.o(.ARM.Collect$$libinit$$0000002E))

<P><STRONG><a name="[c6]"></a>__rt_lib_init_fp_trap_1</STRONG> (Thumb, 0 bytes, Stack size unknown bytes, libinit2.o(.ARM.Collect$$libinit$$0000001D))

<P><STRONG><a name="[c7]"></a>__rt_lib_init_getenv_1</STRONG> (Thumb, 0 bytes, Stack size unknown bytes, libinit2.o(.ARM.Collect$$libinit$$00000021))

<P><STRONG><a name="[c8]"></a>__rt_lib_init_lc_numeric_1</STRONG> (Thumb, 0 bytes, Stack size unknown bytes, libinit2.o(.ARM.Collect$$libinit$$00000015))

<P><STRONG><a name="[c9]"></a>__rt_lib_init_lc_time_1</STRONG> (Thumb, 0 bytes, Stack size unknown bytes, libinit2.o(.ARM.Collect$$libinit$$00000017))

<P><STRONG><a name="[ca]"></a>__rt_lib_init_return</STRONG> (Thumb, 0 bytes, Stack size unknown bytes, libinit2.o(.ARM.Collect$$libinit$$00000031))

<P><STRONG><a name="[cb]"></a>__rt_lib_init_signal_1</STRONG> (Thumb, 0 bytes, Stack size unknown bytes, libinit2.o(.ARM.Collect$$libinit$$0000001B))

<P><STRONG><a name="[cc]"></a>__rt_lib_init_stdio_1</STRONG> (Thumb, 0 bytes, Stack size unknown bytes, libinit2.o(.ARM.Collect$$libinit$$00000023))

<P><STRONG><a name="[6a]"></a>__rt_lib_shutdown</STRONG> (Thumb, 0 bytes, Stack size unknown bytes, libshutdown.o(.ARM.Collect$$libshutdown$$00000000))
<BR><BR>[Called By]<UL><LI><a href="#[69]">&gt;&gt;</a>&nbsp;&nbsp;&nbsp;__rt_exit_ls
</UL>

<P><STRONG><a name="[cd]"></a>__rt_lib_shutdown_fp_trap_1</STRONG> (Thumb, 0 bytes, Stack size unknown bytes, libshutdown2.o(.ARM.Collect$$libshutdown$$00000006))

<P><STRONG><a name="[ce]"></a>__rt_lib_shutdown_heap_1</STRONG> (Thumb, 0 bytes, Stack size unknown bytes, libshutdown2.o(.ARM.Collect$$libshutdown$$0000000E))

<P><STRONG><a name="[cf]"></a>__rt_lib_shutdown_return</STRONG> (Thumb, 0 bytes, Stack size unknown bytes, libshutdown2.o(.ARM.Collect$$libshutdown$$0000000F))

<P><STRONG><a name="[d0]"></a>__rt_lib_shutdown_signal_1</STRONG> (Thumb, 0 bytes, Stack size unknown bytes, libshutdown2.o(.ARM.Collect$$libshutdown$$00000009))

<P><STRONG><a name="[d1]"></a>__rt_lib_shutdown_stdio_1</STRONG> (Thumb, 0 bytes, Stack size unknown bytes, libshutdown2.o(.ARM.Collect$$libshutdown$$00000003))

<P><STRONG><a name="[d2]"></a>__rt_lib_shutdown_user_alloc_1</STRONG> (Thumb, 0 bytes, Stack size unknown bytes, libshutdown2.o(.ARM.Collect$$libshutdown$$0000000B))

<P><STRONG><a name="[57]"></a>__rt_entry</STRONG> (Thumb, 0 bytes, Stack size unknown bytes, rtentry.o(.ARM.Collect$$rtentry$$00000000))
<BR><BR>[Called By]<UL><LI><a href="#[54]">&gt;&gt;</a>&nbsp;&nbsp;&nbsp;__main
<LI><a href="#[58]">&gt;&gt;</a>&nbsp;&nbsp;&nbsp;__scatterload_rt2
</UL>

<P><STRONG><a name="[d3]"></a>__rt_entry_presh_1</STRONG> (Thumb, 0 bytes, Stack size unknown bytes, rtentry2.o(.ARM.Collect$$rtentry$$00000002))

<P><STRONG><a name="[62]"></a>__rt_entry_sh</STRONG> (Thumb, 0 bytes, Stack size unknown bytes, rtentry4.o(.ARM.Collect$$rtentry$$00000004))
<BR><BR>[Stack]<UL><LI>Max Depth = 8 + Unknown Stack Size
<LI>Call Chain = __rt_entry_sh &rArr; __user_setup_stackheap
</UL>
<BR>[Calls]<UL><LI><a href="#[63]">&gt;&gt;</a>&nbsp;&nbsp;&nbsp;__user_setup_stackheap
</UL>

<P><STRONG><a name="[64]"></a>__rt_entry_li</STRONG> (Thumb, 0 bytes, Stack size unknown bytes, rtentry2.o(.ARM.Collect$$rtentry$$0000000A))
<BR><BR>[Calls]<UL><LI><a href="#[65]">&gt;&gt;</a>&nbsp;&nbsp;&nbsp;__rt_lib_init
</UL>

<P><STRONG><a name="[d4]"></a>__rt_entry_postsh_1</STRONG> (Thumb, 0 bytes, Stack size unknown bytes, rtentry2.o(.ARM.Collect$$rtentry$$00000009))

<P><STRONG><a name="[66]"></a>__rt_entry_main</STRONG> (Thumb, 0 bytes, Stack size unknown bytes, rtentry2.o(.ARM.Collect$$rtentry$$0000000D))
<BR><BR>[Stack]<UL><LI>Max Depth = 120 + Unknown Stack Size
<LI>Call Chain = __rt_entry_main &rArr; main &rArr; UI_hl &rArr; __2sprintf &rArr; _printf_char_common &rArr; __printf
</UL>
<BR>[Calls]<UL><LI><a href="#[67]">&gt;&gt;</a>&nbsp;&nbsp;&nbsp;main
<LI><a href="#[68]">&gt;&gt;</a>&nbsp;&nbsp;&nbsp;exit
</UL>

<P><STRONG><a name="[d5]"></a>__rt_entry_postli_1</STRONG> (Thumb, 0 bytes, Stack size unknown bytes, rtentry2.o(.ARM.Collect$$rtentry$$0000000C))

<P><STRONG><a name="[a7]"></a>__rt_exit</STRONG> (Thumb, 0 bytes, Stack size unknown bytes, rtexit.o(.ARM.Collect$$rtexit$$00000000))
<BR><BR>[Called By]<UL><LI><a href="#[68]">&gt;&gt;</a>&nbsp;&nbsp;&nbsp;exit
</UL>

<P><STRONG><a name="[69]"></a>__rt_exit_ls</STRONG> (Thumb, 0 bytes, Stack size unknown bytes, rtexit2.o(.ARM.Collect$$rtexit$$00000003))
<BR><BR>[Calls]<UL><LI><a href="#[6a]">&gt;&gt;</a>&nbsp;&nbsp;&nbsp;__rt_lib_shutdown
</UL>

<P><STRONG><a name="[d6]"></a>__rt_exit_prels_1</STRONG> (Thumb, 0 bytes, Stack size unknown bytes, rtexit2.o(.ARM.Collect$$rtexit$$00000002))

<P><STRONG><a name="[6b]"></a>__rt_exit_exit</STRONG> (Thumb, 0 bytes, Stack size unknown bytes, rtexit2.o(.ARM.Collect$$rtexit$$00000004))
<BR><BR>[Calls]<UL><LI><a href="#[6c]">&gt;&gt;</a>&nbsp;&nbsp;&nbsp;_sys_exit
</UL>

<P><STRONG><a name="[53]"></a>Reset_Handler</STRONG> (Thumb, 8 bytes, Stack size 0 bytes, startup_stm32f30x.o(.text))

<P><STRONG><a name="[1f]"></a>ADC1_2_IRQHandler</STRONG> (Thumb, 0 bytes, Stack size 0 bytes, startup_stm32f30x.o(.text))
<BR><BR>[Calls]<UL><LI><a href="#[1f]">&gt;&gt;</a>&nbsp;&nbsp;&nbsp;ADC1_2_IRQHandler
</UL>
<BR>[Called By]<UL><LI><a href="#[1f]">&gt;&gt;</a>&nbsp;&nbsp;&nbsp;ADC1_2_IRQHandler
</UL>
<BR>[Address Reference Count : 1]<UL><LI> startup_stm32f30x.o(RESET)
</UL>
<P><STRONG><a name="[3c]"></a>ADC3_IRQHandler</STRONG> (Thumb, 0 bytes, Stack size 0 bytes, startup_stm32f30x.o(.text))
<BR>[Address Reference Count : 1]<UL><LI> startup_stm32f30x.o(RESET)
</UL>
<P><STRONG><a name="[47]"></a>ADC4_IRQHandler</STRONG> (Thumb, 0 bytes, Stack size 0 bytes, startup_stm32f30x.o(.text))
<BR>[Address Reference Count : 1]<UL><LI> startup_stm32f30x.o(RESET)
</UL>
<P><STRONG><a name="[22]"></a>CAN1_RX1_IRQHandler</STRONG> (Thumb, 0 bytes, Stack size 0 bytes, startup_stm32f30x.o(.text))
<BR>[Address Reference Count : 1]<UL><LI> startup_stm32f30x.o(RESET)
</UL>
<P><STRONG><a name="[23]"></a>CAN1_SCE_IRQHandler</STRONG> (Thumb, 0 bytes, Stack size 0 bytes, startup_stm32f30x.o(.text))
<BR>[Address Reference Count : 1]<UL><LI> startup_stm32f30x.o(RESET)
</UL>
<P><STRONG><a name="[48]"></a>COMP1_2_3_IRQHandler</STRONG> (Thumb, 0 bytes, Stack size 0 bytes, startup_stm32f30x.o(.text))
<BR>[Address Reference Count : 1]<UL><LI> startup_stm32f30x.o(RESET)
</UL>
<P><STRONG><a name="[49]"></a>COMP4_5_6_IRQHandler</STRONG> (Thumb, 0 bytes, Stack size 0 bytes, startup_stm32f30x.o(.text))
<BR>[Address Reference Count : 1]<UL><LI> startup_stm32f30x.o(RESET)
</UL>
<P><STRONG><a name="[4a]"></a>COMP7_IRQHandler</STRONG> (Thumb, 0 bytes, Stack size 0 bytes, startup_stm32f30x.o(.text))
<BR>[Address Reference Count : 1]<UL><LI> startup_stm32f30x.o(RESET)
</UL>
<P><STRONG><a name="[18]"></a>DMA1_Channel1_IRQHandler</STRONG> (Thumb, 0 bytes, Stack size 0 bytes, startup_stm32f30x.o(.text))
<BR>[Address Reference Count : 1]<UL><LI> startup_stm32f30x.o(RESET)
</UL>
<P><STRONG><a name="[19]"></a>DMA1_Channel2_IRQHandler</STRONG> (Thumb, 0 bytes, Stack size 0 bytes, startup_stm32f30x.o(.text))
<BR>[Address Reference Count : 1]<UL><LI> startup_stm32f30x.o(RESET)
</UL>
<P><STRONG><a name="[1a]"></a>DMA1_Channel3_IRQHandler</STRONG> (Thumb, 0 bytes, Stack size 0 bytes, startup_stm32f30x.o(.text))
<BR>[Address Reference Count : 1]<UL><LI> startup_stm32f30x.o(RESET)
</UL>
<P><STRONG><a name="[1b]"></a>DMA1_Channel4_IRQHandler</STRONG> (Thumb, 0 bytes, Stack size 0 bytes, startup_stm32f30x.o(.text))
<BR>[Address Reference Count : 1]<UL><LI> startup_stm32f30x.o(RESET)
</UL>
<P><STRONG><a name="[1c]"></a>DMA1_Channel5_IRQHandler</STRONG> (Thumb, 0 bytes, Stack size 0 bytes, startup_stm32f30x.o(.text))
<BR>[Address Reference Count : 1]<UL><LI> startup_stm32f30x.o(RESET)
</UL>
<P><STRONG><a name="[1d]"></a>DMA1_Channel6_IRQHandler</STRONG> (Thumb, 0 bytes, Stack size 0 bytes, startup_stm32f30x.o(.text))
<BR>[Address Reference Count : 1]<UL><LI> startup_stm32f30x.o(RESET)
</UL>
<P><STRONG><a name="[1e]"></a>DMA1_Channel7_IRQHandler</STRONG> (Thumb, 0 bytes, Stack size 0 bytes, startup_stm32f30x.o(.text))
<BR>[Address Reference Count : 1]<UL><LI> startup_stm32f30x.o(RESET)
</UL>
<P><STRONG><a name="[42]"></a>DMA2_Channel1_IRQHandler</STRONG> (Thumb, 0 bytes, Stack size 0 bytes, startup_stm32f30x.o(.text))
<BR>[Address Reference Count : 1]<UL><LI> startup_stm32f30x.o(RESET)
</UL>
<P><STRONG><a name="[43]"></a>DMA2_Channel2_IRQHandler</STRONG> (Thumb, 0 bytes, Stack size 0 bytes, startup_stm32f30x.o(.text))
<BR>[Address Reference Count : 1]<UL><LI> startup_stm32f30x.o(RESET)
</UL>
<P><STRONG><a name="[44]"></a>DMA2_Channel3_IRQHandler</STRONG> (Thumb, 0 bytes, Stack size 0 bytes, startup_stm32f30x.o(.text))
<BR>[Address Reference Count : 1]<UL><LI> startup_stm32f30x.o(RESET)
</UL>
<P><STRONG><a name="[45]"></a>DMA2_Channel4_IRQHandler</STRONG> (Thumb, 0 bytes, Stack size 0 bytes, startup_stm32f30x.o(.text))
<BR>[Address Reference Count : 1]<UL><LI> startup_stm32f30x.o(RESET)
</UL>
<P><STRONG><a name="[46]"></a>DMA2_Channel5_IRQHandler</STRONG> (Thumb, 0 bytes, Stack size 0 bytes, startup_stm32f30x.o(.text))
<BR>[Address Reference Count : 1]<UL><LI> startup_stm32f30x.o(RESET)
</UL>
<P><STRONG><a name="[13]"></a>EXTI0_IRQHandler</STRONG> (Thumb, 0 bytes, Stack size 0 bytes, startup_stm32f30x.o(.text))
<BR>[Address Reference Count : 1]<UL><LI> startup_stm32f30x.o(RESET)
</UL>
<P><STRONG><a name="[35]"></a>EXTI15_10_IRQHandler</STRONG> (Thumb, 0 bytes, Stack size 0 bytes, startup_stm32f30x.o(.text))
<BR>[Address Reference Count : 1]<UL><LI> startup_stm32f30x.o(RESET)
</UL>
<P><STRONG><a name="[14]"></a>EXTI1_IRQHandler</STRONG> (Thumb, 0 bytes, Stack size 0 bytes, startup_stm32f30x.o(.text))
<BR>[Address Reference Count : 1]<UL><LI> startup_stm32f30x.o(RESET)
</UL>
<P><STRONG><a name="[15]"></a>EXTI2_TS_IRQHandler</STRONG> (Thumb, 0 bytes, Stack size 0 bytes, startup_stm32f30x.o(.text))
<BR>[Address Reference Count : 1]<UL><LI> startup_stm32f30x.o(RESET)
</UL>
<P><STRONG><a name="[16]"></a>EXTI3_IRQHandler</STRONG> (Thumb, 0 bytes, Stack size 0 bytes, startup_stm32f30x.o(.text))
<BR>[Address Reference Count : 1]<UL><LI> startup_stm32f30x.o(RESET)
</UL>
<P><STRONG><a name="[17]"></a>EXTI4_IRQHandler</STRONG> (Thumb, 0 bytes, Stack size 0 bytes, startup_stm32f30x.o(.text))
<BR>[Address Reference Count : 1]<UL><LI> startup_stm32f30x.o(RESET)
</UL>
<P><STRONG><a name="[24]"></a>EXTI9_5_IRQHandler</STRONG> (Thumb, 0 bytes, Stack size 0 bytes, startup_stm32f30x.o(.text))
<BR>[Address Reference Count : 1]<UL><LI> startup_stm32f30x.o(RESET)
</UL>
<P><STRONG><a name="[11]"></a>FLASH_IRQHandler</STRONG> (Thumb, 0 bytes, Stack size 0 bytes, startup_stm32f30x.o(.text))
<BR>[Address Reference Count : 1]<UL><LI> startup_stm32f30x.o(RESET)
</UL>
<P><STRONG><a name="[4e]"></a>FPU_IRQHandler</STRONG> (Thumb, 0 bytes, Stack size 0 bytes, startup_stm32f30x.o(.text))
<BR>[Address Reference Count : 1]<UL><LI> startup_stm32f30x.o(RESET)
</UL>
<P><STRONG><a name="[2d]"></a>I2C1_ER_IRQHandler</STRONG> (Thumb, 0 bytes, Stack size 0 bytes, startup_stm32f30x.o(.text))
<BR>[Address Reference Count : 1]<UL><LI> startup_stm32f30x.o(RESET)
</UL>
<P><STRONG><a name="[2c]"></a>I2C1_EV_IRQHandler</STRONG> (Thumb, 0 bytes, Stack size 0 bytes, startup_stm32f30x.o(.text))
<BR>[Address Reference Count : 1]<UL><LI> startup_stm32f30x.o(RESET)
</UL>
<P><STRONG><a name="[2f]"></a>I2C2_ER_IRQHandler</STRONG> (Thumb, 0 bytes, Stack size 0 bytes, startup_stm32f30x.o(.text))
<BR>[Address Reference Count : 1]<UL><LI> startup_stm32f30x.o(RESET)
</UL>
<P><STRONG><a name="[2e]"></a>I2C2_EV_IRQHandler</STRONG> (Thumb, 0 bytes, Stack size 0 bytes, startup_stm32f30x.o(.text))
<BR>[Address Reference Count : 1]<UL><LI> startup_stm32f30x.o(RESET)
</UL>
<P><STRONG><a name="[e]"></a>PVD_IRQHandler</STRONG> (Thumb, 0 bytes, Stack size 0 bytes, startup_stm32f30x.o(.text))
<BR>[Address Reference Count : 1]<UL><LI> startup_stm32f30x.o(RESET)
</UL>
<P><STRONG><a name="[12]"></a>RCC_IRQHandler</STRONG> (Thumb, 0 bytes, Stack size 0 bytes, startup_stm32f30x.o(.text))
<BR>[Address Reference Count : 1]<UL><LI> startup_stm32f30x.o(RESET)
</UL>
<P><STRONG><a name="[36]"></a>RTC_Alarm_IRQHandler</STRONG> (Thumb, 0 bytes, Stack size 0 bytes, startup_stm32f30x.o(.text))
<BR>[Address Reference Count : 1]<UL><LI> startup_stm32f30x.o(RESET)
</UL>
<P><STRONG><a name="[10]"></a>RTC_WKUP_IRQHandler</STRONG> (Thumb, 0 bytes, Stack size 0 bytes, startup_stm32f30x.o(.text))
<BR>[Address Reference Count : 1]<UL><LI> startup_stm32f30x.o(RESET)
</UL>
<P><STRONG><a name="[30]"></a>SPI1_IRQHandler</STRONG> (Thumb, 0 bytes, Stack size 0 bytes, startup_stm32f30x.o(.text))
<BR>[Address Reference Count : 1]<UL><LI> startup_stm32f30x.o(RESET)
</UL>
<P><STRONG><a name="[31]"></a>SPI2_IRQHandler</STRONG> (Thumb, 0 bytes, Stack size 0 bytes, startup_stm32f30x.o(.text))
<BR>[Address Reference Count : 1]<UL><LI> startup_stm32f30x.o(RESET)
</UL>
<P><STRONG><a name="[3d]"></a>SPI3_IRQHandler</STRONG> (Thumb, 0 bytes, Stack size 0 bytes, startup_stm32f30x.o(.text))
<BR>[Address Reference Count : 1]<UL><LI> startup_stm32f30x.o(RESET)
</UL>
<P><STRONG><a name="[f]"></a>TAMPER_STAMP_IRQHandler</STRONG> (Thumb, 0 bytes, Stack size 0 bytes, startup_stm32f30x.o(.text))
<BR>[Address Reference Count : 1]<UL><LI> startup_stm32f30x.o(RESET)
</UL>
<P><STRONG><a name="[25]"></a>TIM1_BRK_TIM15_IRQHandler</STRONG> (Thumb, 0 bytes, Stack size 0 bytes, startup_stm32f30x.o(.text))
<BR>[Address Reference Count : 1]<UL><LI> startup_stm32f30x.o(RESET)
</UL>
<P><STRONG><a name="[28]"></a>TIM1_CC_IRQHandler</STRONG> (Thumb, 0 bytes, Stack size 0 bytes, startup_stm32f30x.o(.text))
<BR>[Address Reference Count : 1]<UL><LI> startup_stm32f30x.o(RESET)
</UL>
<P><STRONG><a name="[27]"></a>TIM1_TRG_COM_TIM17_IRQHandler</STRONG> (Thumb, 0 bytes, Stack size 0 bytes, startup_stm32f30x.o(.text))
<BR>[Address Reference Count : 1]<UL><LI> startup_stm32f30x.o(RESET)
</UL>
<P><STRONG><a name="[26]"></a>TIM1_UP_TIM16_IRQHandler</STRONG> (Thumb, 0 bytes, Stack size 0 bytes, startup_stm32f30x.o(.text))
<BR>[Address Reference Count : 1]<UL><LI> startup_stm32f30x.o(RESET)
</UL>
<P><STRONG><a name="[2a]"></a>TIM3_IRQHandler</STRONG> (Thumb, 0 bytes, Stack size 0 bytes, startup_stm32f30x.o(.text))
<BR>[Address Reference Count : 1]<UL><LI> startup_stm32f30x.o(RESET)
</UL>
<P><STRONG><a name="[2b]"></a>TIM4_IRQHandler</STRONG> (Thumb, 0 bytes, Stack size 0 bytes, startup_stm32f30x.o(.text))
<BR>[Address Reference Count : 1]<UL><LI> startup_stm32f30x.o(RESET)
</UL>
<P><STRONG><a name="[40]"></a>TIM6_DAC_IRQHandler</STRONG> (Thumb, 0 bytes, Stack size 0 bytes, startup_stm32f30x.o(.text))
<BR>[Address Reference Count : 1]<UL><LI> startup_stm32f30x.o(RESET)
</UL>
<P><STRONG><a name="[41]"></a>TIM7_IRQHandler</STRONG> (Thumb, 0 bytes, Stack size 0 bytes, startup_stm32f30x.o(.text))
<BR>[Address Reference Count : 1]<UL><LI> startup_stm32f30x.o(RESET)
</UL>
<P><STRONG><a name="[38]"></a>TIM8_BRK_IRQHandler</STRONG> (Thumb, 0 bytes, Stack size 0 bytes, startup_stm32f30x.o(.text))
<BR>[Address Reference Count : 1]<UL><LI> startup_stm32f30x.o(RESET)
</UL>
<P><STRONG><a name="[3b]"></a>TIM8_CC_IRQHandler</STRONG> (Thumb, 0 bytes, Stack size 0 bytes, startup_stm32f30x.o(.text))
<BR>[Address Reference Count : 1]<UL><LI> startup_stm32f30x.o(RESET)
</UL>
<P><STRONG><a name="[3a]"></a>TIM8_TRG_COM_IRQHandler</STRONG> (Thumb, 0 bytes, Stack size 0 bytes, startup_stm32f30x.o(.text))
<BR>[Address Reference Count : 1]<UL><LI> startup_stm32f30x.o(RESET)
</UL>
<P><STRONG><a name="[39]"></a>TIM8_UP_IRQHandler</STRONG> (Thumb, 0 bytes, Stack size 0 bytes, startup_stm32f30x.o(.text))
<BR>[Address Reference Count : 1]<UL><LI> startup_stm32f30x.o(RESET)
</UL>
<P><STRONG><a name="[3e]"></a>UART4_IRQHandler</STRONG> (Thumb, 0 bytes, Stack size 0 bytes, startup_stm32f30x.o(.text))
<BR>[Address Reference Count : 1]<UL><LI> startup_stm32f30x.o(RESET)
</UL>
<P><STRONG><a name="[3f]"></a>UART5_IRQHandler</STRONG> (Thumb, 0 bytes, Stack size 0 bytes, startup_stm32f30x.o(.text))
<BR>[Address Reference Count : 1]<UL><LI> startup_stm32f30x.o(RESET)
</UL>
<P><STRONG><a name="[32]"></a>USART1_IRQHandler</STRONG> (Thumb, 0 bytes, Stack size 0 bytes, startup_stm32f30x.o(.text))
<BR>[Address Reference Count : 1]<UL><LI> startup_stm32f30x.o(RESET)
</UL>
<P><STRONG><a name="[33]"></a>USART2_IRQHandler</STRONG> (Thumb, 0 bytes, Stack size 0 bytes, startup_stm32f30x.o(.text))
<BR>[Address Reference Count : 1]<UL><LI> startup_stm32f30x.o(RESET)
</UL>
<P><STRONG><a name="[34]"></a>USART3_IRQHandler</STRONG> (Thumb, 0 bytes, Stack size 0 bytes, startup_stm32f30x.o(.text))
<BR>[Address Reference Count : 1]<UL><LI> startup_stm32f30x.o(RESET)
</UL>
<P><STRONG><a name="[37]"></a>USBWakeUp_IRQHandler</STRONG> (Thumb, 0 bytes, Stack size 0 bytes, startup_stm32f30x.o(.text))
<BR>[Address Reference Count : 1]<UL><LI> startup_stm32f30x.o(RESET)
</UL>
<P><STRONG><a name="[4d]"></a>USBWakeUp_RMP_IRQHandler</STRONG> (Thumb, 0 bytes, Stack size 0 bytes, startup_stm32f30x.o(.text))
<BR>[Address Reference Count : 1]<UL><LI> startup_stm32f30x.o(RESET)
</UL>
<P><STRONG><a name="[20]"></a>USB_HP_CAN1_TX_IRQHandler</STRONG> (Thumb, 0 bytes, Stack size 0 bytes, startup_stm32f30x.o(.text))
<BR>[Address Reference Count : 1]<UL><LI> startup_stm32f30x.o(RESET)
</UL>
<P><STRONG><a name="[4b]"></a>USB_HP_IRQHandler</STRONG> (Thumb, 0 bytes, Stack size 0 bytes, startup_stm32f30x.o(.text))
<BR>[Address Reference Count : 1]<UL><LI> startup_stm32f30x.o(RESET)
</UL>
<P><STRONG><a name="[21]"></a>USB_LP_CAN1_RX0_IRQHandler</STRONG> (Thumb, 0 bytes, Stack size 0 bytes, startup_stm32f30x.o(.text))
<BR>[Address Reference Count : 1]<UL><LI> startup_stm32f30x.o(RESET)
</UL>
<P><STRONG><a name="[4c]"></a>USB_LP_IRQHandler</STRONG> (Thumb, 0 bytes, Stack size 0 bytes, startup_stm32f30x.o(.text))
<BR>[Address Reference Count : 1]<UL><LI> startup_stm32f30x.o(RESET)
</UL>
<P><STRONG><a name="[d]"></a>WWDG_IRQHandler</STRONG> (Thumb, 0 bytes, Stack size 0 bytes, startup_stm32f30x.o(.text))
<BR>[Address Reference Count : 1]<UL><LI> startup_stm32f30x.o(RESET)
</UL>
<P><STRONG><a name="[55]"></a>__user_initial_stackheap</STRONG> (Thumb, 0 bytes, Stack size unknown bytes, startup_stm32f30x.o(.text))
<BR><BR>[Called By]<UL><LI><a href="#[63]">&gt;&gt;</a>&nbsp;&nbsp;&nbsp;__user_setup_stackheap
</UL>

<P><STRONG><a name="[6d]"></a>GPIO_DeInit</STRONG> (Thumb, 154 bytes, Stack size 8 bytes, stm32f30x_gpio.o(.text), UNUSED)
<BR><BR>[Calls]<UL><LI><a href="#[6e]">&gt;&gt;</a>&nbsp;&nbsp;&nbsp;RCC_AHBPeriphResetCmd
</UL>

<P><STRONG><a name="[92]"></a>GPIO_Init</STRONG> (Thumb, 144 bytes, Stack size 20 bytes, stm32f30x_gpio.o(.text))
<BR><BR>[Stack]<UL><LI>Max Depth = 20<LI>Call Chain = GPIO_Init
</UL>
<BR>[Called By]<UL><LI><a href="#[67]">&gt;&gt;</a>&nbsp;&nbsp;&nbsp;main
</UL>

<P><STRONG><a name="[d7]"></a>GPIO_StructInit</STRONG> (Thumb, 22 bytes, Stack size 0 bytes, stm32f30x_gpio.o(.text), UNUSED)

<P><STRONG><a name="[d8]"></a>GPIO_PinLockConfig</STRONG> (Thumb, 18 bytes, Stack size 0 bytes, stm32f30x_gpio.o(.text), UNUSED)

<P><STRONG><a name="[8b]"></a>GPIO_ReadInputDataBit</STRONG> (Thumb, 18 bytes, Stack size 0 bytes, stm32f30x_gpio.o(.text))
<BR><BR>[Called By]<UL><LI><a href="#[8c]">&gt;&gt;</a>&nbsp;&nbsp;&nbsp;UI_hl
<LI><a href="#[8a]">&gt;&gt;</a>&nbsp;&nbsp;&nbsp;Rotary
</UL>

<P><STRONG><a name="[d9]"></a>GPIO_ReadInputData</STRONG> (Thumb, 6 bytes, Stack size 0 bytes, stm32f30x_gpio.o(.text), UNUSED)

<P><STRONG><a name="[da]"></a>GPIO_ReadOutputDataBit</STRONG> (Thumb, 18 bytes, Stack size 0 bytes, stm32f30x_gpio.o(.text), UNUSED)

<P><STRONG><a name="[db]"></a>GPIO_ReadOutputData</STRONG> (Thumb, 6 bytes, Stack size 0 bytes, stm32f30x_gpio.o(.text), UNUSED)

<P><STRONG><a name="[dc]"></a>GPIO_SetBits</STRONG> (Thumb, 4 bytes, Stack size 0 bytes, stm32f30x_gpio.o(.text), UNUSED)

<P><STRONG><a name="[dd]"></a>GPIO_ResetBits</STRONG> (Thumb, 4 bytes, Stack size 0 bytes, stm32f30x_gpio.o(.text), UNUSED)

<P><STRONG><a name="[de]"></a>GPIO_WriteBit</STRONG> (Thumb, 10 bytes, Stack size 0 bytes, stm32f30x_gpio.o(.text), UNUSED)

<P><STRONG><a name="[df]"></a>GPIO_Write</STRONG> (Thumb, 4 bytes, Stack size 0 bytes, stm32f30x_gpio.o(.text), UNUSED)

<P><STRONG><a name="[93]"></a>GPIO_PinAFConfig</STRONG> (Thumb, 70 bytes, Stack size 20 bytes, stm32f30x_gpio.o(.text))
<BR><BR>[Stack]<UL><LI>Max Depth = 20<LI>Call Chain = GPIO_PinAFConfig
</UL>
<BR>[Called By]<UL><LI><a href="#[67]">&gt;&gt;</a>&nbsp;&nbsp;&nbsp;main
</UL>

<P><STRONG><a name="[e0]"></a>RCC_DeInit</STRONG> (Thumb, 84 bytes, Stack size 0 bytes, stm32f30x_rcc.o(.text), UNUSED)

<P><STRONG><a name="[e1]"></a>RCC_HSEConfig</STRONG> (Thumb, 12 bytes, Stack size 0 bytes, stm32f30x_rcc.o(.text), UNUSED)

<P><STRONG><a name="[70]"></a>RCC_GetFlagStatus</STRONG> (Thumb, 64 bytes, Stack size 8 bytes, stm32f30x_rcc.o(.text), UNUSED)
<BR><BR>[Called By]<UL><LI><a href="#[6f]">&gt;&gt;</a>&nbsp;&nbsp;&nbsp;RCC_WaitForHSEStartUp
</UL>

<P><STRONG><a name="[6f]"></a>RCC_WaitForHSEStartUp</STRONG> (Thumb, 56 bytes, Stack size 16 bytes, stm32f30x_rcc.o(.text), UNUSED)
<BR><BR>[Calls]<UL><LI><a href="#[70]">&gt;&gt;</a>&nbsp;&nbsp;&nbsp;RCC_GetFlagStatus
</UL>

<P><STRONG><a name="[e2]"></a>RCC_AdjustHSICalibrationValue</STRONG> (Thumb, 20 bytes, Stack size 0 bytes, stm32f30x_rcc.o(.text), UNUSED)

<P><STRONG><a name="[e3]"></a>RCC_HSICmd</STRONG> (Thumb, 6 bytes, Stack size 0 bytes, stm32f30x_rcc.o(.text), UNUSED)

<P><STRONG><a name="[e4]"></a>RCC_LSEConfig</STRONG> (Thumb, 32 bytes, Stack size 0 bytes, stm32f30x_rcc.o(.text), UNUSED)

<P><STRONG><a name="[e5]"></a>RCC_LSEDriveConfig</STRONG> (Thumb, 22 bytes, Stack size 0 bytes, stm32f30x_rcc.o(.text), UNUSED)

<P><STRONG><a name="[e6]"></a>RCC_LSICmd</STRONG> (Thumb, 6 bytes, Stack size 0 bytes, stm32f30x_rcc.o(.text), UNUSED)

<P><STRONG><a name="[e7]"></a>RCC_PLLConfig</STRONG> (Thumb, 28 bytes, Stack size 0 bytes, stm32f30x_rcc.o(.text), UNUSED)

<P><STRONG><a name="[e8]"></a>RCC_PLLCmd</STRONG> (Thumb, 6 bytes, Stack size 0 bytes, stm32f30x_rcc.o(.text), UNUSED)

<P><STRONG><a name="[e9]"></a>RCC_PREDIV1Config</STRONG> (Thumb, 18 bytes, Stack size 0 bytes, stm32f30x_rcc.o(.text), UNUSED)

<P><STRONG><a name="[ea]"></a>RCC_ClockSecuritySystemCmd</STRONG> (Thumb, 6 bytes, Stack size 0 bytes, stm32f30x_rcc.o(.text), UNUSED)

<P><STRONG><a name="[eb]"></a>RCC_MCOConfig</STRONG> (Thumb, 6 bytes, Stack size 0 bytes, stm32f30x_rcc.o(.text), UNUSED)

<P><STRONG><a name="[ec]"></a>RCC_SYSCLKConfig</STRONG> (Thumb, 18 bytes, Stack size 0 bytes, stm32f30x_rcc.o(.text), UNUSED)

<P><STRONG><a name="[ed]"></a>RCC_GetSYSCLKSource</STRONG> (Thumb, 10 bytes, Stack size 0 bytes, stm32f30x_rcc.o(.text), UNUSED)

<P><STRONG><a name="[ee]"></a>RCC_HCLKConfig</STRONG> (Thumb, 18 bytes, Stack size 0 bytes, stm32f30x_rcc.o(.text), UNUSED)

<P><STRONG><a name="[ef]"></a>RCC_PCLK1Config</STRONG> (Thumb, 18 bytes, Stack size 0 bytes, stm32f30x_rcc.o(.text), UNUSED)

<P><STRONG><a name="[f0]"></a>RCC_PCLK2Config</STRONG> (Thumb, 20 bytes, Stack size 0 bytes, stm32f30x_rcc.o(.text), UNUSED)

<P><STRONG><a name="[86]"></a>RCC_GetClocksFreq</STRONG> (Thumb, 1088 bytes, Stack size 24 bytes, stm32f30x_rcc.o(.text))
<BR><BR>[Stack]<UL><LI>Max Depth = 24<LI>Call Chain = RCC_GetClocksFreq
</UL>
<BR>[Called By]<UL><LI><a href="#[29]">&gt;&gt;</a>&nbsp;&nbsp;&nbsp;TIM2_IRQHandler
<LI><a href="#[85]">&gt;&gt;</a>&nbsp;&nbsp;&nbsp;USART_Init
</UL>

<P><STRONG><a name="[f1]"></a>RCC_ADCCLKConfig</STRONG> (Thumb, 44 bytes, Stack size 0 bytes, stm32f30x_rcc.o(.text), UNUSED)

<P><STRONG><a name="[f2]"></a>RCC_I2CCLKConfig</STRONG> (Thumb, 44 bytes, Stack size 0 bytes, stm32f30x_rcc.o(.text), UNUSED)

<P><STRONG><a name="[f3]"></a>RCC_TIMCLKConfig</STRONG> (Thumb, 44 bytes, Stack size 0 bytes, stm32f30x_rcc.o(.text), UNUSED)

<P><STRONG><a name="[f4]"></a>RCC_USARTCLKConfig</STRONG> (Thumb, 104 bytes, Stack size 0 bytes, stm32f30x_rcc.o(.text), UNUSED)

<P><STRONG><a name="[f5]"></a>RCC_USBCLKConfig</STRONG> (Thumb, 6 bytes, Stack size 0 bytes, stm32f30x_rcc.o(.text), UNUSED)

<P><STRONG><a name="[f6]"></a>RCC_RTCCLKConfig</STRONG> (Thumb, 12 bytes, Stack size 0 bytes, stm32f30x_rcc.o(.text), UNUSED)

<P><STRONG><a name="[f7]"></a>RCC_I2SCLKConfig</STRONG> (Thumb, 6 bytes, Stack size 0 bytes, stm32f30x_rcc.o(.text), UNUSED)

<P><STRONG><a name="[f8]"></a>RCC_RTCCLKCmd</STRONG> (Thumb, 6 bytes, Stack size 0 bytes, stm32f30x_rcc.o(.text), UNUSED)

<P><STRONG><a name="[f9]"></a>RCC_BackupResetCmd</STRONG> (Thumb, 8 bytes, Stack size 0 bytes, stm32f30x_rcc.o(.text), UNUSED)

<P><STRONG><a name="[91]"></a>RCC_AHBPeriphClockCmd</STRONG> (Thumb, 26 bytes, Stack size 0 bytes, stm32f30x_rcc.o(.text))
<BR><BR>[Called By]<UL><LI><a href="#[67]">&gt;&gt;</a>&nbsp;&nbsp;&nbsp;main
</UL>

<P><STRONG><a name="[94]"></a>RCC_APB2PeriphClockCmd</STRONG> (Thumb, 26 bytes, Stack size 0 bytes, stm32f30x_rcc.o(.text))
<BR><BR>[Called By]<UL><LI><a href="#[67]">&gt;&gt;</a>&nbsp;&nbsp;&nbsp;main
</UL>

<P><STRONG><a name="[fa]"></a>RCC_APB1PeriphClockCmd</STRONG> (Thumb, 26 bytes, Stack size 0 bytes, stm32f30x_rcc.o(.text), UNUSED)

<P><STRONG><a name="[6e]"></a>RCC_AHBPeriphResetCmd</STRONG> (Thumb, 26 bytes, Stack size 0 bytes, stm32f30x_rcc.o(.text), UNUSED)
<BR><BR>[Called By]<UL><LI><a href="#[6d]">&gt;&gt;</a>&nbsp;&nbsp;&nbsp;GPIO_DeInit
</UL>

<P><STRONG><a name="[72]"></a>RCC_APB2PeriphResetCmd</STRONG> (Thumb, 26 bytes, Stack size 0 bytes, stm32f30x_rcc.o(.text), UNUSED)
<BR><BR>[Called By]<UL><LI><a href="#[84]">&gt;&gt;</a>&nbsp;&nbsp;&nbsp;USART_DeInit
<LI><a href="#[71]">&gt;&gt;</a>&nbsp;&nbsp;&nbsp;TIM_DeInit
</UL>

<P><STRONG><a name="[73]"></a>RCC_APB1PeriphResetCmd</STRONG> (Thumb, 26 bytes, Stack size 0 bytes, stm32f30x_rcc.o(.text), UNUSED)
<BR><BR>[Called By]<UL><LI><a href="#[84]">&gt;&gt;</a>&nbsp;&nbsp;&nbsp;USART_DeInit
<LI><a href="#[71]">&gt;&gt;</a>&nbsp;&nbsp;&nbsp;TIM_DeInit
</UL>

<P><STRONG><a name="[fb]"></a>RCC_ITConfig</STRONG> (Thumb, 26 bytes, Stack size 0 bytes, stm32f30x_rcc.o(.text), UNUSED)

<P><STRONG><a name="[fc]"></a>RCC_ClearFlag</STRONG> (Thumb, 14 bytes, Stack size 0 bytes, stm32f30x_rcc.o(.text), UNUSED)

<P><STRONG><a name="[fd]"></a>RCC_GetITStatus</STRONG> (Thumb, 20 bytes, Stack size 0 bytes, stm32f30x_rcc.o(.text), UNUSED)

<P><STRONG><a name="[fe]"></a>RCC_ClearITPendingBit</STRONG> (Thumb, 6 bytes, Stack size 0 bytes, stm32f30x_rcc.o(.text), UNUSED)

<P><STRONG><a name="[71]"></a>TIM_DeInit</STRONG> (Thumb, 250 bytes, Stack size 8 bytes, stm32f30x_tim.o(.text), UNUSED)
<BR><BR>[Calls]<UL><LI><a href="#[73]">&gt;&gt;</a>&nbsp;&nbsp;&nbsp;RCC_APB1PeriphResetCmd
<LI><a href="#[72]">&gt;&gt;</a>&nbsp;&nbsp;&nbsp;RCC_APB2PeriphResetCmd
</UL>

<P><STRONG><a name="[ff]"></a>TIM_TimeBaseInit</STRONG> (Thumb, 116 bytes, Stack size 0 bytes, stm32f30x_tim.o(.text), UNUSED)

<P><STRONG><a name="[100]"></a>TIM_TimeBaseStructInit</STRONG> (Thumb, 18 bytes, Stack size 0 bytes, stm32f30x_tim.o(.text), UNUSED)

<P><STRONG><a name="[101]"></a>TIM_PrescalerConfig</STRONG> (Thumb, 6 bytes, Stack size 0 bytes, stm32f30x_tim.o(.text), UNUSED)

<P><STRONG><a name="[102]"></a>TIM_CounterModeConfig</STRONG> (Thumb, 18 bytes, Stack size 0 bytes, stm32f30x_tim.o(.text), UNUSED)

<P><STRONG><a name="[103]"></a>TIM_SetCounter</STRONG> (Thumb, 4 bytes, Stack size 0 bytes, stm32f30x_tim.o(.text), UNUSED)

<P><STRONG><a name="[104]"></a>TIM_SetAutoreload</STRONG> (Thumb, 4 bytes, Stack size 0 bytes, stm32f30x_tim.o(.text), UNUSED)

<P><STRONG><a name="[105]"></a>TIM_GetCounter</STRONG> (Thumb, 6 bytes, Stack size 0 bytes, stm32f30x_tim.o(.text), UNUSED)

<P><STRONG><a name="[106]"></a>TIM_GetPrescaler</STRONG> (Thumb, 6 bytes, Stack size 0 bytes, stm32f30x_tim.o(.text), UNUSED)

<P><STRONG><a name="[107]"></a>TIM_UpdateDisableConfig</STRONG> (Thumb, 24 bytes, Stack size 0 bytes, stm32f30x_tim.o(.text), UNUSED)

<P><STRONG><a name="[108]"></a>TIM_UpdateRequestConfig</STRONG> (Thumb, 24 bytes, Stack size 0 bytes, stm32f30x_tim.o(.text), UNUSED)

<P><STRONG><a name="[109]"></a>TIM_UIFRemap</STRONG> (Thumb, 24 bytes, Stack size 0 bytes, stm32f30x_tim.o(.text), UNUSED)

<P><STRONG><a name="[10a]"></a>TIM_ARRPreloadConfig</STRONG> (Thumb, 24 bytes, Stack size 0 bytes, stm32f30x_tim.o(.text), UNUSED)

<P><STRONG><a name="[10b]"></a>TIM_SelectOnePulseMode</STRONG> (Thumb, 18 bytes, Stack size 0 bytes, stm32f30x_tim.o(.text), UNUSED)

<P><STRONG><a name="[10c]"></a>TIM_SetClockDivision</STRONG> (Thumb, 18 bytes, Stack size 0 bytes, stm32f30x_tim.o(.text), UNUSED)

<P><STRONG><a name="[10d]"></a>TIM_Cmd</STRONG> (Thumb, 24 bytes, Stack size 0 bytes, stm32f30x_tim.o(.text), UNUSED)

<P><STRONG><a name="[10e]"></a>TIM_OC1Init</STRONG> (Thumb, 120 bytes, Stack size 12 bytes, stm32f30x_tim.o(.text), UNUSED)

<P><STRONG><a name="[10f]"></a>TIM_OC2Init</STRONG> (Thumb, 116 bytes, Stack size 12 bytes, stm32f30x_tim.o(.text), UNUSED)

<P><STRONG><a name="[110]"></a>TIM_OC3Init</STRONG> (Thumb, 114 bytes, Stack size 12 bytes, stm32f30x_tim.o(.text), UNUSED)

<P><STRONG><a name="[111]"></a>TIM_OC4Init</STRONG> (Thumb, 130 bytes, Stack size 12 bytes, stm32f30x_tim.o(.text), UNUSED)

<P><STRONG><a name="[112]"></a>TIM_OC5Init</STRONG> (Thumb, 80 bytes, Stack size 12 bytes, stm32f30x_tim.o(.text), UNUSED)

<P><STRONG><a name="[113]"></a>TIM_OC6Init</STRONG> (Thumb, 88 bytes, Stack size 16 bytes, stm32f30x_tim.o(.text), UNUSED)

<P><STRONG><a name="[114]"></a>TIM_SelectGC5C1</STRONG> (Thumb, 22 bytes, Stack size 0 bytes, stm32f30x_tim.o(.text), UNUSED)

<P><STRONG><a name="[115]"></a>TIM_SelectGC5C2</STRONG> (Thumb, 22 bytes, Stack size 0 bytes, stm32f30x_tim.o(.text), UNUSED)

<P><STRONG><a name="[116]"></a>TIM_SelectGC5C3</STRONG> (Thumb, 22 bytes, Stack size 0 bytes, stm32f30x_tim.o(.text), UNUSED)

<P><STRONG><a name="[117]"></a>TIM_OCStructInit</STRONG> (Thumb, 20 bytes, Stack size 0 bytes, stm32f30x_tim.o(.text), UNUSED)

<P><STRONG><a name="[118]"></a>TIM_SelectOCxM</STRONG> (Thumb, 84 bytes, Stack size 16 bytes, stm32f30x_tim.o(.text), UNUSED)

<P><STRONG><a name="[119]"></a>TIM_SetCompare1</STRONG> (Thumb, 4 bytes, Stack size 0 bytes, stm32f30x_tim.o(.text), UNUSED)

<P><STRONG><a name="[11a]"></a>TIM_SetCompare2</STRONG> (Thumb, 4 bytes, Stack size 0 bytes, stm32f30x_tim.o(.text), UNUSED)

<P><STRONG><a name="[11b]"></a>TIM_SetCompare3</STRONG> (Thumb, 4 bytes, Stack size 0 bytes, stm32f30x_tim.o(.text), UNUSED)

<P><STRONG><a name="[11c]"></a>TIM_SetCompare4</STRONG> (Thumb, 4 bytes, Stack size 0 bytes, stm32f30x_tim.o(.text), UNUSED)

<P><STRONG><a name="[11d]"></a>TIM_SetCompare5</STRONG> (Thumb, 4 bytes, Stack size 0 bytes, stm32f30x_tim.o(.text), UNUSED)

<P><STRONG><a name="[11e]"></a>TIM_SetCompare6</STRONG> (Thumb, 4 bytes, Stack size 0 bytes, stm32f30x_tim.o(.text), UNUSED)

<P><STRONG><a name="[11f]"></a>TIM_ForcedOC1Config</STRONG> (Thumb, 16 bytes, Stack size 0 bytes, stm32f30x_tim.o(.text), UNUSED)

<P><STRONG><a name="[120]"></a>TIM_ForcedOC2Config</STRONG> (Thumb, 18 bytes, Stack size 0 bytes, stm32f30x_tim.o(.text), UNUSED)

<P><STRONG><a name="[121]"></a>TIM_ForcedOC3Config</STRONG> (Thumb, 16 bytes, Stack size 0 bytes, stm32f30x_tim.o(.text), UNUSED)

<P><STRONG><a name="[122]"></a>TIM_ForcedOC4Config</STRONG> (Thumb, 18 bytes, Stack size 0 bytes, stm32f30x_tim.o(.text), UNUSED)

<P><STRONG><a name="[123]"></a>TIM_ForcedOC5Config</STRONG> (Thumb, 16 bytes, Stack size 0 bytes, stm32f30x_tim.o(.text), UNUSED)

<P><STRONG><a name="[124]"></a>TIM_ForcedOC6Config</STRONG> (Thumb, 18 bytes, Stack size 0 bytes, stm32f30x_tim.o(.text), UNUSED)

<P><STRONG><a name="[125]"></a>TIM_OC1PreloadConfig</STRONG> (Thumb, 16 bytes, Stack size 0 bytes, stm32f30x_tim.o(.text), UNUSED)

<P><STRONG><a name="[126]"></a>TIM_OC2PreloadConfig</STRONG> (Thumb, 18 bytes, Stack size 0 bytes, stm32f30x_tim.o(.text), UNUSED)

<P><STRONG><a name="[127]"></a>TIM_OC3PreloadConfig</STRONG> (Thumb, 16 bytes, Stack size 0 bytes, stm32f30x_tim.o(.text), UNUSED)

<P><STRONG><a name="[128]"></a>TIM_OC4PreloadConfig</STRONG> (Thumb, 18 bytes, Stack size 0 bytes, stm32f30x_tim.o(.text), UNUSED)

<P><STRONG><a name="[129]"></a>TIM_OC5PreloadConfig</STRONG> (Thumb, 16 bytes, Stack size 0 bytes, stm32f30x_tim.o(.text), UNUSED)

<P><STRONG><a name="[12a]"></a>TIM_OC6PreloadConfig</STRONG> (Thumb, 18 bytes, Stack size 0 bytes, stm32f30x_tim.o(.text), UNUSED)

<P><STRONG><a name="[12b]"></a>TIM_OC1FastConfig</STRONG> (Thumb, 16 bytes, Stack size 0 bytes, stm32f30x_tim.o(.text), UNUSED)

<P><STRONG><a name="[12c]"></a>TIM_OC2FastConfig</STRONG> (Thumb, 18 bytes, Stack size 0 bytes, stm32f30x_tim.o(.text), UNUSED)

<P><STRONG><a name="[12d]"></a>TIM_OC3FastConfig</STRONG> (Thumb, 16 bytes, Stack size 0 bytes, stm32f30x_tim.o(.text), UNUSED)

<P><STRONG><a name="[12e]"></a>TIM_OC4FastConfig</STRONG> (Thumb, 18 bytes, Stack size 0 bytes, stm32f30x_tim.o(.text), UNUSED)

<P><STRONG><a name="[12f]"></a>TIM_ClearOC1Ref</STRONG> (Thumb, 16 bytes, Stack size 0 bytes, stm32f30x_tim.o(.text), UNUSED)

<P><STRONG><a name="[130]"></a>TIM_ClearOC2Ref</STRONG> (Thumb, 18 bytes, Stack size 0 bytes, stm32f30x_tim.o(.text), UNUSED)

<P><STRONG><a name="[131]"></a>TIM_ClearOC3Ref</STRONG> (Thumb, 16 bytes, Stack size 0 bytes, stm32f30x_tim.o(.text), UNUSED)

<P><STRONG><a name="[132]"></a>TIM_ClearOC4Ref</STRONG> (Thumb, 18 bytes, Stack size 0 bytes, stm32f30x_tim.o(.text), UNUSED)

<P><STRONG><a name="[133]"></a>TIM_ClearOC5Ref</STRONG> (Thumb, 16 bytes, Stack size 0 bytes, stm32f30x_tim.o(.text), UNUSED)

<P><STRONG><a name="[134]"></a>TIM_ClearOC6Ref</STRONG> (Thumb, 18 bytes, Stack size 0 bytes, stm32f30x_tim.o(.text), UNUSED)

<P><STRONG><a name="[135]"></a>TIM_SelectOCREFClear</STRONG> (Thumb, 18 bytes, Stack size 0 bytes, stm32f30x_tim.o(.text), UNUSED)

<P><STRONG><a name="[136]"></a>TIM_OC1PolarityConfig</STRONG> (Thumb, 16 bytes, Stack size 0 bytes, stm32f30x_tim.o(.text), UNUSED)

<P><STRONG><a name="[137]"></a>TIM_OC1NPolarityConfig</STRONG> (Thumb, 16 bytes, Stack size 0 bytes, stm32f30x_tim.o(.text), UNUSED)

<P><STRONG><a name="[138]"></a>TIM_OC2PolarityConfig</STRONG> (Thumb, 18 bytes, Stack size 0 bytes, stm32f30x_tim.o(.text), UNUSED)

<P><STRONG><a name="[139]"></a>TIM_OC2NPolarityConfig</STRONG> (Thumb, 18 bytes, Stack size 0 bytes, stm32f30x_tim.o(.text), UNUSED)

<P><STRONG><a name="[13a]"></a>TIM_OC3PolarityConfig</STRONG> (Thumb, 18 bytes, Stack size 0 bytes, stm32f30x_tim.o(.text), UNUSED)

<P><STRONG><a name="[13b]"></a>TIM_OC3NPolarityConfig</STRONG> (Thumb, 18 bytes, Stack size 0 bytes, stm32f30x_tim.o(.text), UNUSED)

<P><STRONG><a name="[13c]"></a>TIM_OC4PolarityConfig</STRONG> (Thumb, 18 bytes, Stack size 0 bytes, stm32f30x_tim.o(.text), UNUSED)

<P><STRONG><a name="[13d]"></a>TIM_OC5PolarityConfig</STRONG> (Thumb, 18 bytes, Stack size 0 bytes, stm32f30x_tim.o(.text), UNUSED)

<P><STRONG><a name="[13e]"></a>TIM_OC6PolarityConfig</STRONG> (Thumb, 18 bytes, Stack size 0 bytes, stm32f30x_tim.o(.text), UNUSED)

<P><STRONG><a name="[13f]"></a>TIM_CCxCmd</STRONG> (Thumb, 28 bytes, Stack size 12 bytes, stm32f30x_tim.o(.text), UNUSED)

<P><STRONG><a name="[140]"></a>TIM_CCxNCmd</STRONG> (Thumb, 28 bytes, Stack size 12 bytes, stm32f30x_tim.o(.text), UNUSED)

<P><STRONG><a name="[7c]"></a>TIM_SetIC4Prescaler</STRONG> (Thumb, 26 bytes, Stack size 0 bytes, stm32f30x_tim.o(.text), UNUSED)
<BR><BR>[Called By]<UL><LI><a href="#[74]">&gt;&gt;</a>&nbsp;&nbsp;&nbsp;TIM_ICInit
</UL>

<P><STRONG><a name="[7a]"></a>TIM_SetIC3Prescaler</STRONG> (Thumb, 18 bytes, Stack size 0 bytes, stm32f30x_tim.o(.text), UNUSED)
<BR><BR>[Called By]<UL><LI><a href="#[74]">&gt;&gt;</a>&nbsp;&nbsp;&nbsp;TIM_ICInit
</UL>

<P><STRONG><a name="[78]"></a>TIM_SetIC2Prescaler</STRONG> (Thumb, 18 bytes, Stack size 0 bytes, stm32f30x_tim.o(.text), UNUSED)
<BR><BR>[Called By]<UL><LI><a href="#[7d]">&gt;&gt;</a>&nbsp;&nbsp;&nbsp;TIM_PWMIConfig
<LI><a href="#[74]">&gt;&gt;</a>&nbsp;&nbsp;&nbsp;TIM_ICInit
</UL>

<P><STRONG><a name="[76]"></a>TIM_SetIC1Prescaler</STRONG> (Thumb, 16 bytes, Stack size 0 bytes, stm32f30x_tim.o(.text), UNUSED)
<BR><BR>[Called By]<UL><LI><a href="#[7d]">&gt;&gt;</a>&nbsp;&nbsp;&nbsp;TIM_PWMIConfig
<LI><a href="#[74]">&gt;&gt;</a>&nbsp;&nbsp;&nbsp;TIM_ICInit
</UL>

<P><STRONG><a name="[74]"></a>TIM_ICInit</STRONG> (Thumb, 110 bytes, Stack size 16 bytes, stm32f30x_tim.o(.text), UNUSED)
<BR><BR>[Calls]<UL><LI><a href="#[76]">&gt;&gt;</a>&nbsp;&nbsp;&nbsp;TIM_SetIC1Prescaler
<LI><a href="#[78]">&gt;&gt;</a>&nbsp;&nbsp;&nbsp;TIM_SetIC2Prescaler
<LI><a href="#[7a]">&gt;&gt;</a>&nbsp;&nbsp;&nbsp;TIM_SetIC3Prescaler
<LI><a href="#[7c]">&gt;&gt;</a>&nbsp;&nbsp;&nbsp;TIM_SetIC4Prescaler
<LI><a href="#[75]">&gt;&gt;</a>&nbsp;&nbsp;&nbsp;TI1_Config
<LI><a href="#[77]">&gt;&gt;</a>&nbsp;&nbsp;&nbsp;TI2_Config
<LI><a href="#[79]">&gt;&gt;</a>&nbsp;&nbsp;&nbsp;TI3_Config
<LI><a href="#[7b]">&gt;&gt;</a>&nbsp;&nbsp;&nbsp;TI4_Config
</UL>

<P><STRONG><a name="[141]"></a>TIM_ICStructInit</STRONG> (Thumb, 18 bytes, Stack size 0 bytes, stm32f30x_tim.o(.text), UNUSED)

<P><STRONG><a name="[7d]"></a>TIM_PWMIConfig</STRONG> (Thumb, 124 bytes, Stack size 24 bytes, stm32f30x_tim.o(.text), UNUSED)
<BR><BR>[Calls]<UL><LI><a href="#[76]">&gt;&gt;</a>&nbsp;&nbsp;&nbsp;TIM_SetIC1Prescaler
<LI><a href="#[78]">&gt;&gt;</a>&nbsp;&nbsp;&nbsp;TIM_SetIC2Prescaler
<LI><a href="#[75]">&gt;&gt;</a>&nbsp;&nbsp;&nbsp;TI1_Config
<LI><a href="#[77]">&gt;&gt;</a>&nbsp;&nbsp;&nbsp;TI2_Config
</UL>

<P><STRONG><a name="[98]"></a>TIM_GetCapture1</STRONG> (Thumb, 6 bytes, Stack size 0 bytes, stm32f30x_tim.o(.text))
<BR><BR>[Called By]<UL><LI><a href="#[29]">&gt;&gt;</a>&nbsp;&nbsp;&nbsp;TIM2_IRQHandler
</UL>

<P><STRONG><a name="[97]"></a>TIM_GetCapture2</STRONG> (Thumb, 6 bytes, Stack size 0 bytes, stm32f30x_tim.o(.text))
<BR><BR>[Called By]<UL><LI><a href="#[29]">&gt;&gt;</a>&nbsp;&nbsp;&nbsp;TIM2_IRQHandler
</UL>

<P><STRONG><a name="[142]"></a>TIM_GetCapture3</STRONG> (Thumb, 6 bytes, Stack size 0 bytes, stm32f30x_tim.o(.text), UNUSED)

<P><STRONG><a name="[143]"></a>TIM_GetCapture4</STRONG> (Thumb, 6 bytes, Stack size 0 bytes, stm32f30x_tim.o(.text), UNUSED)

<P><STRONG><a name="[144]"></a>TIM_BDTRConfig</STRONG> (Thumb, 30 bytes, Stack size 0 bytes, stm32f30x_tim.o(.text), UNUSED)

<P><STRONG><a name="[145]"></a>TIM_Break1Config</STRONG> (Thumb, 22 bytes, Stack size 8 bytes, stm32f30x_tim.o(.text), UNUSED)

<P><STRONG><a name="[146]"></a>TIM_Break2Config</STRONG> (Thumb, 22 bytes, Stack size 8 bytes, stm32f30x_tim.o(.text), UNUSED)

<P><STRONG><a name="[147]"></a>TIM_Break1Cmd</STRONG> (Thumb, 22 bytes, Stack size 0 bytes, stm32f30x_tim.o(.text), UNUSED)

<P><STRONG><a name="[148]"></a>TIM_Break2Cmd</STRONG> (Thumb, 22 bytes, Stack size 0 bytes, stm32f30x_tim.o(.text), UNUSED)

<P><STRONG><a name="[149]"></a>TIM_BDTRStructInit</STRONG> (Thumb, 18 bytes, Stack size 0 bytes, stm32f30x_tim.o(.text), UNUSED)

<P><STRONG><a name="[14a]"></a>TIM_CtrlPWMOutputs</STRONG> (Thumb, 22 bytes, Stack size 0 bytes, stm32f30x_tim.o(.text), UNUSED)

<P><STRONG><a name="[14b]"></a>TIM_SelectCOM</STRONG> (Thumb, 24 bytes, Stack size 0 bytes, stm32f30x_tim.o(.text), UNUSED)

<P><STRONG><a name="[14c]"></a>TIM_CCPreloadControl</STRONG> (Thumb, 24 bytes, Stack size 0 bytes, stm32f30x_tim.o(.text), UNUSED)

<P><STRONG><a name="[14d]"></a>TIM_ITConfig</STRONG> (Thumb, 24 bytes, Stack size 8 bytes, stm32f30x_tim.o(.text), UNUSED)

<P><STRONG><a name="[14e]"></a>TIM_GenerateEvent</STRONG> (Thumb, 4 bytes, Stack size 0 bytes, stm32f30x_tim.o(.text), UNUSED)

<P><STRONG><a name="[14f]"></a>TIM_GetFlagStatus</STRONG> (Thumb, 18 bytes, Stack size 0 bytes, stm32f30x_tim.o(.text), UNUSED)

<P><STRONG><a name="[150]"></a>TIM_ClearFlag</STRONG> (Thumb, 8 bytes, Stack size 0 bytes, stm32f30x_tim.o(.text), UNUSED)

<P><STRONG><a name="[151]"></a>TIM_GetITStatus</STRONG> (Thumb, 34 bytes, Stack size 12 bytes, stm32f30x_tim.o(.text), UNUSED)

<P><STRONG><a name="[96]"></a>TIM_ClearITPendingBit</STRONG> (Thumb, 8 bytes, Stack size 0 bytes, stm32f30x_tim.o(.text))
<BR><BR>[Called By]<UL><LI><a href="#[29]">&gt;&gt;</a>&nbsp;&nbsp;&nbsp;TIM2_IRQHandler
</UL>

<P><STRONG><a name="[152]"></a>TIM_DMAConfig</STRONG> (Thumb, 10 bytes, Stack size 0 bytes, stm32f30x_tim.o(.text), UNUSED)

<P><STRONG><a name="[153]"></a>TIM_DMACmd</STRONG> (Thumb, 24 bytes, Stack size 8 bytes, stm32f30x_tim.o(.text), UNUSED)

<P><STRONG><a name="[154]"></a>TIM_SelectCCDMA</STRONG> (Thumb, 24 bytes, Stack size 0 bytes, stm32f30x_tim.o(.text), UNUSED)

<P><STRONG><a name="[155]"></a>TIM_InternalClockConfig</STRONG> (Thumb, 12 bytes, Stack size 0 bytes, stm32f30x_tim.o(.text), UNUSED)

<P><STRONG><a name="[7f]"></a>TIM_SelectInputTrigger</STRONG> (Thumb, 20 bytes, Stack size 0 bytes, stm32f30x_tim.o(.text), UNUSED)
<BR><BR>[Called By]<UL><LI><a href="#[80]">&gt;&gt;</a>&nbsp;&nbsp;&nbsp;TIM_TIxExternalClockConfig
<LI><a href="#[7e]">&gt;&gt;</a>&nbsp;&nbsp;&nbsp;TIM_ITRxExternalClockConfig
</UL>

<P><STRONG><a name="[7e]"></a>TIM_ITRxExternalClockConfig</STRONG> (Thumb, 24 bytes, Stack size 12 bytes, stm32f30x_tim.o(.text), UNUSED)
<BR><BR>[Calls]<UL><LI><a href="#[7f]">&gt;&gt;</a>&nbsp;&nbsp;&nbsp;TIM_SelectInputTrigger
</UL>

<P><STRONG><a name="[80]"></a>TIM_TIxExternalClockConfig</STRONG> (Thumb, 62 bytes, Stack size 24 bytes, stm32f30x_tim.o(.text), UNUSED)
<BR><BR>[Calls]<UL><LI><a href="#[7f]">&gt;&gt;</a>&nbsp;&nbsp;&nbsp;TIM_SelectInputTrigger
<LI><a href="#[75]">&gt;&gt;</a>&nbsp;&nbsp;&nbsp;TI1_Config
<LI><a href="#[77]">&gt;&gt;</a>&nbsp;&nbsp;&nbsp;TI2_Config
</UL>

<P><STRONG><a name="[82]"></a>TIM_ETRConfig</STRONG> (Thumb, 30 bytes, Stack size 12 bytes, stm32f30x_tim.o(.text), UNUSED)
<BR><BR>[Called By]<UL><LI><a href="#[83]">&gt;&gt;</a>&nbsp;&nbsp;&nbsp;TIM_ETRClockMode2Config
<LI><a href="#[81]">&gt;&gt;</a>&nbsp;&nbsp;&nbsp;TIM_ETRClockMode1Config
</UL>

<P><STRONG><a name="[81]"></a>TIM_ETRClockMode1Config</STRONG> (Thumb, 56 bytes, Stack size 24 bytes, stm32f30x_tim.o(.text), UNUSED)
<BR><BR>[Calls]<UL><LI><a href="#[82]">&gt;&gt;</a>&nbsp;&nbsp;&nbsp;TIM_ETRConfig
</UL>

<P><STRONG><a name="[83]"></a>TIM_ETRClockMode2Config</STRONG> (Thumb, 32 bytes, Stack size 20 bytes, stm32f30x_tim.o(.text), UNUSED)
<BR><BR>[Calls]<UL><LI><a href="#[82]">&gt;&gt;</a>&nbsp;&nbsp;&nbsp;TIM_ETRConfig
</UL>

<P><STRONG><a name="[156]"></a>TIM_SelectOutputTrigger</STRONG> (Thumb, 18 bytes, Stack size 0 bytes, stm32f30x_tim.o(.text), UNUSED)

<P><STRONG><a name="[157]"></a>TIM_SelectOutputTrigger2</STRONG> (Thumb, 16 bytes, Stack size 0 bytes, stm32f30x_tim.o(.text), UNUSED)

<P><STRONG><a name="[158]"></a>TIM_SelectSlaveMode</STRONG> (Thumb, 16 bytes, Stack size 0 bytes, stm32f30x_tim.o(.text), UNUSED)

<P><STRONG><a name="[159]"></a>TIM_SelectMasterSlaveMode</STRONG> (Thumb, 18 bytes, Stack size 0 bytes, stm32f30x_tim.o(.text), UNUSED)

<P><STRONG><a name="[15a]"></a>TIM_EncoderInterfaceConfig</STRONG> (Thumb, 72 bytes, Stack size 20 bytes, stm32f30x_tim.o(.text), UNUSED)

<P><STRONG><a name="[15b]"></a>TIM_SelectHallSensor</STRONG> (Thumb, 24 bytes, Stack size 0 bytes, stm32f30x_tim.o(.text), UNUSED)

<P><STRONG><a name="[15c]"></a>TIM_RemapConfig</STRONG> (Thumb, 6 bytes, Stack size 0 bytes, stm32f30x_tim.o(.text), UNUSED)

<P><STRONG><a name="[84]"></a>USART_DeInit</STRONG> (Thumb, 134 bytes, Stack size 8 bytes, stm32f30x_usart.o(.text), UNUSED)
<BR><BR>[Calls]<UL><LI><a href="#[73]">&gt;&gt;</a>&nbsp;&nbsp;&nbsp;RCC_APB1PeriphResetCmd
<LI><a href="#[72]">&gt;&gt;</a>&nbsp;&nbsp;&nbsp;RCC_APB2PeriphResetCmd
</UL>

<P><STRONG><a name="[85]"></a>USART_Init</STRONG> (Thumb, 220 bytes, Stack size 88 bytes, stm32f30x_usart.o(.text))
<BR><BR>[Stack]<UL><LI>Max Depth = 112<LI>Call Chain = USART_Init &rArr; RCC_GetClocksFreq
</UL>
<BR>[Calls]<UL><LI><a href="#[86]">&gt;&gt;</a>&nbsp;&nbsp;&nbsp;RCC_GetClocksFreq
</UL>
<BR>[Called By]<UL><LI><a href="#[67]">&gt;&gt;</a>&nbsp;&nbsp;&nbsp;main
</UL>

<P><STRONG><a name="[15d]"></a>USART_StructInit</STRONG> (Thumb, 24 bytes, Stack size 0 bytes, stm32f30x_usart.o(.text), UNUSED)

<P><STRONG><a name="[15e]"></a>USART_ClockInit</STRONG> (Thumb, 30 bytes, Stack size 8 bytes, stm32f30x_usart.o(.text), UNUSED)

<P><STRONG><a name="[15f]"></a>USART_ClockStructInit</STRONG> (Thumb, 12 bytes, Stack size 0 bytes, stm32f30x_usart.o(.text), UNUSED)

<P><STRONG><a name="[95]"></a>USART_Cmd</STRONG> (Thumb, 22 bytes, Stack size 0 bytes, stm32f30x_usart.o(.text))
<BR><BR>[Called By]<UL><LI><a href="#[67]">&gt;&gt;</a>&nbsp;&nbsp;&nbsp;main
</UL>

<P><STRONG><a name="[160]"></a>USART_DirectionModeCmd</STRONG> (Thumb, 18 bytes, Stack size 0 bytes, stm32f30x_usart.o(.text), UNUSED)

<P><STRONG><a name="[161]"></a>USART_OverSampling8Cmd</STRONG> (Thumb, 22 bytes, Stack size 0 bytes, stm32f30x_usart.o(.text), UNUSED)

<P><STRONG><a name="[162]"></a>USART_OneBitMethodCmd</STRONG> (Thumb, 22 bytes, Stack size 0 bytes, stm32f30x_usart.o(.text), UNUSED)

<P><STRONG><a name="[163]"></a>USART_MSBFirstCmd</STRONG> (Thumb, 22 bytes, Stack size 0 bytes, stm32f30x_usart.o(.text), UNUSED)

<P><STRONG><a name="[164]"></a>USART_DataInvCmd</STRONG> (Thumb, 22 bytes, Stack size 0 bytes, stm32f30x_usart.o(.text), UNUSED)

<P><STRONG><a name="[165]"></a>USART_InvPinCmd</STRONG> (Thumb, 18 bytes, Stack size 0 bytes, stm32f30x_usart.o(.text), UNUSED)

<P><STRONG><a name="[166]"></a>USART_SWAPPinCmd</STRONG> (Thumb, 22 bytes, Stack size 0 bytes, stm32f30x_usart.o(.text), UNUSED)

<P><STRONG><a name="[167]"></a>USART_ReceiverTimeOutCmd</STRONG> (Thumb, 22 bytes, Stack size 0 bytes, stm32f30x_usart.o(.text), UNUSED)

<P><STRONG><a name="[168]"></a>USART_SetReceiverTimeOut</STRONG> (Thumb, 16 bytes, Stack size 0 bytes, stm32f30x_usart.o(.text), UNUSED)

<P><STRONG><a name="[169]"></a>USART_SetPrescaler</STRONG> (Thumb, 16 bytes, Stack size 0 bytes, stm32f30x_usart.o(.text), UNUSED)

<P><STRONG><a name="[16a]"></a>USART_STOPModeCmd</STRONG> (Thumb, 22 bytes, Stack size 0 bytes, stm32f30x_usart.o(.text), UNUSED)

<P><STRONG><a name="[16b]"></a>USART_StopModeWakeUpSourceConfig</STRONG> (Thumb, 16 bytes, Stack size 0 bytes, stm32f30x_usart.o(.text), UNUSED)

<P><STRONG><a name="[16c]"></a>USART_AutoBaudRateCmd</STRONG> (Thumb, 22 bytes, Stack size 0 bytes, stm32f30x_usart.o(.text), UNUSED)

<P><STRONG><a name="[16d]"></a>USART_AutoBaudRateConfig</STRONG> (Thumb, 16 bytes, Stack size 0 bytes, stm32f30x_usart.o(.text), UNUSED)

<P><STRONG><a name="[89]"></a>USART_SendData</STRONG> (Thumb, 8 bytes, Stack size 0 bytes, stm32f30x_usart.o(.text))
<BR><BR>[Called By]<UL><LI><a href="#[87]">&gt;&gt;</a>&nbsp;&nbsp;&nbsp;DisplayLine
</UL>

<P><STRONG><a name="[16e]"></a>USART_ReceiveData</STRONG> (Thumb, 10 bytes, Stack size 0 bytes, stm32f30x_usart.o(.text), UNUSED)

<P><STRONG><a name="[16f]"></a>USART_SetAddress</STRONG> (Thumb, 18 bytes, Stack size 0 bytes, stm32f30x_usart.o(.text), UNUSED)

<P><STRONG><a name="[170]"></a>USART_MuteModeCmd</STRONG> (Thumb, 22 bytes, Stack size 0 bytes, stm32f30x_usart.o(.text), UNUSED)

<P><STRONG><a name="[171]"></a>USART_MuteModeWakeUpConfig</STRONG> (Thumb, 16 bytes, Stack size 0 bytes, stm32f30x_usart.o(.text), UNUSED)

<P><STRONG><a name="[172]"></a>USART_AddressDetectionConfig</STRONG> (Thumb, 16 bytes, Stack size 0 bytes, stm32f30x_usart.o(.text), UNUSED)

<P><STRONG><a name="[173]"></a>USART_LINBreakDetectLengthConfig</STRONG> (Thumb, 16 bytes, Stack size 0 bytes, stm32f30x_usart.o(.text), UNUSED)

<P><STRONG><a name="[174]"></a>USART_LINCmd</STRONG> (Thumb, 22 bytes, Stack size 0 bytes, stm32f30x_usart.o(.text), UNUSED)

<P><STRONG><a name="[175]"></a>USART_HalfDuplexCmd</STRONG> (Thumb, 22 bytes, Stack size 0 bytes, stm32f30x_usart.o(.text), UNUSED)

<P><STRONG><a name="[176]"></a>USART_SetGuardTime</STRONG> (Thumb, 16 bytes, Stack size 0 bytes, stm32f30x_usart.o(.text), UNUSED)

<P><STRONG><a name="[177]"></a>USART_SmartCardCmd</STRONG> (Thumb, 22 bytes, Stack size 0 bytes, stm32f30x_usart.o(.text), UNUSED)

<P><STRONG><a name="[178]"></a>USART_SmartCardNACKCmd</STRONG> (Thumb, 22 bytes, Stack size 0 bytes, stm32f30x_usart.o(.text), UNUSED)

<P><STRONG><a name="[179]"></a>USART_SetAutoRetryCount</STRONG> (Thumb, 18 bytes, Stack size 0 bytes, stm32f30x_usart.o(.text), UNUSED)

<P><STRONG><a name="[17a]"></a>USART_SetBlockLength</STRONG> (Thumb, 18 bytes, Stack size 0 bytes, stm32f30x_usart.o(.text), UNUSED)

<P><STRONG><a name="[17b]"></a>USART_IrDAConfig</STRONG> (Thumb, 16 bytes, Stack size 0 bytes, stm32f30x_usart.o(.text), UNUSED)

<P><STRONG><a name="[17c]"></a>USART_IrDACmd</STRONG> (Thumb, 44 bytes, Stack size 0 bytes, stm32f30x_usart.o(.text), UNUSED)

<P><STRONG><a name="[17d]"></a>USART_DECmd</STRONG> (Thumb, 22 bytes, Stack size 0 bytes, stm32f30x_usart.o(.text), UNUSED)

<P><STRONG><a name="[17e]"></a>USART_DEPolarityConfig</STRONG> (Thumb, 16 bytes, Stack size 0 bytes, stm32f30x_usart.o(.text), UNUSED)

<P><STRONG><a name="[17f]"></a>USART_SetDEAssertionTime</STRONG> (Thumb, 18 bytes, Stack size 0 bytes, stm32f30x_usart.o(.text), UNUSED)

<P><STRONG><a name="[180]"></a>USART_SetDEDeassertionTime</STRONG> (Thumb, 18 bytes, Stack size 0 bytes, stm32f30x_usart.o(.text), UNUSED)

<P><STRONG><a name="[181]"></a>USART_DMACmd</STRONG> (Thumb, 18 bytes, Stack size 0 bytes, stm32f30x_usart.o(.text), UNUSED)

<P><STRONG><a name="[182]"></a>USART_DMAReceptionErrorConfig</STRONG> (Thumb, 16 bytes, Stack size 0 bytes, stm32f30x_usart.o(.text), UNUSED)

<P><STRONG><a name="[183]"></a>USART_ITConfig</STRONG> (Thumb, 58 bytes, Stack size 20 bytes, stm32f30x_usart.o(.text), UNUSED)

<P><STRONG><a name="[184]"></a>USART_RequestCmd</STRONG> (Thumb, 18 bytes, Stack size 0 bytes, stm32f30x_usart.o(.text), UNUSED)

<P><STRONG><a name="[185]"></a>USART_OverrunDetectionConfig</STRONG> (Thumb, 16 bytes, Stack size 0 bytes, stm32f30x_usart.o(.text), UNUSED)

<P><STRONG><a name="[88]"></a>USART_GetFlagStatus</STRONG> (Thumb, 18 bytes, Stack size 0 bytes, stm32f30x_usart.o(.text))
<BR><BR>[Called By]<UL><LI><a href="#[87]">&gt;&gt;</a>&nbsp;&nbsp;&nbsp;DisplayLine
</UL>

<P><STRONG><a name="[186]"></a>USART_ClearFlag</STRONG> (Thumb, 4 bytes, Stack size 0 bytes, stm32f30x_usart.o(.text), UNUSED)

<P><STRONG><a name="[187]"></a>USART_GetITStatus</STRONG> (Thumb, 74 bytes, Stack size 16 bytes, stm32f30x_usart.o(.text), UNUSED)

<P><STRONG><a name="[188]"></a>USART_ClearITPendingBit</STRONG> (Thumb, 18 bytes, Stack size 8 bytes, stm32f30x_usart.o(.text), UNUSED)

<P><STRONG><a name="[87]"></a>DisplayLine</STRONG> (Thumb, 190 bytes, Stack size 24 bytes, main.o(.text))
<BR><BR>[Stack]<UL><LI>Max Depth = 24<LI>Call Chain = DisplayLine
</UL>
<BR>[Calls]<UL><LI><a href="#[88]">&gt;&gt;</a>&nbsp;&nbsp;&nbsp;USART_GetFlagStatus
<LI><a href="#[89]">&gt;&gt;</a>&nbsp;&nbsp;&nbsp;USART_SendData
</UL>
<BR>[Called By]<UL><LI><a href="#[8c]">&gt;&gt;</a>&nbsp;&nbsp;&nbsp;UI_hl
</UL>

<P><STRONG><a name="[8a]"></a>Rotary</STRONG> (Thumb, 106 bytes, Stack size 16 bytes, main.o(.text))
<BR><BR>[Stack]<UL><LI>Max Depth = 16<LI>Call Chain = Rotary
</UL>
<BR>[Calls]<UL><LI><a href="#[8b]">&gt;&gt;</a>&nbsp;&nbsp;&nbsp;GPIO_ReadInputDataBit
</UL>
<BR>[Called By]<UL><LI><a href="#[8c]">&gt;&gt;</a>&nbsp;&nbsp;&nbsp;UI_hl
</UL>

<P><STRONG><a name="[8c]"></a>UI_hl</STRONG> (Thumb, 2032 bytes, Stack size 0 bytes, main.o(.text))
<BR><BR>[Stack]<UL><LI>Max Depth = 120 + Unknown Stack Size
<LI>Call Chain = UI_hl &rArr; __2sprintf &rArr; _printf_char_common &rArr; __printf
</UL>
<BR>[Calls]<UL><LI><a href="#[8b]">&gt;&gt;</a>&nbsp;&nbsp;&nbsp;GPIO_ReadInputDataBit
<LI><a href="#[8d]">&gt;&gt;</a>&nbsp;&nbsp;&nbsp;__aeabi_cdcmpeq
<LI><a href="#[90]">&gt;&gt;</a>&nbsp;&nbsp;&nbsp;__aeabi_dsub
<LI><a href="#[8e]">&gt;&gt;</a>&nbsp;&nbsp;&nbsp;__aeabi_dadd
<LI><a href="#[8f]">&gt;&gt;</a>&nbsp;&nbsp;&nbsp;__2sprintf
<LI><a href="#[8a]">&gt;&gt;</a>&nbsp;&nbsp;&nbsp;Rotary
<LI><a href="#[87]">&gt;&gt;</a>&nbsp;&nbsp;&nbsp;DisplayLine
</UL>
<BR>[Called By]<UL><LI><a href="#[67]">&gt;&gt;</a>&nbsp;&nbsp;&nbsp;main
</UL>

<P><STRONG><a name="[67]"></a>main</STRONG> (Thumb, 130 bytes, Stack size 0 bytes, main.o(.text))
<BR><BR>[Stack]<UL><LI>Max Depth = 120 + Unknown Stack Size
<LI>Call Chain = main &rArr; UI_hl &rArr; __2sprintf &rArr; _printf_char_common &rArr; __printf
</UL>
<BR>[Calls]<UL><LI><a href="#[93]">&gt;&gt;</a>&nbsp;&nbsp;&nbsp;GPIO_PinAFConfig
<LI><a href="#[94]">&gt;&gt;</a>&nbsp;&nbsp;&nbsp;RCC_APB2PeriphClockCmd
<LI><a href="#[91]">&gt;&gt;</a>&nbsp;&nbsp;&nbsp;RCC_AHBPeriphClockCmd
<LI><a href="#[92]">&gt;&gt;</a>&nbsp;&nbsp;&nbsp;GPIO_Init
<LI><a href="#[8c]">&gt;&gt;</a>&nbsp;&nbsp;&nbsp;UI_hl
<LI><a href="#[95]">&gt;&gt;</a>&nbsp;&nbsp;&nbsp;USART_Cmd
<LI><a href="#[85]">&gt;&gt;</a>&nbsp;&nbsp;&nbsp;USART_Init
</UL>
<BR>[Called By]<UL><LI><a href="#[66]">&gt;&gt;</a>&nbsp;&nbsp;&nbsp;__rt_entry_main
</UL>

<P><STRONG><a name="[4]"></a>NMI_Handler</STRONG> (Thumb, 2 bytes, Stack size 0 bytes, stm32f30x_it.o(.text))
<BR>[Address Reference Count : 1]<UL><LI> startup_stm32f30x.o(RESET)
</UL>
<P><STRONG><a name="[5]"></a>HardFault_Handler</STRONG> (Thumb, 4 bytes, Stack size 0 bytes, stm32f30x_it.o(.text))
<BR>[Address Reference Count : 1]<UL><LI> startup_stm32f30x.o(RESET)
</UL>
<P><STRONG><a name="[6]"></a>MemManage_Handler</STRONG> (Thumb, 4 bytes, Stack size 0 bytes, stm32f30x_it.o(.text))
<BR>[Address Reference Count : 1]<UL><LI> startup_stm32f30x.o(RESET)
</UL>
<P><STRONG><a name="[7]"></a>BusFault_Handler</STRONG> (Thumb, 4 bytes, Stack size 0 bytes, stm32f30x_it.o(.text))
<BR>[Address Reference Count : 1]<UL><LI> startup_stm32f30x.o(RESET)
</UL>
<P><STRONG><a name="[8]"></a>UsageFault_Handler</STRONG> (Thumb, 4 bytes, Stack size 0 bytes, stm32f30x_it.o(.text))
<BR>[Address Reference Count : 1]<UL><LI> startup_stm32f30x.o(RESET)
</UL>
<P><STRONG><a name="[9]"></a>SVC_Handler</STRONG> (Thumb, 2 bytes, Stack size 0 bytes, stm32f30x_it.o(.text))
<BR>[Address Reference Count : 1]<UL><LI> startup_stm32f30x.o(RESET)
</UL>
<P><STRONG><a name="[a]"></a>DebugMon_Handler</STRONG> (Thumb, 2 bytes, Stack size 0 bytes, stm32f30x_it.o(.text))
<BR>[Address Reference Count : 1]<UL><LI> startup_stm32f30x.o(RESET)
</UL>
<P><STRONG><a name="[b]"></a>PendSV_Handler</STRONG> (Thumb, 2 bytes, Stack size 0 bytes, stm32f30x_it.o(.text))
<BR>[Address Reference Count : 1]<UL><LI> startup_stm32f30x.o(RESET)
</UL>
<P><STRONG><a name="[c]"></a>SysTick_Handler</STRONG> (Thumb, 2 bytes, Stack size 0 bytes, stm32f30x_it.o(.text))
<BR>[Address Reference Count : 1]<UL><LI> startup_stm32f30x.o(RESET)
</UL>
<P><STRONG><a name="[29]"></a>TIM2_IRQHandler</STRONG> (Thumb, 88 bytes, Stack size 8 bytes, stm32f30x_it.o(.text))
<BR><BR>[Stack]<UL><LI>Max Depth = 32<LI>Call Chain = TIM2_IRQHandler &rArr; RCC_GetClocksFreq
</UL>
<BR>[Calls]<UL><LI><a href="#[96]">&gt;&gt;</a>&nbsp;&nbsp;&nbsp;TIM_ClearITPendingBit
<LI><a href="#[97]">&gt;&gt;</a>&nbsp;&nbsp;&nbsp;TIM_GetCapture2
<LI><a href="#[98]">&gt;&gt;</a>&nbsp;&nbsp;&nbsp;TIM_GetCapture1
<LI><a href="#[86]">&gt;&gt;</a>&nbsp;&nbsp;&nbsp;RCC_GetClocksFreq
</UL>
<BR>[Address Reference Count : 1]<UL><LI> startup_stm32f30x.o(RESET)
</UL>
<P><STRONG><a name="[4f]"></a>SystemInit</STRONG> (Thumb, 112 bytes, Stack size 8 bytes, system_stm32f30x.o(.text))
<BR><BR>[Stack]<UL><LI>Max Depth = 20<LI>Call Chain = SystemInit &rArr; SetSysClock
</UL>
<BR>[Calls]<UL><LI><a href="#[99]">&gt;&gt;</a>&nbsp;&nbsp;&nbsp;SetSysClock
</UL>
<BR>[Address Reference Count : 1]<UL><LI> startup_stm32f30x.o(.text)
</UL>
<P><STRONG><a name="[189]"></a>SystemCoreClockUpdate</STRONG> (Thumb, 138 bytes, Stack size 12 bytes, system_stm32f30x.o(.text), UNUSED)

<P><STRONG><a name="[8f]"></a>__2sprintf</STRONG> (Thumb, 34 bytes, Stack size 32 bytes, noretval__2sprintf.o(.text))
<BR><BR>[Stack]<UL><LI>Max Depth = 120 + Unknown Stack Size
<LI>Call Chain = __2sprintf &rArr; _printf_char_common &rArr; __printf
</UL>
<BR>[Calls]<UL><LI><a href="#[51]">&gt;&gt;</a>&nbsp;&nbsp;&nbsp;_sputc
<LI><a href="#[9a]">&gt;&gt;</a>&nbsp;&nbsp;&nbsp;_printf_char_common
</UL>
<BR>[Called By]<UL><LI><a href="#[8c]">&gt;&gt;</a>&nbsp;&nbsp;&nbsp;UI_hl
</UL>

<P><STRONG><a name="[9b]"></a>__printf</STRONG> (Thumb, 104 bytes, Stack size 24 bytes, __printf.o(.text))
<BR><BR>[Stack]<UL><LI>Max Depth = 24 + Unknown Stack Size
<LI>Call Chain = __printf
</UL>
<BR>[Calls]<UL><LI><a href="#[9c]">&gt;&gt;</a>&nbsp;&nbsp;&nbsp;_printf_percent
</UL>
<BR>[Called By]<UL><LI><a href="#[9a]">&gt;&gt;</a>&nbsp;&nbsp;&nbsp;_printf_char_common
</UL>

<P><STRONG><a name="[18a]"></a>__use_two_region_memory</STRONG> (Thumb, 2 bytes, Stack size 0 bytes, heapauxi.o(.text), UNUSED)

<P><STRONG><a name="[18b]"></a>__rt_heap_escrow$2region</STRONG> (Thumb, 2 bytes, Stack size 0 bytes, heapauxi.o(.text), UNUSED)

<P><STRONG><a name="[18c]"></a>__rt_heap_expand$2region</STRONG> (Thumb, 2 bytes, Stack size 0 bytes, heapauxi.o(.text), UNUSED)

<P><STRONG><a name="[18d]"></a>__lib_sel_fp_printf</STRONG> (Thumb, 2 bytes, Stack size 0 bytes, _printf_fp_dec.o(.text), UNUSED)

<P><STRONG><a name="[a3]"></a>_printf_fp_dec_real</STRONG> (Thumb, 628 bytes, Stack size 104 bytes, _printf_fp_dec.o(.text))
<BR><BR>[Stack]<UL><LI>Max Depth = 320<LI>Call Chain = _printf_fp_dec_real &rArr; _fp_digits &rArr; _btod_etento &rArr; _btod_emul &rArr; _e2e
</UL>
<BR>[Calls]<UL><LI><a href="#[a5]">&gt;&gt;</a>&nbsp;&nbsp;&nbsp;_printf_fp_infnan
<LI><a href="#[5f]">&gt;&gt;</a>&nbsp;&nbsp;&nbsp;__rt_locale
<LI><a href="#[9d]">&gt;&gt;</a>&nbsp;&nbsp;&nbsp;_fp_digits
<LI><a href="#[a4]">&gt;&gt;</a>&nbsp;&nbsp;&nbsp;__ARM_fpclassify
</UL>
<BR>[Called By]<UL><LI><a href="#[5b]">&gt;&gt;</a>&nbsp;&nbsp;&nbsp;_printf_fp_dec
</UL>

<P><STRONG><a name="[9a]"></a>_printf_char_common</STRONG> (Thumb, 32 bytes, Stack size 64 bytes, _printf_char_common.o(.text))
<BR><BR>[Stack]<UL><LI>Max Depth = 88 + Unknown Stack Size
<LI>Call Chain = _printf_char_common &rArr; __printf
</UL>
<BR>[Calls]<UL><LI><a href="#[9b]">&gt;&gt;</a>&nbsp;&nbsp;&nbsp;__printf
</UL>
<BR>[Called By]<UL><LI><a href="#[8f]">&gt;&gt;</a>&nbsp;&nbsp;&nbsp;__2sprintf
</UL>

<P><STRONG><a name="[51]"></a>_sputc</STRONG> (Thumb, 10 bytes, Stack size 0 bytes, _sputc.o(.text))
<BR><BR>[Called By]<UL><LI><a href="#[8f]">&gt;&gt;</a>&nbsp;&nbsp;&nbsp;__2sprintf
</UL>
<BR>[Address Reference Count : 1]<UL><LI> noretval__2sprintf.o(.text)
</UL>
<P><STRONG><a name="[5f]"></a>__rt_locale</STRONG> (Thumb, 8 bytes, Stack size 0 bytes, rt_locale_intlibspace.o(.text))
<BR><BR>[Called By]<UL><LI><a href="#[a3]">&gt;&gt;</a>&nbsp;&nbsp;&nbsp;_printf_fp_dec_real
<LI><a href="#[5e]">&gt;&gt;</a>&nbsp;&nbsp;&nbsp;__rt_lib_init_lc_common
</UL>

<P><STRONG><a name="[a2]"></a>_ll_udiv10</STRONG> (Thumb, 138 bytes, Stack size 12 bytes, lludiv10.o(.text))
<BR><BR>[Stack]<UL><LI>Max Depth = 12<LI>Call Chain = _ll_udiv10
</UL>
<BR>[Called By]<UL><LI><a href="#[9d]">&gt;&gt;</a>&nbsp;&nbsp;&nbsp;_fp_digits
</UL>

<P><STRONG><a name="[a5]"></a>_printf_fp_infnan</STRONG> (Thumb, 112 bytes, Stack size 24 bytes, _printf_fp_infnan.o(.text))
<BR><BR>[Stack]<UL><LI>Max Depth = 24<LI>Call Chain = _printf_fp_infnan
</UL>
<BR>[Called By]<UL><LI><a href="#[a3]">&gt;&gt;</a>&nbsp;&nbsp;&nbsp;_printf_fp_dec_real
</UL>

<P><STRONG><a name="[9e]"></a>_btod_etento</STRONG> (Thumb, 222 bytes, Stack size 72 bytes, bigflt0.o(.text))
<BR><BR>[Stack]<UL><LI>Max Depth = 120<LI>Call Chain = _btod_etento &rArr; _btod_emul &rArr; _e2e
</UL>
<BR>[Calls]<UL><LI><a href="#[a1]">&gt;&gt;</a>&nbsp;&nbsp;&nbsp;_btod_emul
<LI><a href="#[a0]">&gt;&gt;</a>&nbsp;&nbsp;&nbsp;_btod_ediv
</UL>
<BR>[Called By]<UL><LI><a href="#[9d]">&gt;&gt;</a>&nbsp;&nbsp;&nbsp;_fp_digits
</UL>

<P><STRONG><a name="[18e]"></a>__user_libspace</STRONG> (Thumb, 8 bytes, Stack size 0 bytes, libspace.o(.text), UNUSED)

<P><STRONG><a name="[a6]"></a>__user_perproc_libspace</STRONG> (Thumb, 0 bytes, Stack size 0 bytes, libspace.o(.text))
<BR><BR>[Called By]<UL><LI><a href="#[63]">&gt;&gt;</a>&nbsp;&nbsp;&nbsp;__user_setup_stackheap
</UL>

<P><STRONG><a name="[18f]"></a>__user_perthread_libspace</STRONG> (Thumb, 0 bytes, Stack size 0 bytes, libspace.o(.text), UNUSED)

<P><STRONG><a name="[63]"></a>__user_setup_stackheap</STRONG> (Thumb, 74 bytes, Stack size 8 bytes, sys_stackheap_outer.o(.text))
<BR><BR>[Stack]<UL><LI>Max Depth = 8 + Unknown Stack Size
<LI>Call Chain = __user_setup_stackheap
</UL>
<BR>[Calls]<UL><LI><a href="#[55]">&gt;&gt;</a>&nbsp;&nbsp;&nbsp;__user_initial_stackheap
<LI><a href="#[a6]">&gt;&gt;</a>&nbsp;&nbsp;&nbsp;__user_perproc_libspace
</UL>
<BR>[Called By]<UL><LI><a href="#[62]">&gt;&gt;</a>&nbsp;&nbsp;&nbsp;__rt_entry_sh
</UL>

<P><STRONG><a name="[68]"></a>exit</STRONG> (Thumb, 12 bytes, Stack size 0 bytes, exit.o(.text))
<BR><BR>[Calls]<UL><LI><a href="#[a7]">&gt;&gt;</a>&nbsp;&nbsp;&nbsp;__rt_exit
</UL>
<BR>[Called By]<UL><LI><a href="#[66]">&gt;&gt;</a>&nbsp;&nbsp;&nbsp;__rt_entry_main
</UL>

<P><STRONG><a name="[ad]"></a>strcmp</STRONG> (Thumb, 128 bytes, Stack size 0 bytes, strcmpv7m.o(.text))
<BR><BR>[Called By]<UL><LI><a href="#[61]">&gt;&gt;</a>&nbsp;&nbsp;&nbsp;_get_lc_numeric
</UL>

<P><STRONG><a name="[6c]"></a>_sys_exit</STRONG> (Thumb, 8 bytes, Stack size 0 bytes, sys_exit.o(.text))
<BR><BR>[Called By]<UL><LI><a href="#[6b]">&gt;&gt;</a>&nbsp;&nbsp;&nbsp;__rt_exit_exit
</UL>

<P><STRONG><a name="[190]"></a>__I$use$semihosting</STRONG> (Thumb, 0 bytes, Stack size 0 bytes, use_no_semi.o(.text), UNUSED)

<P><STRONG><a name="[191]"></a>__use_no_semihosting_swi</STRONG> (Thumb, 2 bytes, Stack size 0 bytes, use_no_semi.o(.text), UNUSED)

<P><STRONG><a name="[192]"></a>__semihosting_library_function</STRONG> (Thumb, 0 bytes, Stack size 0 bytes, indicate_semi.o(.text), UNUSED)

<P><STRONG><a name="[9f]"></a>_btod_d2e</STRONG> (Thumb, 62 bytes, Stack size 0 bytes, btod.o(CL$$btod_d2e))
<BR><BR>[Calls]<UL><LI><a href="#[a8]">&gt;&gt;</a>&nbsp;&nbsp;&nbsp;_d2e_norm_op1
</UL>
<BR>[Called By]<UL><LI><a href="#[9d]">&gt;&gt;</a>&nbsp;&nbsp;&nbsp;_fp_digits
</UL>

<P><STRONG><a name="[a9]"></a>_d2e_denorm_low</STRONG> (Thumb, 70 bytes, Stack size 0 bytes, btod.o(CL$$btod_d2e_denorm_low))
<BR><BR>[Called By]<UL><LI><a href="#[a8]">&gt;&gt;</a>&nbsp;&nbsp;&nbsp;_d2e_norm_op1
</UL>

<P><STRONG><a name="[a8]"></a>_d2e_norm_op1</STRONG> (Thumb, 96 bytes, Stack size 0 bytes, btod.o(CL$$btod_d2e_norm_op1))
<BR><BR>[Calls]<UL><LI><a href="#[a9]">&gt;&gt;</a>&nbsp;&nbsp;&nbsp;_d2e_denorm_low
</UL>
<BR>[Called By]<UL><LI><a href="#[9f]">&gt;&gt;</a>&nbsp;&nbsp;&nbsp;_btod_d2e
</UL>

<P><STRONG><a name="[aa]"></a>__btod_div_common</STRONG> (Thumb, 696 bytes, Stack size 24 bytes, btod.o(CL$$btod_div_common))
<BR><BR>[Stack]<UL><LI>Max Depth = 24<LI>Call Chain = __btod_div_common
</UL>
<BR>[Called By]<UL><LI><a href="#[a0]">&gt;&gt;</a>&nbsp;&nbsp;&nbsp;_btod_ediv
</UL>

<P><STRONG><a name="[ab]"></a>_e2e</STRONG> (Thumb, 198 bytes, Stack size 24 bytes, btod.o(CL$$btod_e2e))
<BR><BR>[Stack]<UL><LI>Max Depth = 24<LI>Call Chain = _e2e
</UL>
<BR>[Called By]<UL><LI><a href="#[a1]">&gt;&gt;</a>&nbsp;&nbsp;&nbsp;_btod_emul
<LI><a href="#[a0]">&gt;&gt;</a>&nbsp;&nbsp;&nbsp;_btod_ediv
</UL>

<P><STRONG><a name="[a0]"></a>_btod_ediv</STRONG> (Thumb, 40 bytes, Stack size 24 bytes, btod.o(CL$$btod_ediv))
<BR><BR>[Stack]<UL><LI>Max Depth = 48<LI>Call Chain = _btod_ediv &rArr; _e2e
</UL>
<BR>[Calls]<UL><LI><a href="#[ab]">&gt;&gt;</a>&nbsp;&nbsp;&nbsp;_e2e
<LI><a href="#[aa]">&gt;&gt;</a>&nbsp;&nbsp;&nbsp;__btod_div_common
</UL>
<BR>[Called By]<UL><LI><a href="#[9e]">&gt;&gt;</a>&nbsp;&nbsp;&nbsp;_btod_etento
<LI><a href="#[9d]">&gt;&gt;</a>&nbsp;&nbsp;&nbsp;_fp_digits
</UL>

<P><STRONG><a name="[a1]"></a>_btod_emul</STRONG> (Thumb, 40 bytes, Stack size 24 bytes, btod.o(CL$$btod_emul))
<BR><BR>[Stack]<UL><LI>Max Depth = 48<LI>Call Chain = _btod_emul &rArr; _e2e
</UL>
<BR>[Calls]<UL><LI><a href="#[ac]">&gt;&gt;</a>&nbsp;&nbsp;&nbsp;__btod_mult_common
<LI><a href="#[ab]">&gt;&gt;</a>&nbsp;&nbsp;&nbsp;_e2e
</UL>
<BR>[Called By]<UL><LI><a href="#[9e]">&gt;&gt;</a>&nbsp;&nbsp;&nbsp;_btod_etento
<LI><a href="#[9d]">&gt;&gt;</a>&nbsp;&nbsp;&nbsp;_fp_digits
</UL>

<P><STRONG><a name="[ac]"></a>__btod_mult_common</STRONG> (Thumb, 580 bytes, Stack size 16 bytes, btod.o(CL$$btod_mult_common))
<BR><BR>[Stack]<UL><LI>Max Depth = 16<LI>Call Chain = __btod_mult_common
</UL>
<BR>[Called By]<UL><LI><a href="#[a1]">&gt;&gt;</a>&nbsp;&nbsp;&nbsp;_btod_emul
</UL>

<P><STRONG><a name="[a4]"></a>__ARM_fpclassify</STRONG> (Thumb, 48 bytes, Stack size 8 bytes, fpclassify.o(i.__ARM_fpclassify))
<BR><BR>[Stack]<UL><LI>Max Depth = 8<LI>Call Chain = __ARM_fpclassify
</UL>
<BR>[Called By]<UL><LI><a href="#[a3]">&gt;&gt;</a>&nbsp;&nbsp;&nbsp;_printf_fp_dec_real
</UL>

<P><STRONG><a name="[61]"></a>_get_lc_numeric</STRONG> (Thumb, 44 bytes, Stack size 8 bytes, lc_numeric_c.o(locale$$code))
<BR><BR>[Stack]<UL><LI>Max Depth = 8<LI>Call Chain = _get_lc_numeric
</UL>
<BR>[Calls]<UL><LI><a href="#[ad]">&gt;&gt;</a>&nbsp;&nbsp;&nbsp;strcmp
</UL>
<BR>[Called By]<UL><LI><a href="#[60]">&gt;&gt;</a>&nbsp;&nbsp;&nbsp;__rt_lib_init_lc_numeric_2
</UL>

<P><STRONG><a name="[8e]"></a>__aeabi_dadd</STRONG> (Thumb, 0 bytes, Stack size 16 bytes, daddsub_clz.o(x$fpl$dadd))
<BR><BR>[Stack]<UL><LI>Max Depth = 16<LI>Call Chain = __aeabi_dadd
</UL>
<BR>[Called By]<UL><LI><a href="#[8c]">&gt;&gt;</a>&nbsp;&nbsp;&nbsp;UI_hl
</UL>

<P><STRONG><a name="[ae]"></a>_dadd</STRONG> (Thumb, 332 bytes, Stack size 16 bytes, daddsub_clz.o(x$fpl$dadd), UNUSED)
<BR><BR>[Calls]<UL><LI><a href="#[b0]">&gt;&gt;</a>&nbsp;&nbsp;&nbsp;__fpl_dretinf
<LI><a href="#[b1]">&gt;&gt;</a>&nbsp;&nbsp;&nbsp;__fpl_dnaninf
<LI><a href="#[af]">&gt;&gt;</a>&nbsp;&nbsp;&nbsp;_dsub1
</UL>

<P><STRONG><a name="[b3]"></a>__fpl_dcmp_Inf</STRONG> (Thumb, 24 bytes, Stack size 0 bytes, dcmpi.o(x$fpl$dcmpinf), UNUSED)
<BR><BR>[Called By]<UL><LI><a href="#[b2]">&gt;&gt;</a>&nbsp;&nbsp;&nbsp;_dcmpeq
</UL>

<P><STRONG><a name="[8d]"></a>__aeabi_cdcmpeq</STRONG> (Thumb, 0 bytes, Stack size 32 bytes, deqf.o(x$fpl$deqf))
<BR><BR>[Stack]<UL><LI>Max Depth = 32<LI>Call Chain = __aeabi_cdcmpeq
</UL>
<BR>[Called By]<UL><LI><a href="#[8c]">&gt;&gt;</a>&nbsp;&nbsp;&nbsp;UI_hl
</UL>

<P><STRONG><a name="[b2]"></a>_dcmpeq</STRONG> (Thumb, 120 bytes, Stack size 32 bytes, deqf.o(x$fpl$deqf), UNUSED)
<BR><BR>[Calls]<UL><LI><a href="#[b1]">&gt;&gt;</a>&nbsp;&nbsp;&nbsp;__fpl_dnaninf
<LI><a href="#[b3]">&gt;&gt;</a>&nbsp;&nbsp;&nbsp;__fpl_dcmp_Inf
</UL>

<P><STRONG><a name="[b1]"></a>__fpl_dnaninf</STRONG> (Thumb, 156 bytes, Stack size 16 bytes, dnaninf.o(x$fpl$dnaninf), UNUSED)
<BR><BR>[Called By]<UL><LI><a href="#[b2]">&gt;&gt;</a>&nbsp;&nbsp;&nbsp;_dcmpeq
<LI><a href="#[b4]">&gt;&gt;</a>&nbsp;&nbsp;&nbsp;_dsub
<LI><a href="#[ae]">&gt;&gt;</a>&nbsp;&nbsp;&nbsp;_dadd
</UL>

<P><STRONG><a name="[b0]"></a>__fpl_dretinf</STRONG> (Thumb, 12 bytes, Stack size 0 bytes, dretinf.o(x$fpl$dretinf), UNUSED)
<BR><BR>[Called By]<UL><LI><a href="#[ae]">&gt;&gt;</a>&nbsp;&nbsp;&nbsp;_dadd
</UL>

<P><STRONG><a name="[90]"></a>__aeabi_dsub</STRONG> (Thumb, 0 bytes, Stack size 32 bytes, daddsub_clz.o(x$fpl$dsub))
<BR><BR>[Stack]<UL><LI>Max Depth = 32<LI>Call Chain = __aeabi_dsub
</UL>
<BR>[Called By]<UL><LI><a href="#[8c]">&gt;&gt;</a>&nbsp;&nbsp;&nbsp;UI_hl
</UL>

<P><STRONG><a name="[b4]"></a>_dsub</STRONG> (Thumb, 464 bytes, Stack size 32 bytes, daddsub_clz.o(x$fpl$dsub), UNUSED)
<BR><BR>[Calls]<UL><LI><a href="#[b1]">&gt;&gt;</a>&nbsp;&nbsp;&nbsp;__fpl_dnaninf
<LI><a href="#[b5]">&gt;&gt;</a>&nbsp;&nbsp;&nbsp;_dadd1
</UL>

<P><STRONG><a name="[5d]"></a>_fp_init</STRONG> (Thumb, 10 bytes, Stack size 0 bytes, fpinit.o(x$fpl$fpinit))
<BR><BR>[Called By]<UL><LI><a href="#[5c]">&gt;&gt;</a>&nbsp;&nbsp;&nbsp;__rt_lib_init_fp_1
</UL>

<P><STRONG><a name="[193]"></a>__fplib_config_fpu_vfp</STRONG> (Thumb, 0 bytes, Stack size unknown bytes, fpinit.o(x$fpl$fpinit), UNUSED)

<P><STRONG><a name="[194]"></a>__fplib_config_pureend_doubles</STRONG> (Thumb, 0 bytes, Stack size unknown bytes, fpinit.o(x$fpl$fpinit), UNUSED)

<P><STRONG><a name="[5b]"></a>_printf_fp_dec</STRONG> (Thumb, 4 bytes, Stack size 0 bytes, printf1.o(x$fpl$printf1))
<BR><BR>[Stack]<UL><LI>Max Depth = 320<LI>Call Chain = _printf_fp_dec &rArr; _printf_fp_dec_real &rArr; _fp_digits &rArr; _btod_etento &rArr; _btod_emul &rArr; _e2e
</UL>
<BR>[Calls]<UL><LI><a href="#[a3]">&gt;&gt;</a>&nbsp;&nbsp;&nbsp;_printf_fp_dec_real
</UL>
<BR>[Called By]<UL><LI><a href="#[5a]">&gt;&gt;</a>&nbsp;&nbsp;&nbsp;_printf_g
</UL>
<P>
<H3>
Local Symbols
</H3>
<P><STRONG><a name="[7b]"></a>TI4_Config</STRONG> (Thumb, 104 bytes, Stack size 20 bytes, stm32f30x_tim.o(.text), UNUSED)
<BR><BR>[Called By]<UL><LI><a href="#[74]">&gt;&gt;</a>&nbsp;&nbsp;&nbsp;TIM_ICInit
</UL>

<P><STRONG><a name="[79]"></a>TI3_Config</STRONG> (Thumb, 76 bytes, Stack size 20 bytes, stm32f30x_tim.o(.text), UNUSED)
<BR><BR>[Called By]<UL><LI><a href="#[74]">&gt;&gt;</a>&nbsp;&nbsp;&nbsp;TIM_ICInit
</UL>

<P><STRONG><a name="[77]"></a>TI2_Config</STRONG> (Thumb, 66 bytes, Stack size 20 bytes, stm32f30x_tim.o(.text), UNUSED)
<BR><BR>[Called By]<UL><LI><a href="#[80]">&gt;&gt;</a>&nbsp;&nbsp;&nbsp;TIM_TIxExternalClockConfig
<LI><a href="#[7d]">&gt;&gt;</a>&nbsp;&nbsp;&nbsp;TIM_PWMIConfig
<LI><a href="#[74]">&gt;&gt;</a>&nbsp;&nbsp;&nbsp;TIM_ICInit
</UL>

<P><STRONG><a name="[75]"></a>TI1_Config</STRONG> (Thumb, 48 bytes, Stack size 16 bytes, stm32f30x_tim.o(.text), UNUSED)
<BR><BR>[Called By]<UL><LI><a href="#[80]">&gt;&gt;</a>&nbsp;&nbsp;&nbsp;TIM_TIxExternalClockConfig
<LI><a href="#[7d]">&gt;&gt;</a>&nbsp;&nbsp;&nbsp;TIM_PWMIConfig
<LI><a href="#[74]">&gt;&gt;</a>&nbsp;&nbsp;&nbsp;TIM_ICInit
</UL>

<P><STRONG><a name="[99]"></a>SetSysClock</STRONG> (Thumb, 186 bytes, Stack size 12 bytes, system_stm32f30x.o(.text))
<BR><BR>[Stack]<UL><LI>Max Depth = 12<LI>Call Chain = SetSysClock
</UL>
<BR>[Called By]<UL><LI><a href="#[4f]">&gt;&gt;</a>&nbsp;&nbsp;&nbsp;SystemInit
</UL>

<P><STRONG><a name="[b5]"></a>_dadd1</STRONG> (Thumb, 0 bytes, Stack size unknown bytes, daddsub_clz.o(x$fpl$dadd), UNUSED)
<BR><BR>[Called By]<UL><LI><a href="#[b4]">&gt;&gt;</a>&nbsp;&nbsp;&nbsp;_dsub
</UL>

<P><STRONG><a name="[af]"></a>_dsub1</STRONG> (Thumb, 0 bytes, Stack size unknown bytes, daddsub_clz.o(x$fpl$dsub), UNUSED)
<BR><BR>[Called By]<UL><LI><a href="#[ae]">&gt;&gt;</a>&nbsp;&nbsp;&nbsp;_dadd
</UL>

<P><STRONG><a name="[9d]"></a>_fp_digits</STRONG> (Thumb, 426 bytes, Stack size 96 bytes, _printf_fp_dec.o(.text))
<BR><BR>[Stack]<UL><LI>Max Depth = 216<LI>Call Chain = _fp_digits &rArr; _btod_etento &rArr; _btod_emul &rArr; _e2e
</UL>
<BR>[Calls]<UL><LI><a href="#[9e]">&gt;&gt;</a>&nbsp;&nbsp;&nbsp;_btod_etento
<LI><a href="#[a2]">&gt;&gt;</a>&nbsp;&nbsp;&nbsp;_ll_udiv10
<LI><a href="#[a1]">&gt;&gt;</a>&nbsp;&nbsp;&nbsp;_btod_emul
<LI><a href="#[a0]">&gt;&gt;</a>&nbsp;&nbsp;&nbsp;_btod_ediv
<LI><a href="#[9f]">&gt;&gt;</a>&nbsp;&nbsp;&nbsp;_btod_d2e
</UL>
<BR>[Called By]<UL><LI><a href="#[a3]">&gt;&gt;</a>&nbsp;&nbsp;&nbsp;_printf_fp_dec_real
</UL>

<P><STRONG><a name="[52]"></a>_printf_input_char</STRONG> (Thumb, 10 bytes, Stack size 0 bytes, _printf_char_common.o(.text))
<BR>[Address Reference Count : 1]<UL><LI> _printf_char_common.o(.text)
</UL><P>
<H3>
Undefined Global Symbols
</H3><HR></body></html>
