<html>
<body>
<pre>
<h1>µVision Build Log</h1>
<h2>Project:</h2>
C:\Users\jda3800\Documents\Keil_STM32\Project\SD_Projects\LCD\MDK-ARM\LCD.uvproj
Project File Date:  10/05/2014

<h2>Output:</h2>
Build Project 'LCD' - Target 'STM32F3_Discovery'
compiling main.c...
C:\Users\jda3800\Documents\Keil_STM32\Project\SD_Projects\LCD\main.c(395): warning:  #223-D: function "sprintf" declared implicitly
                                                        sprintf ( strLine, "%g", threshold );
C:\Users\jda3800\Documents\Keil_STM32\Project\SD_Projects\LCD\main.c(521): warning:  #223-D: function "sprintf" declared implicitly
                                                        sprintf ( strLine, "%g", threshold );
..\main.c: 2 warnings, 0 errors
linking...
Program Size: Code=15924 RO-data=600 RW-data=132 ZI-data=1716  
".\Obj\LCD.axf" - 0 Error(s), 2 Warning(s).
Load "C:\\Users\\jda3800\\Documents\\Keil_STM32\\Project\\SD_Projects\\LCD\\MDK-ARM\\Obj\\LCD.axf" 
Erase Done.
Programming Done.
Verify OK.
</pre>
</body>
</html>
sers\jda3800\Documents\Keil_STM32\Project\SD_Projects\LCD\main.c(395): warning:  #223-D: function "sprintf" declared implicitly
                                                        sprintf ( strLine, "%g", threshold );
C:\Users\jda3800\Documents\Keil_STM32\Project\SD_Projects\LCD\main.c(521): warning:  #223-D: function "sprintf" declared implicitly
                                                        sprintf ( strLine, "%g", threshold );
..\main.c: 4 warnings, 2 errors
".\Obj\LCD.axf" - 2 Error(s), 4 Warning(s).
Target not created
                                    level1CurrentSelection 0;
C:\Users\jda3800\Documents\Keil_STM32\Project\SD_Projects\LCD\main.c(455): warning:  #174-D: expression has no effect
                                                        level1CurrentSelection 1;
C:\Users\jda3800\Documents\Keil_STM32\Project\SD_Projects\LCD\main.c(455): error:  #65: expected a ";"
                                                        level1CurrentSelection 1;
C:\Users\jda3800\Documents\Keil_STM32\Project\SD_Projects\LCD\main.c(521): warning:  #223-D: function "sprintf" declared implicitly
                                                        sprintf ( strLine, "%g", threshold );
..\main.c: 6 warnings, 4 errors
".\Obj\LCD.axf" - 4 Error(s), 6 Warning(s).
Target not created
Load "C:\\Users\\jda3800\\Documents\\Keil_STM32\\Project\\SD_Projects\\LCD\\MDK-ARM\\Obj\\LCD.axf" 
_____^
*** error 56: cannot open file
Error: Flash Download failed  -  Could not load file 'C:\Users\jda3800\Documents\Keil_STM32\Project\SD_Projects\LCD\MDK-ARM\Obj\LCD.axf'
