<html>
<body>
<pre>
<h1>µVision Build Log</h1>
<h2>Project:</h2>
C:\Users\jda3800\Documents\Keil_STM32\Project\SD_Projects\LCD\MDK-ARM\LCD.uvproj
Project File Date:  10/05/2014

<h2>Output:</h2>
Build Project 'LCD' - Target 'STM32F3_Discovery'
compiling main.c...
linking...
Program Size: Code=17916 RO-data=424 RW-data=132 ZI-data=1716  
".\Obj\LCD.axf" - 0 Error(s), 0 Warning(s).
Load "C:\\Users\\jda3800\\Documents\\Keil_STM32\\Project\\SD_Projects\\LCD\\MDK-ARM\\Obj\\LCD.axf" 
Erase Done.
Programming Done.
Verify OK.
</pre>
</body>
</html>
