ARM Linker, 5.03 [Build 76] [MDK-ARM Lite]

==============================================================================

Section Cross References

    startup_stm32f30x.o(STACK) refers (Special) to heapauxi.o(.text) for __use_two_region_memory
    startup_stm32f30x.o(HEAP) refers (Special) to heapauxi.o(.text) for __use_two_region_memory
    startup_stm32f30x.o(RESET) refers (Special) to heapauxi.o(.text) for __use_two_region_memory
    startup_stm32f30x.o(RESET) refers to startup_stm32f30x.o(STACK) for __initial_sp
    startup_stm32f30x.o(RESET) refers to startup_stm32f30x.o(.text) for Reset_Handler
    startup_stm32f30x.o(RESET) refers to stm32f30x_it.o(.text) for NMI_Handler
    startup_stm32f30x.o(.text) refers (Special) to heapauxi.o(.text) for __use_two_region_memory
    startup_stm32f30x.o(.text) refers to system_stm32f30x.o(.text) for SystemInit
    startup_stm32f30x.o(.text) refers to __main.o(!!!main) for __main
    startup_stm32f30x.o(.text) refers to startup_stm32f30x.o(HEAP) for Heap_Mem
    startup_stm32f30x.o(.text) refers to startup_stm32f30x.o(STACK) for Stack_Mem
    stm32f3_discovery.o(.text) refers to stm32f30x_rcc.o(.text) for RCC_AHBPeriphClockCmd
    stm32f3_discovery.o(.text) refers to stm32f30x_gpio.o(.text) for GPIO_Init
    stm32f3_discovery.o(.text) refers to stm32f30x_syscfg.o(.text) for SYSCFG_EXTILineConfig
    stm32f3_discovery.o(.text) refers to stm32f30x_exti.o(.text) for EXTI_Init
    stm32f3_discovery.o(.text) refers to stm32f30x_misc.o(.text) for NVIC_Init
    stm32f3_discovery.o(.text) refers to stm32f3_discovery.o(.constdata) for GPIO_CLK
    stm32f3_discovery.o(.text) refers to stm32f3_discovery.o(.data) for GPIO_PORT
    stm32f30x_adc.o(.text) refers to stm32f30x_rcc.o(.text) for RCC_AHBPeriphResetCmd
    stm32f30x_can.o(.text) refers to stm32f30x_rcc.o(.text) for RCC_APB1PeriphResetCmd
    stm32f30x_dac.o(.text) refers to stm32f30x_rcc.o(.text) for RCC_APB1PeriphResetCmd
    stm32f30x_gpio.o(.text) refers to stm32f30x_rcc.o(.text) for RCC_AHBPeriphResetCmd
    stm32f30x_i2c.o(.text) refers to stm32f30x_rcc.o(.text) for RCC_APB1PeriphResetCmd
    stm32f30x_pwr.o(.text) refers to stm32f30x_rcc.o(.text) for RCC_APB1PeriphResetCmd
    stm32f30x_rcc.o(.text) refers to stm32f30x_rcc.o(.data) for APBAHBPrescTable
    stm32f30x_spi.o(.text) refers to stm32f30x_rcc.o(.text) for RCC_APB2PeriphResetCmd
    stm32f30x_tim.o(.text) refers to stm32f30x_rcc.o(.text) for RCC_APB2PeriphResetCmd
    stm32f30x_usart.o(.text) refers to stm32f30x_rcc.o(.text) for RCC_APB2PeriphResetCmd
    stm32f30x_wwdg.o(.text) refers to stm32f30x_rcc.o(.text) for RCC_APB1PeriphResetCmd
    main.o(.text) refers to stm32f30x_usart.o(.text) for USART_GetFlagStatus
    main.o(.text) refers to deqf.o(x$fpl$deqf) for __aeabi_cdcmpeq
    main.o(.text) refers to stm32f30x_gpio.o(.text) for GPIO_ReadInputDataBit
    main.o(.text) refers to main.o(.data) for autoEN
    main.o(.text) refers to daddsub_clz.o(x$fpl$dadd) for __aeabi_dadd
    main.o(.text) refers to daddsub_clz.o(x$fpl$dsub) for __aeabi_dsub
    main.o(.text) refers to stm32f30x_rcc.o(.text) for RCC_AHBPeriphClockCmd
    main.o(.text) refers to stm32f30x_dac.o(.text) for DAC_DeInit
    main.o(.text) refers to stm32f30x_adc.o(.text) for ADC_SelectCalibrationMode
    main.o(.text) refers to stm32f30x_misc.o(.text) for NVIC_Init
    main.o(.text) refers to stm32f30x_tim.o(.text) for TIM_TimeBaseInit
    main.o(.text) refers to main.o(.bss) for USART1_InitStructure
    main.o(.text) refers to stm32f3_discovery.o(.text) for STM_EVAL_LEDInit
    stm32f30x_it.o(.text) refers to stm32f30x_tim.o(.text) for TIM_GetITStatus
    stm32f30x_it.o(.text) refers to dmul.o(x$fpl$dmul) for __aeabi_dmul
    stm32f30x_it.o(.text) refers to dfixu.o(x$fpl$dfixu) for __aeabi_d2uiz
    stm32f30x_it.o(.text) refers to drleqf.o(x$fpl$drleqf) for __aeabi_cdrcmple
    stm32f30x_it.o(.text) refers to dleqf.o(x$fpl$dleqf) for __aeabi_cdcmple
    stm32f30x_it.o(.text) refers to stm32f3_discovery.o(.text) for STM_EVAL_LEDToggle
    stm32f30x_it.o(.text) refers to stm32f30x_adc.o(.text) for ADC_GetFlagStatus
    stm32f30x_it.o(.text) refers to dflt_clz.o(x$fpl$dfltu) for __aeabi_ui2d
    stm32f30x_it.o(.text) refers to log2.o(FFTLIB2_CORTEXM3) for log2
    stm32f30x_it.o(.text) refers to dflt_clz.o(x$fpl$dflt) for __aeabi_i2d
    stm32f30x_it.o(.text) refers to ddiv.o(x$fpl$ddiv) for __aeabi_ddiv
    stm32f30x_it.o(.text) refers to stm32f30x_dac.o(.text) for DAC_SetChannel1Data
    stm32f30x_it.o(.text) refers to daddsub_clz.o(x$fpl$dsub) for __aeabi_dsub
    stm32f30x_it.o(.text) refers to daddsub_clz.o(x$fpl$dadd) for __aeabi_dadd
    stm32f30x_it.o(.text) refers to main.o(.data) for attack
    stm32f30x_it.o(.text) refers to stm32f30x_it.o(.data) for attackStep
    system_stm32f30x.o(.text) refers to system_stm32f30x.o(.data) for SystemCoreClock
    __main.o(!!!main) refers to rtentry.o(.ARM.Collect$$rtentry$$00000000) for __rt_entry
[...]
    ..\..\..\..\Libraries\STM32F30x_StdPeriph_Driver\src\stm32f30x_iwdg.c 0x00000000   Number         0  stm32f30x_iwdg.o ABSOLUTE
    ..\..\..\..\Libraries\STM32F30x_StdPeriph_Driver\src\stm32f30x_misc.c 0x00000000   Number         0  stm32f30x_misc.o ABSOLUTE
    ..\..\..\..\Libraries\STM32F30x_StdPeriph_Driver\src\stm32f30x_opamp.c 0x00000000   Number         0  stm32f30x_opamp.o ABSOLUTE
    ..\..\..\..\Libraries\STM32F30x_StdPeriph_Driver\src\stm32f30x_pwr.c 0x00000000   Number         0  stm32f30x_pwr.o ABSOLUTE
    ..\..\..\..\Libraries\STM32F30x_StdPeriph_Driver\src\stm32f30x_rcc.c 0x00000000   Number         0  stm32f30x_rcc.o ABSOLUTE
    ..\..\..\..\Libraries\STM32F30x_StdPeriph_Driver\src\stm32f30x_rtc.c 0x00000000   Number         0  stm32f30x_rtc.o ABSOLUTE
    ..\..\..\..\Libraries\STM32F30x_StdPeriph_Driver\src\stm32f30x_spi.c 0x00000000   Number         0  stm32f30x_spi.o ABSOLUTE
    ..\..\..\..\Libraries\STM32F30x_StdPeriph_Driver\src\stm32f30x_syscfg.c 0x00000000   Number         0  stm32f30x_syscfg.o ABSOLUTE
    ..\..\..\..\Libraries\STM32F30x_StdPeriph_Driver\src\stm32f30x_tim.c 0x00000000   Number         0  stm32f30x_tim.o ABSOLUTE
    ..\..\..\..\Libraries\STM32F30x_StdPeriph_Driver\src\stm32f30x_usart.c 0x00000000   Number         0  stm32f30x_usart.o ABSOLUTE
    ..\..\..\..\Libraries\STM32F30x_StdPeriph_Driver\src\stm32f30x_wwdg.c 0x00000000   Number         0  stm32f30x_wwdg.o ABSOLUTE
    ..\..\..\..\Utilities\STM32F3_Discovery\stm32f3_discovery.c 0x00000000   Number         0  stm32f3_discovery.o ABSOLUTE
    ..\\..\\..\\..\\Libraries\\STM32F30x_StdPeriph_Driver\\src\\stm32f30x_adc.c 0x00000000   Number         0  stm32f30x_adc.o ABSOLUTE
    ..\\..\\..\\..\\Libraries\\STM32F30x_StdPeriph_Driver\\src\\stm32f30x_can.c 0x00000000   Number         0  stm32f30x_can.o ABSOLUTE
    ..\\..\\..\\..\\Libraries\\STM32F30x_StdPeriph_Driver\\src\\stm32f30x_comp.c 0x00000000   Number         0  stm32f30x_comp.o ABSOLUTE
    ..\\..\\..\\..\\Libraries\\STM32F30x_StdPeriph_Driver\\src\\stm32f30x_crc.c 0x00000000   Number         0  stm32f30x_crc.o ABSOLUTE
    ..\\..\\..\\..\\Libraries\\STM32F30x_StdPeriph_Driver\\src\\stm32f30x_dac.c 0x00000000   Number         0  stm32f30x_dac.o ABSOLUTE
    ..\\..\\..\\..\\Libraries\\STM32F30x_StdPeriph_Driver\\src\\stm32f30x_dbgmcu.c 0x00000000   Number         0  stm32f30x_dbgmcu.o ABSOLUTE
    ..\\..\\..\\..\\Libraries\\STM32F30x_StdPeriph_Driver\\src\\stm32f30x_dma.c 0x00000000   Number         0  stm32f30x_dma.o ABSOLUTE
    ..\\..\\..\\..\\Libraries\\STM32F30x_StdPeriph_Driver\\src\\stm32f30x_exti.c 0x00000000   Number         0  stm32f30x_exti.o ABSOLUTE
    ..\\..\\..\\..\\Libraries\\STM32F30x_StdPeriph_Driver\\src\\stm32f30x_flash.c 0x00000000   Number         0  stm32f30x_flash.o ABSOLUTE
    ..\\..\\..\\..\\Libraries\\STM32F30x_StdPeriph_Driver\\src\\stm32f30x_gpio.c 0x00000000   Number         0  stm32f30x_gpio.o ABSOLUTE
    ..\\..\\..\\..\\Libraries\\STM32F30x_StdPeriph_Driver\\src\\stm32f30x_i2c.c 0x00000000   Number         0  stm32f30x_i2c.o ABSOLUTE
    ..\\..\\..\\..\\Libraries\\STM32F30x_StdPeriph_Driver\\src\\stm32f30x_iwdg.c 0x00000000   Number         0  stm32f30x_iwdg.o ABSOLUTE
    ..\\..\\..\\..\\Libraries\\STM32F30x_StdPeriph_Driver\\src\\stm32f30x_misc.c 0x00000000   Number         0  stm32f30x_misc.o ABSOLUTE
    ..\\..\\..\\..\\Libraries\\STM32F30x_StdPeriph_Driver\\src\\stm32f30x_opamp.c 0x00000000   Number         0  stm32f30x_opamp.o ABSOLUTE
    ..\\..\\..\\..\\Libraries\\STM32F30x_StdPeriph_Driver\\src\\stm32f30x_pwr.c 0x00000000   Number         0  stm32f30x_pwr.o ABSOLUTE
    ..\\..\\..\\..\\Libraries\\STM32F30x_StdPeriph_Driver\\src\\stm32f30x_rcc.c 0x00000000   Number         0  stm32f30x_rcc.o ABSOLUTE
    ..\\..\\..\\..\\Libraries\\STM32F30x_StdPeriph_Driver\\src\\stm32f30x_rtc.c 0x00000000   Number         0  stm32f30x_rtc.o ABSOLUTE
    ..\\..\\..\\..\\Libraries\\STM32F30x_StdPeriph_Driver\\src\\stm32f30x_spi.c 0x00000000   Number         0  stm32f30x_spi.o ABSOLUTE
    ..\\..\\..\\..\\Libraries\\STM32F30x_StdPeriph_Driver\\src\\stm32f30x_syscfg.c 0x00000000   Number         0  stm32f30x_syscfg.o ABSOLUTE
    ..\\..\\..\\..\\Libraries\\STM32F30x_StdPeriph_Driver\\src\\stm32f30x_tim.c 0x00000000   Number         0  stm32f30x_tim.o ABSOLUTE
    ..\\..\\..\\..\\Libraries\\STM32F30x_StdPeriph_Driver\\src\\stm32f30x_usart.c 0x00000000   Number         0  stm32f30x_usart.o ABSOLUTE
    ..\\..\\..\\..\\Libraries\\STM32F30x_StdPeriph_Driver\\src\\stm32f30x_wwdg.c 0x00000000   Number         0  stm32f30x_wwdg.o ABSOLUTE
    ..\\..\\..\\..\\Utilities\\STM32F3_Discovery\\stm32f3_discovery.c 0x00000000   Number         0  stm32f3_discovery.o ABSOLUTE
    ..\\main.c                               0x00000000   Number         0  main.o ABSOLUTE
    ..\\stm32f30x_it.c                       0x00000000   Number         0  stm32f30x_it.o ABSOLUTE
    ..\\system_stm32f30x.c                   0x00000000   Number         0  system_stm32f30x.o ABSOLUTE
    ..\log2.s                                0x00000000   Number         0  log2.o ABSOLUTE
    ..\main.c                                0x00000000   Number         0  main.o ABSOLUTE
    ..\stm32f30x_it.c                        0x00000000   Number         0  stm32f30x_it.o ABSOLUTE
    ..\system_stm32f30x.c                    0x00000000   Number         0  system_stm32f30x.o ABSOLUTE
    dc.s                                     0x00000000   Number         0  dc.o ABSOLUTE
    RESET                                    0x08000000   Section      392  startup_stm32f30x.o(RESET)
    !!!main                                  0x08000188   Section        8  __main.o(!!!main)
    !!!scatter                               0x08000190   Section       52  __scatter.o(!!!scatter)
    !!dczerorl2                              0x080001c4   Section       90  __dczerorl2.o(!!dczerorl2)
    !!handler_zi                             0x08000220   Section       28  __scatter_zi.o(!!handler_zi)
    .ARM.Collect$$libinit$$00000000          0x0800023c   Section        2  libinit.o(.ARM.Collect$$libinit$$00000000)
    .ARM.Collect$$libinit$$00000001          0x0800023e   Section        4  libinit2.o(.ARM.Collect$$libinit$$00000001)
    .ARM.Collect$$libinit$$00000008          0x08000242   Section        0  libinit2.o(.ARM.Collect$$libinit$$00000008)
    .ARM.Collect$$libinit$$0000000A          0x08000242   Section        0  libinit2.o(.ARM.Collect$$libinit$$0000000A)
    .ARM.Collect$$libinit$$0000000C          0x08000242   Section        0  libinit2.o(.ARM.Collect$$libinit$$0000000C)
    .ARM.Collect$$libinit$$0000000F          0x08000242   Section        0  libinit2.o(.ARM.Collect$$libinit$$0000000F)
    .ARM.Collect$$libinit$$00000011          0x08000242   Section        0  libinit2.o(.ARM.Collect$$libinit$$00000011)
    .ARM.Collect$$libinit$$00000013          0x08000242   Section        0  libinit2.o(.ARM.Collect$$libinit$$00000013)
    .ARM.Collect$$libinit$$00000015          0x08000242   Section        0  libinit2.o(.ARM.Collect$$libinit$$00000015)
    .ARM.Collect$$libinit$$00000017          0x08000242   Section        0  libinit2.o(.ARM.Collect$$libinit$$00000017)
    .ARM.Collect$$libinit$$00000019          0x08000242   Section        0  libinit2.o(.ARM.Collect$$libinit$$00000019)
    .ARM.Collect$$libinit$$0000001B          0x08000242   Section        0  libinit2.o(.ARM.Collect$$libinit$$0000001B)
    .ARM.Collect$$libinit$$0000001D          0x08000242   Section        0  libinit2.o(.ARM.Collect$$libinit$$0000001D)
    .ARM.Collect$$libinit$$0000001F          0x08000242   Section        0  libinit2.o(.ARM.Collect$$libinit$$0000001F)
    .ARM.Collect$$libinit$$00000021          0x08000242   Section        0  libinit2.o(.ARM.Collect$$libinit$$00000021)
    .ARM.Collect$$libinit$$00000023          0x08000242   Section        0  libinit2.o(.ARM.Collect$$libinit$$00000023)
    .ARM.Collect$$libinit$$0000002A          0x08000242   Section        0  libinit2.o(.ARM.Collect$$libinit$$0000002A)
    .ARM.Collect$$libinit$$0000002C          0x08000242   Section        0  libinit2.o(.ARM.Collect$$libinit$$0000002C)
    .ARM.Collect$$libinit$$0000002E          0x08000242   Section        0  libinit2.o(.ARM.Collect$$libinit$$0000002E)
    .ARM.Collect$$libinit$$00000030          0x08000242   Section        0  libinit2.o(.ARM.Collect$$libinit$$00000030)
    .ARM.Collect$$libinit$$00000031          0x08000242   Section        2  libinit2.o(.ARM.Collect$$libinit$$00000031)
    .ARM.Collect$$libshutdown$$00000000      0x08000244   Section        2  libshutdown.o(.ARM.Collect$$libshutdown$$00000000)
    .ARM.Collect$$libshutdown$$00000003      0x08000246   Section        0  libshutdown2.o(.ARM.Collect$$libshutdown$$00000003)
    .ARM.Collect$$libshutdown$$00000006      0x08000246   Section        0  libshutdown2.o(.ARM.Collect$$libshutdown$$00000006)
    .ARM.Collect$$libshutdown$$00000009      0x08000246   Section        0  libshutdown2.o(.ARM.Collect$$libshutdown$$00000009)
    .ARM.Collect$$libshutdown$$0000000B      0x08000246   Section        0  libshutdown2.o(.ARM.Collect$$libshutdown$$0000000B)
    .ARM.Collect$$libshutdown$$0000000E      0x08000246   Section        0  libshutdown2.o(.ARM.Collect$$libshutdown$$0000000E)
    .ARM.Collect$$libshutdown$$0000000F      0x08000246   Section        2  libshutdown2.o(.ARM.Collect$$libshutdown$$0000000F)
    .ARM.Collect$$rtentry$$00000000          0x08000248   Section        0  rtentry.o(.ARM.Collect$$rtentry$$00000000)
    .ARM.Collect$$rtentry$$00000002          0x08000248   Section        0  rtentry2.o(.ARM.Collect$$rtentry$$00000002)
    .ARM.Collect$$rtentry$$00000004          0x08000248   Section        6  rtentry4.o(.ARM.Collect$$rtentry$$00000004)
    .ARM.Collect$$rtentry$$00000009          0x0800024e   Section        0  rtentry2.o(.ARM.Collect$$rtentry$$00000009)
    .ARM.Collect$$rtentry$$0000000A          0x0800024e   Section        4  rtentry2.o(.ARM.Collect$$rtentry$$0000000A)
    .ARM.Collect$$rtentry$$0000000C          0x08000252   Section        0  rtentry2.o(.ARM.Collect$$rtentry$$0000000C)
    .ARM.Collect$$rtentry$$0000000D          0x08000252   Section        8  rtentry2.o(.ARM.Collect$$rtentry$$0000000D)
    .ARM.Collect$$rtexit$$00000000           0x0800025a   Section        2  rtexit.o(.ARM.Collect$$rtexit$$00000000)
    .ARM.Collect$$rtexit$$00000002           0x0800025c   Section        0  rtexit2.o(.ARM.Collect$$rtexit$$00000002)
    .ARM.Collect$$rtexit$$00000003           0x0800025c   Section        4  rtexit2.o(.ARM.Collect$$rtexit$$00000003)
    .ARM.Collect$$rtexit$$00000004           0x08000260   Section        6  rtexit2.o(.ARM.Collect$$rtexit$$00000004)
    .text                                    0x08000268   Section       64  startup_stm32f30x.o(.text)
    $v0                                      0x08000268   Number         0  startup_stm32f30x.o(.text)
    .text                                    0x080002a8   Section        0  stm32f3_discovery.o(.text)
    .text                                    0x080003ec   Section        0  stm32f30x_adc.o(.text)
    .text                                    0x08000c38   Section        0  stm32f30x_dac.o(.text)
    .text                                    0x08000e48   Section        0  stm32f30x_exti.o(.text)
    .text                                    0x080010ac   Section        0  stm32f30x_gpio.o(.text)
    .text                                    0x080012a0   Section        0  stm32f30x_misc.o(.text)
    .text                                    0x0800137c   Section        0  stm32f30x_rcc.o(.text)
    .text                                    0x08001b84   Section        0  stm32f30x_syscfg.o(.text)
    .text                                    0x08001cd8   Section        0  stm32f30x_tim.o(.text)
    TI4_Config                               0x080024e3   Thumb Code   104  stm32f30x_tim.o(.text)
    TI3_Config                               0x0800255d   Thumb Code    76  stm32f30x_tim.o(.text)
    TI2_Config                               0x080025bb   Thumb Code    66  stm32f30x_tim.o(.text)
    TI1_Config                               0x0800260d   Thumb Code    48  stm32f30x_tim.o(.text)
    .text                                    0x08002a54   Section        0  stm32f30x_usart.o(.text)
    .text                                    0x08002f90   Section        0  main.o(.text)
    .text                                    0x08005390   Section        0  stm32f30x_it.o(.text)
    .text                                    0x080058a0   Section        0  system_stm32f30x.o(.text)
    SetSysClock                              0x080058a1   Thumb Code   186  system_stm32f30x.o(.text)
    .text                                    0x08005a7c   Section        0  heapauxi.o(.text)
    .text                                    0x08005a82   Section       74  sys_stackheap_outer.o(.text)
    .text                                    0x08005acc   Section        0  exit.o(.text)
    .text                                    0x08005ad8   Section        8  libspace.o(.text)
    .text                                    0x08005ae0   Section        0  sys_exit.o(.text)
    .text                                    0x08005aec   Section        2  use_no_semi.o(.text)
    .text                                    0x08005aee   Section        0  indicate_semi.o(.text)
    FFTLIB2_CORTEXM3                         0x08005af0   Section      556  log2.o(FFTLIB2_CORTEXM3)
    $v0                                      0x08005af0   Number         0  log2.o(FFTLIB2_CORTEXM3)
    x$fpl$dadd                               0x08005d1c   Section      336  daddsub_clz.o(x$fpl$dadd)
    $v0                                      0x08005d1c   Number         0  daddsub_clz.o(x$fpl$dadd)
    _dadd1                                   0x08005d2d   Thumb Code     0  daddsub_clz.o(x$fpl$dadd)
    x$fpl$dcmpinf                            0x08005e6c   Section       24  dcmpi.o(x$fpl$dcmpinf)
    $v0                                      0x08005e6c   Number         0  dcmpi.o(x$fpl$dcmpinf)
    x$fpl$ddiv                               0x08005e84   Section      688  ddiv.o(x$fpl$ddiv)
    $v0                                      0x08005e84   Number         0  ddiv.o(x$fpl$ddiv)
    ddiv_entry                               0x08005e8b   Thumb Code     0  ddiv.o(x$fpl$ddiv)
    x$fpl$deqf                               0x08006134   Section      120  deqf.o(x$fpl$deqf)
    $v0                                      0x08006134   Number         0  deqf.o(x$fpl$deqf)
    x$fpl$dfixu                              0x080061ac   Section       90  dfixu.o(x$fpl$dfixu)
    $v0                                      0x080061ac   Number         0  dfixu.o(x$fpl$dfixu)
    x$fpl$dflt                               0x08006206   Section       46  dflt_clz.o(x$fpl$dflt)
    $v0                                      0x08006206   Number         0  dflt_clz.o(x$fpl$dflt)
    x$fpl$dfltu                              0x08006234   Section       38  dflt_clz.o(x$fpl$dfltu)
    $v0                                      0x08006234   Number         0  dflt_clz.o(x$fpl$dfltu)
    x$fpl$dleqf                              0x0800625c   Section      120  dleqf.o(x$fpl$dleqf)
    $v0                                      0x0800625c   Number         0  dleqf.o(x$fpl$dleqf)
    x$fpl$dmul                               0x080062d4   Section      340  dmul.o(x$fpl$dmul)
    $v0                                      0x080062d4   Number         0  dmul.o(x$fpl$dmul)
    x$fpl$dnaninf                            0x08006428   Section      156  dnaninf.o(x$fpl$dnaninf)
    $v0                                      0x08006428   Number         0  dnaninf.o(x$fpl$dnaninf)
    x$fpl$dretinf                            0x080064c4   Section       12  dretinf.o(x$fpl$dretinf)
    $v0                                      0x080064c4   Number         0  dretinf.o(x$fpl$dretinf)
    x$fpl$drleqf                             0x080064d0   Section      108  drleqf.o(x$fpl$drleqf)
    $v0                                      0x080064d0   Number         0  drleqf.o(x$fpl$drleqf)
    x$fpl$dsub                               0x0800653c   Section      468  daddsub_clz.o(x$fpl$dsub)
    $v0                                      0x0800653c   Number         0  daddsub_clz.o(x$fpl$dsub)
    _dsub1                                   0x0800654d   Thumb Code     0  daddsub_clz.o(x$fpl$dsub)
    x$fpl$fpinit                             0x08006710   Section       10  fpinit.o(x$fpl$fpinit)
    $v0                                      0x08006710   Number         0  fpinit.o(x$fpl$fpinit)
    x$fpl$usenofp                            0x0800671a   Section        0  usenofp.o(x$fpl$usenofp)
    .constdata                               0x0800671c   Section       61  stm32f3_discovery.o(.constdata)
    .data                                    0x20000000   Section       36  stm32f3_discovery.o(.data)
    .data                                    0x20000024   Section       42  stm32f30x_rcc.o(.data)
    APBAHBPrescTable                         0x20000024   Data          16  stm32f30x_rcc.o(.data)
    ADCPrescTable                            0x20000034   Data          26  stm32f30x_rcc.o(.data)
    .data                                    0x20000050   Section       84  main.o(.data)
    .data                                    0x200000a8   Section      130  stm32f30x_it.o(.data)
    .data                                    0x2000012c   Section       20  system_stm32f30x.o(.data)
    .bss                                     0x20000140   Section      124  main.o(.bss)
    .bss                                     0x200001bc   Section       96  libspace.o(.bss)
    HEAP                                     0x20000220   Section      512  startup_stm32f30x.o(HEAP)
    Heap_Mem                                 0x20000220   Data         512  startup_stm32f30x.o(HEAP)
    STACK                                    0x20000420   Section     1024  startup_stm32f30x.o(STACK)
    Stack_Mem                                0x20000420   Data        1024  startup_stm32f30x.o(STACK)
    __initial_sp                             0x20000820   Data           0  startup_stm32f30x.o(STACK)

    Global Symbols

    Symbol Name                              Value     Ov Type        Size  Object(Section)

    BuildAttributes$$THM_ISAv4$E$P$D$K$B$S$7EM$VFPi3$EXTD16$VFPS$VFMA$PE$A:L22UL41UL21$X:L11$S22US41US21$IEEE1$IW$USESV6$~STKCKD$USESV7$~SHL$OSPACE$ROPI$EBA8$UX$STANDARDLIB$REQ8$PRES8$EABIv2 0x00000000   Number         0  anon$$obj.o ABSOLUTE
    __ARM_use_no_argv                        0x00000000   Number         0  main.o ABSOLUTE
    __ARM_exceptions_init                     - Undefined Weak Reference
    __alloca_initialize                       - Undefined Weak Reference
    __cpp_initialize__aeabi_                  - Undefined Weak Reference
    __cxa_finalize                            - Undefined Weak Reference
    __rt_locale                               - Undefined Weak Reference
    __sigvec_lookup                           - Undefined Weak Reference
    _atexit_init                              - Undefined Weak Reference
    _call_atexit_fns                          - Undefined Weak Reference
    _clock_init                               - Undefined Weak Reference
    _fp_trap_init                             - Undefined Weak Reference
    _fp_trap_shutdown                         - Undefined Weak Reference
    _get_lc_collate                           - Undefined Weak Reference
    _get_lc_ctype                             - Undefined Weak Reference
    _get_lc_monetary                          - Undefined Weak Reference
    _get_lc_numeric                           - Undefined Weak Reference
    _get_lc_time                              - Undefined Weak Reference
    _getenv_init                              - Undefined Weak Reference
    _handle_redirection                       - Undefined Weak Reference
    _init_alloc                               - Undefined Weak Reference
    _init_user_alloc                          - Undefined Weak Reference
    _initio                                   - Undefined Weak Reference
    _rand_init                                - Undefined Weak Reference
    _signal_finish                            - Undefined Weak Reference
    _signal_init                              - Undefined Weak Reference
    _terminate_alloc                          - Undefined Weak Reference
    _terminate_user_alloc                     - Undefined Weak Reference
    _terminateio                              - Undefined Weak Reference
    __Vectors_Size                           0x00000188   Number         0  startup_stm32f30x.o ABSOLUTE
    __Vectors                                0x08000000   Data           4  startup_stm32f30x.o(RESET)
    __Vectors_End                            0x08000188   Data           0  startup_stm32f30x.o(RESET)
    __main                                   0x08000189   Thumb Code     8  __main.o(!!!main)
    __scatterload                            0x08000191   Thumb Code     0  __scatter.o(!!!scatter)
    __scatterload_rt2                        0x08000191   Thumb Code    44  __scatter.o(!!!scatter)
    __scatterload_rt2_thumb_only             0x08000191   Thumb Code     0  __scatter.o(!!!scatter)
    __scatterload_null                       0x0800019f   Thumb Code     0  __scatter.o(!!!scatter)
    __decompress                             0x080001c5   Thumb Code    90  __dczerorl2.o(!!dczerorl2)
    __decompress1                            0x080001c5   Thumb Code     0  __dczerorl2.o(!!dczerorl2)
    __scatterload_zeroinit                   0x08000221   Thumb Code    28  __scatter_zi.o(!!handler_zi)
    __rt_lib_init                            0x0800023d   Thumb Code     0  libinit.o(.ARM.Collect$$libinit$$00000000)
    __rt_lib_init_fp_1                       0x0800023f   Thumb Code     0  libinit2.o(.ARM.Collect$$libinit$$00000001)
    __rt_lib_init_alloca_1                   0x08000243   Thumb Code     0  libinit2.o(.ARM.Collect$$libinit$$0000002C)
    __rt_lib_init_argv_1                     0x08000243   Thumb Code     0  libinit2.o(.ARM.Collect$$libinit$$0000002A)
    __rt_lib_init_atexit_1                   0x08000243   Thumb Code     0  libinit2.o(.ARM.Collect$$libinit$$00000019)
    __rt_lib_init_clock_1                    0x08000243   Thumb Code     0  libinit2.o(.ARM.Collect$$libinit$$0000001F)
    __rt_lib_init_cpp_1                      0x08000243   Thumb Code     0  libinit2.o(.ARM.Collect$$libinit$$00000030)
    __rt_lib_init_exceptions_1               0x08000243   Thumb Code     0  libinit2.o(.ARM.Collect$$libinit$$0000002E)
    __rt_lib_init_fp_trap_1                  0x08000243   Thumb Code     0  libinit2.o(.ARM.Collect$$libinit$$0000001D)
    __rt_lib_init_getenv_1                   0x08000243   Thumb Code     0  libinit2.o(.ARM.Collect$$libinit$$00000021)
    __rt_lib_init_heap_1                     0x08000243   Thumb Code     0  libinit2.o(.ARM.Collect$$libinit$$00000008)
    __rt_lib_init_lc_collate_1               0x08000243   Thumb Code     0  libinit2.o(.ARM.Collect$$libinit$$0000000F)
    __rt_lib_init_lc_ctype_1                 0x08000243   Thumb Code     0  libinit2.o(.ARM.Collect$$libinit$$00000011)
    __rt_lib_init_lc_monetary_1              0x08000243   Thumb Code     0  libinit2.o(.ARM.Collect$$libinit$$00000013)
    __rt_lib_init_lc_numeric_1               0x08000243   Thumb Code     0  libinit2.o(.ARM.Collect$$libinit$$00000015)
    __rt_lib_init_lc_time_1                  0x08000243   Thumb Code     0  libinit2.o(.ARM.Collect$$libinit$$00000017)
    __rt_lib_init_rand_1                     0x08000243   Thumb Code     0  libinit2.o(.ARM.Collect$$libinit$$0000000C)
    __rt_lib_init_return                     0x08000243   Thumb Code     0  libinit2.o(.ARM.Collect$$libinit$$00000031)
    __rt_lib_init_signal_1                   0x08000243   Thumb Code     0  libinit2.o(.ARM.Collect$$libinit$$0000001B)
    __rt_lib_init_stdio_1                    0x08000243   Thumb Code     0  libinit2.o(.ARM.Collect$$libinit$$00000023)
    __rt_lib_init_user_alloc_1               0x08000243   Thumb Code     0  libinit2.o(.ARM.Collect$$libinit$$0000000A)
    __rt_lib_shutdown                        0x08000245   Thumb Code     0  libshutdown.o(.ARM.Collect$$libshutdown$$00000000)
    __rt_lib_shutdown_fp_trap_1              0x08000247   Thumb Code     0  libshutdown2.o(.ARM.Collect$$libshutdown$$00000006)
    __rt_lib_shutdown_heap_1                 0x08000247   Thumb Code     0  libshutdown2.o(.ARM.Collect$$libshutdown$$0000000E)
    __rt_lib_shutdown_return                 0x08000247   Thumb Code     0  libshutdown2.o(.ARM.Collect$$libshutdown$$0000000F)
    __rt_lib_shutdown_signal_1               0x08000247   Thumb Code     0  libshutdown2.o(.ARM.Collect$$libshutdown$$00000009)
    __rt_lib_shutdown_stdio_1                0x08000247   Thumb Code     0  libshutdown2.o(.ARM.Collect$$libshutdown$$00000003)
    __rt_lib_shutdown_user_alloc_1           0x08000247   Thumb Code     0  libshutdown2.o(.ARM.Collect$$libshutdown$$0000000B)
    __rt_entry                               0x08000249   Thumb Code     0  rtentry.o(.ARM.Collect$$rtentry$$00000000)
    __rt_entry_presh_1                       0x08000249   Thumb Code     0  rtentry2.o(.ARM.Collect$$rtentry$$00000002)
    __rt_entry_sh                            0x08000249   Thumb Code     0  rtentry4.o(.ARM.Collect$$rtentry$$00000004)
    __rt_entry_li                            0x0800024f   Thumb Code     0  rtentry2.o(.ARM.Collect$$rtentry$$0000000A)
    __rt_entry_postsh_1                      0x0800024f   Thumb Code     0  rtentry2.o(.ARM.Collect$$rtentry$$00000009)
    __rt_entry_main                          0x08000253   Thumb Code     0  rtentry2.o(.ARM.Collect$$rtentry$$0000000D)
    __rt_entry_postli_1                      0x08000253   Thumb Code     0  rtentry2.o(.ARM.Collect$$rtentry$$0000000C)
    __rt_exit                                0x0800025b   Thumb Code     0  rtexit.o(.ARM.Collect$$rtexit$$00000000)
    __rt_exit_ls                             0x0800025d   Thumb Code     0  rtexit2.o(.ARM.Collect$$rtexit$$00000003)
    __rt_exit_prels_1                        0x0800025d   Thumb Code     0  rtexit2.o(.ARM.Collect$$rtexit$$00000002)
    __rt_exit_exit                           0x08000261   Thumb Code     0  rtexit2.o(.ARM.Collect$$rtexit$$00000004)
    Reset_Handler                            0x08000269   Thumb Code     8  startup_stm32f30x.o(.text)
    ADC1_2_IRQHandler                        0x08000283   Thumb Code     0  startup_stm32f30x.o(.text)
    ADC3_IRQHandler                          0x08000283   Thumb Code     0  startup_stm32f30x.o(.text)
    ADC4_IRQHandler                          0x08000283   Thumb Code     0  startup_stm32f30x.o(.text)
    CAN1_RX1_IRQHandler                      0x08000283   Thumb Code     0  startup_stm32f30x.o(.text)
    CAN1_SCE_IRQHandler                      0x08000283   Thumb Code     0  startup_stm32f30x.o(.text)
    COMP1_2_3_IRQHandler                     0x08000283   Thumb Code     0  startup_stm32f30x.o(.text)
    COMP4_5_6_IRQHandler                     0x08000283   Thumb Code     0  startup_stm32f30x.o(.text)
    COMP7_IRQHandler                         0x08000283   Thumb Code     0  startup_stm32f30x.o(.text)
    DMA1_Channel1_IRQHandler                 0x08000283   Thumb Code     0  startup_stm32f30x.o(.text)
    DMA1_Channel2_IRQHandler                 0x08000283   Thumb Code     0  startup_stm32f30x.o(.text)
    DMA1_Channel3_IRQHandler                 0x08000283   Thumb Code     0  startup_stm32f30x.o(.text)
    DMA1_Channel4_IRQHandler                 0x08000283   Thumb Code     0  startup_stm32f30x.o(.text)
    DMA1_Channel5_IRQHandler                 0x08000283   Thumb Code     0  startup_stm32f30x.o(.text)
    DMA1_Channel6_IRQHandler                 0x08000283   Thumb Code     0  startup_stm32f30x.o(.text)
    DMA1_Channel7_IRQHandler                 0x08000283   Thumb Code     0  startup_stm32f30x.o(.text)
    DMA2_Channel1_IRQHandler                 0x08000283   Thumb Code     0  startup_stm32f30x.o(.text)
    DMA2_Channel2_IRQHandler                 0x08000283   Thumb Code     0  startup_stm32f30x.o(.text)
    DMA2_Channel3_IRQHandler                 0x08000283   Thumb Code     0  startup_stm32f30x.o(.text)
    DMA2_Channel4_IRQHandler                 0x08000283   Thumb Code     0  startup_stm32f30x.o(.text)
    DMA2_Channel5_IRQHandler                 0x08000283   Thumb Code     0  startup_stm32f30x.o(.text)
    EXTI0_IRQHandler                         0x08000283   Thumb Code     0  startup_stm32f30x.o(.text)
    EXTI15_10_IRQHandler                     0x08000283   Thumb Code     0  startup_stm32f30x.o(.text)
    EXTI1_IRQHandler                         0x08000283   Thumb Code     0  startup_stm32f30x.o(.text)
    EXTI2_TS_IRQHandler                      0x08000283   Thumb Code     0  startup_stm32f30x.o(.text)
    EXTI3_IRQHandler                         0x08000283   Thumb Code     0  startup_stm32f30x.o(.text)
    EXTI4_IRQHandler                         0x08000283   Thumb Code     0  startup_stm32f30x.o(.text)
    EXTI9_5_IRQHandler                       0x08000283   Thumb Code     0  startup_stm32f30x.o(.text)
    FLASH_IRQHandler                         0x08000283   Thumb Code     0  startup_stm32f30x.o(.text)
    FPU_IRQHandler                           0x08000283   Thumb Code     0  startup_stm32f30x.o(.text)
    I2C1_ER_IRQHandler                       0x08000283   Thumb Code     0  startup_stm32f30x.o(.text)
    I2C1_EV_IRQHandler                       0x08000283   Thumb Code     0  startup_stm32f30x.o(.text)
    I2C2_ER_IRQHandler                       0x08000283   Thumb Code     0  startup_stm32f30x.o(.text)
    I2C2_EV_IRQHandler                       0x08000283   Thumb Code     0  startup_stm32f30x.o(.text)
    PVD_IRQHandler                           0x08000283   Thumb Code     0  startup_stm32f30x.o(.text)
    RCC_IRQHandler                           0x08000283   Thumb Code     0  startup_stm32f30x.o(.text)
    RTC_Alarm_IRQHandler                     0x08000283   Thumb Code     0  startup_stm32f30x.o(.text)
    RTC_WKUP_IRQHandler                      0x08000283   Thumb Code     0  startup_stm32f30x.o(.text)
    SPI1_IRQHandler                          0x08000283   Thumb Code     0  startup_stm32f30x.o(.text)
    SPI2_IRQHandler                          0x08000283   Thumb Code     0  startup_stm32f30x.o(.text)
    SPI3_IRQHandler                          0x08000283   Thumb Code     0  startup_stm32f30x.o(.text)
    TAMPER_STAMP_IRQHandler                  0x08000283   Thumb Code     0  startup_stm32f30x.o(.text)
    TIM1_BRK_TIM15_IRQHandler                0x08000283   Thumb Code     0  startup_stm32f30x.o(.text)
    TIM1_CC_IRQHandler                       0x08000283   Thumb Code     0  startup_stm32f30x.o(.text)
    TIM1_TRG_COM_TIM17_IRQHandler            0x08000283   Thumb Code     0  startup_stm32f30x.o(.text)
    TIM1_UP_TIM16_IRQHandler                 0x08000283   Thumb Code     0  startup_stm32f30x.o(.text)
    TIM4_IRQHandler                          0x08000283   Thumb Code     0  startup_stm32f30x.o(.text)
    TIM6_DAC_IRQHandler                      0x08000283   Thumb Code     0  startup_stm32f30x.o(.text)
    TIM7_IRQHandler                          0x08000283   Thumb Code     0  startup_stm32f30x.o(.text)
    TIM8_BRK_IRQHandler                      0x08000283   Thumb Code     0  startup_stm32f30x.o(.text)
    TIM8_CC_IRQHandler                       0x08000283   Thumb Code     0  startup_stm32f30x.o(.text)
    TIM8_TRG_COM_IRQHandler                  0x08000283   Thumb Code     0  startup_stm32f30x.o(.text)
    TIM8_UP_IRQHandler                       0x08000283   Thumb Code     0  startup_stm32f30x.o(.text)
    UART4_IRQHandler                         0x08000283   Thumb Code     0  startup_stm32f30x.o(.text)
    UART5_IRQHandler                         0x08000283   Thumb Code     0  startup_stm32f30x.o(.text)
    USART1_IRQHandler                        0x08000283   Thumb Code     0  startup_stm32f30x.o(.text)
    USART2_IRQHandler                        0x08000283   Thumb Code     0  startup_stm32f30x.o(.text)
    USART3_IRQHandler                        0x08000283   Thumb Code     0  startup_stm32f30x.o(.text)
    USBWakeUp_IRQHandler                     0x08000283   Thumb Code     0  startup_stm32f30x.o(.text)
    USBWakeUp_RMP_IRQHandler                 0x08000283   Thumb Code     0  startup_stm32f30x.o(.text)
    USB_HP_CAN1_TX_IRQHandler                0x08000283   Thumb Code     0  startup_stm32f30x.o(.text)
    USB_HP_IRQHandler                        0x08000283   Thumb Code     0  startup_stm32f30x.o(.text)
    USB_LP_CAN1_RX0_IRQHandler               0x08000283   Thumb Code     0  startup_stm32f30x.o(.text)
    USB_LP_IRQHandler                        0x08000283   Thumb Code     0  startup_stm32f30x.o(.text)
    WWDG_IRQHandler                          0x08000283   Thumb Code     0  startup_stm32f30x.o(.text)
    __user_initial_stackheap                 0x08000285   Thumb Code     0  startup_stm32f30x.o(.text)
    STM_EVAL_LEDInit                         0x080002a9   Thumb Code    62  stm32f3_discovery.o(.text)
    STM_EVAL_LEDOn                           0x080002e7   Thumb Code    16  stm32f3_discovery.o(.text)
    STM_EVAL_LEDOff                          0x080002f7   Thumb Code    16  stm32f3_discovery.o(.text)
    STM_EVAL_LEDToggle                       0x08000307   Thumb Code    26  stm32f3_discovery.o(.text)
    STM_EVAL_PBInit                          0x08000321   Thumb Code   140  stm32f3_discovery.o(.text)
    STM_EVAL_PBGetState                      0x080003ad   Thumb Code    22  stm32f3_discovery.o(.text)
    ADC_DeInit                               0x080003ed   Thumb Code    68  stm32f30x_adc.o(.text)
    ADC_Init                                 0x08000431   Thumb Code    58  stm32f30x_adc.o(.text)
    ADC_StructInit                           0x0800046b   Thumb Code    22  stm32f30x_adc.o(.text)
    ADC_InjectedInit                         0x08000481   Thumb Code    48  stm32f30x_adc.o(.text)
    ADC_InjectedStructInit                   0x080004b1   Thumb Code    20  stm32f30x_adc.o(.text)
    ADC_CommonInit                           0x080004c5   Thumb Code    84  stm32f30x_adc.o(.text)
    ADC_CommonStructInit                     0x08000519   Thumb Code    14  stm32f30x_adc.o(.text)
    ADC_Cmd                                  0x08000527   Thumb Code    22  stm32f30x_adc.o(.text)
    ADC_StartCalibration                     0x0800053d   Thumb Code    10  stm32f30x_adc.o(.text)
    ADC_GetCalibrationValue                  0x08000547   Thumb Code     8  stm32f30x_adc.o(.text)
    ADC_SetCalibrationValue                  0x0800054f   Thumb Code     6  stm32f30x_adc.o(.text)
    ADC_SelectCalibrationMode                0x08000555   Thumb Code    16  stm32f30x_adc.o(.text)
    ADC_GetCalibrationStatus                 0x08000565   Thumb Code    20  stm32f30x_adc.o(.text)
    ADC_DisableCmd                           0x08000579   Thumb Code    10  stm32f30x_adc.o(.text)
    ADC_GetDisableCmdStatus                  0x08000583   Thumb Code    20  stm32f30x_adc.o(.text)
    ADC_VoltageRegulatorCmd                  0x08000597   Thumb Code    30  stm32f30x_adc.o(.text)
    ADC_SelectDifferentialMode               0x080005b5   Thumb Code    36  stm32f30x_adc.o(.text)
    ADC_SelectQueueOfContextMode             0x080005d9   Thumb Code    22  stm32f30x_adc.o(.text)
    ADC_AutoDelayCmd                         0x080005ef   Thumb Code    22  stm32f30x_adc.o(.text)
    ADC_AnalogWatchdogCmd                    0x08000605   Thumb Code    16  stm32f30x_adc.o(.text)
    ADC_AnalogWatchdog1ThresholdsConfig      0x08000615   Thumb Code    34  stm32f30x_adc.o(.text)
    ADC_AnalogWatchdog2ThresholdsConfig      0x08000637   Thumb Code    32  stm32f30x_adc.o(.text)
    ADC_AnalogWatchdog3ThresholdsConfig      0x08000657   Thumb Code    32  stm32f30x_adc.o(.text)
    ADC_AnalogWatchdog1SingleChannelConfig   0x08000677   Thumb Code    18  stm32f30x_adc.o(.text)
    ADC_AnalogWatchdog2SingleChannelConfig   0x08000689   Thumb Code    28  stm32f30x_adc.o(.text)
    ADC_AnalogWatchdog3SingleChannelConfig   0x080006a5   Thumb Code    28  stm32f30x_adc.o(.text)
    ADC_TempSensorCmd                        0x080006c1   Thumb Code    80  stm32f30x_adc.o(.text)
    ADC_VrefintCmd                           0x08000711   Thumb Code    80  stm32f30x_adc.o(.text)
    ADC_VbatCmd                              0x08000761   Thumb Code    80  stm32f30x_adc.o(.text)
    ADC_RegularChannelConfig                 0x080007b1   Thumb Code   288  stm32f30x_adc.o(.text)
    ADC_RegularChannelSequencerLengthConfig  0x080008d1   Thumb Code    18  stm32f30x_adc.o(.text)
    ADC_ExternalTriggerConfig                0x080008e3   Thumb Code    22  stm32f30x_adc.o(.text)
    ADC_StartConversion                      0x080008f9   Thumb Code    10  stm32f30x_adc.o(.text)
    ADC_GetStartConversionStatus             0x08000903   Thumb Code    20  stm32f30x_adc.o(.text)
    ADC_StopConversion                       0x08000917   Thumb Code    10  stm32f30x_adc.o(.text)
    ADC_DiscModeChannelCountConfig           0x08000921   Thumb Code    24  stm32f30x_adc.o(.text)
    ADC_DiscModeCmd                          0x08000939   Thumb Code    22  stm32f30x_adc.o(.text)
    ADC_GetConversionValue                   0x0800094f   Thumb Code     8  stm32f30x_adc.o(.text)
    ADC_GetDualModeConversionValue           0x08000957   Thumb Code    28  stm32f30x_adc.o(.text)
    ADC_SetChannelOffset1                    0x08000973   Thumb Code    32  stm32f30x_adc.o(.text)
    ADC_SetChannelOffset2                    0x08000993   Thumb Code    32  stm32f30x_adc.o(.text)
    ADC_SetChannelOffset3                    0x080009b3   Thumb Code    32  stm32f30x_adc.o(.text)
    ADC_SetChannelOffset4                    0x080009d3   Thumb Code    32  stm32f30x_adc.o(.text)
    ADC_ChannelOffset1Cmd                    0x080009f3   Thumb Code    22  stm32f30x_adc.o(.text)
    ADC_ChannelOffset2Cmd                    0x08000a09   Thumb Code    22  stm32f30x_adc.o(.text)
    ADC_ChannelOffset3Cmd                    0x08000a1f   Thumb Code    22  stm32f30x_adc.o(.text)
    ADC_ChannelOffset4Cmd                    0x08000a35   Thumb Code    22  stm32f30x_adc.o(.text)
    ADC_DMACmd                               0x08000a4b   Thumb Code    22  stm32f30x_adc.o(.text)
    ADC_DMAConfig                            0x08000a61   Thumb Code    16  stm32f30x_adc.o(.text)
    ADC_InjectedChannelConfig                0x08000a71   Thumb Code   114  stm32f30x_adc.o(.text)
    ADC_InjectedSequencerLengthConfig        0x08000ae3   Thumb Code    18  stm32f30x_adc.o(.text)
    ADC_ExternalTriggerInjectedConfig        0x08000af5   Thumb Code    22  stm32f30x_adc.o(.text)
    ADC_StartInjectedConversion              0x08000b0b   Thumb Code    10  stm32f30x_adc.o(.text)
    ADC_StopInjectedConversion               0x08000b15   Thumb Code    10  stm32f30x_adc.o(.text)
    ADC_GetStartInjectedConversionStatus     0x08000b1f   Thumb Code    20  stm32f30x_adc.o(.text)
    ADC_AutoInjectedConvCmd                  0x08000b33   Thumb Code    22  stm32f30x_adc.o(.text)
    ADC_InjectedDiscModeCmd                  0x08000b49   Thumb Code    22  stm32f30x_adc.o(.text)
    ADC_GetInjectedConversionValue           0x08000b5f   Thumb Code    28  stm32f30x_adc.o(.text)
    ADC_ITConfig                             0x08000b7b   Thumb Code    18  stm32f30x_adc.o(.text)
    ADC_GetFlagStatus                        0x08000b8d   Thumb Code    18  stm32f30x_adc.o(.text)
    ADC_ClearFlag                            0x08000b9f   Thumb Code     4  stm32f30x_adc.o(.text)
    ADC_GetCommonFlagStatus                  0x08000ba3   Thumb Code    44  stm32f30x_adc.o(.text)
    ADC_ClearCommonFlag                      0x08000bcf   Thumb Code    46  stm32f30x_adc.o(.text)
    ADC_GetITStatus                          0x08000bfd   Thumb Code    34  stm32f30x_adc.o(.text)
    ADC_ClearITPendingBit                    0x08000c1f   Thumb Code     8  stm32f30x_adc.o(.text)
    DAC_DeInit                               0x08000c39   Thumb Code    22  stm32f30x_dac.o(.text)
    DAC_Init                                 0x08000c4f   Thumb Code    46  stm32f30x_dac.o(.text)
    DAC_StructInit                           0x08000c7d   Thumb Code    12  stm32f30x_dac.o(.text)
    DAC_Cmd                                  0x08000c89   Thumb Code    34  stm32f30x_dac.o(.text)
    DAC_SoftwareTriggerCmd                   0x08000cab   Thumb Code    48  stm32f30x_dac.o(.text)
    DAC_DualSoftwareTriggerCmd               0x08000cdb   Thumb Code    38  stm32f30x_dac.o(.text)
    DAC_WaveGenerationCmd                    0x08000d01   Thumb Code    36  stm32f30x_dac.o(.text)
    DAC_SetChannel1Data                      0x08000d25   Thumb Code    26  stm32f30x_dac.o(.text)
    DAC_SetChannel2Data                      0x08000d3f   Thumb Code    26  stm32f30x_dac.o(.text)
    DAC_SetDualChannelData                   0x08000d59   Thumb Code    32  stm32f30x_dac.o(.text)
    DAC_GetDataOutputValue                   0x08000d79   Thumb Code    32  stm32f30x_dac.o(.text)
    DAC_DMACmd                               0x08000d99   Thumb Code    38  stm32f30x_dac.o(.text)
    DAC_ITConfig                             0x08000dbf   Thumb Code    36  stm32f30x_dac.o(.text)
    DAC_GetFlagStatus                        0x08000de3   Thumb Code    28  stm32f30x_dac.o(.text)
    DAC_ClearFlag                            0x08000dff   Thumb Code    12  stm32f30x_dac.o(.text)
    DAC_GetITStatus                          0x08000e0b   Thumb Code    44  stm32f30x_dac.o(.text)
    DAC_ClearITPendingBit                    0x08000e37   Thumb Code    12  stm32f30x_dac.o(.text)
    EXTI_DeInit                              0x08000e49   Thumb Code    68  stm32f30x_exti.o(.text)
    EXTI_Init                                0x08000e8d   Thumb Code   340  stm32f30x_exti.o(.text)
    EXTI_StructInit                          0x08000fe1   Thumb Code    16  stm32f30x_exti.o(.text)
    EXTI_GenerateSWInterrupt                 0x08000ff1   Thumb Code    36  stm32f30x_exti.o(.text)
    EXTI_GetFlagStatus                       0x08001015   Thumb Code    38  stm32f30x_exti.o(.text)
    EXTI_ClearFlag                           0x0800103b   Thumb Code    22  stm32f30x_exti.o(.text)
    EXTI_GetITStatus                         0x08001051   Thumb Code    64  stm32f30x_exti.o(.text)
    EXTI_ClearITPendingBit                   0x08001091   Thumb Code    22  stm32f30x_exti.o(.text)
    GPIO_DeInit                              0x080010ad   Thumb Code   154  stm32f30x_gpio.o(.text)
    GPIO_Init                                0x08001147   Thumb Code   144  stm32f30x_gpio.o(.text)
    GPIO_StructInit                          0x080011d7   Thumb Code    22  stm32f30x_gpio.o(.text)
    GPIO_PinLockConfig                       0x080011ed   Thumb Code    18  stm32f30x_gpio.o(.text)
    GPIO_ReadInputDataBit                    0x080011ff   Thumb Code    18  stm32f30x_gpio.o(.text)
    GPIO_ReadInputData                       0x08001211   Thumb Code     6  stm32f30x_gpio.o(.text)
    GPIO_ReadOutputDataBit                   0x08001217   Thumb Code    18  stm32f30x_gpio.o(.text)
    GPIO_ReadOutputData                      0x08001229   Thumb Code     6  stm32f30x_gpio.o(.text)
    GPIO_SetBits                             0x0800122f   Thumb Code     4  stm32f30x_gpio.o(.text)
    GPIO_ResetBits                           0x08001233   Thumb Code     4  stm32f30x_gpio.o(.text)
    GPIO_WriteBit                            0x08001237   Thumb Code    10  stm32f30x_gpio.o(.text)
    GPIO_Write                               0x08001241   Thumb Code     4  stm32f30x_gpio.o(.text)
    GPIO_PinAFConfig                         0x08001245   Thumb Code    70  stm32f30x_gpio.o(.text)
    NVIC_PriorityGroupConfig                 0x080012a1   Thumb Code    10  stm32f30x_misc.o(.text)
    NVIC_Init                                0x080012ab   Thumb Code   102  stm32f30x_misc.o(.text)
    NVIC_SetVectorTable                      0x08001311   Thumb Code    14  stm32f30x_misc.o(.text)
    NVIC_SystemLPConfig                      0x0800131f   Thumb Code    34  stm32f30x_misc.o(.text)
    SysTick_CLKSourceConfig                  0x08001341   Thumb Code    40  stm32f30x_misc.o(.text)
    RCC_DeInit                               0x0800137d   Thumb Code    84  stm32f30x_rcc.o(.text)
    RCC_HSEConfig                            0x080013d1   Thumb Code    12  stm32f30x_rcc.o(.text)
    RCC_GetFlagStatus                        0x080013dd   Thumb Code    64  stm32f30x_rcc.o(.text)
    RCC_WaitForHSEStartUp                    0x0800141d   Thumb Code    56  stm32f30x_rcc.o(.text)
    RCC_AdjustHSICalibrationValue            0x08001455   Thumb Code    20  stm32f30x_rcc.o(.text)
    RCC_HSICmd                               0x08001469   Thumb Code     6  stm32f30x_rcc.o(.text)
    RCC_LSEConfig                            0x0800146f   Thumb Code    32  stm32f30x_rcc.o(.text)
    RCC_LSEDriveConfig                       0x0800148f   Thumb Code    22  stm32f30x_rcc.o(.text)
    RCC_LSICmd                               0x080014a5   Thumb Code     6  stm32f30x_rcc.o(.text)
    RCC_PLLConfig                            0x080014ab   Thumb Code    28  stm32f30x_rcc.o(.text)
    RCC_PLLCmd                               0x080014c7   Thumb Code     6  stm32f30x_rcc.o(.text)
    RCC_PREDIV1Config                        0x080014cd   Thumb Code    18  stm32f30x_rcc.o(.text)
    RCC_ClockSecuritySystemCmd               0x080014df   Thumb Code     6  stm32f30x_rcc.o(.text)
    RCC_MCOConfig                            0x080014e5   Thumb Code     6  stm32f30x_rcc.o(.text)
    RCC_SYSCLKConfig                         0x080014eb   Thumb Code    18  stm32f30x_rcc.o(.text)
    RCC_GetSYSCLKSource                      0x080014fd   Thumb Code    10  stm32f30x_rcc.o(.text)
    RCC_HCLKConfig                           0x08001507   Thumb Code    18  stm32f30x_rcc.o(.text)
    RCC_PCLK1Config                          0x08001519   Thumb Code    18  stm32f30x_rcc.o(.text)
    RCC_PCLK2Config                          0x0800152b   Thumb Code    20  stm32f30x_rcc.o(.text)
    RCC_GetClocksFreq                        0x0800153f   Thumb Code  1088  stm32f30x_rcc.o(.text)
    RCC_ADCCLKConfig                         0x0800197f   Thumb Code    44  stm32f30x_rcc.o(.text)
    RCC_I2CCLKConfig                         0x080019ab   Thumb Code    44  stm32f30x_rcc.o(.text)
    RCC_TIMCLKConfig                         0x080019d7   Thumb Code    44  stm32f30x_rcc.o(.text)
    RCC_USARTCLKConfig                       0x08001a03   Thumb Code   104  stm32f30x_rcc.o(.text)
    RCC_USBCLKConfig                         0x08001a6b   Thumb Code     6  stm32f30x_rcc.o(.text)
    RCC_RTCCLKConfig                         0x08001a71   Thumb Code    12  stm32f30x_rcc.o(.text)
    RCC_I2SCLKConfig                         0x08001a7d   Thumb Code     6  stm32f30x_rcc.o(.text)
    RCC_RTCCLKCmd                            0x08001a83   Thumb Code     6  stm32f30x_rcc.o(.text)
    RCC_BackupResetCmd                       0x08001a89   Thumb Code     8  stm32f30x_rcc.o(.text)
    RCC_AHBPeriphClockCmd                    0x08001a91   Thumb Code    26  stm32f30x_rcc.o(.text)
    RCC_APB2PeriphClockCmd                   0x08001aab   Thumb Code    26  stm32f30x_rcc.o(.text)
    RCC_APB1PeriphClockCmd                   0x08001ac5   Thumb Code    26  stm32f30x_rcc.o(.text)
    RCC_AHBPeriphResetCmd                    0x08001adf   Thumb Code    26  stm32f30x_rcc.o(.text)
    RCC_APB2PeriphResetCmd                   0x08001af9   Thumb Code    26  stm32f30x_rcc.o(.text)
    RCC_APB1PeriphResetCmd                   0x08001b13   Thumb Code    26  stm32f30x_rcc.o(.text)
    RCC_ITConfig                             0x08001b2d   Thumb Code    26  stm32f30x_rcc.o(.text)
    RCC_ClearFlag                            0x08001b47   Thumb Code    14  stm32f30x_rcc.o(.text)
    RCC_GetITStatus                          0x08001b55   Thumb Code    20  stm32f30x_rcc.o(.text)
    RCC_ClearITPendingBit                    0x08001b69   Thumb Code     6  stm32f30x_rcc.o(.text)
    SYSCFG_DeInit                            0x08001b85   Thumb Code    46  stm32f30x_syscfg.o(.text)
    SYSCFG_MemoryRemapConfig                 0x08001bb3   Thumb Code    18  stm32f30x_syscfg.o(.text)
    SYSCFG_DMAChannelRemapConfig             0x08001bc5   Thumb Code    26  stm32f30x_syscfg.o(.text)
    SYSCFG_TriggerRemapConfig                0x08001bdf   Thumb Code    26  stm32f30x_syscfg.o(.text)
    SYSCFG_EncoderRemapConfig                0x08001bf9   Thumb Code    22  stm32f30x_syscfg.o(.text)
    SYSCFG_USBInterruptLineRemapCmd          0x08001c0f   Thumb Code     6  stm32f30x_syscfg.o(.text)
    SYSCFG_I2CFastModePlusConfig             0x08001c15   Thumb Code    26  stm32f30x_syscfg.o(.text)
    SYSCFG_ITConfig                          0x08001c2f   Thumb Code    26  stm32f30x_syscfg.o(.text)
    SYSCFG_EXTILineConfig                    0x08001c49   Thumb Code    66  stm32f30x_syscfg.o(.text)
    SYSCFG_BreakConfig                       0x08001c8b   Thumb Code    12  stm32f30x_syscfg.o(.text)
    SYSCFG_BypassParityCheckDisable          0x08001c97   Thumb Code     8  stm32f30x_syscfg.o(.text)
    SYSCFG_SRAMWRPEnable                     0x08001c9f   Thumb Code    12  stm32f30x_syscfg.o(.text)
    SYSCFG_GetFlagStatus                     0x08001cab   Thumb Code    22  stm32f30x_syscfg.o(.text)
    SYSCFG_ClearFlag                         0x08001cc1   Thumb Code    12  stm32f30x_syscfg.o(.text)
    TIM_DeInit                               0x08001cd9   Thumb Code   250  stm32f30x_tim.o(.text)
    TIM_TimeBaseInit                         0x08001dd3   Thumb Code   116  stm32f30x_tim.o(.text)
    TIM_TimeBaseStructInit                   0x08001e47   Thumb Code    18  stm32f30x_tim.o(.text)
    TIM_PrescalerConfig                      0x08001e59   Thumb Code     6  stm32f30x_tim.o(.text)
    TIM_CounterModeConfig                    0x08001e5f   Thumb Code    18  stm32f30x_tim.o(.text)
    TIM_SetCounter                           0x08001e71   Thumb Code     4  stm32f30x_tim.o(.text)
    TIM_SetAutoreload                        0x08001e75   Thumb Code     4  stm32f30x_tim.o(.text)
    TIM_GetCounter                           0x08001e79   Thumb Code     6  stm32f30x_tim.o(.text)
    TIM_GetPrescaler                         0x08001e7f   Thumb Code     6  stm32f30x_tim.o(.text)
    TIM_UpdateDisableConfig                  0x08001e85   Thumb Code    24  stm32f30x_tim.o(.text)
    TIM_UpdateRequestConfig                  0x08001e9d   Thumb Code    24  stm32f30x_tim.o(.text)
    TIM_UIFRemap                             0x08001eb5   Thumb Code    24  stm32f30x_tim.o(.text)
    TIM_ARRPreloadConfig                     0x08001ecd   Thumb Code    24  stm32f30x_tim.o(.text)
    TIM_SelectOnePulseMode                   0x08001ee5   Thumb Code    18  stm32f30x_tim.o(.text)
    TIM_SetClockDivision                     0x08001ef7   Thumb Code    18  stm32f30x_tim.o(.text)
    TIM_Cmd                                  0x08001f09   Thumb Code    24  stm32f30x_tim.o(.text)
    TIM_OC1Init                              0x08001f21   Thumb Code   120  stm32f30x_tim.o(.text)
    TIM_OC2Init                              0x08001f99   Thumb Code   116  stm32f30x_tim.o(.text)
    TIM_OC3Init                              0x0800200d   Thumb Code   114  stm32f30x_tim.o(.text)
    TIM_OC4Init                              0x0800207f   Thumb Code   130  stm32f30x_tim.o(.text)
    TIM_OC5Init                              0x08002101   Thumb Code    80  stm32f30x_tim.o(.text)
    TIM_OC6Init                              0x08002151   Thumb Code    88  stm32f30x_tim.o(.text)
    TIM_SelectGC5C1                          0x080021a9   Thumb Code    22  stm32f30x_tim.o(.text)
    TIM_SelectGC5C2                          0x080021bf   Thumb Code    22  stm32f30x_tim.o(.text)
    TIM_SelectGC5C3                          0x080021d5   Thumb Code    22  stm32f30x_tim.o(.text)
    TIM_OCStructInit                         0x080021eb   Thumb Code    20  stm32f30x_tim.o(.text)
    TIM_SelectOCxM                           0x080021ff   Thumb Code    84  stm32f30x_tim.o(.text)
    TIM_SetCompare1                          0x08002253   Thumb Code     4  stm32f30x_tim.o(.text)
    TIM_SetCompare2                          0x08002257   Thumb Code     4  stm32f30x_tim.o(.text)
    TIM_SetCompare3                          0x0800225b   Thumb Code     4  stm32f30x_tim.o(.text)
    TIM_SetCompare4                          0x0800225f   Thumb Code     4  stm32f30x_tim.o(.text)
    TIM_SetCompare5                          0x08002263   Thumb Code     4  stm32f30x_tim.o(.text)
    TIM_SetCompare6                          0x08002267   Thumb Code     4  stm32f30x_tim.o(.text)
    TIM_ForcedOC1Config                      0x0800226b   Thumb Code    16  stm32f30x_tim.o(.text)
    TIM_ForcedOC2Config                      0x0800227b   Thumb Code    18  stm32f30x_tim.o(.text)
    TIM_ForcedOC3Config                      0x0800228d   Thumb Code    16  stm32f30x_tim.o(.text)
    TIM_ForcedOC4Config                      0x0800229d   Thumb Code    18  stm32f30x_tim.o(.text)
    TIM_ForcedOC5Config                      0x080022af   Thumb Code    16  stm32f30x_tim.o(.text)
    TIM_ForcedOC6Config                      0x080022bf   Thumb Code    18  stm32f30x_tim.o(.text)
    TIM_OC1PreloadConfig                     0x080022d1   Thumb Code    16  stm32f30x_tim.o(.text)
    TIM_OC2PreloadConfig                     0x080022e1   Thumb Code    18  stm32f30x_tim.o(.text)
    TIM_OC3PreloadConfig                     0x080022f3   Thumb Code    16  stm32f30x_tim.o(.text)
    TIM_OC4PreloadConfig                     0x08002303   Thumb Code    18  stm32f30x_tim.o(.text)
    TIM_OC5PreloadConfig                     0x08002315   Thumb Code    16  stm32f30x_tim.o(.text)
    TIM_OC6PreloadConfig                     0x08002325   Thumb Code    18  stm32f30x_tim.o(.text)
    TIM_OC1FastConfig                        0x08002337   Thumb Code    16  stm32f30x_tim.o(.text)
    TIM_OC2FastConfig                        0x08002347   Thumb Code    18  stm32f30x_tim.o(.text)
    TIM_OC3FastConfig                        0x08002359   Thumb Code    16  stm32f30x_tim.o(.text)
    TIM_OC4FastConfig                        0x08002369   Thumb Code    18  stm32f30x_tim.o(.text)
    TIM_ClearOC1Ref                          0x0800237b   Thumb Code    16  stm32f30x_tim.o(.text)
    TIM_ClearOC2Ref                          0x0800238b   Thumb Code    18  stm32f30x_tim.o(.text)
    TIM_ClearOC3Ref                          0x0800239d   Thumb Code    16  stm32f30x_tim.o(.text)
    TIM_ClearOC4Ref                          0x080023ad   Thumb Code    18  stm32f30x_tim.o(.text)
    TIM_ClearOC5Ref                          0x080023bf   Thumb Code    16  stm32f30x_tim.o(.text)
    TIM_ClearOC6Ref                          0x080023cf   Thumb Code    18  stm32f30x_tim.o(.text)
    TIM_SelectOCREFClear                     0x080023e1   Thumb Code    18  stm32f30x_tim.o(.text)
    TIM_OC1PolarityConfig                    0x080023f3   Thumb Code    16  stm32f30x_tim.o(.text)
    TIM_OC1NPolarityConfig                   0x08002403   Thumb Code    16  stm32f30x_tim.o(.text)
    TIM_OC2PolarityConfig                    0x08002413   Thumb Code    18  stm32f30x_tim.o(.text)
    TIM_OC2NPolarityConfig                   0x08002425   Thumb Code    18  stm32f30x_tim.o(.text)
    TIM_OC3PolarityConfig                    0x08002437   Thumb Code    18  stm32f30x_tim.o(.text)
    TIM_OC3NPolarityConfig                   0x08002449   Thumb Code    18  stm32f30x_tim.o(.text)
    TIM_OC4PolarityConfig                    0x0800245b   Thumb Code    18  stm32f30x_tim.o(.text)
    TIM_OC5PolarityConfig                    0x0800246d   Thumb Code    18  stm32f30x_tim.o(.text)
    TIM_OC6PolarityConfig                    0x0800247f   Thumb Code    18  stm32f30x_tim.o(.text)
    TIM_CCxCmd                               0x08002491   Thumb Code    28  stm32f30x_tim.o(.text)
    TIM_CCxNCmd                              0x080024ad   Thumb Code    28  stm32f30x_tim.o(.text)
    TIM_SetIC4Prescaler                      0x080024c9   Thumb Code    26  stm32f30x_tim.o(.text)
    TIM_SetIC3Prescaler                      0x0800254b   Thumb Code    18  stm32f30x_tim.o(.text)
    TIM_SetIC2Prescaler                      0x080025a9   Thumb Code    18  stm32f30x_tim.o(.text)
    TIM_SetIC1Prescaler                      0x080025fd   Thumb Code    16  stm32f30x_tim.o(.text)
    TIM_ICInit                               0x0800263d   Thumb Code   110  stm32f30x_tim.o(.text)
    TIM_ICStructInit                         0x080026ab   Thumb Code    18  stm32f30x_tim.o(.text)
    TIM_PWMIConfig                           0x080026bd   Thumb Code   124  stm32f30x_tim.o(.text)
    TIM_GetCapture1                          0x08002739   Thumb Code     6  stm32f30x_tim.o(.text)
    TIM_GetCapture2                          0x0800273f   Thumb Code     6  stm32f30x_tim.o(.text)
    TIM_GetCapture3                          0x08002745   Thumb Code     6  stm32f30x_tim.o(.text)
    TIM_GetCapture4                          0x0800274b   Thumb Code     6  stm32f30x_tim.o(.text)
    TIM_BDTRConfig                           0x08002751   Thumb Code    30  stm32f30x_tim.o(.text)
    TIM_Break1Config                         0x0800276f   Thumb Code    22  stm32f30x_tim.o(.text)
    TIM_Break2Config                         0x08002785   Thumb Code    22  stm32f30x_tim.o(.text)
    TIM_Break1Cmd                            0x0800279b   Thumb Code    22  stm32f30x_tim.o(.text)
    TIM_Break2Cmd                            0x080027b1   Thumb Code    22  stm32f30x_tim.o(.text)
    TIM_BDTRStructInit                       0x080027c7   Thumb Code    18  stm32f30x_tim.o(.text)
    TIM_CtrlPWMOutputs                       0x080027d9   Thumb Code    22  stm32f30x_tim.o(.text)
    TIM_SelectCOM                            0x080027ef   Thumb Code    24  stm32f30x_tim.o(.text)
    TIM_CCPreloadControl                     0x08002807   Thumb Code    24  stm32f30x_tim.o(.text)
    TIM_ITConfig                             0x0800281f   Thumb Code    24  stm32f30x_tim.o(.text)
    TIM_GenerateEvent                        0x08002837   Thumb Code     4  stm32f30x_tim.o(.text)
    TIM_GetFlagStatus                        0x0800283b   Thumb Code    18  stm32f30x_tim.o(.text)
    TIM_ClearFlag                            0x0800284d   Thumb Code     8  stm32f30x_tim.o(.text)
    TIM_GetITStatus                          0x08002855   Thumb Code    34  stm32f30x_tim.o(.text)
    TIM_ClearITPendingBit                    0x08002877   Thumb Code     8  stm32f30x_tim.o(.text)
    TIM_DMAConfig                            0x0800287f   Thumb Code    10  stm32f30x_tim.o(.text)
    TIM_DMACmd                               0x08002889   Thumb Code    24  stm32f30x_tim.o(.text)
    TIM_SelectCCDMA                          0x080028a1   Thumb Code    24  stm32f30x_tim.o(.text)
    TIM_InternalClockConfig                  0x080028b9   Thumb Code    12  stm32f30x_tim.o(.text)
    TIM_SelectInputTrigger                   0x080028c5   Thumb Code    20  stm32f30x_tim.o(.text)
    TIM_ITRxExternalClockConfig              0x080028d9   Thumb Code    24  stm32f30x_tim.o(.text)
    TIM_TIxExternalClockConfig               0x080028f1   Thumb Code    62  stm32f30x_tim.o(.text)
    TIM_ETRConfig                            0x0800292f   Thumb Code    30  stm32f30x_tim.o(.text)
    TIM_ETRClockMode1Config                  0x0800294d   Thumb Code    56  stm32f30x_tim.o(.text)
    TIM_ETRClockMode2Config                  0x08002985   Thumb Code    32  stm32f30x_tim.o(.text)
    TIM_SelectOutputTrigger                  0x080029a5   Thumb Code    18  stm32f30x_tim.o(.text)
    TIM_SelectOutputTrigger2                 0x080029b7   Thumb Code    16  stm32f30x_tim.o(.text)
    TIM_SelectSlaveMode                      0x080029c7   Thumb Code    16  stm32f30x_tim.o(.text)
    TIM_SelectMasterSlaveMode                0x080029d7   Thumb Code    18  stm32f30x_tim.o(.text)
    TIM_EncoderInterfaceConfig               0x080029e9   Thumb Code    72  stm32f30x_tim.o(.text)
    TIM_SelectHallSensor                     0x08002a31   Thumb Code    24  stm32f30x_tim.o(.text)
    TIM_RemapConfig                          0x08002a49   Thumb Code     6  stm32f30x_tim.o(.text)
    USART_DeInit                             0x08002a55   Thumb Code   134  stm32f30x_usart.o(.text)
    USART_Init                               0x08002adb   Thumb Code   220  stm32f30x_usart.o(.text)
    USART_StructInit                         0x08002bb7   Thumb Code    24  stm32f30x_usart.o(.text)
    USART_ClockInit                          0x08002bcf   Thumb Code    30  stm32f30x_usart.o(.text)
    USART_ClockStructInit                    0x08002bed   Thumb Code    12  stm32f30x_usart.o(.text)
    USART_Cmd                                0x08002bf9   Thumb Code    22  stm32f30x_usart.o(.text)
    USART_DirectionModeCmd                   0x08002c0f   Thumb Code    18  stm32f30x_usart.o(.text)
    USART_OverSampling8Cmd                   0x08002c21   Thumb Code    22  stm32f30x_usart.o(.text)
    USART_OneBitMethodCmd                    0x08002c37   Thumb Code    22  stm32f30x_usart.o(.text)
    USART_MSBFirstCmd                        0x08002c4d   Thumb Code    22  stm32f30x_usart.o(.text)
    USART_DataInvCmd                         0x08002c63   Thumb Code    22  stm32f30x_usart.o(.text)
    USART_InvPinCmd                          0x08002c79   Thumb Code    18  stm32f30x_usart.o(.text)
    USART_SWAPPinCmd                         0x08002c8b   Thumb Code    22  stm32f30x_usart.o(.text)
    USART_ReceiverTimeOutCmd                 0x08002ca1   Thumb Code    22  stm32f30x_usart.o(.text)
    USART_SetReceiverTimeOut                 0x08002cb7   Thumb Code    16  stm32f30x_usart.o(.text)
    USART_SetPrescaler                       0x08002cc7   Thumb Code    16  stm32f30x_usart.o(.text)
    USART_STOPModeCmd                        0x08002cd7   Thumb Code    22  stm32f30x_usart.o(.text)
    USART_StopModeWakeUpSourceConfig         0x08002ced   Thumb Code    16  stm32f30x_usart.o(.text)
    USART_AutoBaudRateCmd                    0x08002cfd   Thumb Code    22  stm32f30x_usart.o(.text)
    USART_AutoBaudRateConfig                 0x08002d13   Thumb Code    16  stm32f30x_usart.o(.text)
    USART_SendData                           0x08002d23   Thumb Code     8  stm32f30x_usart.o(.text)
    USART_ReceiveData                        0x08002d2b   Thumb Code    10  stm32f30x_usart.o(.text)
    USART_SetAddress                         0x08002d35   Thumb Code    18  stm32f30x_usart.o(.text)
    USART_MuteModeCmd                        0x08002d47   Thumb Code    22  stm32f30x_usart.o(.text)
    USART_MuteModeWakeUpConfig               0x08002d5d   Thumb Code    16  stm32f30x_usart.o(.text)
    USART_AddressDetectionConfig             0x08002d6d   Thumb Code    16  stm32f30x_usart.o(.text)
    USART_LINBreakDetectLengthConfig         0x08002d7d   Thumb Code    16  stm32f30x_usart.o(.text)
    USART_LINCmd                             0x08002d8d   Thumb Code    22  stm32f30x_usart.o(.text)
    USART_HalfDuplexCmd                      0x08002da3   Thumb Code    22  stm32f30x_usart.o(.text)
    USART_SetGuardTime                       0x08002db9   Thumb Code    16  stm32f30x_usart.o(.text)
    USART_SmartCardCmd                       0x08002dc9   Thumb Code    22  stm32f30x_usart.o(.text)
    USART_SmartCardNACKCmd                   0x08002ddf   Thumb Code    22  stm32f30x_usart.o(.text)
    USART_SetAutoRetryCount                  0x08002df5   Thumb Code    18  stm32f30x_usart.o(.text)
    USART_SetBlockLength                     0x08002e07   Thumb Code    18  stm32f30x_usart.o(.text)
    USART_IrDAConfig                         0x08002e19   Thumb Code    16  stm32f30x_usart.o(.text)
    USART_IrDACmd                            0x08002e29   Thumb Code    44  stm32f30x_usart.o(.text)
    USART_DECmd                              0x08002e55   Thumb Code    22  stm32f30x_usart.o(.text)
    USART_DEPolarityConfig                   0x08002e6b   Thumb Code    16  stm32f30x_usart.o(.text)
    USART_SetDEAssertionTime                 0x08002e7b   Thumb Code    18  stm32f30x_usart.o(.text)
    USART_SetDEDeassertionTime               0x08002e8d   Thumb Code    18  stm32f30x_usart.o(.text)
    USART_DMACmd                             0x08002e9f   Thumb Code    18  stm32f30x_usart.o(.text)
    USART_DMAReceptionErrorConfig            0x08002eb1   Thumb Code    16  stm32f30x_usart.o(.text)
    USART_ITConfig                           0x08002ec1   Thumb Code    58  stm32f30x_usart.o(.text)
    USART_RequestCmd                         0x08002efb   Thumb Code    18  stm32f30x_usart.o(.text)
    USART_OverrunDetectionConfig             0x08002f0d   Thumb Code    16  stm32f30x_usart.o(.text)
    USART_GetFlagStatus                      0x08002f1d   Thumb Code    18  stm32f30x_usart.o(.text)
    USART_ClearFlag                          0x08002f2f   Thumb Code     4  stm32f30x_usart.o(.text)
    USART_GetITStatus                        0x08002f33   Thumb Code    74  stm32f30x_usart.o(.text)
    USART_ClearITPendingBit                  0x08002f7d   Thumb Code    18  stm32f30x_usart.o(.text)
    Display                                  0x08002f91   Thumb Code    30  main.o(.text)
    DisplayLine                              0x08002faf   Thumb Code    92  main.o(.text)
    DoubleToChar                             0x0800300b   Thumb Code  5460  main.o(.text)
    Rotary                                   0x0800455f   Thumb Code   106  main.o(.text)
    UI_hl                                    0x080045c9   Thumb Code  2664  main.o(.text)
    UART_Config                              0x08005031   Thumb Code   126  main.o(.text)
    DAC_Config                               0x080050af   Thumb Code    68  main.o(.text)
    ADC_Config                               0x080050f3   Thumb Code   198  main.o(.text)
    TIM2_Config                              0x080051b9   Thumb Code   110  main.o(.text)
    TIM3_Config                              0x08005227   Thumb Code   226  main.o(.text)
    INPUT_Config                             0x08005309   Thumb Code    38  main.o(.text)
    main                                     0x0800532f   Thumb Code    64  main.o(.text)
    Delay                                    0x0800536f   Thumb Code    20  main.o(.text)
    NMI_Handler                              0x08005391   Thumb Code     2  stm32f30x_it.o(.text)
    HardFault_Handler                        0x08005393   Thumb Code     4  stm32f30x_it.o(.text)
    MemManage_Handler                        0x08005397   Thumb Code     4  stm32f30x_it.o(.text)
    BusFault_Handler                         0x0800539b   Thumb Code     4  stm32f30x_it.o(.text)
    UsageFault_Handler                       0x0800539f   Thumb Code     4  stm32f30x_it.o(.text)
    SVC_Handler                              0x080053a3   Thumb Code     2  stm32f30x_it.o(.text)
    DebugMon_Handler                         0x080053a5   Thumb Code     2  stm32f30x_it.o(.text)
    PendSV_Handler                           0x080053a7   Thumb Code     2  stm32f30x_it.o(.text)
    SysTick_Handler                          0x080053a9   Thumb Code     2  stm32f30x_it.o(.text)
    TIM3_IRQHandler                          0x080053ab   Thumb Code   496  stm32f30x_it.o(.text)
    TIM2_IRQHandler                          0x0800559b   Thumb Code   752  stm32f30x_it.o(.text)
    SystemInit                               0x0800595b   Thumb Code   112  system_stm32f30x.o(.text)
    SystemCoreClockUpdate                    0x080059cb   Thumb Code   138  system_stm32f30x.o(.text)
    __use_two_region_memory                  0x08005a7d   Thumb Code     2  heapauxi.o(.text)
    __rt_heap_escrow$2region                 0x08005a7f   Thumb Code     2  heapauxi.o(.text)
    __rt_heap_expand$2region                 0x08005a81   Thumb Code     2  heapauxi.o(.text)
    __user_setup_stackheap                   0x08005a83   Thumb Code    74  sys_stackheap_outer.o(.text)
    exit                                     0x08005acd   Thumb Code    12  exit.o(.text)
    __user_libspace                          0x08005ad9   Thumb Code     8  libspace.o(.text)
    __user_perproc_libspace                  0x08005ad9   Thumb Code     0  libspace.o(.text)
    __user_perthread_libspace                0x08005ad9   Thumb Code     0  libspace.o(.text)
    _sys_exit                                0x08005ae1   Thumb Code     8  sys_exit.o(.text)
    __I$use$semihosting                      0x08005aed   Thumb Code     0  use_no_semi.o(.text)
    __use_no_semihosting_swi                 0x08005aed   Thumb Code     2  use_no_semi.o(.text)
    __semihosting_library_function           0x08005aef   Thumb Code     0  indicate_semi.o(.text)
    log2                                     0x08005af1   Thumb Code     0  log2.o(FFTLIB2_CORTEXM3)
    __aeabi_dadd                             0x08005d1d   Thumb Code     0  daddsub_clz.o(x$fpl$dadd)
    _dadd                                    0x08005d1d   Thumb Code   332  daddsub_clz.o(x$fpl$dadd)
    __fpl_dcmp_Inf                           0x08005e6d   Thumb Code    24  dcmpi.o(x$fpl$dcmpinf)
    __aeabi_ddiv                             0x08005e85   Thumb Code     0  ddiv.o(x$fpl$ddiv)
    _ddiv                                    0x08005e85   Thumb Code   552  ddiv.o(x$fpl$ddiv)
    __aeabi_cdcmpeq                          0x08006135   Thumb Code     0  deqf.o(x$fpl$deqf)
    _dcmpeq                                  0x08006135   Thumb Code   120  deqf.o(x$fpl$deqf)
    __aeabi_d2uiz                            0x080061ad   Thumb Code     0  dfixu.o(x$fpl$dfixu)
    _dfixu                                   0x080061ad   Thumb Code    90  dfixu.o(x$fpl$dfixu)
    __aeabi_i2d                              0x08006207   Thumb Code     0  dflt_clz.o(x$fpl$dflt)
    _dflt                                    0x08006207   Thumb Code    46  dflt_clz.o(x$fpl$dflt)
    __aeabi_ui2d                             0x08006235   Thumb Code     0  dflt_clz.o(x$fpl$dfltu)
    _dfltu                                   0x08006235   Thumb Code    38  dflt_clz.o(x$fpl$dfltu)
    __aeabi_cdcmple                          0x0800625d   Thumb Code     0  dleqf.o(x$fpl$dleqf)
    _dcmple                                  0x0800625d   Thumb Code   120  dleqf.o(x$fpl$dleqf)
    __fpl_dcmple_InfNaN                      0x080062bf   Thumb Code     0  dleqf.o(x$fpl$dleqf)
    __aeabi_dmul                             0x080062d5   Thumb Code     0  dmul.o(x$fpl$dmul)
    _dmul                                    0x080062d5   Thumb Code   332  dmul.o(x$fpl$dmul)
    __fpl_dnaninf                            0x08006429   Thumb Code   156  dnaninf.o(x$fpl$dnaninf)
    __fpl_dretinf                            0x080064c5   Thumb Code    12  dretinf.o(x$fpl$dretinf)
    __aeabi_cdrcmple                         0x080064d1   Thumb Code     0  drleqf.o(x$fpl$drleqf)
    _drcmple                                 0x080064d1   Thumb Code   108  drleqf.o(x$fpl$drleqf)
    __aeabi_dsub                             0x0800653d   Thumb Code     0  daddsub_clz.o(x$fpl$dsub)
    _dsub                                    0x0800653d   Thumb Code   464  daddsub_clz.o(x$fpl$dsub)
    _fp_init                                 0x08006711   Thumb Code    10  fpinit.o(x$fpl$fpinit)
    __fplib_config_fpu_vfp                   0x08006719   Thumb Code     0  fpinit.o(x$fpl$fpinit)
    __fplib_config_pureend_doubles           0x08006719   Thumb Code     0  fpinit.o(x$fpl$fpinit)
    __I$use$fp                               0x0800671a   Number         0  usenofp.o(x$fpl$usenofp)
    GPIO_PIN                                 0x0800671c   Data          16  stm32f3_discovery.o(.constdata)
    GPIO_CLK                                 0x0800672c   Data          32  stm32f3_discovery.o(.constdata)
    BUTTON_PIN                               0x0800674c   Data           2  stm32f3_discovery.o(.constdata)
    BUTTON_CLK                               0x08006750   Data           4  stm32f3_discovery.o(.constdata)
    BUTTON_EXTI_LINE                         0x08006754   Data           2  stm32f3_discovery.o(.constdata)
    BUTTON_PORT_SOURCE                       0x08006756   Data           1  stm32f3_discovery.o(.constdata)
    BUTTON_PIN_SOURCE                        0x08006757   Data           1  stm32f3_discovery.o(.constdata)
    BUTTON_IRQn                              0x08006758   Data           1  stm32f3_discovery.o(.constdata)
    Region$$Table$$Base                      0x0800675c   Number         0  anon$$obj.o(Region$$Table)
    Region$$Table$$Limit                     0x0800677c   Number         0  anon$$obj.o(Region$$Table)
    GPIO_PORT                                0x20000000   Data          32  stm32f3_discovery.o(.data)
    BUTTON_PORT                              0x20000020   Data           4  stm32f3_discovery.o(.data)
    threshold                                0x20000050   Data           8  main.o(.data)
    attack                                   0x20000058   Data           8  main.o(.data)
    ratio                                    0x20000060   Data           8  main.o(.data)
    release                                  0x20000068   Data           8  main.o(.data)
    mug                                      0x20000070   Data           8  main.o(.data)
    autoEN                                   0x20000078   Data           4  main.o(.data)
    bypassEN                                 0x2000007c   Data           4  main.o(.data)
    Compress                                 0x20000080   Data           4  main.o(.data)
    Att                                      0x20000084   Data           4  main.o(.data)
    Rel                                      0x20000088   Data           4  main.o(.data)
    CCR1_TIM3_Val                            0x2000008c   Data           2  main.o(.data)
    CCR1_TIM2_Val                            0x2000008e   Data           2  main.o(.data)
    calibration_value                        0x20000090   Data           2  main.o(.data)
    TimingDelay                              0x20000092   Data           2  main.o(.data)
    Data                                     0x20000094   Data           2  main.o(.data)
    GPIO_InitStructure                       0x20000098   Data           8  main.o(.data)
    NVIC_InitStructure                       0x200000a0   Data           4  main.o(.data)
    IC2Value                                 0x200000a8   Data           2  stm32f30x_it.o(.data)
    DutyCycle                                0x200000aa   Data           2  stm32f30x_it.o(.data)
    Frequency                                0x200000ac   Data           4  stm32f30x_it.o(.data)
    capture                                  0x200000b0   Data           2  stm32f30x_it.o(.data)
    attackStep                               0x200000b2   Data           2  stm32f30x_it.o(.data)
    releaseStep                              0x200000b4   Data           2  stm32f30x_it.o(.data)
    attackCounter                            0x200000b8   Data           4  stm32f30x_it.o(.data)
    releaseCounter                           0x200000bc   Data           4  stm32f30x_it.o(.data)
    ADC1ConvertedValue                       0x200000c0   Data           2  stm32f30x_it.o(.data)
    SampledSignal                            0x200000c8   Data           8  stm32f30x_it.o(.data)
    SSdB                                     0x200000d0   Data           8  stm32f30x_it.o(.data)
    SSdB1                                    0x200000d8   Data           8  stm32f30x_it.o(.data)
    SSdB2                                    0x200000e0   Data           8  stm32f30x_it.o(.data)
    x                                        0x200000e8   Data           4  stm32f30x_it.o(.data)
    y                                        0x200000ec   Data           4  stm32f30x_it.o(.data)
    SampledSignalVoltage                     0x200000f0   Data           8  stm32f30x_it.o(.data)
    SSint                                    0x200000f8   Data           4  stm32f30x_it.o(.data)
    SSint2                                   0x200000fc   Data           4  stm32f30x_it.o(.data)
    decimalVal                               0x20000100   Data           8  stm32f30x_it.o(.data)
    i                                        0x20000108   Data           4  stm32f30x_it.o(.data)
    base2SSdB                                0x2000010c   Data           4  stm32f30x_it.o(.data)
    OutputSignal                             0x20000110   Data           8  stm32f30x_it.o(.data)
    GainReduction                            0x20000118   Data           8  stm32f30x_it.o(.data)
    OutputVoltage                            0x20000120   Data           8  stm32f30x_it.o(.data)
    OutputData                               0x20000128   Data           2  stm32f30x_it.o(.data)
    SystemCoreClock                          0x2000012c   Data           4  system_stm32f30x.o(.data)
    AHBPrescTable                            0x20000130   Data          16  system_stm32f30x.o(.data)
    ADC_InitStructure                        0x20000140   Data          32  main.o(.bss)
    ADC_CommonInitStructure                  0x20000160   Data          20  main.o(.bss)
    DAC_InitStructure                        0x20000174   Data          16  main.o(.bss)
    TIM_TimeBaseStructure                    0x20000184   Data          12  main.o(.bss)
    TIM_OCInitStructure                      0x20000190   Data          20  main.o(.bss)
    USART1_InitStructure                     0x200001a4   Data          24  main.o(.bss)
    __libspace_start                         0x200001bc   Data          96  libspace.o(.bss)
    __temporary_stack_top$libspace           0x2000021c   Data           0  libspace.o(.bss)



==============================================================================

Memory Map of the image

  Image Entry point : 0x08000269

  Load Region LR_1 (Base: 0x08000000, Size: 0x000068bc, Max: 0xffffffff, ABSOLUTE, COMPRESSED[0x000067d8])

    Execution Region ER_RO (Base: 0x08000000, Size: 0x0000677c, Max: 0xffffffff, ABSOLUTE)

    Base Addr    Size         Type   Attr      Idx    E Section Name        Object

    0x08000000   0x00000188   Data   RO            3    RESET               startup_stm32f30x.o
    0x08000188   0x00000008   Code   RO          797  * !!!main             c_w.l(__main.o)
    0x08000190   0x00000034   Code   RO          988    !!!scatter          c_w.l(__scatter.o)
    0x080001c4   0x0000005a   Code   RO          986    !!dczerorl2         c_w.l(__dczerorl2.o)
    0x0800021e   0x00000002   PAD
    0x08000220   0x0000001c   Code   RO          990    !!handler_zi        c_w.l(__scatter_zi.o)
    0x0800023c   0x00000002   Code   RO          859    .ARM.Collect$$libinit$$00000000  c_w.l(libinit.o)
    0x0800023e   0x00000004   Code   RO          865    .ARM.Collect$$libinit$$00000001  c_w.l(libinit2.o)
    0x08000242   0x00000000   Code   RO          869    .ARM.Collect$$libinit$$00000008  c_w.l(libinit2.o)
    0x08000242   0x00000000   Code   RO          871    .ARM.Collect$$libinit$$0000000A  c_w.l(libinit2.o)
    0x08000242   0x00000000   Code   RO          873    .ARM.Collect$$libinit$$0000000C  c_w.l(libinit2.o)
    0x08000242   0x00000000   Code   RO          876    .ARM.Collect$$libinit$$0000000F  c_w.l(libinit2.o)
    0x08000242   0x00000000   Code   RO          878    .ARM.Collect$$libinit$$00000011  c_w.l(libinit2.o)
    0x08000242   0x00000000   Code   RO          880    .ARM.Collect$$libinit$$00000013  c_w.l(libinit2.o)
    0x08000242   0x00000000   Code   RO          882    .ARM.Collect$$libinit$$00000015  c_w.l(libinit2.o)
    0x08000242   0x00000000   Code   RO          884    .ARM.Collect$$libinit$$00000017  c_w.l(libinit2.o)
    0x08000242   0x00000000   Code   RO          886    .ARM.Collect$$libinit$$00000019  c_w.l(libinit2.o)
    0x08000242   0x00000000   Code   RO          888    .ARM.Collect$$libinit$$0000001B  c_w.l(libinit2.o)
    0x08000242   0x00000000   Code   RO          890    .ARM.Collect$$libinit$$0000001D  c_w.l(libinit2.o)
    0x08000242   0x00000000   Code   RO          892    .ARM.Collect$$libinit$$0000001F  c_w.l(libinit2.o)
    0x08000242   0x00000000   Code   RO          894    .ARM.Collect$$libinit$$00000021  c_w.l(libinit2.o)
    0x08000242   0x00000000   Code   RO          896    .ARM.Collect$$libinit$$00000023  c_w.l(libinit2.o)
    0x08000242   0x00000000   Code   RO          900    .ARM.Collect$$libinit$$0000002A  c_w.l(libinit2.o)
    0x08000242   0x00000000   Code   RO          902    .ARM.Collect$$libinit$$0000002C  c_w.l(libinit2.o)
    0x08000242   0x00000000   Code   RO          904    .ARM.Collect$$libinit$$0000002E  c_w.l(libinit2.o)
    0x08000242   0x00000000   Code   RO          906    .ARM.Collect$$libinit$$00000030  c_w.l(libinit2.o)
    0x08000242   0x00000002   Code   RO          907    .ARM.Collect$$libinit$$00000031  c_w.l(libinit2.o)
    0x08000244   0x00000002   Code   RO          927    .ARM.Collect$$libshutdown$$00000000  c_w.l(libshutdown.o)
    0x08000246   0x00000000   Code   RO          941    .ARM.Collect$$libshutdown$$00000003  c_w.l(libshutdown2.o)
    0x08000246   0x00000000   Code   RO          944    .ARM.Collect$$libshutdown$$00000006  c_w.l(libshutdown2.o)
    0x08000246   0x00000000   Code   RO          947    .ARM.Collect$$libshutdown$$00000009  c_w.l(libshutdown2.o)
    0x08000246   0x00000000   Code   RO          949    .ARM.Collect$$libshutdown$$0000000B  c_w.l(libshutdown2.o)
    0x08000246   0x00000000   Code   RO          952    .ARM.Collect$$libshutdown$$0000000E  c_w.l(libshutdown2.o)
    0x08000246   0x00000002   Code   RO          953    .ARM.Collect$$libshutdown$$0000000F  c_w.l(libshutdown2.o)
    0x08000248   0x00000000   Code   RO          827    .ARM.Collect$$rtentry$$00000000  c_w.l(rtentry.o)
    0x08000248   0x00000000   Code   RO          836    .ARM.Collect$$rtentry$$00000002  c_w.l(rtentry2.o)
    0x08000248   0x00000006   Code   RO          848    .ARM.Collect$$rtentry$$00000004  c_w.l(rtentry4.o)
    0x0800024e   0x00000000   Code   RO          838    .ARM.Collect$$rtentry$$00000009  c_w.l(rtentry2.o)
    0x0800024e   0x00000004   Code   RO          839    .ARM.Collect$$rtentry$$0000000A  c_w.l(rtentry2.o)
    0x08000252   0x00000000   Code   RO          841    .ARM.Collect$$rtentry$$0000000C  c_w.l(rtentry2.o)
    0x08000252   0x00000008   Code   RO          842    .ARM.Collect$$rtentry$$0000000D  c_w.l(rtentry2.o)
    0x0800025a   0x00000002   Code   RO          863    .ARM.Collect$$rtexit$$00000000  c_w.l(rtexit.o)
    0x0800025c   0x00000000   Code   RO          909    .ARM.Collect$$rtexit$$00000002  c_w.l(rtexit2.o)
    0x0800025c   0x00000004   Code   RO          910    .ARM.Collect$$rtexit$$00000003  c_w.l(rtexit2.o)
    0x08000260   0x00000006   Code   RO          911    .ARM.Collect$$rtexit$$00000004  c_w.l(rtexit2.o)
    0x08000266   0x00000002   PAD
    0x08000268   0x00000040   Code   RO            4  * .text               startup_stm32f30x.o
    0x080002a8   0x00000144   Code   RO           12    .text               stm32f3_discovery.o
    0x080003ec   0x0000084c   Code   RO          132    .text               stm32f30x_adc.o
    0x08000c38   0x00000210   Code   RO          287    .text               stm32f30x_dac.o
    0x08000e48   0x00000264   Code   RO          353    .text               stm32f30x_exti.o
    0x080010ac   0x000001f4   Code   RO          399    .text               stm32f30x_gpio.o
    0x080012a0   0x000000dc   Code   RO          465    .text               stm32f30x_misc.o
    0x0800137c   0x00000808   Code   RO          531    .text               stm32f30x_rcc.o
    0x08001b84   0x00000154   Code   RO          602    .text               stm32f30x_syscfg.o
    0x08001cd8   0x00000d7c   Code   RO          622    .text               stm32f30x_tim.o
    0x08002a54   0x0000053a   Code   RO          645    .text               stm32f30x_usart.o
    0x08002f8e   0x00000002   PAD
    0x08002f90   0x00002400   Code   RO          688    .text               main.o
    0x08005390   0x00000510   Code   RO          737    .text               stm32f30x_it.o
    0x080058a0   0x000001dc   Code   RO          766    .text               system_stm32f30x.o
    0x08005a7c   0x00000006   Code   RO          795    .text               c_w.l(heapauxi.o)
    0x08005a82   0x0000004a   Code   RO          850    .text               c_w.l(sys_stackheap_outer.o)
    0x08005acc   0x0000000c   Code   RO          852    .text               c_w.l(exit.o)
    0x08005ad8   0x00000008   Code   RO          860    .text               c_w.l(libspace.o)
    0x08005ae0   0x0000000c   Code   RO          919    .text               c_w.l(sys_exit.o)
    0x08005aec   0x00000002   Code   RO          930    .text               c_w.l(use_no_semi.o)
    0x08005aee   0x00000000   Code   RO          932    .text               c_w.l(indicate_semi.o)
    0x08005aee   0x00000002   PAD
    0x08005af0   0x0000022c   Code   RO          790    FFTLIB2_CORTEXM3    log2.o
    0x08005d1c   0x00000150   Code   RO          799    x$fpl$dadd          fz_wm.l(daddsub_clz.o)
    0x08005e6c   0x00000018   Code   RO          828    x$fpl$dcmpinf       fz_wm.l(dcmpi.o)
    0x08005e84   0x000002b0   Code   RO          806    x$fpl$ddiv          fz_wm.l(ddiv.o)
    0x08006134   0x00000078   Code   RO          809    x$fpl$deqf          fz_wm.l(deqf.o)
    0x080061ac   0x0000005a   Code   RO          811    x$fpl$dfixu         fz_wm.l(dfixu.o)
    0x08006206   0x0000002e   Code   RO          816    x$fpl$dflt          fz_wm.l(dflt_clz.o)
    0x08006234   0x00000026   Code   RO          815    x$fpl$dfltu         fz_wm.l(dflt_clz.o)
    0x0800625a   0x00000002   PAD
    0x0800625c   0x00000078   Code   RO          821    x$fpl$dleqf         fz_wm.l(dleqf.o)
    0x080062d4   0x00000154   Code   RO          823    x$fpl$dmul          fz_wm.l(dmul.o)
    0x08006428   0x0000009c   Code   RO          830    x$fpl$dnaninf       fz_wm.l(dnaninf.o)
    0x080064c4   0x0000000c   Code   RO          832    x$fpl$dretinf       fz_wm.l(dretinf.o)
    0x080064d0   0x0000006c   Code   RO          825    x$fpl$drleqf        fz_wm.l(drleqf.o)
    0x0800653c   0x000001d4   Code   RO          801    x$fpl$dsub          fz_wm.l(daddsub_clz.o)
    0x08006710   0x0000000a   Code   RO          917    x$fpl$fpinit        fz_wm.l(fpinit.o)
    0x0800671a   0x00000000   Code   RO          834    x$fpl$usenofp       fz_wm.l(usenofp.o)
    0x0800671a   0x00000002   PAD
    0x0800671c   0x0000003d   Data   RO           13    .constdata          stm32f3_discovery.o
    0x08006759   0x00000003   PAD
    0x0800675c   0x00000020   Data   RO          984    Region$$Table       anon$$obj.o


    Execution Region ER_RW (Base: 0x20000000, Size: 0x00000140, Max: 0xffffffff, ABSOLUTE, COMPRESSED[0x0000005c])

    Base Addr    Size         Type   Attr      Idx    E Section Name        Object

    0x20000000   0x00000024   Data   RW           14    .data               stm32f3_discovery.o
    0x20000024   0x0000002a   Data   RW          532    .data               stm32f30x_rcc.o
    0x2000004e   0x00000002   PAD
    0x20000050   0x00000054   Data   RW          690    .data               main.o
    0x200000a4   0x00000004   PAD
    0x200000a8   0x00000082   Data   RW          739    .data               stm32f30x_it.o
    0x2000012a   0x00000002   PAD
    0x2000012c   0x00000014   Data   RW          767    .data               system_stm32f30x.o


    Execution Region ER_ZI (Base: 0x20000140, Size: 0x000006e0, Max: 0xffffffff, ABSOLUTE)

    Base Addr    Size         Type   Attr      Idx    E Section Name        Object

    0x20000140   0x0000007c   Zero   RW          689    .bss                main.o
    0x200001bc   0x00000060   Zero   RW          861    .bss                c_w.l(libspace.o)
    0x2000021c   0x00000004   PAD
    0x20000220   0x00000200   Zero   RW            2    HEAP                startup_stm32f30x.o
    0x20000420   0x00000400   Zero   RW            1    STACK               startup_stm32f30x.o


==============================================================================

Image component sizes


      Code (inc. data)   RO Data    RW Data    ZI Data      Debug   Object Name

       556        512          0          0          0        212   log2.o
      9216       4138          0         84        124     200004   main.o
        64         26        392          0       1536        964   startup_stm32f30x.o
      2124         56          0          0          0      46826   stm32f30x_adc.o
       528          6          0          0          0      10237   stm32f30x_dac.o
       612          6          0          0          0       5619   stm32f30x_exti.o
       500         22          0          0          0       8761   stm32f30x_gpio.o
      1296        160          0        130          0       3805   stm32f30x_it.o
       220         20          0          0          0       3917   stm32f30x_misc.o
      2056         68          0         42          0      25077   stm32f30x_rcc.o
       340         12          0          0          0       3239   stm32f30x_syscfg.o
      3452         68          0          0          0      52119   stm32f30x_tim.o
      1338         22          0          0          0      22090   stm32f30x_usart.o
       324         42         61         36          0     279819   stm32f3_discovery.o
       476         40          0         20          0       1783   system_stm32f30x.o

    ----------------------------------------------------------------------
     23104       5198        488        320       1660     664472   Object Totals
         0          0         32          0          0          0   (incl. Generated)
         2          0          3          8          0          0   (incl. Padding)

    ----------------------------------------------------------------------

      Code (inc. data)   RO Data    RW Data    ZI Data      Debug   Library Member Name

        90          0          0          0          0          0   __dczerorl2.o
         8          0          0          0          0         68   __main.o
        52          8          0          0          0          0   __scatter.o
        28          0          0          0          0          0   __scatter_zi.o
        12          0          0          0          0         72   exit.o
         6          0          0          0          0        152   heapauxi.o
         0          0          0          0          0          0   indicate_semi.o
         2          0          0          0          0          0   libinit.o
         6          0          0          0          0          0   libinit2.o
         2          0          0          0          0          0   libshutdown.o
         2          0          0          0          0          0   libshutdown2.o
         8          4          0          0         96         68   libspace.o
         0          0          0          0          0          0   rtentry.o
        12          0          0          0          0          0   rtentry2.o
         6          0          0          0          0          0   rtentry4.o
         2          0          0          0          0          0   rtexit.o
        10          0          0          0          0          0   rtexit2.o
        12          4          0          0          0         68   sys_exit.o
        74          0          0          0          0         80   sys_stackheap_outer.o
         2          0          0          0          0         68   use_no_semi.o
       804         16          0          0          0        368   daddsub_clz.o
        24          0          0          0          0        116   dcmpi.o
       688        140          0          0          0        256   ddiv.o
       120          4          0          0          0        140   deqf.o
        90          4          0          0          0        140   dfixu.o
        84          0          0          0          0        232   dflt_clz.o
       120          4          0          0          0        140   dleqf.o
       340         12          0          0          0        152   dmul.o
       156          4          0          0          0        140   dnaninf.o
        12          0          0          0          0        116   dretinf.o
       108          0          0          0          0        128   drleqf.o
        10          0          0          0          0        116   fpinit.o
         0          0          0          0          0          0   usenofp.o

    ----------------------------------------------------------------------
      2900        200          0          0        100       2620   Library Totals
        10          0          0          0          4          0   (incl. Padding)

    ----------------------------------------------------------------------

      Code (inc. data)   RO Data    RW Data    ZI Data      Debug   Library Name

       334         16          0          0         96        576   c_w.l
      2556        184          0          0          0       2044   fz_wm.l

    ----------------------------------------------------------------------
      2900        200          0          0        100       2620   Library Totals

    ----------------------------------------------------------------------

==============================================================================


      Code (inc. data)   RO Data    RW Data    ZI Data      Debug   

     26004       5398        488        320       1760     662232   Grand Totals
     26004       5398        488         92       1760     662232   ELF Image Totals (compressed)
     26004       5398        488         92          0          0   ROM Totals

==============================================================================

    Total RO  Size (Code + RO Data)                26492 (  25.87kB)
    Total RW  Size (RW Data + ZI Data)              2080 (   2.03kB)
    Total ROM Size (Code + RO Data + RW Data)      26584 (  25.96kB)

==============================================================================

