ARM Linker, 5.03 [Build 76] [MDK-ARM Lite]

==============================================================================

Section Cross References

    startup_stm32f30x.o(STACK) refers (Special) to heapauxi.o(.text) for __use_two_region_memory
    startup_stm32f30x.o(HEAP) refers (Special) to heapauxi.o(.text) for __use_two_region_memory
    startup_stm32f30x.o(RESET) refers (Special) to heapauxi.o(.text) for __use_two_region_memory
    startup_stm32f30x.o(RESET) refers to startup_stm32f30x.o(STACK) for __initial_sp
    startup_stm32f30x.o(RESET) refers to startup_stm32f30x.o(.text) for Reset_Handler
    startup_stm32f30x.o(RESET) refers to stm32f30x_it.o(.text) for NMI_Handler
    startup_stm32f30x.o(.text) refers (Special) to heapauxi.o(.text) for __use_two_region_memory
    startup_stm32f30x.o(.text) refers to system_stm32f30x.o(.text) for SystemInit
    startup_stm32f30x.o(.text) refers to __main.o(!!!main) for __main
    startup_stm32f30x.o(.text) refers to startup_stm32f30x.o(HEAP) for Heap_Mem
    startup_stm32f30x.o(.text) refers to startup_stm32f30x.o(STACK) for Stack_Mem
    stm32f3_discovery.o(.text) refers to stm32f30x_rcc.o(.text) for RCC_AHBPeriphClockCmd
    stm32f3_discovery.o(.text) refers to stm32f30x_gpio.o(.text) for GPIO_Init
    stm32f3_discovery.o(.text) refers to stm32f30x_syscfg.o(.text) for SYSCFG_EXTILineConfig
    stm32f3_discovery.o(.text) refers to stm32f30x_exti.o(.text) for EXTI_Init
    stm32f3_discovery.o(.text) refers to stm32f30x_misc.o(.text) for NVIC_Init
    stm32f3_discovery.o(.text) refers to stm32f3_discovery.o(.constdata) for GPIO_CLK
    stm32f3_discovery.o(.text) refers to stm32f3_discovery.o(.data) for GPIO_PORT
    stm32f30x_adc.o(.text) refers to stm32f30x_rcc.o(.text) for RCC_AHBPeriphResetCmd
    stm32f30x_can.o(.text) refers to stm32f30x_rcc.o(.text) for RCC_APB1PeriphResetCmd
    stm32f30x_dac.o(.text) refers to stm32f30x_rcc.o(.text) for RCC_APB1PeriphResetCmd
    stm32f30x_gpio.o(.text) refers to stm32f30x_rcc.o(.text) for RCC_AHBPeriphResetCmd
    stm32f30x_i2c.o(.text) refers to stm32f30x_rcc.o(.text) for RCC_APB1PeriphResetCmd
    stm32f30x_pwr.o(.text) refers to stm32f30x_rcc.o(.text) for RCC_APB1PeriphResetCmd
    stm32f30x_rcc.o(.text) refers to stm32f30x_rcc.o(.data) for APBAHBPrescTable
    stm32f30x_spi.o(.text) refers to stm32f30x_rcc.o(.text) for RCC_APB2PeriphResetCmd
    stm32f30x_tim.o(.text) refers to stm32f30x_rcc.o(.text) for RCC_APB2PeriphResetCmd
    stm32f30x_usart.o(.text) refers to stm32f30x_rcc.o(.text) for RCC_APB2PeriphResetCmd
    stm32f30x_wwdg.o(.text) refers to stm32f30x_rcc.o(.text) for RCC_APB1PeriphResetCmd
    main.o(.text) refers to stm32f30x_usart.o(.text) for USART_GetFlagStatus
    main.o(.text) refers to deqf.o(x$fpl$deqf) for __aeabi_cdcmpeq
    main.o(.text) refers to stm32f30x_gpio.o(.text) for GPIO_ReadInputDataBit
    main.o(.text) refers to main.o(.data) for autoEN
    main.o(.text) refers to daddsub_clz.o(x$fpl$dadd) for __aeabi_dadd
    main.o(.text) refers to daddsub_clz.o(x$fpl$dsub) for __aeabi_dsub
    main.o(.text) refers to stm32f30x_rcc.o(.text) for RCC_AHBPeriphClockCmd
    main.o(.text) refers to stm32f30x_dac.o(.text) for DAC_DeInit
    main.o(.text) refers to stm32f30x_adc.o(.text) for ADC_SelectCalibrationMode
    main.o(.text) refers to stm32f30x_misc.o(.text) for NVIC_Init
    main.o(.text) refers to stm32f30x_tim.o(.text) for TIM_TimeBaseInit
    main.o(.text) refers to main.o(.bss) for USART1_InitStructure
    stm32f30x_it.o(.text) refers to stm32f30x_tim.o(.text) for TIM_ClearITPendingBit
    stm32f30x_it.o(.text) refers to stm32f30x_adc.o(.text) for ADC_GetFlagStatus
    stm32f30x_it.o(.text) refers to stm32f30x_dac.o(.text) for DAC_SetChannel1Data
    stm32f30x_it.o(.text) refers to stm32f30x_it.o(.data) for capture
    stm32f30x_it.o(.text) refers to main.o(.data) for CCR1_TIM2_Val
    system_stm32f30x.o(.text) refers to system_stm32f30x.o(.data) for SystemCoreClock
    __main.o(!!!main) refers to rtentry.o(.ARM.Collect$$rtentry$$00000000) for __rt_entry
    daddsub_clz.o(x$fpl$dadd) refers (Special) to usenofp.o(x$fpl$usenofp) for __I$use$fp
    daddsub_clz.o(x$fpl$dadd) refers to daddsub_clz.o(x$fpl$dsub) for _dsub1
    daddsub_clz.o(x$fpl$dadd) refers to dretinf.o(x$fpl$dretinf) for __fpl_dretinf
    daddsub_clz.o(x$fpl$dadd) refers to dnaninf.o(x$fpl$dnaninf) for __fpl_dnaninf
    daddsub_clz.o(x$fpl$drsb) refers (Special) to usenofp.o(x$fpl$usenofp) for __I$use$fp
    daddsub_clz.o(x$fpl$drsb) refers to daddsub_clz.o(x$fpl$dadd) for _dadd1
    daddsub_clz.o(x$fpl$drsb) refers to daddsub_clz.o(x$fpl$dsub) for _dsub1
    daddsub_clz.o(x$fpl$dsub) refers (Special) to usenofp.o(x$fpl$usenofp) for __I$use$fp
    daddsub_clz.o(x$fpl$dsub) refers to daddsub_clz.o(x$fpl$dadd) for _dadd1
    daddsub_clz.o(x$fpl$dsub) refers to dnaninf.o(x$fpl$dnaninf) for __fpl_dnaninf
    deqf.o(x$fpl$deqf) refers (Special) to usenofp.o(x$fpl$usenofp) for __I$use$fp
[...]
    sys_wrch.o(.text) refers (Special) to use_no_semi.o(.text) for __I$use$semihosting
    sys_wrch.o(.text) refers (Special) to indicate_semi.o(.text) for __semihosting_library_function
    defsig.o(CL$$defsig) refers to defsig_rtmem_inner.o(.text) for __rt_SIGRTMEM_inner
    defsig_abrt_inner.o(.text) refers to defsig_general.o(.text) for __default_signal_display
    defsig_fpe_inner.o(.text) refers to defsig_general.o(.text) for __default_signal_display
    defsig_rtred_inner.o(.text) refers to defsig_general.o(.text) for __default_signal_display
    defsig_stak_inner.o(.text) refers to defsig_general.o(.text) for __default_signal_display
    defsig_pvfn_inner.o(.text) refers to defsig_general.o(.text) for __default_signal_display
    defsig_cppl_inner.o(.text) refers to defsig_general.o(.text) for __default_signal_display
    defsig_segv_inner.o(.text) refers to defsig_general.o(.text) for __default_signal_display
    defsig_other.o(.text) refers to defsig_general.o(.text) for __default_signal_display


==============================================================================

Removing Unused input sections from the image.

    Removing stm32f3_discovery.o(.rev16_text), (4 bytes).
    Removing stm32f3_discovery.o(.revsh_text), (4 bytes).
    Removing stm32f3_discovery.o(.text), (324 bytes).
    Removing stm32f3_discovery.o(.constdata), (61 bytes).
    Removing stm32f3_discovery.o(.data), (36 bytes).
    Removing stm32f30x_adc.o(.rev16_text), (4 bytes).
    Removing stm32f30x_adc.o(.revsh_text), (4 bytes).
    Removing stm32f30x_can.o(.rev16_text), (4 bytes).
    Removing stm32f30x_can.o(.revsh_text), (4 bytes).
    Removing stm32f30x_can.o(.text), (2524 bytes).
    Removing stm32f30x_comp.o(.rev16_text), (4 bytes).
    Removing stm32f30x_comp.o(.revsh_text), (4 bytes).
    Removing stm32f30x_comp.o(.text), (244 bytes).
    Removing stm32f30x_crc.o(.rev16_text), (4 bytes).
    Removing stm32f30x_crc.o(.revsh_text), (4 bytes).
    Removing stm32f30x_crc.o(.text), (208 bytes).
    Removing stm32f30x_dac.o(.rev16_text), (4 bytes).
    Removing stm32f30x_dac.o(.revsh_text), (4 bytes).
    Removing stm32f30x_dbgmcu.o(.rev16_text), (4 bytes).
    Removing stm32f30x_dbgmcu.o(.revsh_text), (4 bytes).
    Removing stm32f30x_dbgmcu.o(.text), (100 bytes).
    Removing stm32f30x_dma.o(.rev16_text), (4 bytes).
    Removing stm32f30x_dma.o(.revsh_text), (4 bytes).
    Removing stm32f30x_dma.o(.text), (592 bytes).
    Removing stm32f30x_exti.o(.rev16_text), (4 bytes).
    Removing stm32f30x_exti.o(.revsh_text), (4 bytes).
    Removing stm32f30x_exti.o(.text), (612 bytes).
    Removing stm32f30x_flash.o(.rev16_text), (4 bytes).
    Removing stm32f30x_flash.o(.revsh_text), (4 bytes).
    Removing stm32f30x_flash.o(.text), (1520 bytes).
    Removing stm32f30x_gpio.o(.rev16_text), (4 bytes).
    Removing stm32f30x_gpio.o(.revsh_text), (4 bytes).
    Removing stm32f30x_i2c.o(.rev16_text), (4 bytes).
    Removing stm32f30x_i2c.o(.revsh_text), (4 bytes).
    Removing stm32f30x_i2c.o(.text), (1008 bytes).
    Removing stm32f30x_iwdg.o(.rev16_text), (4 bytes).
    Removing stm32f30x_iwdg.o(.revsh_text), (4 bytes).
    Removing stm32f30x_iwdg.o(.text), (68 bytes).
    Removing stm32f30x_misc.o(.rev16_text), (4 bytes).
    Removing stm32f30x_misc.o(.revsh_text), (4 bytes).
    Removing stm32f30x_opamp.o(.rev16_text), (4 bytes).
    Removing stm32f30x_opamp.o(.revsh_text), (4 bytes).
    Removing stm32f30x_opamp.o(.text), (448 bytes).
    Removing stm32f30x_pwr.o(.rev16_text), (4 bytes).
    Removing stm32f30x_pwr.o(.revsh_text), (4 bytes).
    Removing stm32f30x_pwr.o(.text), (244 bytes).
    Removing stm32f30x_rcc.o(.rev16_text), (4 bytes).
    Removing stm32f30x_rcc.o(.revsh_text), (4 bytes).
    Removing stm32f30x_rtc.o(.rev16_text), (4 bytes).
    Removing stm32f30x_rtc.o(.revsh_text), (4 bytes).
    Removing stm32f30x_rtc.o(.text), (3280 bytes).
    Removing stm32f30x_spi.o(.rev16_text), (4 bytes).
    Removing stm32f30x_spi.o(.revsh_text), (4 bytes).
    Removing stm32f30x_spi.o(.text), (1050 bytes).
    Removing stm32f30x_syscfg.o(.rev16_text), (4 bytes).
    Removing stm32f30x_syscfg.o(.revsh_text), (4 bytes).
    Removing stm32f30x_syscfg.o(.text), (340 bytes).
    Removing stm32f30x_tim.o(.rev16_text), (4 bytes).
    Removing stm32f30x_tim.o(.revsh_text), (4 bytes).
    Removing stm32f30x_usart.o(.rev16_text), (4 bytes).
    Removing stm32f30x_usart.o(.revsh_text), (4 bytes).
    Removing stm32f30x_wwdg.o(.rev16_text), (4 bytes).
    Removing stm32f30x_wwdg.o(.revsh_text), (4 bytes).
    Removing stm32f30x_wwdg.o(.text), (144 bytes).
    Removing main.o(.rev16_text), (4 bytes).
    Removing main.o(.revsh_text), (4 bytes).
    Removing stm32f30x_it.o(.rev16_text), (4 bytes).
    Removing stm32f30x_it.o(.revsh_text), (4 bytes).
    Removing stm32f30x_it.o(.bss), (60 bytes).
    Removing system_stm32f30x.o(.rev16_text), (4 bytes).
    Removing system_stm32f30x.o(.revsh_text), (4 bytes).

71 unused section(s) (total 13071 bytes) removed from the image.

==============================================================================

Image Symbol Table

    Local Symbols

    Symbol Name                              Value     Ov Type        Size  Object(Section)

    ../clib/angel/boardlib.s                 0x00000000   Number         0  boardinit3.o ABSOLUTE
    ../clib/angel/boardlib.s                 0x00000000   Number         0  boardinit2.o ABSOLUTE
    ../clib/angel/boardlib.s                 0x00000000   Number         0  boardshut.o ABSOLUTE
    ../clib/angel/boardlib.s                 0x00000000   Number         0  boardinit1.o ABSOLUTE
    ../clib/angel/handlers.s                 0x00000000   Number         0  __scatter_zi.o ABSOLUTE
    ../clib/angel/handlers.s                 0x00000000   Number         0  __scatter_copy.o ABSOLUTE
    ../clib/angel/kernel.s                   0x00000000   Number         0  rtexit2.o ABSOLUTE
    ../clib/angel/kernel.s                   0x00000000   Number         0  rtexit.o ABSOLUTE
    ../clib/angel/kernel.s                   0x00000000   Number         0  rtentry4.o ABSOLUTE
    ../clib/angel/kernel.s                   0x00000000   Number         0  rtentry.o ABSOLUTE
    ../clib/angel/kernel.s                   0x00000000   Number         0  rtentry2.o ABSOLUTE
    ../clib/angel/rt.s                       0x00000000   Number         0  rt_raise.o ABSOLUTE
    ../clib/angel/scatter.s                  0x00000000   Number         0  __scatter.o ABSOLUTE
    ../clib/angel/startup.s                  0x00000000   Number         0  __main.o ABSOLUTE
    ../clib/angel/sys.s                      0x00000000   Number         0  libspace.o ABSOLUTE
    ../clib/angel/sys.s                      0x00000000   Number         0  indicate_semi.o ABSOLUTE
    ../clib/angel/sys.s                      0x00000000   Number         0  use_no_semi.o ABSOLUTE
    ../clib/angel/sys.s                      0x00000000   Number         0  sys_stackheap_outer.o ABSOLUTE
    ../clib/angel/sysapp.c                   0x00000000   Number         0  sys_exit.o ABSOLUTE
    ../clib/angel/sysapp.c                   0x00000000   Number         0  sys_wrch.o ABSOLUTE
    ../clib/angel/sysapp.c                   0x00000000   Number         0  sys_command.o ABSOLUTE
    ../clib/armsys.c                         0x00000000   Number         0  argv_veneer.o ABSOLUTE
    ../clib/armsys.c                         0x00000000   Number         0  _get_argv_nomalloc.o ABSOLUTE
    ../clib/armsys.c                         0x00000000   Number         0  no_argv.o ABSOLUTE
    ../clib/armsys.c                         0x00000000   Number         0  argv_veneer.o ABSOLUTE
    ../clib/heapalloc.c                      0x00000000   Number         0  hrguard.o ABSOLUTE
    ../clib/heapaux.c                        0x00000000   Number         0  heapauxi.o ABSOLUTE
    ../clib/libinit.s                        0x00000000   Number         0  libinit2.o ABSOLUTE
    ../clib/libinit.s                        0x00000000   Number         0  libinit.o ABSOLUTE
    ../clib/libinit.s                        0x00000000   Number         0  libshutdown2.o ABSOLUTE
    ../clib/libinit.s                        0x00000000   Number         0  libshutdown.o ABSOLUTE
    ../clib/signal.c                         0x00000000   Number         0  defsig_pvfn_inner.o ABSOLUTE
    ../clib/signal.c                         0x00000000   Number         0  defsig_cppl_inner.o ABSOLUTE
    ../clib/signal.c                         0x00000000   Number         0  defsig_other.o ABSOLUTE
    ../clib/signal.c                         0x00000000   Number         0  defsig_stak_inner.o ABSOLUTE
    ../clib/signal.c                         0x00000000   Number         0  defsig_rtred_inner.o ABSOLUTE
    ../clib/signal.c                         0x00000000   Number         0  defsig_fpe_inner.o ABSOLUTE
    ../clib/signal.c                         0x00000000   Number         0  defsig_abrt_inner.o ABSOLUTE
    ../clib/signal.c                         0x00000000   Number         0  defsig_general.o ABSOLUTE
    ../clib/signal.c                         0x00000000   Number         0  __raise.o ABSOLUTE
    ../clib/signal.c                         0x00000000   Number         0  defsig_rtmem_formal.o ABSOLUTE
    ../clib/signal.c                         0x00000000   Number         0  defsig_rtmem_outer.o ABSOLUTE
    ../clib/signal.c                         0x00000000   Number         0  defsig_exit.o ABSOLUTE
    ../clib/signal.c                         0x00000000   Number         0  defsig_segv_inner.o ABSOLUTE
    ../clib/signal.c                         0x00000000   Number         0  defsig_rtmem_inner.o ABSOLUTE
    ../clib/signal.s                         0x00000000   Number         0  defsig.o ABSOLUTE
    ../clib/stdlib.c                         0x00000000   Number         0  exit.o ABSOLUTE
    ../fplib/daddsub.s                       0x00000000   Number         0  daddsub_clz.o ABSOLUTE
    ../fplib/dcmpi.s                         0x00000000   Number         0  dcmpi.o ABSOLUTE
    ../fplib/deqf.s                          0x00000000   Number         0  deqf.o ABSOLUTE
    ../fplib/dnaninf.s                       0x00000000   Number         0  dnaninf.o ABSOLUTE
    ../fplib/dretinf.s                       0x00000000   Number         0  dretinf.o ABSOLUTE
    ../fplib/fpinit.s                        0x00000000   Number         0  fpinit.o ABSOLUTE
    ../fplib/usenofp.s                       0x00000000   Number         0  usenofp.o ABSOLUTE
    ..\..\..\..\Libraries\CMSIS\Device\ST\STM32F30x\Source\Templates\arm\startup_stm32f30x.s 0x00000000   Number         0  startup_stm32f30x.o ABSOLUTE
    ..\..\..\..\Libraries\STM32F30x_StdPeriph_Driver\src\stm32f30x_adc.c 0x00000000   Number         0  stm32f30x_adc.o ABSOLUTE
    ..\..\..\..\Libraries\STM32F30x_StdPeriph_Driver\src\stm32f30x_can.c 0x00000000   Number         0  stm32f30x_can.o ABSOLUTE
    ..\..\..\..\Libraries\STM32F30x_StdPeriph_Driver\src\stm32f30x_comp.c 0x00000000   Number         0  stm32f30x_comp.o ABSOLUTE
    ..\..\..\..\Libraries\STM32F30x_StdPeriph_Driver\src\stm32f30x_crc.c 0x00000000   Number         0  stm32f30x_crc.o ABSOLUTE
    ..\..\..\..\Libraries\STM32F30x_StdPeriph_Driver\src\stm32f30x_dac.c 0x00000000   Number         0  stm32f30x_dac.o ABSOLUTE
    ..\..\..\..\Libraries\STM32F30x_StdPeriph_Driver\src\stm32f30x_dbgmcu.c 0x00000000   Number         0  stm32f30x_dbgmcu.o ABSOLUTE
    ..\..\..\..\Libraries\STM32F30x_StdPeriph_Driver\src\stm32f30x_dma.c 0x00000000   Number         0  stm32f30x_dma.o ABSOLUTE
    ..\..\..\..\Libraries\STM32F30x_StdPeriph_Driver\src\stm32f30x_exti.c 0x00000000   Number         0  stm32f30x_exti.o ABSOLUTE
    ..\..\..\..\Libraries\STM32F30x_StdPeriph_Driver\src\stm32f30x_flash.c 0x00000000   Number         0  stm32f30x_flash.o ABSOLUTE
    ..\..\..\..\Libraries\STM32F30x_StdPeriph_Driver\src\stm32f30x_gpio.c 0x00000000   Number         0  stm32f30x_gpio.o ABSOLUTE
    ..\..\..\..\Libraries\STM32F30x_StdPeriph_Driver\src\stm32f30x_i2c.c 0x00000000   Number         0  stm32f30x_i2c.o ABSOLUTE
    ..\..\..\..\Libraries\STM32F30x_StdPeriph_Driver\src\stm32f30x_iwdg.c 0x00000000   Number         0  stm32f30x_iwdg.o ABSOLUTE
    ..\..\..\..\Libraries\STM32F30x_StdPeriph_Driver\src\stm32f30x_misc.c 0x00000000   Number         0  stm32f30x_misc.o ABSOLUTE
    ..\..\..\..\Libraries\STM32F30x_StdPeriph_Driver\src\stm32f30x_opamp.c 0x00000000   Number         0  stm32f30x_opamp.o ABSOLUTE
    ..\..\..\..\Libraries\STM32F30x_StdPeriph_Driver\src\stm32f30x_pwr.c 0x00000000   Number         0  stm32f30x_pwr.o ABSOLUTE
    ..\..\..\..\Libraries\STM32F30x_StdPeriph_Driver\src\stm32f30x_rcc.c 0x00000000   Number         0  stm32f30x_rcc.o ABSOLUTE
    ..\..\..\..\Libraries\STM32F30x_StdPeriph_Driver\src\stm32f30x_rtc.c 0x00000000   Number         0  stm32f30x_rtc.o ABSOLUTE
    ..\..\..\..\Libraries\STM32F30x_StdPeriph_Driver\src\stm32f30x_spi.c 0x00000000   Number         0  stm32f30x_spi.o ABSOLUTE
    ..\..\..\..\Libraries\STM32F30x_StdPeriph_Driver\src\stm32f30x_syscfg.c 0x00000000   Number         0  stm32f30x_syscfg.o ABSOLUTE
    ..\..\..\..\Libraries\STM32F30x_StdPeriph_Driver\src\stm32f30x_tim.c 0x00000000   Number         0  stm32f30x_tim.o ABSOLUTE
    ..\..\..\..\Libraries\STM32F30x_StdPeriph_Driver\src\stm32f30x_usart.c 0x00000000   Number         0  stm32f30x_usart.o ABSOLUTE
    ..\..\..\..\Libraries\STM32F30x_StdPeriph_Driver\src\stm32f30x_wwdg.c 0x00000000   Number         0  stm32f30x_wwdg.o ABSOLUTE
    ..\..\..\..\Utilities\STM32F3_Discovery\stm32f3_discovery.c 0x00000000   Number         0  stm32f3_discovery.o ABSOLUTE
    ..\\..\\..\\..\\Libraries\\STM32F30x_StdPeriph_Driver\\src\\stm32f30x_adc.c 0x00000000   Number         0  stm32f30x_adc.o ABSOLUTE
    ..\\..\\..\\..\\Libraries\\STM32F30x_StdPeriph_Driver\\src\\stm32f30x_can.c 0x00000000   Number         0  stm32f30x_can.o ABSOLUTE
    ..\\..\\..\\..\\Libraries\\STM32F30x_StdPeriph_Driver\\src\\stm32f30x_comp.c 0x00000000   Number         0  stm32f30x_comp.o ABSOLUTE
    ..\\..\\..\\..\\Libraries\\STM32F30x_StdPeriph_Driver\\src\\stm32f30x_crc.c 0x00000000   Number         0  stm32f30x_crc.o ABSOLUTE
    ..\\..\\..\\..\\Libraries\\STM32F30x_StdPeriph_Driver\\src\\stm32f30x_dac.c 0x00000000   Number         0  stm32f30x_dac.o ABSOLUTE
    ..\\..\\..\\..\\Libraries\\STM32F30x_StdPeriph_Driver\\src\\stm32f30x_dbgmcu.c 0x00000000   Number         0  stm32f30x_dbgmcu.o ABSOLUTE
    ..\\..\\..\\..\\Libraries\\STM32F30x_StdPeriph_Driver\\src\\stm32f30x_dma.c 0x00000000   Number         0  stm32f30x_dma.o ABSOLUTE
    ..\\..\\..\\..\\Libraries\\STM32F30x_StdPeriph_Driver\\src\\stm32f30x_exti.c 0x00000000   Number         0  stm32f30x_exti.o ABSOLUTE
    ..\\..\\..\\..\\Libraries\\STM32F30x_StdPeriph_Driver\\src\\stm32f30x_flash.c 0x00000000   Number         0  stm32f30x_flash.o ABSOLUTE
    ..\\..\\..\\..\\Libraries\\STM32F30x_StdPeriph_Driver\\src\\stm32f30x_gpio.c 0x00000000   Number         0  stm32f30x_gpio.o ABSOLUTE
    ..\\..\\..\\..\\Libraries\\STM32F30x_StdPeriph_Driver\\src\\stm32f30x_i2c.c 0x00000000   Number         0  stm32f30x_i2c.o ABSOLUTE
    ..\\..\\..\\..\\Libraries\\STM32F30x_StdPeriph_Driver\\src\\stm32f30x_iwdg.c 0x00000000   Number         0  stm32f30x_iwdg.o ABSOLUTE
    ..\\..\\..\\..\\Libraries\\STM32F30x_StdPeriph_Driver\\src\\stm32f30x_misc.c 0x00000000   Number         0  stm32f30x_misc.o ABSOLUTE
    ..\\..\\..\\..\\Libraries\\STM32F30x_StdPeriph_Driver\\src\\stm32f30x_opamp.c 0x00000000   Number         0  stm32f30x_opamp.o ABSOLUTE
    ..\\..\\..\\..\\Libraries\\STM32F30x_StdPeriph_Driver\\src\\stm32f30x_pwr.c 0x00000000   Number         0  stm32f30x_pwr.o ABSOLUTE
    ..\\..\\..\\..\\Libraries\\STM32F30x_StdPeriph_Driver\\src\\stm32f30x_rcc.c 0x00000000   Number         0  stm32f30x_rcc.o ABSOLUTE
    ..\\..\\..\\..\\Libraries\\STM32F30x_StdPeriph_Driver\\src\\stm32f30x_rtc.c 0x00000000   Number         0  stm32f30x_rtc.o ABSOLUTE
    ..\\..\\..\\..\\Libraries\\STM32F30x_StdPeriph_Driver\\src\\stm32f30x_spi.c 0x00000000   Number         0  stm32f30x_spi.o ABSOLUTE
    ..\\..\\..\\..\\Libraries\\STM32F30x_StdPeriph_Driver\\src\\stm32f30x_syscfg.c 0x00000000   Number         0  stm32f30x_syscfg.o ABSOLUTE
    ..\\..\\..\\..\\Libraries\\STM32F30x_StdPeriph_Driver\\src\\stm32f30x_tim.c 0x00000000   Number         0  stm32f30x_tim.o ABSOLUTE
    ..\\..\\..\\..\\Libraries\\STM32F30x_StdPeriph_Driver\\src\\stm32f30x_usart.c 0x00000000   Number         0  stm32f30x_usart.o ABSOLUTE
    ..\\..\\..\\..\\Libraries\\STM32F30x_StdPeriph_Driver\\src\\stm32f30x_wwdg.c 0x00000000   Number         0  stm32f30x_wwdg.o ABSOLUTE
    ..\\..\\..\\..\\Utilities\\STM32F3_Discovery\\stm32f3_discovery.c 0x00000000   Number         0  stm32f3_discovery.o ABSOLUTE
    ..\\main.c                               0x00000000   Number         0  main.o ABSOLUTE
    ..\\stm32f30x_it.c                       0x00000000   Number         0  stm32f30x_it.o ABSOLUTE
    ..\\system_stm32f30x.c                   0x00000000   Number         0  system_stm32f30x.o ABSOLUTE
    ..\main.c                                0x00000000   Number         0  main.o ABSOLUTE
    ..\stm32f30x_it.c                        0x00000000   Number         0  stm32f30x_it.o ABSOLUTE
    ..\system_stm32f30x.c                    0x00000000   Number         0  system_stm32f30x.o ABSOLUTE
    dc.s                                     0x00000000   Number         0  dc.o ABSOLUTE
    RESET                                    0x08000000   Section      392  startup_stm32f30x.o(RESET)
    !!!main                                  0x08000188   Section        8  __main.o(!!!main)
    !!!scatter                               0x08000190   Section       52  __scatter.o(!!!scatter)
    !!handler_copy                           0x080001c4   Section       26  __scatter_copy.o(!!handler_copy)
    !!handler_zi                             0x080001e0   Section       28  __scatter_zi.o(!!handler_zi)
    .ARM.Collect$$libinit$$00000000          0x080001fc   Section        2  libinit.o(.ARM.Collect$$libinit$$00000000)
    .ARM.Collect$$libinit$$00000001          0x080001fe   Section        4  libinit2.o(.ARM.Collect$$libinit$$00000001)
    .ARM.Collect$$libinit$$00000008          0x08000202   Section        0  libinit2.o(.ARM.Collect$$libinit$$00000008)
    .ARM.Collect$$libinit$$0000000A          0x08000202   Section        0  libinit2.o(.ARM.Collect$$libinit$$0000000A)
    .ARM.Collect$$libinit$$0000000C          0x08000202   Section        0  libinit2.o(.ARM.Collect$$libinit$$0000000C)
    .ARM.Collect$$libinit$$0000000F          0x08000202   Section        0  libinit2.o(.ARM.Collect$$libinit$$0000000F)
    .ARM.Collect$$libinit$$00000011          0x08000202   Section        0  libinit2.o(.ARM.Collect$$libinit$$00000011)
    .ARM.Collect$$libinit$$00000013          0x08000202   Section        0  libinit2.o(.ARM.Collect$$libinit$$00000013)
    .ARM.Collect$$libinit$$00000015          0x08000202   Section        0  libinit2.o(.ARM.Collect$$libinit$$00000015)
    .ARM.Collect$$libinit$$00000017          0x08000202   Section        0  libinit2.o(.ARM.Collect$$libinit$$00000017)
    .ARM.Collect$$libinit$$00000019          0x08000202   Section        0  libinit2.o(.ARM.Collect$$libinit$$00000019)
    .ARM.Collect$$libinit$$0000001B          0x08000202   Section        0  libinit2.o(.ARM.Collect$$libinit$$0000001B)
    .ARM.Collect$$libinit$$0000001D          0x08000202   Section        0  libinit2.o(.ARM.Collect$$libinit$$0000001D)
    .ARM.Collect$$libinit$$0000001F          0x08000202   Section        0  libinit2.o(.ARM.Collect$$libinit$$0000001F)
    .ARM.Collect$$libinit$$00000021          0x08000202   Section        0  libinit2.o(.ARM.Collect$$libinit$$00000021)
    .ARM.Collect$$libinit$$00000023          0x08000202   Section        0  libinit2.o(.ARM.Collect$$libinit$$00000023)
    .ARM.Collect$$libinit$$0000002A          0x08000202   Section        0  libinit2.o(.ARM.Collect$$libinit$$0000002A)
    .ARM.Collect$$libinit$$0000002C          0x08000202   Section        0  libinit2.o(.ARM.Collect$$libinit$$0000002C)
    .ARM.Collect$$libinit$$0000002E          0x08000202   Section        0  libinit2.o(.ARM.Collect$$libinit$$0000002E)
    .ARM.Collect$$libinit$$00000030          0x08000202   Section        0  libinit2.o(.ARM.Collect$$libinit$$00000030)
    .ARM.Collect$$libinit$$00000031          0x08000202   Section        2  libinit2.o(.ARM.Collect$$libinit$$00000031)
    .ARM.Collect$$libshutdown$$00000000      0x08000204   Section        2  libshutdown.o(.ARM.Collect$$libshutdown$$00000000)
    .ARM.Collect$$libshutdown$$00000003      0x08000206   Section        0  libshutdown2.o(.ARM.Collect$$libshutdown$$00000003)
    .ARM.Collect$$libshutdown$$00000006      0x08000206   Section        0  libshutdown2.o(.ARM.Collect$$libshutdown$$00000006)
    .ARM.Collect$$libshutdown$$00000009      0x08000206   Section        0  libshutdown2.o(.ARM.Collect$$libshutdown$$00000009)
    .ARM.Collect$$libshutdown$$0000000B      0x08000206   Section        0  libshutdown2.o(.ARM.Collect$$libshutdown$$0000000B)
    .ARM.Collect$$libshutdown$$0000000E      0x08000206   Section        0  libshutdown2.o(.ARM.Collect$$libshutdown$$0000000E)
    .ARM.Collect$$libshutdown$$0000000F      0x08000206   Section        2  libshutdown2.o(.ARM.Collect$$libshutdown$$0000000F)
    .ARM.Collect$$rtentry$$00000000          0x08000208   Section        0  rtentry.o(.ARM.Collect$$rtentry$$00000000)
    .ARM.Collect$$rtentry$$00000002          0x08000208   Section        0  rtentry2.o(.ARM.Collect$$rtentry$$00000002)
    .ARM.Collect$$rtentry$$00000004          0x08000208   Section        6  rtentry4.o(.ARM.Collect$$rtentry$$00000004)
    .ARM.Collect$$rtentry$$00000009          0x0800020e   Section        0  rtentry2.o(.ARM.Collect$$rtentry$$00000009)
    .ARM.Collect$$rtentry$$0000000A          0x0800020e   Section        4  rtentry2.o(.ARM.Collect$$rtentry$$0000000A)
    .ARM.Collect$$rtentry$$0000000C          0x08000212   Section        0  rtentry2.o(.ARM.Collect$$rtentry$$0000000C)
    .ARM.Collect$$rtentry$$0000000D          0x08000212   Section        8  rtentry2.o(.ARM.Collect$$rtentry$$0000000D)
    .ARM.Collect$$rtexit$$00000000           0x0800021a   Section        2  rtexit.o(.ARM.Collect$$rtexit$$00000000)
    .ARM.Collect$$rtexit$$00000002           0x0800021c   Section        0  rtexit2.o(.ARM.Collect$$rtexit$$00000002)
    .ARM.Collect$$rtexit$$00000003           0x0800021c   Section        4  rtexit2.o(.ARM.Collect$$rtexit$$00000003)
    .ARM.Collect$$rtexit$$00000004           0x08000220   Section        6  rtexit2.o(.ARM.Collect$$rtexit$$00000004)
    .text                                    0x08000228   Section       64  startup_stm32f30x.o(.text)
    $v0                                      0x08000228   Number         0  startup_stm32f30x.o(.text)
    .text                                    0x08000268   Section        0  stm32f30x_adc.o(.text)
    .text                                    0x08000ab4   Section        0  stm32f30x_dac.o(.text)
    .text                                    0x08000cc4   Section        0  stm32f30x_gpio.o(.text)
    .text                                    0x08000eb8   Section        0  stm32f30x_misc.o(.text)
    .text                                    0x08000f94   Section        0  stm32f30x_rcc.o(.text)
    .text                                    0x0800179c   Section        0  stm32f30x_tim.o(.text)
    TI4_Config                               0x08001fa7   Thumb Code   104  stm32f30x_tim.o(.text)
    TI3_Config                               0x08002021   Thumb Code    76  stm32f30x_tim.o(.text)
    TI2_Config                               0x0800207f   Thumb Code    66  stm32f30x_tim.o(.text)
    TI1_Config                               0x080020d1   Thumb Code    48  stm32f30x_tim.o(.text)
    .text                                    0x08002518   Section        0  stm32f30x_usart.o(.text)
    .text                                    0x08002a54   Section        0  main.o(.text)
    .text                                    0x08004d58   Section        0  stm32f30x_it.o(.text)
    .text                                    0x08004e1c   Section        0  system_stm32f30x.o(.text)
    SetSysClock                              0x08004e1d   Thumb Code   186  system_stm32f30x.o(.text)
    .text                                    0x08004ff8   Section        0  heapauxi.o(.text)
    .text                                    0x08004ffe   Section       74  sys_stackheap_outer.o(.text)
    .text                                    0x08005048   Section        0  exit.o(.text)
    .text                                    0x08005054   Section        8  libspace.o(.text)
    .text                                    0x0800505c   Section        0  sys_exit.o(.text)
    .text                                    0x08005068   Section        2  use_no_semi.o(.text)
    .text                                    0x0800506a   Section        0  indicate_semi.o(.text)
    x$fpl$dadd                               0x0800506c   Section      336  daddsub_clz.o(x$fpl$dadd)
    $v0                                      0x0800506c   Number         0  daddsub_clz.o(x$fpl$dadd)
    _dadd1                                   0x0800507d   Thumb Code     0  daddsub_clz.o(x$fpl$dadd)
    x$fpl$dcmpinf                            0x080051bc   Section       24  dcmpi.o(x$fpl$dcmpinf)
    $v0                                      0x080051bc   Number         0  dcmpi.o(x$fpl$dcmpinf)
    x$fpl$deqf                               0x080051d4   Section      120  deqf.o(x$fpl$deqf)
    $v0                                      0x080051d4   Number         0  deqf.o(x$fpl$deqf)
    x$fpl$dnaninf                            0x0800524c   Section      156  dnaninf.o(x$fpl$dnaninf)
    $v0                                      0x0800524c   Number         0  dnaninf.o(x$fpl$dnaninf)
    x$fpl$dretinf                            0x080052e8   Section       12  dretinf.o(x$fpl$dretinf)
    $v0                                      0x080052e8   Number         0  dretinf.o(x$fpl$dretinf)
    x$fpl$dsub                               0x080052f4   Section      468  daddsub_clz.o(x$fpl$dsub)
    $v0                                      0x080052f4   Number         0  daddsub_clz.o(x$fpl$dsub)
    _dsub1                                   0x08005305   Thumb Code     0  daddsub_clz.o(x$fpl$dsub)
    x$fpl$fpinit                             0x080054c8   Section       10  fpinit.o(x$fpl$fpinit)
    $v0                                      0x080054c8   Number         0  fpinit.o(x$fpl$fpinit)
    x$fpl$usenofp                            0x080054d2   Section        0  usenofp.o(x$fpl$usenofp)
    .data                                    0x20000000   Section       42  stm32f30x_rcc.o(.data)
    APBAHBPrescTable                         0x20000000   Data          16  stm32f30x_rcc.o(.data)
    ADCPrescTable                            0x20000010   Data          26  stm32f30x_rcc.o(.data)
    .data                                    0x20000030   Section       80  main.o(.data)
    .data                                    0x20000080   Section       10  stm32f30x_it.o(.data)
    .data                                    0x2000008c   Section       20  system_stm32f30x.o(.data)
    .bss                                     0x200000a0   Section      124  main.o(.bss)
    .bss                                     0x2000011c   Section       96  libspace.o(.bss)
    HEAP                                     0x20000180   Section      512  startup_stm32f30x.o(HEAP)
    Heap_Mem                                 0x20000180   Data         512  startup_stm32f30x.o(HEAP)
    STACK                                    0x20000380   Section     1024  startup_stm32f30x.o(STACK)
    Stack_Mem                                0x20000380   Data        1024  startup_stm32f30x.o(STACK)
    __initial_sp                             0x20000780   Data           0  startup_stm32f30x.o(STACK)

    Global Symbols

    Symbol Name                              Value     Ov Type        Size  Object(Section)

    BuildAttributes$$THM_ISAv4$E$P$D$K$B$S$7EM$VFPi3$EXTD16$VFPS$VFMA$PE$A:L22UL41UL21$X:L11$S22US41US21$IEEE1$IW$USESV6$~STKCKD$USESV7$~SHL$OSPACE$ROPI$EBA8$UX$STANDARDLIB$REQ8$PRES8$EABIv2 0x00000000   Number         0  anon$$obj.o ABSOLUTE
    __ARM_use_no_argv                        0x00000000   Number         0  main.o ABSOLUTE
    __ARM_exceptions_init                     - Undefined Weak Reference
    __alloca_initialize                       - Undefined Weak Reference
    __cpp_initialize__aeabi_                  - Undefined Weak Reference
    __cxa_finalize                            - Undefined Weak Reference
    __rt_locale                               - Undefined Weak Reference
    __sigvec_lookup                           - Undefined Weak Reference
    _atexit_init                              - Undefined Weak Reference
    _call_atexit_fns                          - Undefined Weak Reference
    _clock_init                               - Undefined Weak Reference
    _fp_trap_init                             - Undefined Weak Reference
    _fp_trap_shutdown                         - Undefined Weak Reference
    _get_lc_collate                           - Undefined Weak Reference
    _get_lc_ctype                             - Undefined Weak Reference
    _get_lc_monetary                          - Undefined Weak Reference
    _get_lc_numeric                           - Undefined Weak Reference
    _get_lc_time                              - Undefined Weak Reference
    _getenv_init                              - Undefined Weak Reference
    _handle_redirection                       - Undefined Weak Reference
    _init_alloc                               - Undefined Weak Reference
    _init_user_alloc                          - Undefined Weak Reference
    _initio                                   - Undefined Weak Reference
    _rand_init                                - Undefined Weak Reference
    _signal_finish                            - Undefined Weak Reference
    _signal_init                              - Undefined Weak Reference
    _terminate_alloc                          - Undefined Weak Reference
    _terminate_user_alloc                     - Undefined Weak Reference
    _terminateio                              - Undefined Weak Reference
    __Vectors_Size                           0x00000188   Number         0  startup_stm32f30x.o ABSOLUTE
    __Vectors                                0x08000000   Data           4  startup_stm32f30x.o(RESET)
    __Vectors_End                            0x08000188   Data           0  startup_stm32f30x.o(RESET)
    __main                                   0x08000189   Thumb Code     8  __main.o(!!!main)
    __scatterload                            0x08000191   Thumb Code     0  __scatter.o(!!!scatter)
    __scatterload_rt2                        0x08000191   Thumb Code    44  __scatter.o(!!!scatter)
    __scatterload_rt2_thumb_only             0x08000191   Thumb Code     0  __scatter.o(!!!scatter)
    __scatterload_null                       0x0800019f   Thumb Code     0  __scatter.o(!!!scatter)
    __scatterload_copy                       0x080001c5   Thumb Code    26  __scatter_copy.o(!!handler_copy)
    __scatterload_zeroinit                   0x080001e1   Thumb Code    28  __scatter_zi.o(!!handler_zi)
    __rt_lib_init                            0x080001fd   Thumb Code     0  libinit.o(.ARM.Collect$$libinit$$00000000)
    __rt_lib_init_fp_1                       0x080001ff   Thumb Code     0  libinit2.o(.ARM.Collect$$libinit$$00000001)
    __rt_lib_init_alloca_1                   0x08000203   Thumb Code     0  libinit2.o(.ARM.Collect$$libinit$$0000002C)
    __rt_lib_init_argv_1                     0x08000203   Thumb Code     0  libinit2.o(.ARM.Collect$$libinit$$0000002A)
    __rt_lib_init_atexit_1                   0x08000203   Thumb Code     0  libinit2.o(.ARM.Collect$$libinit$$00000019)
    __rt_lib_init_clock_1                    0x08000203   Thumb Code     0  libinit2.o(.ARM.Collect$$libinit$$0000001F)
    __rt_lib_init_cpp_1                      0x08000203   Thumb Code     0  libinit2.o(.ARM.Collect$$libinit$$00000030)
    __rt_lib_init_exceptions_1               0x08000203   Thumb Code     0  libinit2.o(.ARM.Collect$$libinit$$0000002E)
    __rt_lib_init_fp_trap_1                  0x08000203   Thumb Code     0  libinit2.o(.ARM.Collect$$libinit$$0000001D)
    __rt_lib_init_getenv_1                   0x08000203   Thumb Code     0  libinit2.o(.ARM.Collect$$libinit$$00000021)
    __rt_lib_init_heap_1                     0x08000203   Thumb Code     0  libinit2.o(.ARM.Collect$$libinit$$00000008)
    __rt_lib_init_lc_collate_1               0x08000203   Thumb Code     0  libinit2.o(.ARM.Collect$$libinit$$0000000F)
    __rt_lib_init_lc_ctype_1                 0x08000203   Thumb Code     0  libinit2.o(.ARM.Collect$$libinit$$00000011)
    __rt_lib_init_lc_monetary_1              0x08000203   Thumb Code     0  libinit2.o(.ARM.Collect$$libinit$$00000013)
    __rt_lib_init_lc_numeric_1               0x08000203   Thumb Code     0  libinit2.o(.ARM.Collect$$libinit$$00000015)
    __rt_lib_init_lc_time_1                  0x08000203   Thumb Code     0  libinit2.o(.ARM.Collect$$libinit$$00000017)
    __rt_lib_init_rand_1                     0x08000203   Thumb Code     0  libinit2.o(.ARM.Collect$$libinit$$0000000C)
    __rt_lib_init_return                     0x08000203   Thumb Code     0  libinit2.o(.ARM.Collect$$libinit$$00000031)
    __rt_lib_init_signal_1                   0x08000203   Thumb Code     0  libinit2.o(.ARM.Collect$$libinit$$0000001B)
    __rt_lib_init_stdio_1                    0x08000203   Thumb Code     0  libinit2.o(.ARM.Collect$$libinit$$00000023)
    __rt_lib_init_user_alloc_1               0x08000203   Thumb Code     0  libinit2.o(.ARM.Collect$$libinit$$0000000A)
    __rt_lib_shutdown                        0x08000205   Thumb Code     0  libshutdown.o(.ARM.Collect$$libshutdown$$00000000)
    __rt_lib_shutdown_fp_trap_1              0x08000207   Thumb Code     0  libshutdown2.o(.ARM.Collect$$libshutdown$$00000006)
    __rt_lib_shutdown_heap_1                 0x08000207   Thumb Code     0  libshutdown2.o(.ARM.Collect$$libshutdown$$0000000E)
    __rt_lib_shutdown_return                 0x08000207   Thumb Code     0  libshutdown2.o(.ARM.Collect$$libshutdown$$0000000F)
    __rt_lib_shutdown_signal_1               0x08000207   Thumb Code     0  libshutdown2.o(.ARM.Collect$$libshutdown$$00000009)
    __rt_lib_shutdown_stdio_1                0x08000207   Thumb Code     0  libshutdown2.o(.ARM.Collect$$libshutdown$$00000003)
    __rt_lib_shutdown_user_alloc_1           0x08000207   Thumb Code     0  libshutdown2.o(.ARM.Collect$$libshutdown$$0000000B)
    __rt_entry                               0x08000209   Thumb Code     0  rtentry.o(.ARM.Collect$$rtentry$$00000000)
    __rt_entry_presh_1                       0x08000209   Thumb Code     0  rtentry2.o(.ARM.Collect$$rtentry$$00000002)
    __rt_entry_sh                            0x08000209   Thumb Code     0  rtentry4.o(.ARM.Collect$$rtentry$$00000004)
    __rt_entry_li                            0x0800020f   Thumb Code     0  rtentry2.o(.ARM.Collect$$rtentry$$0000000A)
    __rt_entry_postsh_1                      0x0800020f   Thumb Code     0  rtentry2.o(.ARM.Collect$$rtentry$$00000009)
    __rt_entry_main                          0x08000213   Thumb Code     0  rtentry2.o(.ARM.Collect$$rtentry$$0000000D)
    __rt_entry_postli_1                      0x08000213   Thumb Code     0  rtentry2.o(.ARM.Collect$$rtentry$$0000000C)
    __rt_exit                                0x0800021b   Thumb Code     0  rtexit.o(.ARM.Collect$$rtexit$$00000000)
    __rt_exit_ls                             0x0800021d   Thumb Code     0  rtexit2.o(.ARM.Collect$$rtexit$$00000003)
    __rt_exit_prels_1                        0x0800021d   Thumb Code     0  rtexit2.o(.ARM.Collect$$rtexit$$00000002)
    __rt_exit_exit                           0x08000221   Thumb Code     0  rtexit2.o(.ARM.Collect$$rtexit$$00000004)
    Reset_Handler                            0x08000229   Thumb Code     8  startup_stm32f30x.o(.text)
    ADC1_2_IRQHandler                        0x08000243   Thumb Code     0  startup_stm32f30x.o(.text)
    ADC3_IRQHandler                          0x08000243   Thumb Code     0  startup_stm32f30x.o(.text)
    ADC4_IRQHandler                          0x08000243   Thumb Code     0  startup_stm32f30x.o(.text)
    CAN1_RX1_IRQHandler                      0x08000243   Thumb Code     0  startup_stm32f30x.o(.text)
    CAN1_SCE_IRQHandler                      0x08000243   Thumb Code     0  startup_stm32f30x.o(.text)
    COMP1_2_3_IRQHandler                     0x08000243   Thumb Code     0  startup_stm32f30x.o(.text)
    COMP4_5_6_IRQHandler                     0x08000243   Thumb Code     0  startup_stm32f30x.o(.text)
    COMP7_IRQHandler                         0x08000243   Thumb Code     0  startup_stm32f30x.o(.text)
    DMA1_Channel1_IRQHandler                 0x08000243   Thumb Code     0  startup_stm32f30x.o(.text)
    DMA1_Channel2_IRQHandler                 0x08000243   Thumb Code     0  startup_stm32f30x.o(.text)
    DMA1_Channel3_IRQHandler                 0x08000243   Thumb Code     0  startup_stm32f30x.o(.text)
    DMA1_Channel4_IRQHandler                 0x08000243   Thumb Code     0  startup_stm32f30x.o(.text)
    DMA1_Channel5_IRQHandler                 0x08000243   Thumb Code     0  startup_stm32f30x.o(.text)
    DMA1_Channel6_IRQHandler                 0x08000243   Thumb Code     0  startup_stm32f30x.o(.text)
    DMA1_Channel7_IRQHandler                 0x08000243   Thumb Code     0  startup_stm32f30x.o(.text)
    DMA2_Channel1_IRQHandler                 0x08000243   Thumb Code     0  startup_stm32f30x.o(.text)
    DMA2_Channel2_IRQHandler                 0x08000243   Thumb Code     0  startup_stm32f30x.o(.text)
    DMA2_Channel3_IRQHandler                 0x08000243   Thumb Code     0  startup_stm32f30x.o(.text)
    DMA2_Channel4_IRQHandler                 0x08000243   Thumb Code     0  startup_stm32f30x.o(.text)
    DMA2_Channel5_IRQHandler                 0x08000243   Thumb Code     0  startup_stm32f30x.o(.text)
    EXTI0_IRQHandler                         0x08000243   Thumb Code     0  startup_stm32f30x.o(.text)
    EXTI15_10_IRQHandler                     0x08000243   Thumb Code     0  startup_stm32f30x.o(.text)
    EXTI1_IRQHandler                         0x08000243   Thumb Code     0  startup_stm32f30x.o(.text)
    EXTI2_TS_IRQHandler                      0x08000243   Thumb Code     0  startup_stm32f30x.o(.text)
    EXTI3_IRQHandler                         0x08000243   Thumb Code     0  startup_stm32f30x.o(.text)
    EXTI4_IRQHandler                         0x08000243   Thumb Code     0  startup_stm32f30x.o(.text)
    EXTI9_5_IRQHandler                       0x08000243   Thumb Code     0  startup_stm32f30x.o(.text)
    FLASH_IRQHandler                         0x08000243   Thumb Code     0  startup_stm32f30x.o(.text)
    FPU_IRQHandler                           0x08000243   Thumb Code     0  startup_stm32f30x.o(.text)
    I2C1_ER_IRQHandler                       0x08000243   Thumb Code     0  startup_stm32f30x.o(.text)
    I2C1_EV_IRQHandler                       0x08000243   Thumb Code     0  startup_stm32f30x.o(.text)
    I2C2_ER_IRQHandler                       0x08000243   Thumb Code     0  startup_stm32f30x.o(.text)
    I2C2_EV_IRQHandler                       0x08000243   Thumb Code     0  startup_stm32f30x.o(.text)
    PVD_IRQHandler                           0x08000243   Thumb Code     0  startup_stm32f30x.o(.text)
    RCC_IRQHandler                           0x08000243   Thumb Code     0  startup_stm32f30x.o(.text)
    RTC_Alarm_IRQHandler                     0x08000243   Thumb Code     0  startup_stm32f30x.o(.text)
    RTC_WKUP_IRQHandler                      0x08000243   Thumb Code     0  startup_stm32f30x.o(.text)
    SPI1_IRQHandler                          0x08000243   Thumb Code     0  startup_stm32f30x.o(.text)
    SPI2_IRQHandler                          0x08000243   Thumb Code     0  startup_stm32f30x.o(.text)
    SPI3_IRQHandler                          0x08000243   Thumb Code     0  startup_stm32f30x.o(.text)
    TAMPER_STAMP_IRQHandler                  0x08000243   Thumb Code     0  startup_stm32f30x.o(.text)
    TIM1_BRK_TIM15_IRQHandler                0x08000243   Thumb Code     0  startup_stm32f30x.o(.text)
    TIM1_CC_IRQHandler                       0x08000243   Thumb Code     0  startup_stm32f30x.o(.text)
    TIM1_TRG_COM_TIM17_IRQHandler            0x08000243   Thumb Code     0  startup_stm32f30x.o(.text)
    TIM1_UP_TIM16_IRQHandler                 0x08000243   Thumb Code     0  startup_stm32f30x.o(.text)
    TIM4_IRQHandler                          0x08000243   Thumb Code     0  startup_stm32f30x.o(.text)
    TIM6_DAC_IRQHandler                      0x08000243   Thumb Code     0  startup_stm32f30x.o(.text)
    TIM7_IRQHandler                          0x08000243   Thumb Code     0  startup_stm32f30x.o(.text)
    TIM8_BRK_IRQHandler                      0x08000243   Thumb Code     0  startup_stm32f30x.o(.text)
    TIM8_CC_IRQHandler                       0x08000243   Thumb Code     0  startup_stm32f30x.o(.text)
    TIM8_TRG_COM_IRQHandler                  0x08000243   Thumb Code     0  startup_stm32f30x.o(.text)
    TIM8_UP_IRQHandler                       0x08000243   Thumb Code     0  startup_stm32f30x.o(.text)
    UART4_IRQHandler                         0x08000243   Thumb Code     0  startup_stm32f30x.o(.text)
    UART5_IRQHandler                         0x08000243   Thumb Code     0  startup_stm32f30x.o(.text)
    USART1_IRQHandler                        0x08000243   Thumb Code     0  startup_stm32f30x.o(.text)
    USART2_IRQHandler                        0x08000243   Thumb Code     0  startup_stm32f30x.o(.text)
    USART3_IRQHandler                        0x08000243   Thumb Code     0  startup_stm32f30x.o(.text)
    USBWakeUp_IRQHandler                     0x08000243   Thumb Code     0  startup_stm32f30x.o(.text)
    USBWakeUp_RMP_IRQHandler                 0x08000243   Thumb Code     0  startup_stm32f30x.o(.text)
    USB_HP_CAN1_TX_IRQHandler                0x08000243   Thumb Code     0  startup_stm32f30x.o(.text)
    USB_HP_IRQHandler                        0x08000243   Thumb Code     0  startup_stm32f30x.o(.text)
    USB_LP_CAN1_RX0_IRQHandler               0x08000243   Thumb Code     0  startup_stm32f30x.o(.text)
    USB_LP_IRQHandler                        0x08000243   Thumb Code     0  startup_stm32f30x.o(.text)
    WWDG_IRQHandler                          0x08000243   Thumb Code     0  startup_stm32f30x.o(.text)
    __user_initial_stackheap                 0x08000245   Thumb Code     0  startup_stm32f30x.o(.text)
    ADC_DeInit                               0x08000269   Thumb Code    68  stm32f30x_adc.o(.text)
    ADC_Init                                 0x080002ad   Thumb Code    58  stm32f30x_adc.o(.text)
    ADC_StructInit                           0x080002e7   Thumb Code    22  stm32f30x_adc.o(.text)
    ADC_InjectedInit                         0x080002fd   Thumb Code    48  stm32f30x_adc.o(.text)
    ADC_InjectedStructInit                   0x0800032d   Thumb Code    20  stm32f30x_adc.o(.text)
    ADC_CommonInit                           0x08000341   Thumb Code    84  stm32f30x_adc.o(.text)
    ADC_CommonStructInit                     0x08000395   Thumb Code    14  stm32f30x_adc.o(.text)
    ADC_Cmd                                  0x080003a3   Thumb Code    22  stm32f30x_adc.o(.text)
    ADC_StartCalibration                     0x080003b9   Thumb Code    10  stm32f30x_adc.o(.text)
    ADC_GetCalibrationValue                  0x080003c3   Thumb Code     8  stm32f30x_adc.o(.text)
    ADC_SetCalibrationValue                  0x080003cb   Thumb Code     6  stm32f30x_adc.o(.text)
    ADC_SelectCalibrationMode                0x080003d1   Thumb Code    16  stm32f30x_adc.o(.text)
    ADC_GetCalibrationStatus                 0x080003e1   Thumb Code    20  stm32f30x_adc.o(.text)
    ADC_DisableCmd                           0x080003f5   Thumb Code    10  stm32f30x_adc.o(.text)
    ADC_GetDisableCmdStatus                  0x080003ff   Thumb Code    20  stm32f30x_adc.o(.text)
    ADC_VoltageRegulatorCmd                  0x08000413   Thumb Code    30  stm32f30x_adc.o(.text)
    ADC_SelectDifferentialMode               0x08000431   Thumb Code    36  stm32f30x_adc.o(.text)
    ADC_SelectQueueOfContextMode             0x08000455   Thumb Code    22  stm32f30x_adc.o(.text)
    ADC_AutoDelayCmd                         0x0800046b   Thumb Code    22  stm32f30x_adc.o(.text)
    ADC_AnalogWatchdogCmd                    0x08000481   Thumb Code    16  stm32f30x_adc.o(.text)
    ADC_AnalogWatchdog1ThresholdsConfig      0x08000491   Thumb Code    34  stm32f30x_adc.o(.text)
    ADC_AnalogWatchdog2ThresholdsConfig      0x080004b3   Thumb Code    32  stm32f30x_adc.o(.text)
    ADC_AnalogWatchdog3ThresholdsConfig      0x080004d3   Thumb Code    32  stm32f30x_adc.o(.text)
    ADC_AnalogWatchdog1SingleChannelConfig   0x080004f3   Thumb Code    18  stm32f30x_adc.o(.text)
    ADC_AnalogWatchdog2SingleChannelConfig   0x08000505   Thumb Code    28  stm32f30x_adc.o(.text)
    ADC_AnalogWatchdog3SingleChannelConfig   0x08000521   Thumb Code    28  stm32f30x_adc.o(.text)
    ADC_TempSensorCmd                        0x0800053d   Thumb Code    80  stm32f30x_adc.o(.text)
    ADC_VrefintCmd                           0x0800058d   Thumb Code    80  stm32f30x_adc.o(.text)
    ADC_VbatCmd                              0x080005dd   Thumb Code    80  stm32f30x_adc.o(.text)
    ADC_RegularChannelConfig                 0x0800062d   Thumb Code   288  stm32f30x_adc.o(.text)
    ADC_RegularChannelSequencerLengthConfig  0x0800074d   Thumb Code    18  stm32f30x_adc.o(.text)
    ADC_ExternalTriggerConfig                0x0800075f   Thumb Code    22  stm32f30x_adc.o(.text)
    ADC_StartConversion                      0x08000775   Thumb Code    10  stm32f30x_adc.o(.text)
    ADC_GetStartConversionStatus             0x0800077f   Thumb Code    20  stm32f30x_adc.o(.text)
    ADC_StopConversion                       0x08000793   Thumb Code    10  stm32f30x_adc.o(.text)
    ADC_DiscModeChannelCountConfig           0x0800079d   Thumb Code    24  stm32f30x_adc.o(.text)
    ADC_DiscModeCmd                          0x080007b5   Thumb Code    22  stm32f30x_adc.o(.text)
    ADC_GetConversionValue                   0x080007cb   Thumb Code     8  stm32f30x_adc.o(.text)
    ADC_GetDualModeConversionValue           0x080007d3   Thumb Code    28  stm32f30x_adc.o(.text)
    ADC_SetChannelOffset1                    0x080007ef   Thumb Code    32  stm32f30x_adc.o(.text)
    ADC_SetChannelOffset2                    0x0800080f   Thumb Code    32  stm32f30x_adc.o(.text)
    ADC_SetChannelOffset3                    0x0800082f   Thumb Code    32  stm32f30x_adc.o(.text)
    ADC_SetChannelOffset4                    0x0800084f   Thumb Code    32  stm32f30x_adc.o(.text)
    ADC_ChannelOffset1Cmd                    0x0800086f   Thumb Code    22  stm32f30x_adc.o(.text)
    ADC_ChannelOffset2Cmd                    0x08000885   Thumb Code    22  stm32f30x_adc.o(.text)
    ADC_ChannelOffset3Cmd                    0x0800089b   Thumb Code    22  stm32f30x_adc.o(.text)
    ADC_ChannelOffset4Cmd                    0x080008b1   Thumb Code    22  stm32f30x_adc.o(.text)
    ADC_DMACmd                               0x080008c7   Thumb Code    22  stm32f30x_adc.o(.text)
    ADC_DMAConfig                            0x080008dd   Thumb Code    16  stm32f30x_adc.o(.text)
    ADC_InjectedChannelConfig                0x080008ed   Thumb Code   114  stm32f30x_adc.o(.text)
    ADC_InjectedSequencerLengthConfig        0x0800095f   Thumb Code    18  stm32f30x_adc.o(.text)
    ADC_ExternalTriggerInjectedConfig        0x08000971   Thumb Code    22  stm32f30x_adc.o(.text)
    ADC_StartInjectedConversion              0x08000987   Thumb Code    10  stm32f30x_adc.o(.text)
    ADC_StopInjectedConversion               0x08000991   Thumb Code    10  stm32f30x_adc.o(.text)
    ADC_GetStartInjectedConversionStatus     0x0800099b   Thumb Code    20  stm32f30x_adc.o(.text)
    ADC_AutoInjectedConvCmd                  0x080009af   Thumb Code    22  stm32f30x_adc.o(.text)
    ADC_InjectedDiscModeCmd                  0x080009c5   Thumb Code    22  stm32f30x_adc.o(.text)
    ADC_GetInjectedConversionValue           0x080009db   Thumb Code    28  stm32f30x_adc.o(.text)
    ADC_ITConfig                             0x080009f7   Thumb Code    18  stm32f30x_adc.o(.text)
    ADC_GetFlagStatus                        0x08000a09   Thumb Code    18  stm32f30x_adc.o(.text)
    ADC_ClearFlag                            0x08000a1b   Thumb Code     4  stm32f30x_adc.o(.text)
    ADC_GetCommonFlagStatus                  0x08000a1f   Thumb Code    44  stm32f30x_adc.o(.text)
    ADC_ClearCommonFlag                      0x08000a4b   Thumb Code    46  stm32f30x_adc.o(.text)
    ADC_GetITStatus                          0x08000a79   Thumb Code    34  stm32f30x_adc.o(.text)
    ADC_ClearITPendingBit                    0x08000a9b   Thumb Code     8  stm32f30x_adc.o(.text)
    DAC_DeInit                               0x08000ab5   Thumb Code    22  stm32f30x_dac.o(.text)
    DAC_Init                                 0x08000acb   Thumb Code    46  stm32f30x_dac.o(.text)
    DAC_StructInit                           0x08000af9   Thumb Code    12  stm32f30x_dac.o(.text)
    DAC_Cmd                                  0x08000b05   Thumb Code    34  stm32f30x_dac.o(.text)
    DAC_SoftwareTriggerCmd                   0x08000b27   Thumb Code    48  stm32f30x_dac.o(.text)
    DAC_DualSoftwareTriggerCmd               0x08000b57   Thumb Code    38  stm32f30x_dac.o(.text)
    DAC_WaveGenerationCmd                    0x08000b7d   Thumb Code    36  stm32f30x_dac.o(.text)
    DAC_SetChannel1Data                      0x08000ba1   Thumb Code    26  stm32f30x_dac.o(.text)
    DAC_SetChannel2Data                      0x08000bbb   Thumb Code    26  stm32f30x_dac.o(.text)
    DAC_SetDualChannelData                   0x08000bd5   Thumb Code    32  stm32f30x_dac.o(.text)
    DAC_GetDataOutputValue                   0x08000bf5   Thumb Code    32  stm32f30x_dac.o(.text)
    DAC_DMACmd                               0x08000c15   Thumb Code    38  stm32f30x_dac.o(.text)
    DAC_ITConfig                             0x08000c3b   Thumb Code    36  stm32f30x_dac.o(.text)
    DAC_GetFlagStatus                        0x08000c5f   Thumb Code    28  stm32f30x_dac.o(.text)
    DAC_ClearFlag                            0x08000c7b   Thumb Code    12  stm32f30x_dac.o(.text)
    DAC_GetITStatus                          0x08000c87   Thumb Code    44  stm32f30x_dac.o(.text)
    DAC_ClearITPendingBit                    0x08000cb3   Thumb Code    12  stm32f30x_dac.o(.text)
    GPIO_DeInit                              0x08000cc5   Thumb Code   154  stm32f30x_gpio.o(.text)
    GPIO_Init                                0x08000d5f   Thumb Code   144  stm32f30x_gpio.o(.text)
    GPIO_StructInit                          0x08000def   Thumb Code    22  stm32f30x_gpio.o(.text)
    GPIO_PinLockConfig                       0x08000e05   Thumb Code    18  stm32f30x_gpio.o(.text)
    GPIO_ReadInputDataBit                    0x08000e17   Thumb Code    18  stm32f30x_gpio.o(.text)
    GPIO_ReadInputData                       0x08000e29   Thumb Code     6  stm32f30x_gpio.o(.text)
    GPIO_ReadOutputDataBit                   0x08000e2f   Thumb Code    18  stm32f30x_gpio.o(.text)
    GPIO_ReadOutputData                      0x08000e41   Thumb Code     6  stm32f30x_gpio.o(.text)
    GPIO_SetBits                             0x08000e47   Thumb Code     4  stm32f30x_gpio.o(.text)
    GPIO_ResetBits                           0x08000e4b   Thumb Code     4  stm32f30x_gpio.o(.text)
    GPIO_WriteBit                            0x08000e4f   Thumb Code    10  stm32f30x_gpio.o(.text)
    GPIO_Write                               0x08000e59   Thumb Code     4  stm32f30x_gpio.o(.text)
    GPIO_PinAFConfig                         0x08000e5d   Thumb Code    70  stm32f30x_gpio.o(.text)
    NVIC_PriorityGroupConfig                 0x08000eb9   Thumb Code    10  stm32f30x_misc.o(.text)
    NVIC_Init                                0x08000ec3   Thumb Code   102  stm32f30x_misc.o(.text)
    NVIC_SetVectorTable                      0x08000f29   Thumb Code    14  stm32f30x_misc.o(.text)
    NVIC_SystemLPConfig                      0x08000f37   Thumb Code    34  stm32f30x_misc.o(.text)
    SysTick_CLKSourceConfig                  0x08000f59   Thumb Code    40  stm32f30x_misc.o(.text)
    RCC_DeInit                               0x08000f95   Thumb Code    84  stm32f30x_rcc.o(.text)
    RCC_HSEConfig                            0x08000fe9   Thumb Code    12  stm32f30x_rcc.o(.text)
    RCC_GetFlagStatus                        0x08000ff5   Thumb Code    64  stm32f30x_rcc.o(.text)
    RCC_WaitForHSEStartUp                    0x08001035   Thumb Code    56  stm32f30x_rcc.o(.text)
    RCC_AdjustHSICalibrationValue            0x0800106d   Thumb Code    20  stm32f30x_rcc.o(.text)
    RCC_HSICmd                               0x08001081   Thumb Code     6  stm32f30x_rcc.o(.text)
    RCC_LSEConfig                            0x08001087   Thumb Code    32  stm32f30x_rcc.o(.text)
    RCC_LSEDriveConfig                       0x080010a7   Thumb Code    22  stm32f30x_rcc.o(.text)
    RCC_LSICmd                               0x080010bd   Thumb Code     6  stm32f30x_rcc.o(.text)
    RCC_PLLConfig                            0x080010c3   Thumb Code    28  stm32f30x_rcc.o(.text)
    RCC_PLLCmd                               0x080010df   Thumb Code     6  stm32f30x_rcc.o(.text)
    RCC_PREDIV1Config                        0x080010e5   Thumb Code    18  stm32f30x_rcc.o(.text)
    RCC_ClockSecuritySystemCmd               0x080010f7   Thumb Code     6  stm32f30x_rcc.o(.text)
    RCC_MCOConfig                            0x080010fd   Thumb Code     6  stm32f30x_rcc.o(.text)
    RCC_SYSCLKConfig                         0x08001103   Thumb Code    18  stm32f30x_rcc.o(.text)
    RCC_GetSYSCLKSource                      0x08001115   Thumb Code    10  stm32f30x_rcc.o(.text)
    RCC_HCLKConfig                           0x0800111f   Thumb Code    18  stm32f30x_rcc.o(.text)
    RCC_PCLK1Config                          0x08001131   Thumb Code    18  stm32f30x_rcc.o(.text)
    RCC_PCLK2Config                          0x08001143   Thumb Code    20  stm32f30x_rcc.o(.text)
    RCC_GetClocksFreq                        0x08001157   Thumb Code  1088  stm32f30x_rcc.o(.text)
    RCC_ADCCLKConfig                         0x08001597   Thumb Code    44  stm32f30x_rcc.o(.text)
    RCC_I2CCLKConfig                         0x080015c3   Thumb Code    44  stm32f30x_rcc.o(.text)
    RCC_TIMCLKConfig                         0x080015ef   Thumb Code    44  stm32f30x_rcc.o(.text)
    RCC_USARTCLKConfig                       0x0800161b   Thumb Code   104  stm32f30x_rcc.o(.text)
    RCC_USBCLKConfig                         0x08001683   Thumb Code     6  stm32f30x_rcc.o(.text)
    RCC_RTCCLKConfig                         0x08001689   Thumb Code    12  stm32f30x_rcc.o(.text)
    RCC_I2SCLKConfig                         0x08001695   Thumb Code     6  stm32f30x_rcc.o(.text)
    RCC_RTCCLKCmd                            0x0800169b   Thumb Code     6  stm32f30x_rcc.o(.text)
    RCC_BackupResetCmd                       0x080016a1   Thumb Code     8  stm32f30x_rcc.o(.text)
    RCC_AHBPeriphClockCmd                    0x080016a9   Thumb Code    26  stm32f30x_rcc.o(.text)
    RCC_APB2PeriphClockCmd                   0x080016c3   Thumb Code    26  stm32f30x_rcc.o(.text)
    RCC_APB1PeriphClockCmd                   0x080016dd   Thumb Code    26  stm32f30x_rcc.o(.text)
    RCC_AHBPeriphResetCmd                    0x080016f7   Thumb Code    26  stm32f30x_rcc.o(.text)
    RCC_APB2PeriphResetCmd                   0x08001711   Thumb Code    26  stm32f30x_rcc.o(.text)
    RCC_APB1PeriphResetCmd                   0x0800172b   Thumb Code    26  stm32f30x_rcc.o(.text)
    RCC_ITConfig                             0x08001745   Thumb Code    26  stm32f30x_rcc.o(.text)
    RCC_ClearFlag                            0x0800175f   Thumb Code    14  stm32f30x_rcc.o(.text)
    RCC_GetITStatus                          0x0800176d   Thumb Code    20  stm32f30x_rcc.o(.text)
    RCC_ClearITPendingBit                    0x08001781   Thumb Code     6  stm32f30x_rcc.o(.text)
    TIM_DeInit                               0x0800179d   Thumb Code   250  stm32f30x_tim.o(.text)
    TIM_TimeBaseInit                         0x08001897   Thumb Code   116  stm32f30x_tim.o(.text)
    TIM_TimeBaseStructInit                   0x0800190b   Thumb Code    18  stm32f30x_tim.o(.text)
    TIM_PrescalerConfig                      0x0800191d   Thumb Code     6  stm32f30x_tim.o(.text)
    TIM_CounterModeConfig                    0x08001923   Thumb Code    18  stm32f30x_tim.o(.text)
    TIM_SetCounter                           0x08001935   Thumb Code     4  stm32f30x_tim.o(.text)
    TIM_SetAutoreload                        0x08001939   Thumb Code     4  stm32f30x_tim.o(.text)
    TIM_GetCounter                           0x0800193d   Thumb Code     6  stm32f30x_tim.o(.text)
    TIM_GetPrescaler                         0x08001943   Thumb Code     6  stm32f30x_tim.o(.text)
    TIM_UpdateDisableConfig                  0x08001949   Thumb Code    24  stm32f30x_tim.o(.text)
    TIM_UpdateRequestConfig                  0x08001961   Thumb Code    24  stm32f30x_tim.o(.text)
    TIM_UIFRemap                             0x08001979   Thumb Code    24  stm32f30x_tim.o(.text)
    TIM_ARRPreloadConfig                     0x08001991   Thumb Code    24  stm32f30x_tim.o(.text)
    TIM_SelectOnePulseMode                   0x080019a9   Thumb Code    18  stm32f30x_tim.o(.text)
    TIM_SetClockDivision                     0x080019bb   Thumb Code    18  stm32f30x_tim.o(.text)
    TIM_Cmd                                  0x080019cd   Thumb Code    24  stm32f30x_tim.o(.text)
    TIM_OC1Init                              0x080019e5   Thumb Code   120  stm32f30x_tim.o(.text)
    TIM_OC2Init                              0x08001a5d   Thumb Code   116  stm32f30x_tim.o(.text)
    TIM_OC3Init                              0x08001ad1   Thumb Code   114  stm32f30x_tim.o(.text)
    TIM_OC4Init                              0x08001b43   Thumb Code   130  stm32f30x_tim.o(.text)
    TIM_OC5Init                              0x08001bc5   Thumb Code    80  stm32f30x_tim.o(.text)
    TIM_OC6Init                              0x08001c15   Thumb Code    88  stm32f30x_tim.o(.text)
    TIM_SelectGC5C1                          0x08001c6d   Thumb Code    22  stm32f30x_tim.o(.text)
    TIM_SelectGC5C2                          0x08001c83   Thumb Code    22  stm32f30x_tim.o(.text)
    TIM_SelectGC5C3                          0x08001c99   Thumb Code    22  stm32f30x_tim.o(.text)
    TIM_OCStructInit                         0x08001caf   Thumb Code    20  stm32f30x_tim.o(.text)
    TIM_SelectOCxM                           0x08001cc3   Thumb Code    84  stm32f30x_tim.o(.text)
    TIM_SetCompare1                          0x08001d17   Thumb Code     4  stm32f30x_tim.o(.text)
    TIM_SetCompare2                          0x08001d1b   Thumb Code     4  stm32f30x_tim.o(.text)
    TIM_SetCompare3                          0x08001d1f   Thumb Code     4  stm32f30x_tim.o(.text)
    TIM_SetCompare4                          0x08001d23   Thumb Code     4  stm32f30x_tim.o(.text)
    TIM_SetCompare5                          0x08001d27   Thumb Code     4  stm32f30x_tim.o(.text)
    TIM_SetCompare6                          0x08001d2b   Thumb Code     4  stm32f30x_tim.o(.text)
    TIM_ForcedOC1Config                      0x08001d2f   Thumb Code    16  stm32f30x_tim.o(.text)
    TIM_ForcedOC2Config                      0x08001d3f   Thumb Code    18  stm32f30x_tim.o(.text)
    TIM_ForcedOC3Config                      0x08001d51   Thumb Code    16  stm32f30x_tim.o(.text)
    TIM_ForcedOC4Config                      0x08001d61   Thumb Code    18  stm32f30x_tim.o(.text)
    TIM_ForcedOC5Config                      0x08001d73   Thumb Code    16  stm32f30x_tim.o(.text)
    TIM_ForcedOC6Config                      0x08001d83   Thumb Code    18  stm32f30x_tim.o(.text)
    TIM_OC1PreloadConfig                     0x08001d95   Thumb Code    16  stm32f30x_tim.o(.text)
    TIM_OC2PreloadConfig                     0x08001da5   Thumb Code    18  stm32f30x_tim.o(.text)
    TIM_OC3PreloadConfig                     0x08001db7   Thumb Code    16  stm32f30x_tim.o(.text)
    TIM_OC4PreloadConfig                     0x08001dc7   Thumb Code    18  stm32f30x_tim.o(.text)
    TIM_OC5PreloadConfig                     0x08001dd9   Thumb Code    16  stm32f30x_tim.o(.text)
    TIM_OC6PreloadConfig                     0x08001de9   Thumb Code    18  stm32f30x_tim.o(.text)
    TIM_OC1FastConfig                        0x08001dfb   Thumb Code    16  stm32f30x_tim.o(.text)
    TIM_OC2FastConfig                        0x08001e0b   Thumb Code    18  stm32f30x_tim.o(.text)
    TIM_OC3FastConfig                        0x08001e1d   Thumb Code    16  stm32f30x_tim.o(.text)
    TIM_OC4FastConfig                        0x08001e2d   Thumb Code    18  stm32f30x_tim.o(.text)
    TIM_ClearOC1Ref                          0x08001e3f   Thumb Code    16  stm32f30x_tim.o(.text)
    TIM_ClearOC2Ref                          0x08001e4f   Thumb Code    18  stm32f30x_tim.o(.text)
    TIM_ClearOC3Ref                          0x08001e61   Thumb Code    16  stm32f30x_tim.o(.text)
    TIM_ClearOC4Ref                          0x08001e71   Thumb Code    18  stm32f30x_tim.o(.text)
    TIM_ClearOC5Ref                          0x08001e83   Thumb Code    16  stm32f30x_tim.o(.text)
    TIM_ClearOC6Ref                          0x08001e93   Thumb Code    18  stm32f30x_tim.o(.text)
    TIM_SelectOCREFClear                     0x08001ea5   Thumb Code    18  stm32f30x_tim.o(.text)
    TIM_OC1PolarityConfig                    0x08001eb7   Thumb Code    16  stm32f30x_tim.o(.text)
    TIM_OC1NPolarityConfig                   0x08001ec7   Thumb Code    16  stm32f30x_tim.o(.text)
    TIM_OC2PolarityConfig                    0x08001ed7   Thumb Code    18  stm32f30x_tim.o(.text)
    TIM_OC2NPolarityConfig                   0x08001ee9   Thumb Code    18  stm32f30x_tim.o(.text)
    TIM_OC3PolarityConfig                    0x08001efb   Thumb Code    18  stm32f30x_tim.o(.text)
    TIM_OC3NPolarityConfig                   0x08001f0d   Thumb Code    18  stm32f30x_tim.o(.text)
    TIM_OC4PolarityConfig                    0x08001f1f   Thumb Code    18  stm32f30x_tim.o(.text)
    TIM_OC5PolarityConfig                    0x08001f31   Thumb Code    18  stm32f30x_tim.o(.text)
    TIM_OC6PolarityConfig                    0x08001f43   Thumb Code    18  stm32f30x_tim.o(.text)
    TIM_CCxCmd                               0x08001f55   Thumb Code    28  stm32f30x_tim.o(.text)
    TIM_CCxNCmd                              0x08001f71   Thumb Code    28  stm32f30x_tim.o(.text)
    TIM_SetIC4Prescaler                      0x08001f8d   Thumb Code    26  stm32f30x_tim.o(.text)
    TIM_SetIC3Prescaler                      0x0800200f   Thumb Code    18  stm32f30x_tim.o(.text)
    TIM_SetIC2Prescaler                      0x0800206d   Thumb Code    18  stm32f30x_tim.o(.text)
    TIM_SetIC1Prescaler                      0x080020c1   Thumb Code    16  stm32f30x_tim.o(.text)
    TIM_ICInit                               0x08002101   Thumb Code   110  stm32f30x_tim.o(.text)
    TIM_ICStructInit                         0x0800216f   Thumb Code    18  stm32f30x_tim.o(.text)
    TIM_PWMIConfig                           0x08002181   Thumb Code   124  stm32f30x_tim.o(.text)
    TIM_GetCapture1                          0x080021fd   Thumb Code     6  stm32f30x_tim.o(.text)
    TIM_GetCapture2                          0x08002203   Thumb Code     6  stm32f30x_tim.o(.text)
    TIM_GetCapture3                          0x08002209   Thumb Code     6  stm32f30x_tim.o(.text)
    TIM_GetCapture4                          0x0800220f   Thumb Code     6  stm32f30x_tim.o(.text)
    TIM_BDTRConfig                           0x08002215   Thumb Code    30  stm32f30x_tim.o(.text)
    TIM_Break1Config                         0x08002233   Thumb Code    22  stm32f30x_tim.o(.text)
    TIM_Break2Config                         0x08002249   Thumb Code    22  stm32f30x_tim.o(.text)
    TIM_Break1Cmd                            0x0800225f   Thumb Code    22  stm32f30x_tim.o(.text)
    TIM_Break2Cmd                            0x08002275   Thumb Code    22  stm32f30x_tim.o(.text)
    TIM_BDTRStructInit                       0x0800228b   Thumb Code    18  stm32f30x_tim.o(.text)
    TIM_CtrlPWMOutputs                       0x0800229d   Thumb Code    22  stm32f30x_tim.o(.text)
    TIM_SelectCOM                            0x080022b3   Thumb Code    24  stm32f30x_tim.o(.text)
    TIM_CCPreloadControl                     0x080022cb   Thumb Code    24  stm32f30x_tim.o(.text)
    TIM_ITConfig                             0x080022e3   Thumb Code    24  stm32f30x_tim.o(.text)
    TIM_GenerateEvent                        0x080022fb   Thumb Code     4  stm32f30x_tim.o(.text)
    TIM_GetFlagStatus                        0x080022ff   Thumb Code    18  stm32f30x_tim.o(.text)
    TIM_ClearFlag                            0x08002311   Thumb Code     8  stm32f30x_tim.o(.text)
    TIM_GetITStatus                          0x08002319   Thumb Code    34  stm32f30x_tim.o(.text)
    TIM_ClearITPendingBit                    0x0800233b   Thumb Code     8  stm32f30x_tim.o(.text)
    TIM_DMAConfig                            0x08002343   Thumb Code    10  stm32f30x_tim.o(.text)
    TIM_DMACmd                               0x0800234d   Thumb Code    24  stm32f30x_tim.o(.text)
    TIM_SelectCCDMA                          0x08002365   Thumb Code    24  stm32f30x_tim.o(.text)
    TIM_InternalClockConfig                  0x0800237d   Thumb Code    12  stm32f30x_tim.o(.text)
    TIM_SelectInputTrigger                   0x08002389   Thumb Code    20  stm32f30x_tim.o(.text)
    TIM_ITRxExternalClockConfig              0x0800239d   Thumb Code    24  stm32f30x_tim.o(.text)
    TIM_TIxExternalClockConfig               0x080023b5   Thumb Code    62  stm32f30x_tim.o(.text)
    TIM_ETRConfig                            0x080023f3   Thumb Code    30  stm32f30x_tim.o(.text)
    TIM_ETRClockMode1Config                  0x08002411   Thumb Code    56  stm32f30x_tim.o(.text)
    TIM_ETRClockMode2Config                  0x08002449   Thumb Code    32  stm32f30x_tim.o(.text)
    TIM_SelectOutputTrigger                  0x08002469   Thumb Code    18  stm32f30x_tim.o(.text)
    TIM_SelectOutputTrigger2                 0x0800247b   Thumb Code    16  stm32f30x_tim.o(.text)
    TIM_SelectSlaveMode                      0x0800248b   Thumb Code    16  stm32f30x_tim.o(.text)
    TIM_SelectMasterSlaveMode                0x0800249b   Thumb Code    18  stm32f30x_tim.o(.text)
    TIM_EncoderInterfaceConfig               0x080024ad   Thumb Code    72  stm32f30x_tim.o(.text)
    TIM_SelectHallSensor                     0x080024f5   Thumb Code    24  stm32f30x_tim.o(.text)
    TIM_RemapConfig                          0x0800250d   Thumb Code     6  stm32f30x_tim.o(.text)
    USART_DeInit                             0x08002519   Thumb Code   134  stm32f30x_usart.o(.text)
    USART_Init                               0x0800259f   Thumb Code   220  stm32f30x_usart.o(.text)
    USART_StructInit                         0x0800267b   Thumb Code    24  stm32f30x_usart.o(.text)
    USART_ClockInit                          0x08002693   Thumb Code    30  stm32f30x_usart.o(.text)
    USART_ClockStructInit                    0x080026b1   Thumb Code    12  stm32f30x_usart.o(.text)
    USART_Cmd                                0x080026bd   Thumb Code    22  stm32f30x_usart.o(.text)
    USART_DirectionModeCmd                   0x080026d3   Thumb Code    18  stm32f30x_usart.o(.text)
    USART_OverSampling8Cmd                   0x080026e5   Thumb Code    22  stm32f30x_usart.o(.text)
    USART_OneBitMethodCmd                    0x080026fb   Thumb Code    22  stm32f30x_usart.o(.text)
    USART_MSBFirstCmd                        0x08002711   Thumb Code    22  stm32f30x_usart.o(.text)
    USART_DataInvCmd                         0x08002727   Thumb Code    22  stm32f30x_usart.o(.text)
    USART_InvPinCmd                          0x0800273d   Thumb Code    18  stm32f30x_usart.o(.text)
    USART_SWAPPinCmd                         0x0800274f   Thumb Code    22  stm32f30x_usart.o(.text)
    USART_ReceiverTimeOutCmd                 0x08002765   Thumb Code    22  stm32f30x_usart.o(.text)
    USART_SetReceiverTimeOut                 0x0800277b   Thumb Code    16  stm32f30x_usart.o(.text)
    USART_SetPrescaler                       0x0800278b   Thumb Code    16  stm32f30x_usart.o(.text)
    USART_STOPModeCmd                        0x0800279b   Thumb Code    22  stm32f30x_usart.o(.text)
    USART_StopModeWakeUpSourceConfig         0x080027b1   Thumb Code    16  stm32f30x_usart.o(.text)
    USART_AutoBaudRateCmd                    0x080027c1   Thumb Code    22  stm32f30x_usart.o(.text)
    USART_AutoBaudRateConfig                 0x080027d7   Thumb Code    16  stm32f30x_usart.o(.text)
    USART_SendData                           0x080027e7   Thumb Code     8  stm32f30x_usart.o(.text)
    USART_ReceiveData                        0x080027ef   Thumb Code    10  stm32f30x_usart.o(.text)
    USART_SetAddress                         0x080027f9   Thumb Code    18  stm32f30x_usart.o(.text)
    USART_MuteModeCmd                        0x0800280b   Thumb Code    22  stm32f30x_usart.o(.text)
    USART_MuteModeWakeUpConfig               0x08002821   Thumb Code    16  stm32f30x_usart.o(.text)
    USART_AddressDetectionConfig             0x08002831   Thumb Code    16  stm32f30x_usart.o(.text)
    USART_LINBreakDetectLengthConfig         0x08002841   Thumb Code    16  stm32f30x_usart.o(.text)
    USART_LINCmd                             0x08002851   Thumb Code    22  stm32f30x_usart.o(.text)
    USART_HalfDuplexCmd                      0x08002867   Thumb Code    22  stm32f30x_usart.o(.text)
    USART_SetGuardTime                       0x0800287d   Thumb Code    16  stm32f30x_usart.o(.text)
    USART_SmartCardCmd                       0x0800288d   Thumb Code    22  stm32f30x_usart.o(.text)
    USART_SmartCardNACKCmd                   0x080028a3   Thumb Code    22  stm32f30x_usart.o(.text)
    USART_SetAutoRetryCount                  0x080028b9   Thumb Code    18  stm32f30x_usart.o(.text)
    USART_SetBlockLength                     0x080028cb   Thumb Code    18  stm32f30x_usart.o(.text)
    USART_IrDAConfig                         0x080028dd   Thumb Code    16  stm32f30x_usart.o(.text)
    USART_IrDACmd                            0x080028ed   Thumb Code    44  stm32f30x_usart.o(.text)
    USART_DECmd                              0x08002919   Thumb Code    22  stm32f30x_usart.o(.text)
    USART_DEPolarityConfig                   0x0800292f   Thumb Code    16  stm32f30x_usart.o(.text)
    USART_SetDEAssertionTime                 0x0800293f   Thumb Code    18  stm32f30x_usart.o(.text)
    USART_SetDEDeassertionTime               0x08002951   Thumb Code    18  stm32f30x_usart.o(.text)
    USART_DMACmd                             0x08002963   Thumb Code    18  stm32f30x_usart.o(.text)
    USART_DMAReceptionErrorConfig            0x08002975   Thumb Code    16  stm32f30x_usart.o(.text)
    USART_ITConfig                           0x08002985   Thumb Code    58  stm32f30x_usart.o(.text)
    USART_RequestCmd                         0x080029bf   Thumb Code    18  stm32f30x_usart.o(.text)
    USART_OverrunDetectionConfig             0x080029d1   Thumb Code    16  stm32f30x_usart.o(.text)
    USART_GetFlagStatus                      0x080029e1   Thumb Code    18  stm32f30x_usart.o(.text)
    USART_ClearFlag                          0x080029f3   Thumb Code     4  stm32f30x_usart.o(.text)
    USART_GetITStatus                        0x080029f7   Thumb Code    74  stm32f30x_usart.o(.text)
    USART_ClearITPendingBit                  0x08002a41   Thumb Code    18  stm32f30x_usart.o(.text)
    Display                                  0x08002a55   Thumb Code    30  main.o(.text)
    DisplayLine                              0x08002a73   Thumb Code    92  main.o(.text)
    DoubleToChar                             0x08002acf   Thumb Code  5416  main.o(.text)
    Rotary                                   0x08003ff7   Thumb Code   106  main.o(.text)
    UI_hl                                    0x08004061   Thumb Code  2606  main.o(.text)
    UART_Config                              0x08004a8f   Thumb Code   126  main.o(.text)
    DAC_Config                               0x08004b0d   Thumb Code    68  main.o(.text)
    ADC_Config                               0x08004b51   Thumb Code   198  main.o(.text)
    TIM3_Config                              0x08004c17   Thumb Code   108  main.o(.text)
    TIM2_Config                              0x08004c83   Thumb Code     2  main.o(.text)
    INPUT_Config                             0x08004c85   Thumb Code    38  main.o(.text)
    main                                     0x08004cab   Thumb Code    32  main.o(.text)
    Delay                                    0x08004ccb   Thumb Code    20  main.o(.text)
    NMI_Handler                              0x08004d59   Thumb Code     2  stm32f30x_it.o(.text)
    HardFault_Handler                        0x08004d5b   Thumb Code     4  stm32f30x_it.o(.text)
    MemManage_Handler                        0x08004d5f   Thumb Code     4  stm32f30x_it.o(.text)
    BusFault_Handler                         0x08004d63   Thumb Code     4  stm32f30x_it.o(.text)
    UsageFault_Handler                       0x08004d67   Thumb Code     4  stm32f30x_it.o(.text)
    SVC_Handler                              0x08004d6b   Thumb Code     2  stm32f30x_it.o(.text)
    DebugMon_Handler                         0x08004d6d   Thumb Code     2  stm32f30x_it.o(.text)
    PendSV_Handler                           0x08004d6f   Thumb Code     2  stm32f30x_it.o(.text)
    SysTick_Handler                          0x08004d71   Thumb Code     2  stm32f30x_it.o(.text)
    TIM2_IRQHandler                          0x08004d73   Thumb Code    56  stm32f30x_it.o(.text)
    TIM3_IRQHandler                          0x08004dab   Thumb Code    88  stm32f30x_it.o(.text)
    SystemInit                               0x08004ed7   Thumb Code   112  system_stm32f30x.o(.text)
    SystemCoreClockUpdate                    0x08004f47   Thumb Code   138  system_stm32f30x.o(.text)
    __use_two_region_memory                  0x08004ff9   Thumb Code     2  heapauxi.o(.text)
    __rt_heap_escrow$2region                 0x08004ffb   Thumb Code     2  heapauxi.o(.text)
    __rt_heap_expand$2region                 0x08004ffd   Thumb Code     2  heapauxi.o(.text)
    __user_setup_stackheap                   0x08004fff   Thumb Code    74  sys_stackheap_outer.o(.text)
    exit                                     0x08005049   Thumb Code    12  exit.o(.text)
    __user_libspace                          0x08005055   Thumb Code     8  libspace.o(.text)
    __user_perproc_libspace                  0x08005055   Thumb Code     0  libspace.o(.text)
    __user_perthread_libspace                0x08005055   Thumb Code     0  libspace.o(.text)
    _sys_exit                                0x0800505d   Thumb Code     8  sys_exit.o(.text)
    __I$use$semihosting                      0x08005069   Thumb Code     0  use_no_semi.o(.text)
    __use_no_semihosting_swi                 0x08005069   Thumb Code     2  use_no_semi.o(.text)
    __semihosting_library_function           0x0800506b   Thumb Code     0  indicate_semi.o(.text)
    __aeabi_dadd                             0x0800506d   Thumb Code     0  daddsub_clz.o(x$fpl$dadd)
    _dadd                                    0x0800506d   Thumb Code   332  daddsub_clz.o(x$fpl$dadd)
    __fpl_dcmp_Inf                           0x080051bd   Thumb Code    24  dcmpi.o(x$fpl$dcmpinf)
    __aeabi_cdcmpeq                          0x080051d5   Thumb Code     0  deqf.o(x$fpl$deqf)
    _dcmpeq                                  0x080051d5   Thumb Code   120  deqf.o(x$fpl$deqf)
    __fpl_dnaninf                            0x0800524d   Thumb Code   156  dnaninf.o(x$fpl$dnaninf)
    __fpl_dretinf                            0x080052e9   Thumb Code    12  dretinf.o(x$fpl$dretinf)
    __aeabi_dsub                             0x080052f5   Thumb Code     0  daddsub_clz.o(x$fpl$dsub)
    _dsub                                    0x080052f5   Thumb Code   464  daddsub_clz.o(x$fpl$dsub)
    _fp_init                                 0x080054c9   Thumb Code    10  fpinit.o(x$fpl$fpinit)
    __fplib_config_fpu_vfp                   0x080054d1   Thumb Code     0  fpinit.o(x$fpl$fpinit)
    __fplib_config_pureend_doubles           0x080054d1   Thumb Code     0  fpinit.o(x$fpl$fpinit)
    __I$use$fp                               0x080054d2   Number         0  usenofp.o(x$fpl$usenofp)
    Region$$Table$$Base                      0x080054d4   Number         0  anon$$obj.o(Region$$Table)
    Region$$Table$$Limit                     0x080054f4   Number         0  anon$$obj.o(Region$$Table)
    threshold                                0x20000030   Data           8  main.o(.data)
    attack                                   0x20000038   Data           8  main.o(.data)
    ratio                                    0x20000040   Data           8  main.o(.data)
    release                                  0x20000048   Data           8  main.o(.data)
    mug                                      0x20000050   Data           8  main.o(.data)
    autoEN                                   0x20000058   Data           4  main.o(.data)
    bypassEN                                 0x2000005c   Data           4  main.o(.data)
    CCR1_TIM2_Val                            0x20000060   Data           2  main.o(.data)
    CCR1_TIM3_Val                            0x20000062   Data           2  main.o(.data)
    ADC1ConvertedValue                       0x20000064   Data           2  main.o(.data)
    ADC1ConvertedVoltage                     0x20000066   Data           2  main.o(.data)
    calibration_value                        0x20000068   Data           2  main.o(.data)
    TimingDelay                              0x2000006c   Data           4  main.o(.data)
    Data                                     0x20000070   Data           2  main.o(.data)
    GPIO_InitStructure                       0x20000074   Data           8  main.o(.data)
    NVIC_InitStructure                       0x2000007c   Data           4  main.o(.data)
    IC2Value                                 0x20000080   Data           2  stm32f30x_it.o(.data)
    DutyCycle                                0x20000082   Data           2  stm32f30x_it.o(.data)
    Frequency                                0x20000084   Data           4  stm32f30x_it.o(.data)
    capture                                  0x20000088   Data           2  stm32f30x_it.o(.data)
    SystemCoreClock                          0x2000008c   Data           4  system_stm32f30x.o(.data)
    AHBPrescTable                            0x20000090   Data          16  system_stm32f30x.o(.data)
    ADC_InitStructure                        0x200000a0   Data          32  main.o(.bss)
    ADC_CommonInitStructure                  0x200000c0   Data          20  main.o(.bss)
    DAC_InitStructure                        0x200000d4   Data          16  main.o(.bss)
    TIM_TimeBaseStructure                    0x200000e4   Data          12  main.o(.bss)
    TIM_OCInitStructure                      0x200000f0   Data          20  main.o(.bss)
    USART1_InitStructure                     0x20000104   Data          24  main.o(.bss)
    __libspace_start                         0x2000011c   Data          96  libspace.o(.bss)
    __temporary_stack_top$libspace           0x2000017c   Data           0  libspace.o(.bss)



==============================================================================

Memory Map of the image

  Image Entry point : 0x08000229

  Load Region LR_1 (Base: 0x08000000, Size: 0x00005594, Max: 0xffffffff, ABSOLUTE)

    Execution Region ER_RO (Base: 0x08000000, Size: 0x000054f4, Max: 0xffffffff, ABSOLUTE)

    Base Addr    Size         Type   Attr      Idx    E Section Name        Object

    0x08000000   0x00000188   Data   RO            3    RESET               startup_stm32f30x.o
    0x08000188   0x00000008   Code   RO          790  * !!!main             c_w.l(__main.o)
    0x08000190   0x00000034   Code   RO          959    !!!scatter          c_w.l(__scatter.o)
    0x080001c4   0x0000001a   Code   RO          961    !!handler_copy      c_w.l(__scatter_copy.o)
    0x080001de   0x00000002   PAD
    0x080001e0   0x0000001c   Code   RO          963    !!handler_zi        c_w.l(__scatter_zi.o)
    0x080001fc   0x00000002   Code   RO          832    .ARM.Collect$$libinit$$00000000  c_w.l(libinit.o)
    0x080001fe   0x00000004   Code   RO          838    .ARM.Collect$$libinit$$00000001  c_w.l(libinit2.o)
    0x08000202   0x00000000   Code   RO          842    .ARM.Collect$$libinit$$00000008  c_w.l(libinit2.o)
    0x08000202   0x00000000   Code   RO          844    .ARM.Collect$$libinit$$0000000A  c_w.l(libinit2.o)
    0x08000202   0x00000000   Code   RO          846    .ARM.Collect$$libinit$$0000000C  c_w.l(libinit2.o)
    0x08000202   0x00000000   Code   RO          849    .ARM.Collect$$libinit$$0000000F  c_w.l(libinit2.o)
    0x08000202   0x00000000   Code   RO          851    .ARM.Collect$$libinit$$00000011  c_w.l(libinit2.o)
    0x08000202   0x00000000   Code   RO          853    .ARM.Collect$$libinit$$00000013  c_w.l(libinit2.o)
    0x08000202   0x00000000   Code   RO          855    .ARM.Collect$$libinit$$00000015  c_w.l(libinit2.o)
    0x08000202   0x00000000   Code   RO          857    .ARM.Collect$$libinit$$00000017  c_w.l(libinit2.o)
    0x08000202   0x00000000   Code   RO          859    .ARM.Collect$$libinit$$00000019  c_w.l(libinit2.o)
    0x08000202   0x00000000   Code   RO          861    .ARM.Collect$$libinit$$0000001B  c_w.l(libinit2.o)
    0x08000202   0x00000000   Code   RO          863    .ARM.Collect$$libinit$$0000001D  c_w.l(libinit2.o)
    0x08000202   0x00000000   Code   RO          865    .ARM.Collect$$libinit$$0000001F  c_w.l(libinit2.o)
    0x08000202   0x00000000   Code   RO          867    .ARM.Collect$$libinit$$00000021  c_w.l(libinit2.o)
    0x08000202   0x00000000   Code   RO          869    .ARM.Collect$$libinit$$00000023  c_w.l(libinit2.o)
    0x08000202   0x00000000   Code   RO          873    .ARM.Collect$$libinit$$0000002A  c_w.l(libinit2.o)
    0x08000202   0x00000000   Code   RO          875    .ARM.Collect$$libinit$$0000002C  c_w.l(libinit2.o)
    0x08000202   0x00000000   Code   RO          877    .ARM.Collect$$libinit$$0000002E  c_w.l(libinit2.o)
    0x08000202   0x00000000   Code   RO          879    .ARM.Collect$$libinit$$00000030  c_w.l(libinit2.o)
    0x08000202   0x00000002   Code   RO          880    .ARM.Collect$$libinit$$00000031  c_w.l(libinit2.o)
    0x08000204   0x00000002   Code   RO          900    .ARM.Collect$$libshutdown$$00000000  c_w.l(libshutdown.o)
    0x08000206   0x00000000   Code   RO          914    .ARM.Collect$$libshutdown$$00000003  c_w.l(libshutdown2.o)
    0x08000206   0x00000000   Code   RO          917    .ARM.Collect$$libshutdown$$00000006  c_w.l(libshutdown2.o)
    0x08000206   0x00000000   Code   RO          920    .ARM.Collect$$libshutdown$$00000009  c_w.l(libshutdown2.o)
    0x08000206   0x00000000   Code   RO          922    .ARM.Collect$$libshutdown$$0000000B  c_w.l(libshutdown2.o)
    0x08000206   0x00000000   Code   RO          925    .ARM.Collect$$libshutdown$$0000000E  c_w.l(libshutdown2.o)
    0x08000206   0x00000002   Code   RO          926    .ARM.Collect$$libshutdown$$0000000F  c_w.l(libshutdown2.o)
    0x08000208   0x00000000   Code   RO          800    .ARM.Collect$$rtentry$$00000000  c_w.l(rtentry.o)
    0x08000208   0x00000000   Code   RO          809    .ARM.Collect$$rtentry$$00000002  c_w.l(rtentry2.o)
    0x08000208   0x00000006   Code   RO          821    .ARM.Collect$$rtentry$$00000004  c_w.l(rtentry4.o)
    0x0800020e   0x00000000   Code   RO          811    .ARM.Collect$$rtentry$$00000009  c_w.l(rtentry2.o)
    0x0800020e   0x00000004   Code   RO          812    .ARM.Collect$$rtentry$$0000000A  c_w.l(rtentry2.o)
    0x08000212   0x00000000   Code   RO          814    .ARM.Collect$$rtentry$$0000000C  c_w.l(rtentry2.o)
    0x08000212   0x00000008   Code   RO          815    .ARM.Collect$$rtentry$$0000000D  c_w.l(rtentry2.o)
    0x0800021a   0x00000002   Code   RO          836    .ARM.Collect$$rtexit$$00000000  c_w.l(rtexit.o)
    0x0800021c   0x00000000   Code   RO          882    .ARM.Collect$$rtexit$$00000002  c_w.l(rtexit2.o)
    0x0800021c   0x00000004   Code   RO          883    .ARM.Collect$$rtexit$$00000003  c_w.l(rtexit2.o)
    0x08000220   0x00000006   Code   RO          884    .ARM.Collect$$rtexit$$00000004  c_w.l(rtexit2.o)
    0x08000226   0x00000002   PAD
    0x08000228   0x00000040   Code   RO            4  * .text               startup_stm32f30x.o
    0x08000268   0x0000084c   Code   RO          132    .text               stm32f30x_adc.o
    0x08000ab4   0x00000210   Code   RO          287    .text               stm32f30x_dac.o
    0x08000cc4   0x000001f4   Code   RO          399    .text               stm32f30x_gpio.o
    0x08000eb8   0x000000dc   Code   RO          465    .text               stm32f30x_misc.o
    0x08000f94   0x00000808   Code   RO          531    .text               stm32f30x_rcc.o
    0x0800179c   0x00000d7c   Code   RO          622    .text               stm32f30x_tim.o
    0x08002518   0x0000053a   Code   RO          645    .text               stm32f30x_usart.o
    0x08002a52   0x00000002   PAD
    0x08002a54   0x00002304   Code   RO          688    .text               main.o
    0x08004d58   0x000000c4   Code   RO          737    .text               stm32f30x_it.o
    0x08004e1c   0x000001dc   Code   RO          762    .text               system_stm32f30x.o
    0x08004ff8   0x00000006   Code   RO          788    .text               c_w.l(heapauxi.o)
    0x08004ffe   0x0000004a   Code   RO          823    .text               c_w.l(sys_stackheap_outer.o)
    0x08005048   0x0000000c   Code   RO          825    .text               c_w.l(exit.o)
    0x08005054   0x00000008   Code   RO          833    .text               c_w.l(libspace.o)
    0x0800505c   0x0000000c   Code   RO          892    .text               c_w.l(sys_exit.o)
    0x08005068   0x00000002   Code   RO          903    .text               c_w.l(use_no_semi.o)
    0x0800506a   0x00000000   Code   RO          905    .text               c_w.l(indicate_semi.o)
    0x0800506a   0x00000002   PAD
    0x0800506c   0x00000150   Code   RO          792    x$fpl$dadd          fz_wm.l(daddsub_clz.o)
    0x080051bc   0x00000018   Code   RO          801    x$fpl$dcmpinf       fz_wm.l(dcmpi.o)
    0x080051d4   0x00000078   Code   RO          798    x$fpl$deqf          fz_wm.l(deqf.o)
    0x0800524c   0x0000009c   Code   RO          803    x$fpl$dnaninf       fz_wm.l(dnaninf.o)
    0x080052e8   0x0000000c   Code   RO          805    x$fpl$dretinf       fz_wm.l(dretinf.o)
    0x080052f4   0x000001d4   Code   RO          794    x$fpl$dsub          fz_wm.l(daddsub_clz.o)
    0x080054c8   0x0000000a   Code   RO          890    x$fpl$fpinit        fz_wm.l(fpinit.o)
    0x080054d2   0x00000000   Code   RO          807    x$fpl$usenofp       fz_wm.l(usenofp.o)
    0x080054d2   0x00000002   PAD
    0x080054d4   0x00000020   Data   RO          957    Region$$Table       anon$$obj.o


    Execution Region ER_RW (Base: 0x20000000, Size: 0x000000a0, Max: 0xffffffff, ABSOLUTE)

    Base Addr    Size         Type   Attr      Idx    E Section Name        Object

    0x20000000   0x0000002a   Data   RW          532    .data               stm32f30x_rcc.o
    0x2000002a   0x00000006   PAD
    0x20000030   0x00000050   Data   RW          690    .data               main.o
    0x20000080   0x0000000a   Data   RW          739    .data               stm32f30x_it.o
    0x2000008a   0x00000002   PAD
    0x2000008c   0x00000014   Data   RW          763    .data               system_stm32f30x.o


    Execution Region ER_ZI (Base: 0x200000a0, Size: 0x000006e0, Max: 0xffffffff, ABSOLUTE)

    Base Addr    Size         Type   Attr      Idx    E Section Name        Object

    0x200000a0   0x0000007c   Zero   RW          689    .bss                main.o
    0x2000011c   0x00000060   Zero   RW          834    .bss                c_w.l(libspace.o)
    0x2000017c   0x00000004   PAD
    0x20000180   0x00000200   Zero   RW            2    HEAP                startup_stm32f30x.o
    0x20000380   0x00000400   Zero   RW            1    STACK               startup_stm32f30x.o


==============================================================================

Image component sizes


      Code (inc. data)   RO Data    RW Data    ZI Data      Debug   Object Name

      8964       4060          0         80        124     199943   main.o
        64         26        392          0       1536        964   startup_stm32f30x.o
      2124         56          0          0          0      46826   stm32f30x_adc.o
       528          6          0          0          0      10237   stm32f30x_dac.o
       500         22          0          0          0       8761   stm32f30x_gpio.o
       196         26          0         10          0       2382   stm32f30x_it.o
       220         20          0          0          0       3917   stm32f30x_misc.o
      2056         68          0         42          0      25077   stm32f30x_rcc.o
      3452         68          0          0          0      52119   stm32f30x_tim.o
      1338         22          0          0          0      22090   stm32f30x_usart.o
         0          0          0          0          0     270484   stm32f3_discovery.o
       476         40          0         20          0       1783   system_stm32f30x.o

    ----------------------------------------------------------------------
     19920       4414        424        160       1660     644583   Object Totals
         0          0         32          0          0          0   (incl. Generated)
         2          0          0          8          0          0   (incl. Padding)

    ----------------------------------------------------------------------

      Code (inc. data)   RO Data    RW Data    ZI Data      Debug   Library Member Name

         8          0          0          0          0         68   __main.o
        52          8          0          0          0          0   __scatter.o
        26          0          0          0          0          0   __scatter_copy.o
        28          0          0          0          0          0   __scatter_zi.o
        12          0          0          0          0         72   exit.o
         6          0          0          0          0        152   heapauxi.o
         0          0          0          0          0          0   indicate_semi.o
         2          0          0          0          0          0   libinit.o
         6          0          0          0          0          0   libinit2.o
         2          0          0          0          0          0   libshutdown.o
         2          0          0          0          0          0   libshutdown2.o
         8          4          0          0         96         68   libspace.o
         0          0          0          0          0          0   rtentry.o
        12          0          0          0          0          0   rtentry2.o
         6          0          0          0          0          0   rtentry4.o
         2          0          0          0          0          0   rtexit.o
        10          0          0          0          0          0   rtexit2.o
        12          4          0          0          0         68   sys_exit.o
        74          0          0          0          0         80   sys_stackheap_outer.o
         2          0          0          0          0         68   use_no_semi.o
       804         16          0          0          0        368   daddsub_clz.o
        24          0          0          0          0        116   dcmpi.o
       120          4          0          0          0        140   deqf.o
       156          4          0          0          0        140   dnaninf.o
        12          0          0          0          0        116   dretinf.o
        10          0          0          0          0        116   fpinit.o
         0          0          0          0          0          0   usenofp.o

    ----------------------------------------------------------------------
      1404         40          0          0        100       1572   Library Totals
         8          0          0          0          4          0   (incl. Padding)

    ----------------------------------------------------------------------

      Code (inc. data)   RO Data    RW Data    ZI Data      Debug   Library Name

       270         16          0          0         96        576   c_w.l
      1126         24          0          0          0        996   fz_wm.l

    ----------------------------------------------------------------------
      1404         40          0          0        100       1572   Library Totals

    ----------------------------------------------------------------------

==============================================================================


      Code (inc. data)   RO Data    RW Data    ZI Data      Debug   

     21324       4454        424        160       1760     642595   Grand Totals
     21324       4454        424        160       1760     642595   ELF Image Totals
     21324       4454        424        160          0          0   ROM Totals

==============================================================================

    Total RO  Size (Code + RO Data)                21748 (  21.24kB)
    Total RW  Size (RW Data + ZI Data)              1920 (   1.88kB)
    Total ROM Size (Code + RO Data + RW Data)      21908 (  21.39kB)

==============================================================================

