ARM Linker, 5.03 [Build 76] [MDK-ARM Lite]

==============================================================================

Section Cross References

    startup_stm32f30x.o(STACK) refers (Special) to heapauxi.o(.text) for __use_two_region_memory
    startup_stm32f30x.o(HEAP) refers (Special) to heapauxi.o(.text) for __use_two_region_memory
    startup_stm32f30x.o(RESET) refers (Special) to heapauxi.o(.text) for __use_two_region_memory
    startup_stm32f30x.o(RESET) refers to startup_stm32f30x.o(STACK) for __initial_sp
    startup_stm32f30x.o(RESET) refers to startup_stm32f30x.o(.text) for Reset_Handler
    startup_stm32f30x.o(RESET) refers to stm32f30x_it.o(.text) for NMI_Handler
    startup_stm32f30x.o(.text) refers (Special) to heapauxi.o(.text) for __use_two_region_memory
    startup_stm32f30x.o(.text) refers to system_stm32f30x.o(.text) for SystemInit
    startup_stm32f30x.o(.text) refers to __main.o(!!!main) for __main
    startup_stm32f30x.o(.text) refers to startup_stm32f30x.o(HEAP) for Heap_Mem
    startup_stm32f30x.o(.text) refers to startup_stm32f30x.o(STACK) for Stack_Mem
    stm32f3_discovery.o(.text) refers to stm32f30x_rcc.o(.text) for RCC_AHBPeriphClockCmd
    stm32f3_discovery.o(.text) refers to stm32f30x_gpio.o(.text) for GPIO_Init
    stm32f3_discovery.o(.text) refers to stm32f30x_syscfg.o(.text) for SYSCFG_EXTILineConfig
    stm32f3_discovery.o(.text) refers to stm32f30x_exti.o(.text) for EXTI_Init
    stm32f3_discovery.o(.text) refers to stm32f30x_misc.o(.text) for NVIC_Init
    stm32f3_discovery.o(.text) refers to stm32f3_discovery.o(.constdata) for GPIO_CLK
    stm32f3_discovery.o(.text) refers to stm32f3_discovery.o(.data) for GPIO_PORT
    stm32f30x_adc.o(.text) refers to stm32f30x_rcc.o(.text) for RCC_AHBPeriphResetCmd
    stm32f30x_can.o(.text) refers to stm32f30x_rcc.o(.text) for RCC_APB1PeriphResetCmd
    stm32f30x_dac.o(.text) refers to stm32f30x_rcc.o(.text) for RCC_APB1PeriphResetCmd
    stm32f30x_gpio.o(.text) refers to stm32f30x_rcc.o(.text) for RCC_AHBPeriphResetCmd
    stm32f30x_i2c.o(.text) refers to stm32f30x_rcc.o(.text) for RCC_APB1PeriphResetCmd
    stm32f30x_pwr.o(.text) refers to stm32f30x_rcc.o(.text) for RCC_APB1PeriphResetCmd
    stm32f30x_rcc.o(.text) refers to stm32f30x_rcc.o(.data) for APBAHBPrescTable
    stm32f30x_spi.o(.text) refers to stm32f30x_rcc.o(.text) for RCC_APB2PeriphResetCmd
    stm32f30x_tim.o(.text) refers to stm32f30x_rcc.o(.text) for RCC_APB2PeriphResetCmd
    stm32f30x_usart.o(.text) refers to stm32f30x_rcc.o(.text) for RCC_APB2PeriphResetCmd
    stm32f30x_wwdg.o(.text) refers to stm32f30x_rcc.o(.text) for RCC_APB1PeriphResetCmd
    main.o(.text) refers to stm32f30x_usart.o(.text) for USART_GetFlagStatus
    main.o(.text) refers to deqf.o(x$fpl$deqf) for __aeabi_cdcmpeq
    main.o(.text) refers to stm32f30x_gpio.o(.text) for GPIO_ReadInputDataBit
    main.o(.text) refers to main.o(.data) for autoEN
    main.o(.text) refers to daddsub_clz.o(x$fpl$dadd) for __aeabi_dadd
    main.o(.text) refers to daddsub_clz.o(x$fpl$dsub) for __aeabi_dsub
    main.o(.text) refers to stm32f30x_rcc.o(.text) for RCC_AHBPeriphClockCmd
    main.o(.text) refers to stm32f30x_dac.o(.text) for DAC_DeInit
    main.o(.text) refers to stm32f30x_adc.o(.text) for ADC_SelectCalibrationMode
    main.o(.text) refers to stm32f30x_misc.o(.text) for NVIC_Init
    main.o(.text) refers to stm32f30x_tim.o(.text) for TIM_TimeBaseInit
    main.o(.text) refers to stm32f3_discovery.o(.text) for STM_EVAL_LEDInit
    main.o(.text) refers to main.o(.bss) for USART1_InitStructure
    stm32f30x_it.o(.text) refers to stm32f30x_tim.o(.text) for TIM_GetITStatus
    stm32f30x_it.o(.text) refers to dmul.o(x$fpl$dmul) for __aeabi_dmul
    stm32f30x_it.o(.text) refers to dfixu.o(x$fpl$dfixu) for __aeabi_d2uiz
    stm32f30x_it.o(.text) refers to drleqf.o(x$fpl$drleqf) for __aeabi_cdrcmple
    stm32f30x_it.o(.text) refers to dleqf.o(x$fpl$dleqf) for __aeabi_cdcmple
    stm32f30x_it.o(.text) refers to stm32f3_discovery.o(.text) for STM_EVAL_LEDToggle
    stm32f30x_it.o(.text) refers to stm32f30x_adc.o(.text) for ADC_GetFlagStatus
    stm32f30x_it.o(.text) refers to dflt_clz.o(x$fpl$dfltu) for __aeabi_ui2d
    stm32f30x_it.o(.text) refers to ddiv.o(x$fpl$ddiv) for __aeabi_ddiv
    stm32f30x_it.o(.text) refers to dfix.o(x$fpl$dfix) for __aeabi_d2iz
    stm32f30x_it.o(.text) refers to log10.o(i.__hardfp_log10) for __hardfp_log10
    stm32f30x_it.o(.text) refers to stm32f30x_dac.o(.text) for DAC_SetChannel1Data
    stm32f30x_it.o(.text) refers to daddsub_clz.o(x$fpl$dsub) for __aeabi_dsub
    stm32f30x_it.o(.text) refers to daddsub_clz.o(x$fpl$dadd) for __aeabi_dadd
    stm32f30x_it.o(.text) refers to main.o(.data) for attack
    stm32f30x_it.o(.text) refers to stm32f30x_it.o(.data) for attackStep
    system_stm32f30x.o(.text) refers to system_stm32f30x.o(.data) for SystemCoreClock
    __main.o(!!!main) refers to rtentry.o(.ARM.Collect$$rtentry$$00000000) for __rt_entry
[...]
    ..\\..\\..\\..\\Libraries\\STM32F30x_StdPeriph_Driver\\src\\stm32f30x_misc.c 0x00000000   Number         0  stm32f30x_misc.o ABSOLUTE
    ..\\..\\..\\..\\Libraries\\STM32F30x_StdPeriph_Driver\\src\\stm32f30x_opamp.c 0x00000000   Number         0  stm32f30x_opamp.o ABSOLUTE
    ..\\..\\..\\..\\Libraries\\STM32F30x_StdPeriph_Driver\\src\\stm32f30x_pwr.c 0x00000000   Number         0  stm32f30x_pwr.o ABSOLUTE
    ..\\..\\..\\..\\Libraries\\STM32F30x_StdPeriph_Driver\\src\\stm32f30x_rcc.c 0x00000000   Number         0  stm32f30x_rcc.o ABSOLUTE
    ..\\..\\..\\..\\Libraries\\STM32F30x_StdPeriph_Driver\\src\\stm32f30x_rtc.c 0x00000000   Number         0  stm32f30x_rtc.o ABSOLUTE
    ..\\..\\..\\..\\Libraries\\STM32F30x_StdPeriph_Driver\\src\\stm32f30x_spi.c 0x00000000   Number         0  stm32f30x_spi.o ABSOLUTE
    ..\\..\\..\\..\\Libraries\\STM32F30x_StdPeriph_Driver\\src\\stm32f30x_syscfg.c 0x00000000   Number         0  stm32f30x_syscfg.o ABSOLUTE
    ..\\..\\..\\..\\Libraries\\STM32F30x_StdPeriph_Driver\\src\\stm32f30x_tim.c 0x00000000   Number         0  stm32f30x_tim.o ABSOLUTE
    ..\\..\\..\\..\\Libraries\\STM32F30x_StdPeriph_Driver\\src\\stm32f30x_usart.c 0x00000000   Number         0  stm32f30x_usart.o ABSOLUTE
    ..\\..\\..\\..\\Libraries\\STM32F30x_StdPeriph_Driver\\src\\stm32f30x_wwdg.c 0x00000000   Number         0  stm32f30x_wwdg.o ABSOLUTE
    ..\\..\\..\\..\\Utilities\\STM32F3_Discovery\\stm32f3_discovery.c 0x00000000   Number         0  stm32f3_discovery.o ABSOLUTE
    ..\\main.c                               0x00000000   Number         0  main.o ABSOLUTE
    ..\\stm32f30x_it.c                       0x00000000   Number         0  stm32f30x_it.o ABSOLUTE
    ..\\system_stm32f30x.c                   0x00000000   Number         0  system_stm32f30x.o ABSOLUTE
    ..\log2.s                                0x00000000   Number         0  log2.o ABSOLUTE
    ..\main.c                                0x00000000   Number         0  main.o ABSOLUTE
    ..\stm32f30x_it.c                        0x00000000   Number         0  stm32f30x_it.o ABSOLUTE
    ..\system_stm32f30x.c                    0x00000000   Number         0  system_stm32f30x.o ABSOLUTE
    dc.s                                     0x00000000   Number         0  dc.o ABSOLUTE
    RESET                                    0x08000000   Section      392  startup_stm32f30x.o(RESET)
    !!!main                                  0x08000188   Section        8  __main.o(!!!main)
    !!!scatter                               0x08000190   Section       52  __scatter.o(!!!scatter)
    !!handler_copy                           0x080001c4   Section       26  __scatter_copy.o(!!handler_copy)
    !!handler_zi                             0x080001e0   Section       28  __scatter_zi.o(!!handler_zi)
    .ARM.Collect$$libinit$$00000000          0x080001fc   Section        2  libinit.o(.ARM.Collect$$libinit$$00000000)
    .ARM.Collect$$libinit$$00000001          0x080001fe   Section        4  libinit2.o(.ARM.Collect$$libinit$$00000001)
    .ARM.Collect$$libinit$$00000008          0x08000202   Section        0  libinit2.o(.ARM.Collect$$libinit$$00000008)
    .ARM.Collect$$libinit$$0000000A          0x08000202   Section        0  libinit2.o(.ARM.Collect$$libinit$$0000000A)
    .ARM.Collect$$libinit$$0000000C          0x08000202   Section        0  libinit2.o(.ARM.Collect$$libinit$$0000000C)
    .ARM.Collect$$libinit$$0000000F          0x08000202   Section        0  libinit2.o(.ARM.Collect$$libinit$$0000000F)
    .ARM.Collect$$libinit$$00000011          0x08000202   Section        0  libinit2.o(.ARM.Collect$$libinit$$00000011)
    .ARM.Collect$$libinit$$00000013          0x08000202   Section        0  libinit2.o(.ARM.Collect$$libinit$$00000013)
    .ARM.Collect$$libinit$$00000015          0x08000202   Section        0  libinit2.o(.ARM.Collect$$libinit$$00000015)
    .ARM.Collect$$libinit$$00000017          0x08000202   Section        0  libinit2.o(.ARM.Collect$$libinit$$00000017)
    .ARM.Collect$$libinit$$00000019          0x08000202   Section        0  libinit2.o(.ARM.Collect$$libinit$$00000019)
    .ARM.Collect$$libinit$$0000001B          0x08000202   Section        0  libinit2.o(.ARM.Collect$$libinit$$0000001B)
    .ARM.Collect$$libinit$$0000001D          0x08000202   Section        0  libinit2.o(.ARM.Collect$$libinit$$0000001D)
    .ARM.Collect$$libinit$$0000001F          0x08000202   Section        0  libinit2.o(.ARM.Collect$$libinit$$0000001F)
    .ARM.Collect$$libinit$$00000021          0x08000202   Section        0  libinit2.o(.ARM.Collect$$libinit$$00000021)
    .ARM.Collect$$libinit$$00000023          0x08000202   Section        0  libinit2.o(.ARM.Collect$$libinit$$00000023)
    .ARM.Collect$$libinit$$0000002A          0x08000202   Section        0  libinit2.o(.ARM.Collect$$libinit$$0000002A)
    .ARM.Collect$$libinit$$0000002C          0x08000202   Section        0  libinit2.o(.ARM.Collect$$libinit$$0000002C)
    .ARM.Collect$$libinit$$0000002E          0x08000202   Section        0  libinit2.o(.ARM.Collect$$libinit$$0000002E)
    .ARM.Collect$$libinit$$00000030          0x08000202   Section        0  libinit2.o(.ARM.Collect$$libinit$$00000030)
    .ARM.Collect$$libinit$$00000031          0x08000202   Section        2  libinit2.o(.ARM.Collect$$libinit$$00000031)
    .ARM.Collect$$libshutdown$$00000000      0x08000204   Section        2  libshutdown.o(.ARM.Collect$$libshutdown$$00000000)
    .ARM.Collect$$libshutdown$$00000003      0x08000206   Section        0  libshutdown2.o(.ARM.Collect$$libshutdown$$00000003)
    .ARM.Collect$$libshutdown$$00000006      0x08000206   Section        0  libshutdown2.o(.ARM.Collect$$libshutdown$$00000006)
    .ARM.Collect$$libshutdown$$00000009      0x08000206   Section        0  libshutdown2.o(.ARM.Collect$$libshutdown$$00000009)
    .ARM.Collect$$libshutdown$$0000000B      0x08000206   Section        0  libshutdown2.o(.ARM.Collect$$libshutdown$$0000000B)
    .ARM.Collect$$libshutdown$$0000000E      0x08000206   Section        0  libshutdown2.o(.ARM.Collect$$libshutdown$$0000000E)
    .ARM.Collect$$libshutdown$$0000000F      0x08000206   Section        2  libshutdown2.o(.ARM.Collect$$libshutdown$$0000000F)
    .ARM.Collect$$rtentry$$00000000          0x08000208   Section        0  rtentry.o(.ARM.Collect$$rtentry$$00000000)
    .ARM.Collect$$rtentry$$00000002          0x08000208   Section        0  rtentry2.o(.ARM.Collect$$rtentry$$00000002)
    .ARM.Collect$$rtentry$$00000004          0x08000208   Section        6  rtentry4.o(.ARM.Collect$$rtentry$$00000004)
    .ARM.Collect$$rtentry$$00000009          0x0800020e   Section        0  rtentry2.o(.ARM.Collect$$rtentry$$00000009)
    .ARM.Collect$$rtentry$$0000000A          0x0800020e   Section        4  rtentry2.o(.ARM.Collect$$rtentry$$0000000A)
    .ARM.Collect$$rtentry$$0000000C          0x08000212   Section        0  rtentry2.o(.ARM.Collect$$rtentry$$0000000C)
    .ARM.Collect$$rtentry$$0000000D          0x08000212   Section        8  rtentry2.o(.ARM.Collect$$rtentry$$0000000D)
    .ARM.Collect$$rtexit$$00000000           0x0800021a   Section        2  rtexit.o(.ARM.Collect$$rtexit$$00000000)
    .ARM.Collect$$rtexit$$00000002           0x0800021c   Section        0  rtexit2.o(.ARM.Collect$$rtexit$$00000002)
    .ARM.Collect$$rtexit$$00000003           0x0800021c   Section        4  rtexit2.o(.ARM.Collect$$rtexit$$00000003)
    .ARM.Collect$$rtexit$$00000004           0x08000220   Section        6  rtexit2.o(.ARM.Collect$$rtexit$$00000004)
    .text                                    0x08000228   Section       64  startup_stm32f30x.o(.text)
    $v0                                      0x08000228   Number         0  startup_stm32f30x.o(.text)
    .text                                    0x08000268   Section        0  stm32f3_discovery.o(.text)
    .text                                    0x080003ac   Section        0  stm32f30x_adc.o(.text)
    .text                                    0x08000bf8   Section        0  stm32f30x_dac.o(.text)
    .text                                    0x08000e08   Section        0  stm32f30x_exti.o(.text)
    .text                                    0x0800106c   Section        0  stm32f30x_gpio.o(.text)
    .text                                    0x08001260   Section        0  stm32f30x_misc.o(.text)
    .text                                    0x0800133c   Section        0  stm32f30x_rcc.o(.text)
    .text                                    0x08001b44   Section        0  stm32f30x_syscfg.o(.text)
    .text                                    0x08001c98   Section        0  stm32f30x_tim.o(.text)
    TI4_Config                               0x080024a3   Thumb Code   104  stm32f30x_tim.o(.text)
    TI3_Config                               0x0800251d   Thumb Code    76  stm32f30x_tim.o(.text)
    TI2_Config                               0x0800257b   Thumb Code    66  stm32f30x_tim.o(.text)
    TI1_Config                               0x080025cd   Thumb Code    48  stm32f30x_tim.o(.text)
    .text                                    0x08002a14   Section        0  stm32f30x_usart.o(.text)
    .text                                    0x08002f50   Section        0  main.o(.text)
    .text                                    0x080052e0   Section        0  stm32f30x_it.o(.text)
    .text                                    0x080057dc   Section        0  system_stm32f30x.o(.text)
    SetSysClock                              0x080057dd   Thumb Code   186  system_stm32f30x.o(.text)
    .text                                    0x080059b8   Section        0  heapauxi.o(.text)
    .text                                    0x080059be   Section        0  _rserrno.o(.text)
    .text                                    0x080059d4   Section        8  rt_errno_addr_intlibspace.o(.text)
    .text                                    0x080059dc   Section        8  libspace.o(.text)
    .text                                    0x080059e4   Section       74  sys_stackheap_outer.o(.text)
    .text                                    0x08005a2e   Section        0  exit.o(.text)
    .text                                    0x08005a3c   Section        0  sys_exit.o(.text)
    .text                                    0x08005a48   Section        2  use_no_semi.o(.text)
    .text                                    0x08005a4a   Section        0  indicate_semi.o(.text)
    i.__hardfp_log                           0x08005a50   Section        0  log.o(i.__hardfp_log)
    i.__hardfp_log10                         0x08005e38   Section        0  log10.o(i.__hardfp_log10)
    i.__kernel_poly                          0x08005f80   Section        0  poly.o(i.__kernel_poly)
    i.log                                    0x08006078   Section        0  log.o(i.log)
    x$fpl$dadd                               0x08006088   Section      336  daddsub_clz.o(x$fpl$dadd)
    $v0                                      0x08006088   Number         0  daddsub_clz.o(x$fpl$dadd)
    _dadd1                                   0x08006099   Thumb Code     0  daddsub_clz.o(x$fpl$dadd)
    x$fpl$dcmpinf                            0x080061d8   Section       24  dcmpi.o(x$fpl$dcmpinf)
    $v0                                      0x080061d8   Number         0  dcmpi.o(x$fpl$dcmpinf)
    x$fpl$ddiv                               0x080061f0   Section      688  ddiv.o(x$fpl$ddiv)
    $v0                                      0x080061f0   Number         0  ddiv.o(x$fpl$ddiv)
    ddiv_entry                               0x080061f7   Thumb Code     0  ddiv.o(x$fpl$ddiv)
    x$fpl$deqf                               0x080064a0   Section      120  deqf.o(x$fpl$deqf)
    $v0                                      0x080064a0   Number         0  deqf.o(x$fpl$deqf)
    x$fpl$dfix                               0x08006518   Section       94  dfix.o(x$fpl$dfix)
    $v0                                      0x08006518   Number         0  dfix.o(x$fpl$dfix)
    x$fpl$dfixu                              0x08006578   Section       90  dfixu.o(x$fpl$dfixu)
    $v0                                      0x08006578   Number         0  dfixu.o(x$fpl$dfixu)
    x$fpl$dflt                               0x080065d2   Section       46  dflt_clz.o(x$fpl$dflt)
    $v0                                      0x080065d2   Number         0  dflt_clz.o(x$fpl$dflt)
    x$fpl$dfltu                              0x08006600   Section       38  dflt_clz.o(x$fpl$dfltu)
    $v0                                      0x08006600   Number         0  dflt_clz.o(x$fpl$dfltu)
    x$fpl$dleqf                              0x08006628   Section      120  dleqf.o(x$fpl$dleqf)
    $v0                                      0x08006628   Number         0  dleqf.o(x$fpl$dleqf)
    x$fpl$dmul                               0x080066a0   Section      340  dmul.o(x$fpl$dmul)
    $v0                                      0x080066a0   Number         0  dmul.o(x$fpl$dmul)
    x$fpl$dnaninf                            0x080067f4   Section      156  dnaninf.o(x$fpl$dnaninf)
    $v0                                      0x080067f4   Number         0  dnaninf.o(x$fpl$dnaninf)
    x$fpl$dretinf                            0x08006890   Section       12  dretinf.o(x$fpl$dretinf)
    $v0                                      0x08006890   Number         0  dretinf.o(x$fpl$dretinf)
    x$fpl$drleqf                             0x0800689c   Section      108  drleqf.o(x$fpl$drleqf)
    $v0                                      0x0800689c   Number         0  drleqf.o(x$fpl$drleqf)
    x$fpl$drsb                               0x08006908   Section       22  daddsub_clz.o(x$fpl$drsb)
    $v0                                      0x08006908   Number         0  daddsub_clz.o(x$fpl$drsb)
    x$fpl$dsub                               0x08006920   Section      468  daddsub_clz.o(x$fpl$dsub)
    $v0                                      0x08006920   Number         0  daddsub_clz.o(x$fpl$dsub)
    _dsub1                                   0x08006931   Thumb Code     0  daddsub_clz.o(x$fpl$dsub)
    x$fpl$fpinit                             0x08006af4   Section       10  fpinit.o(x$fpl$fpinit)
    $v0                                      0x08006af4   Number         0  fpinit.o(x$fpl$fpinit)
    x$fpl$usenofp                            0x08006afe   Section        0  usenofp.o(x$fpl$usenofp)
    .constdata                               0x08006b00   Section       61  stm32f3_discovery.o(.constdata)
    .constdata                               0x08006b40   Section       56  log.o(.constdata)
    Lg2                                      0x08006b40   Data          24  log.o(.constdata)
    Lg                                       0x08006b58   Data          32  log.o(.constdata)
    .constdata                               0x08006b78   Section        8  qnan.o(.constdata)
    .data                                    0x20000000   Section       36  stm32f3_discovery.o(.data)
    .data                                    0x20000024   Section       42  stm32f30x_rcc.o(.data)
    APBAHBPrescTable                         0x20000024   Data          16  stm32f30x_rcc.o(.data)
    ADCPrescTable                            0x20000034   Data          26  stm32f30x_rcc.o(.data)
    .data                                    0x20000050   Section       80  main.o(.data)
    .data                                    0x200000a0   Section       98  stm32f30x_it.o(.data)
    .data                                    0x20000104   Section       20  system_stm32f30x.o(.data)
    .bss                                     0x20000118   Section      124  main.o(.bss)
    .bss                                     0x20000194   Section       96  libspace.o(.bss)
    HEAP                                     0x200001f8   Section      512  startup_stm32f30x.o(HEAP)
    Heap_Mem                                 0x200001f8   Data         512  startup_stm32f30x.o(HEAP)
    STACK                                    0x200003f8   Section     1024  startup_stm32f30x.o(STACK)
    Stack_Mem                                0x200003f8   Data        1024  startup_stm32f30x.o(STACK)
    __initial_sp                             0x200007f8   Data           0  startup_stm32f30x.o(STACK)

    Global Symbols

    Symbol Name                              Value     Ov Type        Size  Object(Section)

    BuildAttributes$$THM_ISAv4$E$P$D$K$B$S$7EM$VFPi3$EXTD16$VFPS$VFMA$PE$A:L22UL41UL21$X:L11$S22US41US21$IEEE1$IW$USESV6$~STKCKD$USESV7$~SHL$OTIME$ROPI$IEEEJ$EBA8$UX$STANDARDLIB$REQ8$PRES8$EABIv2 0x00000000   Number         0  anon$$obj.o ABSOLUTE
    __ARM_use_no_argv                        0x00000000   Number         0  main.o ABSOLUTE
    __ARM_exceptions_init                     - Undefined Weak Reference
    __alloca_initialize                       - Undefined Weak Reference
    __cpp_initialize__aeabi_                  - Undefined Weak Reference
    __cxa_finalize                            - Undefined Weak Reference
    __rt_locale                               - Undefined Weak Reference
    __sigvec_lookup                           - Undefined Weak Reference
    _atexit_init                              - Undefined Weak Reference
    _call_atexit_fns                          - Undefined Weak Reference
    _clock_init                               - Undefined Weak Reference
    _fp_trap_init                             - Undefined Weak Reference
    _fp_trap_shutdown                         - Undefined Weak Reference
    _get_lc_collate                           - Undefined Weak Reference
    _get_lc_ctype                             - Undefined Weak Reference
    _get_lc_monetary                          - Undefined Weak Reference
    _get_lc_numeric                           - Undefined Weak Reference
    _get_lc_time                              - Undefined Weak Reference
    _getenv_init                              - Undefined Weak Reference
    _handle_redirection                       - Undefined Weak Reference
    _init_alloc                               - Undefined Weak Reference
    _init_user_alloc                          - Undefined Weak Reference
    _initio                                   - Undefined Weak Reference
    _rand_init                                - Undefined Weak Reference
    _signal_finish                            - Undefined Weak Reference
    _signal_init                              - Undefined Weak Reference
    _terminate_alloc                          - Undefined Weak Reference
    _terminate_user_alloc                     - Undefined Weak Reference
    _terminateio                              - Undefined Weak Reference
    __Vectors_Size                           0x00000188   Number         0  startup_stm32f30x.o ABSOLUTE
    __Vectors                                0x08000000   Data           4  startup_stm32f30x.o(RESET)
    __Vectors_End                            0x08000188   Data           0  startup_stm32f30x.o(RESET)
    __main                                   0x08000189   Thumb Code     8  __main.o(!!!main)
    __scatterload                            0x08000191   Thumb Code     0  __scatter.o(!!!scatter)
    __scatterload_rt2                        0x08000191   Thumb Code    44  __scatter.o(!!!scatter)
    __scatterload_rt2_thumb_only             0x08000191   Thumb Code     0  __scatter.o(!!!scatter)
    __scatterload_null                       0x0800019f   Thumb Code     0  __scatter.o(!!!scatter)
    __scatterload_copy                       0x080001c5   Thumb Code    26  __scatter_copy.o(!!handler_copy)
    __scatterload_zeroinit                   0x080001e1   Thumb Code    28  __scatter_zi.o(!!handler_zi)
    __rt_lib_init                            0x080001fd   Thumb Code     0  libinit.o(.ARM.Collect$$libinit$$00000000)
    __rt_lib_init_fp_1                       0x080001ff   Thumb Code     0  libinit2.o(.ARM.Collect$$libinit$$00000001)
    __rt_lib_init_alloca_1                   0x08000203   Thumb Code     0  libinit2.o(.ARM.Collect$$libinit$$0000002C)
    __rt_lib_init_argv_1                     0x08000203   Thumb Code     0  libinit2.o(.ARM.Collect$$libinit$$0000002A)
    __rt_lib_init_atexit_1                   0x08000203   Thumb Code     0  libinit2.o(.ARM.Collect$$libinit$$00000019)
    __rt_lib_init_clock_1                    0x08000203   Thumb Code     0  libinit2.o(.ARM.Collect$$libinit$$0000001F)
    __rt_lib_init_cpp_1                      0x08000203   Thumb Code     0  libinit2.o(.ARM.Collect$$libinit$$00000030)
    __rt_lib_init_exceptions_1               0x08000203   Thumb Code     0  libinit2.o(.ARM.Collect$$libinit$$0000002E)
    __rt_lib_init_fp_trap_1                  0x08000203   Thumb Code     0  libinit2.o(.ARM.Collect$$libinit$$0000001D)
    __rt_lib_init_getenv_1                   0x08000203   Thumb Code     0  libinit2.o(.ARM.Collect$$libinit$$00000021)
    __rt_lib_init_heap_1                     0x08000203   Thumb Code     0  libinit2.o(.ARM.Collect$$libinit$$00000008)
    __rt_lib_init_lc_collate_1               0x08000203   Thumb Code     0  libinit2.o(.ARM.Collect$$libinit$$0000000F)
    __rt_lib_init_lc_ctype_1                 0x08000203   Thumb Code     0  libinit2.o(.ARM.Collect$$libinit$$00000011)
    __rt_lib_init_lc_monetary_1              0x08000203   Thumb Code     0  libinit2.o(.ARM.Collect$$libinit$$00000013)
    __rt_lib_init_lc_numeric_1               0x08000203   Thumb Code     0  libinit2.o(.ARM.Collect$$libinit$$00000015)
    __rt_lib_init_lc_time_1                  0x08000203   Thumb Code     0  libinit2.o(.ARM.Collect$$libinit$$00000017)
    __rt_lib_init_rand_1                     0x08000203   Thumb Code     0  libinit2.o(.ARM.Collect$$libinit$$0000000C)
    __rt_lib_init_return                     0x08000203   Thumb Code     0  libinit2.o(.ARM.Collect$$libinit$$00000031)
    __rt_lib_init_signal_1                   0x08000203   Thumb Code     0  libinit2.o(.ARM.Collect$$libinit$$0000001B)
    __rt_lib_init_stdio_1                    0x08000203   Thumb Code     0  libinit2.o(.ARM.Collect$$libinit$$00000023)
    __rt_lib_init_user_alloc_1               0x08000203   Thumb Code     0  libinit2.o(.ARM.Collect$$libinit$$0000000A)
    __rt_lib_shutdown                        0x08000205   Thumb Code     0  libshutdown.o(.ARM.Collect$$libshutdown$$00000000)
    __rt_lib_shutdown_fp_trap_1              0x08000207   Thumb Code     0  libshutdown2.o(.ARM.Collect$$libshutdown$$00000006)
    __rt_lib_shutdown_heap_1                 0x08000207   Thumb Code     0  libshutdown2.o(.ARM.Collect$$libshutdown$$0000000E)
    __rt_lib_shutdown_return                 0x08000207   Thumb Code     0  libshutdown2.o(.ARM.Collect$$libshutdown$$0000000F)
    __rt_lib_shutdown_signal_1               0x08000207   Thumb Code     0  libshutdown2.o(.ARM.Collect$$libshutdown$$00000009)
    __rt_lib_shutdown_stdio_1                0x08000207   Thumb Code     0  libshutdown2.o(.ARM.Collect$$libshutdown$$00000003)
    __rt_lib_shutdown_user_alloc_1           0x08000207   Thumb Code     0  libshutdown2.o(.ARM.Collect$$libshutdown$$0000000B)
    __rt_entry                               0x08000209   Thumb Code     0  rtentry.o(.ARM.Collect$$rtentry$$00000000)
    __rt_entry_presh_1                       0x08000209   Thumb Code     0  rtentry2.o(.ARM.Collect$$rtentry$$00000002)
    __rt_entry_sh                            0x08000209   Thumb Code     0  rtentry4.o(.ARM.Collect$$rtentry$$00000004)
    __rt_entry_li                            0x0800020f   Thumb Code     0  rtentry2.o(.ARM.Collect$$rtentry$$0000000A)
    __rt_entry_postsh_1                      0x0800020f   Thumb Code     0  rtentry2.o(.ARM.Collect$$rtentry$$00000009)
    __rt_entry_main                          0x08000213   Thumb Code     0  rtentry2.o(.ARM.Collect$$rtentry$$0000000D)
    __rt_entry_postli_1                      0x08000213   Thumb Code     0  rtentry2.o(.ARM.Collect$$rtentry$$0000000C)
    __rt_exit                                0x0800021b   Thumb Code     0  rtexit.o(.ARM.Collect$$rtexit$$00000000)
    __rt_exit_ls                             0x0800021d   Thumb Code     0  rtexit2.o(.ARM.Collect$$rtexit$$00000003)
    __rt_exit_prels_1                        0x0800021d   Thumb Code     0  rtexit2.o(.ARM.Collect$$rtexit$$00000002)
    __rt_exit_exit                           0x08000221   Thumb Code     0  rtexit2.o(.ARM.Collect$$rtexit$$00000004)
    Reset_Handler                            0x08000229   Thumb Code     8  startup_stm32f30x.o(.text)
    ADC1_2_IRQHandler                        0x08000243   Thumb Code     0  startup_stm32f30x.o(.text)
    ADC3_IRQHandler                          0x08000243   Thumb Code     0  startup_stm32f30x.o(.text)
    ADC4_IRQHandler                          0x08000243   Thumb Code     0  startup_stm32f30x.o(.text)
    CAN1_RX1_IRQHandler                      0x08000243   Thumb Code     0  startup_stm32f30x.o(.text)
    CAN1_SCE_IRQHandler                      0x08000243   Thumb Code     0  startup_stm32f30x.o(.text)
    COMP1_2_3_IRQHandler                     0x08000243   Thumb Code     0  startup_stm32f30x.o(.text)
    COMP4_5_6_IRQHandler                     0x08000243   Thumb Code     0  startup_stm32f30x.o(.text)
    COMP7_IRQHandler                         0x08000243   Thumb Code     0  startup_stm32f30x.o(.text)
    DMA1_Channel1_IRQHandler                 0x08000243   Thumb Code     0  startup_stm32f30x.o(.text)
    DMA1_Channel2_IRQHandler                 0x08000243   Thumb Code     0  startup_stm32f30x.o(.text)
    DMA1_Channel3_IRQHandler                 0x08000243   Thumb Code     0  startup_stm32f30x.o(.text)
    DMA1_Channel4_IRQHandler                 0x08000243   Thumb Code     0  startup_stm32f30x.o(.text)
    DMA1_Channel5_IRQHandler                 0x08000243   Thumb Code     0  startup_stm32f30x.o(.text)
    DMA1_Channel6_IRQHandler                 0x08000243   Thumb Code     0  startup_stm32f30x.o(.text)
    DMA1_Channel7_IRQHandler                 0x08000243   Thumb Code     0  startup_stm32f30x.o(.text)
    DMA2_Channel1_IRQHandler                 0x08000243   Thumb Code     0  startup_stm32f30x.o(.text)
    DMA2_Channel2_IRQHandler                 0x08000243   Thumb Code     0  startup_stm32f30x.o(.text)
    DMA2_Channel3_IRQHandler                 0x08000243   Thumb Code     0  startup_stm32f30x.o(.text)
    DMA2_Channel4_IRQHandler                 0x08000243   Thumb Code     0  startup_stm32f30x.o(.text)
    DMA2_Channel5_IRQHandler                 0x08000243   Thumb Code     0  startup_stm32f30x.o(.text)
    EXTI0_IRQHandler                         0x08000243   Thumb Code     0  startup_stm32f30x.o(.text)
    EXTI15_10_IRQHandler                     0x08000243   Thumb Code     0  startup_stm32f30x.o(.text)
    EXTI1_IRQHandler                         0x08000243   Thumb Code     0  startup_stm32f30x.o(.text)
    EXTI2_TS_IRQHandler                      0x08000243   Thumb Code     0  startup_stm32f30x.o(.text)
    EXTI3_IRQHandler                         0x08000243   Thumb Code     0  startup_stm32f30x.o(.text)
    EXTI4_IRQHandler                         0x08000243   Thumb Code     0  startup_stm32f30x.o(.text)
    EXTI9_5_IRQHandler                       0x08000243   Thumb Code     0  startup_stm32f30x.o(.text)
    FLASH_IRQHandler                         0x08000243   Thumb Code     0  startup_stm32f30x.o(.text)
    FPU_IRQHandler                           0x08000243   Thumb Code     0  startup_stm32f30x.o(.text)
    I2C1_ER_IRQHandler                       0x08000243   Thumb Code     0  startup_stm32f30x.o(.text)
    I2C1_EV_IRQHandler                       0x08000243   Thumb Code     0  startup_stm32f30x.o(.text)
    I2C2_ER_IRQHandler                       0x08000243   Thumb Code     0  startup_stm32f30x.o(.text)
    I2C2_EV_IRQHandler                       0x08000243   Thumb Code     0  startup_stm32f30x.o(.text)
    PVD_IRQHandler                           0x08000243   Thumb Code     0  startup_stm32f30x.o(.text)
    RCC_IRQHandler                           0x08000243   Thumb Code     0  startup_stm32f30x.o(.text)
    RTC_Alarm_IRQHandler                     0x08000243   Thumb Code     0  startup_stm32f30x.o(.text)
    RTC_WKUP_IRQHandler                      0x08000243   Thumb Code     0  startup_stm32f30x.o(.text)
    SPI1_IRQHandler                          0x08000243   Thumb Code     0  startup_stm32f30x.o(.text)
    SPI2_IRQHandler                          0x08000243   Thumb Code     0  startup_stm32f30x.o(.text)
    SPI3_IRQHandler                          0x08000243   Thumb Code     0  startup_stm32f30x.o(.text)
    TAMPER_STAMP_IRQHandler                  0x08000243   Thumb Code     0  startup_stm32f30x.o(.text)
    TIM1_BRK_TIM15_IRQHandler                0x08000243   Thumb Code     0  startup_stm32f30x.o(.text)
    TIM1_CC_IRQHandler                       0x08000243   Thumb Code     0  startup_stm32f30x.o(.text)
    TIM1_TRG_COM_TIM17_IRQHandler            0x08000243   Thumb Code     0  startup_stm32f30x.o(.text)
    TIM1_UP_TIM16_IRQHandler                 0x08000243   Thumb Code     0  startup_stm32f30x.o(.text)
    TIM4_IRQHandler                          0x08000243   Thumb Code     0  startup_stm32f30x.o(.text)
    TIM6_DAC_IRQHandler                      0x08000243   Thumb Code     0  startup_stm32f30x.o(.text)
    TIM7_IRQHandler                          0x08000243   Thumb Code     0  startup_stm32f30x.o(.text)
    TIM8_BRK_IRQHandler                      0x08000243   Thumb Code     0  startup_stm32f30x.o(.text)
    TIM8_CC_IRQHandler                       0x08000243   Thumb Code     0  startup_stm32f30x.o(.text)
    TIM8_TRG_COM_IRQHandler                  0x08000243   Thumb Code     0  startup_stm32f30x.o(.text)
    TIM8_UP_IRQHandler                       0x08000243   Thumb Code     0  startup_stm32f30x.o(.text)
    UART4_IRQHandler                         0x08000243   Thumb Code     0  startup_stm32f30x.o(.text)
    UART5_IRQHandler                         0x08000243   Thumb Code     0  startup_stm32f30x.o(.text)
    USART1_IRQHandler                        0x08000243   Thumb Code     0  startup_stm32f30x.o(.text)
    USART2_IRQHandler                        0x08000243   Thumb Code     0  startup_stm32f30x.o(.text)
    USART3_IRQHandler                        0x08000243   Thumb Code     0  startup_stm32f30x.o(.text)
    USBWakeUp_IRQHandler                     0x08000243   Thumb Code     0  startup_stm32f30x.o(.text)
    USBWakeUp_RMP_IRQHandler                 0x08000243   Thumb Code     0  startup_stm32f30x.o(.text)
    USB_HP_CAN1_TX_IRQHandler                0x08000243   Thumb Code     0  startup_stm32f30x.o(.text)
    USB_HP_IRQHandler                        0x08000243   Thumb Code     0  startup_stm32f30x.o(.text)
    USB_LP_CAN1_RX0_IRQHandler               0x08000243   Thumb Code     0  startup_stm32f30x.o(.text)
    USB_LP_IRQHandler                        0x08000243   Thumb Code     0  startup_stm32f30x.o(.text)
    WWDG_IRQHandler                          0x08000243   Thumb Code     0  startup_stm32f30x.o(.text)
    __user_initial_stackheap                 0x08000245   Thumb Code     0  startup_stm32f30x.o(.text)
    STM_EVAL_LEDInit                         0x08000269   Thumb Code    62  stm32f3_discovery.o(.text)
    STM_EVAL_LEDOn                           0x080002a7   Thumb Code    16  stm32f3_discovery.o(.text)
    STM_EVAL_LEDOff                          0x080002b7   Thumb Code    16  stm32f3_discovery.o(.text)
    STM_EVAL_LEDToggle                       0x080002c7   Thumb Code    26  stm32f3_discovery.o(.text)
    STM_EVAL_PBInit                          0x080002e1   Thumb Code   140  stm32f3_discovery.o(.text)
    STM_EVAL_PBGetState                      0x0800036d   Thumb Code    22  stm32f3_discovery.o(.text)
    ADC_DeInit                               0x080003ad   Thumb Code    68  stm32f30x_adc.o(.text)
    ADC_Init                                 0x080003f1   Thumb Code    58  stm32f30x_adc.o(.text)
    ADC_StructInit                           0x0800042b   Thumb Code    22  stm32f30x_adc.o(.text)
    ADC_InjectedInit                         0x08000441   Thumb Code    48  stm32f30x_adc.o(.text)
    ADC_InjectedStructInit                   0x08000471   Thumb Code    20  stm32f30x_adc.o(.text)
    ADC_CommonInit                           0x08000485   Thumb Code    84  stm32f30x_adc.o(.text)
    ADC_CommonStructInit                     0x080004d9   Thumb Code    14  stm32f30x_adc.o(.text)
    ADC_Cmd                                  0x080004e7   Thumb Code    22  stm32f30x_adc.o(.text)
    ADC_StartCalibration                     0x080004fd   Thumb Code    10  stm32f30x_adc.o(.text)
    ADC_GetCalibrationValue                  0x08000507   Thumb Code     8  stm32f30x_adc.o(.text)
    ADC_SetCalibrationValue                  0x0800050f   Thumb Code     6  stm32f30x_adc.o(.text)
    ADC_SelectCalibrationMode                0x08000515   Thumb Code    16  stm32f30x_adc.o(.text)
    ADC_GetCalibrationStatus                 0x08000525   Thumb Code    20  stm32f30x_adc.o(.text)
    ADC_DisableCmd                           0x08000539   Thumb Code    10  stm32f30x_adc.o(.text)
    ADC_GetDisableCmdStatus                  0x08000543   Thumb Code    20  stm32f30x_adc.o(.text)
    ADC_VoltageRegulatorCmd                  0x08000557   Thumb Code    30  stm32f30x_adc.o(.text)
    ADC_SelectDifferentialMode               0x08000575   Thumb Code    36  stm32f30x_adc.o(.text)
    ADC_SelectQueueOfContextMode             0x08000599   Thumb Code    22  stm32f30x_adc.o(.text)
    ADC_AutoDelayCmd                         0x080005af   Thumb Code    22  stm32f30x_adc.o(.text)
    ADC_AnalogWatchdogCmd                    0x080005c5   Thumb Code    16  stm32f30x_adc.o(.text)
    ADC_AnalogWatchdog1ThresholdsConfig      0x080005d5   Thumb Code    34  stm32f30x_adc.o(.text)
    ADC_AnalogWatchdog2ThresholdsConfig      0x080005f7   Thumb Code    32  stm32f30x_adc.o(.text)
    ADC_AnalogWatchdog3ThresholdsConfig      0x08000617   Thumb Code    32  stm32f30x_adc.o(.text)
    ADC_AnalogWatchdog1SingleChannelConfig   0x08000637   Thumb Code    18  stm32f30x_adc.o(.text)
    ADC_AnalogWatchdog2SingleChannelConfig   0x08000649   Thumb Code    28  stm32f30x_adc.o(.text)
    ADC_AnalogWatchdog3SingleChannelConfig   0x08000665   Thumb Code    28  stm32f30x_adc.o(.text)
    ADC_TempSensorCmd                        0x08000681   Thumb Code    80  stm32f30x_adc.o(.text)
    ADC_VrefintCmd                           0x080006d1   Thumb Code    80  stm32f30x_adc.o(.text)
    ADC_VbatCmd                              0x08000721   Thumb Code    80  stm32f30x_adc.o(.text)
    ADC_RegularChannelConfig                 0x08000771   Thumb Code   288  stm32f30x_adc.o(.text)
    ADC_RegularChannelSequencerLengthConfig  0x08000891   Thumb Code    18  stm32f30x_adc.o(.text)
    ADC_ExternalTriggerConfig                0x080008a3   Thumb Code    22  stm32f30x_adc.o(.text)
    ADC_StartConversion                      0x080008b9   Thumb Code    10  stm32f30x_adc.o(.text)
    ADC_GetStartConversionStatus             0x080008c3   Thumb Code    20  stm32f30x_adc.o(.text)
    ADC_StopConversion                       0x080008d7   Thumb Code    10  stm32f30x_adc.o(.text)
    ADC_DiscModeChannelCountConfig           0x080008e1   Thumb Code    24  stm32f30x_adc.o(.text)
    ADC_DiscModeCmd                          0x080008f9   Thumb Code    22  stm32f30x_adc.o(.text)
    ADC_GetConversionValue                   0x0800090f   Thumb Code     8  stm32f30x_adc.o(.text)
    ADC_GetDualModeConversionValue           0x08000917   Thumb Code    28  stm32f30x_adc.o(.text)
    ADC_SetChannelOffset1                    0x08000933   Thumb Code    32  stm32f30x_adc.o(.text)
    ADC_SetChannelOffset2                    0x08000953   Thumb Code    32  stm32f30x_adc.o(.text)
    ADC_SetChannelOffset3                    0x08000973   Thumb Code    32  stm32f30x_adc.o(.text)
    ADC_SetChannelOffset4                    0x08000993   Thumb Code    32  stm32f30x_adc.o(.text)
    ADC_ChannelOffset1Cmd                    0x080009b3   Thumb Code    22  stm32f30x_adc.o(.text)
    ADC_ChannelOffset2Cmd                    0x080009c9   Thumb Code    22  stm32f30x_adc.o(.text)
    ADC_ChannelOffset3Cmd                    0x080009df   Thumb Code    22  stm32f30x_adc.o(.text)
    ADC_ChannelOffset4Cmd                    0x080009f5   Thumb Code    22  stm32f30x_adc.o(.text)
    ADC_DMACmd                               0x08000a0b   Thumb Code    22  stm32f30x_adc.o(.text)
    ADC_DMAConfig                            0x08000a21   Thumb Code    16  stm32f30x_adc.o(.text)
    ADC_InjectedChannelConfig                0x08000a31   Thumb Code   114  stm32f30x_adc.o(.text)
    ADC_InjectedSequencerLengthConfig        0x08000aa3   Thumb Code    18  stm32f30x_adc.o(.text)
    ADC_ExternalTriggerInjectedConfig        0x08000ab5   Thumb Code    22  stm32f30x_adc.o(.text)
    ADC_StartInjectedConversion              0x08000acb   Thumb Code    10  stm32f30x_adc.o(.text)
    ADC_StopInjectedConversion               0x08000ad5   Thumb Code    10  stm32f30x_adc.o(.text)
    ADC_GetStartInjectedConversionStatus     0x08000adf   Thumb Code    20  stm32f30x_adc.o(.text)
    ADC_AutoInjectedConvCmd                  0x08000af3   Thumb Code    22  stm32f30x_adc.o(.text)
    ADC_InjectedDiscModeCmd                  0x08000b09   Thumb Code    22  stm32f30x_adc.o(.text)
    ADC_GetInjectedConversionValue           0x08000b1f   Thumb Code    28  stm32f30x_adc.o(.text)
    ADC_ITConfig                             0x08000b3b   Thumb Code    18  stm32f30x_adc.o(.text)
    ADC_GetFlagStatus                        0x08000b4d   Thumb Code    18  stm32f30x_adc.o(.text)
    ADC_ClearFlag                            0x08000b5f   Thumb Code     4  stm32f30x_adc.o(.text)
    ADC_GetCommonFlagStatus                  0x08000b63   Thumb Code    44  stm32f30x_adc.o(.text)
    ADC_ClearCommonFlag                      0x08000b8f   Thumb Code    46  stm32f30x_adc.o(.text)
    ADC_GetITStatus                          0x08000bbd   Thumb Code    34  stm32f30x_adc.o(.text)
    ADC_ClearITPendingBit                    0x08000bdf   Thumb Code     8  stm32f30x_adc.o(.text)
    DAC_DeInit                               0x08000bf9   Thumb Code    22  stm32f30x_dac.o(.text)
    DAC_Init                                 0x08000c0f   Thumb Code    46  stm32f30x_dac.o(.text)
    DAC_StructInit                           0x08000c3d   Thumb Code    12  stm32f30x_dac.o(.text)
    DAC_Cmd                                  0x08000c49   Thumb Code    34  stm32f30x_dac.o(.text)
    DAC_SoftwareTriggerCmd                   0x08000c6b   Thumb Code    48  stm32f30x_dac.o(.text)
    DAC_DualSoftwareTriggerCmd               0x08000c9b   Thumb Code    38  stm32f30x_dac.o(.text)
    DAC_WaveGenerationCmd                    0x08000cc1   Thumb Code    36  stm32f30x_dac.o(.text)
    DAC_SetChannel1Data                      0x08000ce5   Thumb Code    26  stm32f30x_dac.o(.text)
    DAC_SetChannel2Data                      0x08000cff   Thumb Code    26  stm32f30x_dac.o(.text)
    DAC_SetDualChannelData                   0x08000d19   Thumb Code    32  stm32f30x_dac.o(.text)
    DAC_GetDataOutputValue                   0x08000d39   Thumb Code    32  stm32f30x_dac.o(.text)
    DAC_DMACmd                               0x08000d59   Thumb Code    38  stm32f30x_dac.o(.text)
    DAC_ITConfig                             0x08000d7f   Thumb Code    36  stm32f30x_dac.o(.text)
    DAC_GetFlagStatus                        0x08000da3   Thumb Code    28  stm32f30x_dac.o(.text)
    DAC_ClearFlag                            0x08000dbf   Thumb Code    12  stm32f30x_dac.o(.text)
    DAC_GetITStatus                          0x08000dcb   Thumb Code    44  stm32f30x_dac.o(.text)
    DAC_ClearITPendingBit                    0x08000df7   Thumb Code    12  stm32f30x_dac.o(.text)
    EXTI_DeInit                              0x08000e09   Thumb Code    68  stm32f30x_exti.o(.text)
    EXTI_Init                                0x08000e4d   Thumb Code   340  stm32f30x_exti.o(.text)
    EXTI_StructInit                          0x08000fa1   Thumb Code    16  stm32f30x_exti.o(.text)
    EXTI_GenerateSWInterrupt                 0x08000fb1   Thumb Code    36  stm32f30x_exti.o(.text)
    EXTI_GetFlagStatus                       0x08000fd5   Thumb Code    38  stm32f30x_exti.o(.text)
    EXTI_ClearFlag                           0x08000ffb   Thumb Code    22  stm32f30x_exti.o(.text)
    EXTI_GetITStatus                         0x08001011   Thumb Code    64  stm32f30x_exti.o(.text)
    EXTI_ClearITPendingBit                   0x08001051   Thumb Code    22  stm32f30x_exti.o(.text)
    GPIO_DeInit                              0x0800106d   Thumb Code   154  stm32f30x_gpio.o(.text)
    GPIO_Init                                0x08001107   Thumb Code   144  stm32f30x_gpio.o(.text)
    GPIO_StructInit                          0x08001197   Thumb Code    22  stm32f30x_gpio.o(.text)
    GPIO_PinLockConfig                       0x080011ad   Thumb Code    18  stm32f30x_gpio.o(.text)
    GPIO_ReadInputDataBit                    0x080011bf   Thumb Code    18  stm32f30x_gpio.o(.text)
    GPIO_ReadInputData                       0x080011d1   Thumb Code     6  stm32f30x_gpio.o(.text)
    GPIO_ReadOutputDataBit                   0x080011d7   Thumb Code    18  stm32f30x_gpio.o(.text)
    GPIO_ReadOutputData                      0x080011e9   Thumb Code     6  stm32f30x_gpio.o(.text)
    GPIO_SetBits                             0x080011ef   Thumb Code     4  stm32f30x_gpio.o(.text)
    GPIO_ResetBits                           0x080011f3   Thumb Code     4  stm32f30x_gpio.o(.text)
    GPIO_WriteBit                            0x080011f7   Thumb Code    10  stm32f30x_gpio.o(.text)
    GPIO_Write                               0x08001201   Thumb Code     4  stm32f30x_gpio.o(.text)
    GPIO_PinAFConfig                         0x08001205   Thumb Code    70  stm32f30x_gpio.o(.text)
    NVIC_PriorityGroupConfig                 0x08001261   Thumb Code    10  stm32f30x_misc.o(.text)
    NVIC_Init                                0x0800126b   Thumb Code   102  stm32f30x_misc.o(.text)
    NVIC_SetVectorTable                      0x080012d1   Thumb Code    14  stm32f30x_misc.o(.text)
    NVIC_SystemLPConfig                      0x080012df   Thumb Code    34  stm32f30x_misc.o(.text)
    SysTick_CLKSourceConfig                  0x08001301   Thumb Code    40  stm32f30x_misc.o(.text)
    RCC_DeInit                               0x0800133d   Thumb Code    84  stm32f30x_rcc.o(.text)
    RCC_HSEConfig                            0x08001391   Thumb Code    12  stm32f30x_rcc.o(.text)
    RCC_GetFlagStatus                        0x0800139d   Thumb Code    64  stm32f30x_rcc.o(.text)
    RCC_WaitForHSEStartUp                    0x080013dd   Thumb Code    56  stm32f30x_rcc.o(.text)
    RCC_AdjustHSICalibrationValue            0x08001415   Thumb Code    20  stm32f30x_rcc.o(.text)
    RCC_HSICmd                               0x08001429   Thumb Code     6  stm32f30x_rcc.o(.text)
    RCC_LSEConfig                            0x0800142f   Thumb Code    32  stm32f30x_rcc.o(.text)
    RCC_LSEDriveConfig                       0x0800144f   Thumb Code    22  stm32f30x_rcc.o(.text)
    RCC_LSICmd                               0x08001465   Thumb Code     6  stm32f30x_rcc.o(.text)
    RCC_PLLConfig                            0x0800146b   Thumb Code    28  stm32f30x_rcc.o(.text)
    RCC_PLLCmd                               0x08001487   Thumb Code     6  stm32f30x_rcc.o(.text)
    RCC_PREDIV1Config                        0x0800148d   Thumb Code    18  stm32f30x_rcc.o(.text)
    RCC_ClockSecuritySystemCmd               0x0800149f   Thumb Code     6  stm32f30x_rcc.o(.text)
    RCC_MCOConfig                            0x080014a5   Thumb Code     6  stm32f30x_rcc.o(.text)
    RCC_SYSCLKConfig                         0x080014ab   Thumb Code    18  stm32f30x_rcc.o(.text)
    RCC_GetSYSCLKSource                      0x080014bd   Thumb Code    10  stm32f30x_rcc.o(.text)
    RCC_HCLKConfig                           0x080014c7   Thumb Code    18  stm32f30x_rcc.o(.text)
    RCC_PCLK1Config                          0x080014d9   Thumb Code    18  stm32f30x_rcc.o(.text)
    RCC_PCLK2Config                          0x080014eb   Thumb Code    20  stm32f30x_rcc.o(.text)
    RCC_GetClocksFreq                        0x080014ff   Thumb Code  1088  stm32f30x_rcc.o(.text)
    RCC_ADCCLKConfig                         0x0800193f   Thumb Code    44  stm32f30x_rcc.o(.text)
    RCC_I2CCLKConfig                         0x0800196b   Thumb Code    44  stm32f30x_rcc.o(.text)
    RCC_TIMCLKConfig                         0x08001997   Thumb Code    44  stm32f30x_rcc.o(.text)
    RCC_USARTCLKConfig                       0x080019c3   Thumb Code   104  stm32f30x_rcc.o(.text)
    RCC_USBCLKConfig                         0x08001a2b   Thumb Code     6  stm32f30x_rcc.o(.text)
    RCC_RTCCLKConfig                         0x08001a31   Thumb Code    12  stm32f30x_rcc.o(.text)
    RCC_I2SCLKConfig                         0x08001a3d   Thumb Code     6  stm32f30x_rcc.o(.text)
    RCC_RTCCLKCmd                            0x08001a43   Thumb Code     6  stm32f30x_rcc.o(.text)
    RCC_BackupResetCmd                       0x08001a49   Thumb Code     8  stm32f30x_rcc.o(.text)
    RCC_AHBPeriphClockCmd                    0x08001a51   Thumb Code    26  stm32f30x_rcc.o(.text)
    RCC_APB2PeriphClockCmd                   0x08001a6b   Thumb Code    26  stm32f30x_rcc.o(.text)
    RCC_APB1PeriphClockCmd                   0x08001a85   Thumb Code    26  stm32f30x_rcc.o(.text)
    RCC_AHBPeriphResetCmd                    0x08001a9f   Thumb Code    26  stm32f30x_rcc.o(.text)
    RCC_APB2PeriphResetCmd                   0x08001ab9   Thumb Code    26  stm32f30x_rcc.o(.text)
    RCC_APB1PeriphResetCmd                   0x08001ad3   Thumb Code    26  stm32f30x_rcc.o(.text)
    RCC_ITConfig                             0x08001aed   Thumb Code    26  stm32f30x_rcc.o(.text)
    RCC_ClearFlag                            0x08001b07   Thumb Code    14  stm32f30x_rcc.o(.text)
    RCC_GetITStatus                          0x08001b15   Thumb Code    20  stm32f30x_rcc.o(.text)
    RCC_ClearITPendingBit                    0x08001b29   Thumb Code     6  stm32f30x_rcc.o(.text)
    SYSCFG_DeInit                            0x08001b45   Thumb Code    46  stm32f30x_syscfg.o(.text)
    SYSCFG_MemoryRemapConfig                 0x08001b73   Thumb Code    18  stm32f30x_syscfg.o(.text)
    SYSCFG_DMAChannelRemapConfig             0x08001b85   Thumb Code    26  stm32f30x_syscfg.o(.text)
    SYSCFG_TriggerRemapConfig                0x08001b9f   Thumb Code    26  stm32f30x_syscfg.o(.text)
    SYSCFG_EncoderRemapConfig                0x08001bb9   Thumb Code    22  stm32f30x_syscfg.o(.text)
    SYSCFG_USBInterruptLineRemapCmd          0x08001bcf   Thumb Code     6  stm32f30x_syscfg.o(.text)
    SYSCFG_I2CFastModePlusConfig             0x08001bd5   Thumb Code    26  stm32f30x_syscfg.o(.text)
    SYSCFG_ITConfig                          0x08001bef   Thumb Code    26  stm32f30x_syscfg.o(.text)
    SYSCFG_EXTILineConfig                    0x08001c09   Thumb Code    66  stm32f30x_syscfg.o(.text)
    SYSCFG_BreakConfig                       0x08001c4b   Thumb Code    12  stm32f30x_syscfg.o(.text)
    SYSCFG_BypassParityCheckDisable          0x08001c57   Thumb Code     8  stm32f30x_syscfg.o(.text)
    SYSCFG_SRAMWRPEnable                     0x08001c5f   Thumb Code    12  stm32f30x_syscfg.o(.text)
    SYSCFG_GetFlagStatus                     0x08001c6b   Thumb Code    22  stm32f30x_syscfg.o(.text)
    SYSCFG_ClearFlag                         0x08001c81   Thumb Code    12  stm32f30x_syscfg.o(.text)
    TIM_DeInit                               0x08001c99   Thumb Code   250  stm32f30x_tim.o(.text)
    TIM_TimeBaseInit                         0x08001d93   Thumb Code   116  stm32f30x_tim.o(.text)
    TIM_TimeBaseStructInit                   0x08001e07   Thumb Code    18  stm32f30x_tim.o(.text)
    TIM_PrescalerConfig                      0x08001e19   Thumb Code     6  stm32f30x_tim.o(.text)
    TIM_CounterModeConfig                    0x08001e1f   Thumb Code    18  stm32f30x_tim.o(.text)
    TIM_SetCounter                           0x08001e31   Thumb Code     4  stm32f30x_tim.o(.text)
    TIM_SetAutoreload                        0x08001e35   Thumb Code     4  stm32f30x_tim.o(.text)
    TIM_GetCounter                           0x08001e39   Thumb Code     6  stm32f30x_tim.o(.text)
    TIM_GetPrescaler                         0x08001e3f   Thumb Code     6  stm32f30x_tim.o(.text)
    TIM_UpdateDisableConfig                  0x08001e45   Thumb Code    24  stm32f30x_tim.o(.text)
    TIM_UpdateRequestConfig                  0x08001e5d   Thumb Code    24  stm32f30x_tim.o(.text)
    TIM_UIFRemap                             0x08001e75   Thumb Code    24  stm32f30x_tim.o(.text)
    TIM_ARRPreloadConfig                     0x08001e8d   Thumb Code    24  stm32f30x_tim.o(.text)
    TIM_SelectOnePulseMode                   0x08001ea5   Thumb Code    18  stm32f30x_tim.o(.text)
    TIM_SetClockDivision                     0x08001eb7   Thumb Code    18  stm32f30x_tim.o(.text)
    TIM_Cmd                                  0x08001ec9   Thumb Code    24  stm32f30x_tim.o(.text)
    TIM_OC1Init                              0x08001ee1   Thumb Code   120  stm32f30x_tim.o(.text)
    TIM_OC2Init                              0x08001f59   Thumb Code   116  stm32f30x_tim.o(.text)
    TIM_OC3Init                              0x08001fcd   Thumb Code   114  stm32f30x_tim.o(.text)
    TIM_OC4Init                              0x0800203f   Thumb Code   130  stm32f30x_tim.o(.text)
    TIM_OC5Init                              0x080020c1   Thumb Code    80  stm32f30x_tim.o(.text)
    TIM_OC6Init                              0x08002111   Thumb Code    88  stm32f30x_tim.o(.text)
    TIM_SelectGC5C1                          0x08002169   Thumb Code    22  stm32f30x_tim.o(.text)
    TIM_SelectGC5C2                          0x0800217f   Thumb Code    22  stm32f30x_tim.o(.text)
    TIM_SelectGC5C3                          0x08002195   Thumb Code    22  stm32f30x_tim.o(.text)
    TIM_OCStructInit                         0x080021ab   Thumb Code    20  stm32f30x_tim.o(.text)
    TIM_SelectOCxM                           0x080021bf   Thumb Code    84  stm32f30x_tim.o(.text)
    TIM_SetCompare1                          0x08002213   Thumb Code     4  stm32f30x_tim.o(.text)
    TIM_SetCompare2                          0x08002217   Thumb Code     4  stm32f30x_tim.o(.text)
    TIM_SetCompare3                          0x0800221b   Thumb Code     4  stm32f30x_tim.o(.text)
    TIM_SetCompare4                          0x0800221f   Thumb Code     4  stm32f30x_tim.o(.text)
    TIM_SetCompare5                          0x08002223   Thumb Code     4  stm32f30x_tim.o(.text)
    TIM_SetCompare6                          0x08002227   Thumb Code     4  stm32f30x_tim.o(.text)
    TIM_ForcedOC1Config                      0x0800222b   Thumb Code    16  stm32f30x_tim.o(.text)
    TIM_ForcedOC2Config                      0x0800223b   Thumb Code    18  stm32f30x_tim.o(.text)
    TIM_ForcedOC3Config                      0x0800224d   Thumb Code    16  stm32f30x_tim.o(.text)
    TIM_ForcedOC4Config                      0x0800225d   Thumb Code    18  stm32f30x_tim.o(.text)
    TIM_ForcedOC5Config                      0x0800226f   Thumb Code    16  stm32f30x_tim.o(.text)
    TIM_ForcedOC6Config                      0x0800227f   Thumb Code    18  stm32f30x_tim.o(.text)
    TIM_OC1PreloadConfig                     0x08002291   Thumb Code    16  stm32f30x_tim.o(.text)
    TIM_OC2PreloadConfig                     0x080022a1   Thumb Code    18  stm32f30x_tim.o(.text)
    TIM_OC3PreloadConfig                     0x080022b3   Thumb Code    16  stm32f30x_tim.o(.text)
    TIM_OC4PreloadConfig                     0x080022c3   Thumb Code    18  stm32f30x_tim.o(.text)
    TIM_OC5PreloadConfig                     0x080022d5   Thumb Code    16  stm32f30x_tim.o(.text)
    TIM_OC6PreloadConfig                     0x080022e5   Thumb Code    18  stm32f30x_tim.o(.text)
    TIM_OC1FastConfig                        0x080022f7   Thumb Code    16  stm32f30x_tim.o(.text)
    TIM_OC2FastConfig                        0x08002307   Thumb Code    18  stm32f30x_tim.o(.text)
    TIM_OC3FastConfig                        0x08002319   Thumb Code    16  stm32f30x_tim.o(.text)
    TIM_OC4FastConfig                        0x08002329   Thumb Code    18  stm32f30x_tim.o(.text)
    TIM_ClearOC1Ref                          0x0800233b   Thumb Code    16  stm32f30x_tim.o(.text)
    TIM_ClearOC2Ref                          0x0800234b   Thumb Code    18  stm32f30x_tim.o(.text)
    TIM_ClearOC3Ref                          0x0800235d   Thumb Code    16  stm32f30x_tim.o(.text)
    TIM_ClearOC4Ref                          0x0800236d   Thumb Code    18  stm32f30x_tim.o(.text)
    TIM_ClearOC5Ref                          0x0800237f   Thumb Code    16  stm32f30x_tim.o(.text)
    TIM_ClearOC6Ref                          0x0800238f   Thumb Code    18  stm32f30x_tim.o(.text)
    TIM_SelectOCREFClear                     0x080023a1   Thumb Code    18  stm32f30x_tim.o(.text)
    TIM_OC1PolarityConfig                    0x080023b3   Thumb Code    16  stm32f30x_tim.o(.text)
    TIM_OC1NPolarityConfig                   0x080023c3   Thumb Code    16  stm32f30x_tim.o(.text)
    TIM_OC2PolarityConfig                    0x080023d3   Thumb Code    18  stm32f30x_tim.o(.text)
    TIM_OC2NPolarityConfig                   0x080023e5   Thumb Code    18  stm32f30x_tim.o(.text)
    TIM_OC3PolarityConfig                    0x080023f7   Thumb Code    18  stm32f30x_tim.o(.text)
    TIM_OC3NPolarityConfig                   0x08002409   Thumb Code    18  stm32f30x_tim.o(.text)
    TIM_OC4PolarityConfig                    0x0800241b   Thumb Code    18  stm32f30x_tim.o(.text)
    TIM_OC5PolarityConfig                    0x0800242d   Thumb Code    18  stm32f30x_tim.o(.text)
    TIM_OC6PolarityConfig                    0x0800243f   Thumb Code    18  stm32f30x_tim.o(.text)
    TIM_CCxCmd                               0x08002451   Thumb Code    28  stm32f30x_tim.o(.text)
    TIM_CCxNCmd                              0x0800246d   Thumb Code    28  stm32f30x_tim.o(.text)
    TIM_SetIC4Prescaler                      0x08002489   Thumb Code    26  stm32f30x_tim.o(.text)
    TIM_SetIC3Prescaler                      0x0800250b   Thumb Code    18  stm32f30x_tim.o(.text)
    TIM_SetIC2Prescaler                      0x08002569   Thumb Code    18  stm32f30x_tim.o(.text)
    TIM_SetIC1Prescaler                      0x080025bd   Thumb Code    16  stm32f30x_tim.o(.text)
    TIM_ICInit                               0x080025fd   Thumb Code   110  stm32f30x_tim.o(.text)
    TIM_ICStructInit                         0x0800266b   Thumb Code    18  stm32f30x_tim.o(.text)
    TIM_PWMIConfig                           0x0800267d   Thumb Code   124  stm32f30x_tim.o(.text)
    TIM_GetCapture1                          0x080026f9   Thumb Code     6  stm32f30x_tim.o(.text)
    TIM_GetCapture2                          0x080026ff   Thumb Code     6  stm32f30x_tim.o(.text)
    TIM_GetCapture3                          0x08002705   Thumb Code     6  stm32f30x_tim.o(.text)
    TIM_GetCapture4                          0x0800270b   Thumb Code     6  stm32f30x_tim.o(.text)
    TIM_BDTRConfig                           0x08002711   Thumb Code    30  stm32f30x_tim.o(.text)
    TIM_Break1Config                         0x0800272f   Thumb Code    22  stm32f30x_tim.o(.text)
    TIM_Break2Config                         0x08002745   Thumb Code    22  stm32f30x_tim.o(.text)
    TIM_Break1Cmd                            0x0800275b   Thumb Code    22  stm32f30x_tim.o(.text)
    TIM_Break2Cmd                            0x08002771   Thumb Code    22  stm32f30x_tim.o(.text)
    TIM_BDTRStructInit                       0x08002787   Thumb Code    18  stm32f30x_tim.o(.text)
    TIM_CtrlPWMOutputs                       0x08002799   Thumb Code    22  stm32f30x_tim.o(.text)
    TIM_SelectCOM                            0x080027af   Thumb Code    24  stm32f30x_tim.o(.text)
    TIM_CCPreloadControl                     0x080027c7   Thumb Code    24  stm32f30x_tim.o(.text)
    TIM_ITConfig                             0x080027df   Thumb Code    24  stm32f30x_tim.o(.text)
    TIM_GenerateEvent                        0x080027f7   Thumb Code     4  stm32f30x_tim.o(.text)
    TIM_GetFlagStatus                        0x080027fb   Thumb Code    18  stm32f30x_tim.o(.text)
    TIM_ClearFlag                            0x0800280d   Thumb Code     8  stm32f30x_tim.o(.text)
    TIM_GetITStatus                          0x08002815   Thumb Code    34  stm32f30x_tim.o(.text)
    TIM_ClearITPendingBit                    0x08002837   Thumb Code     8  stm32f30x_tim.o(.text)
    TIM_DMAConfig                            0x0800283f   Thumb Code    10  stm32f30x_tim.o(.text)
    TIM_DMACmd                               0x08002849   Thumb Code    24  stm32f30x_tim.o(.text)
    TIM_SelectCCDMA                          0x08002861   Thumb Code    24  stm32f30x_tim.o(.text)
    TIM_InternalClockConfig                  0x08002879   Thumb Code    12  stm32f30x_tim.o(.text)
    TIM_SelectInputTrigger                   0x08002885   Thumb Code    20  stm32f30x_tim.o(.text)
    TIM_ITRxExternalClockConfig              0x08002899   Thumb Code    24  stm32f30x_tim.o(.text)
    TIM_TIxExternalClockConfig               0x080028b1   Thumb Code    62  stm32f30x_tim.o(.text)
    TIM_ETRConfig                            0x080028ef   Thumb Code    30  stm32f30x_tim.o(.text)
    TIM_ETRClockMode1Config                  0x0800290d   Thumb Code    56  stm32f30x_tim.o(.text)
    TIM_ETRClockMode2Config                  0x08002945   Thumb Code    32  stm32f30x_tim.o(.text)
    TIM_SelectOutputTrigger                  0x08002965   Thumb Code    18  stm32f30x_tim.o(.text)
    TIM_SelectOutputTrigger2                 0x08002977   Thumb Code    16  stm32f30x_tim.o(.text)
    TIM_SelectSlaveMode                      0x08002987   Thumb Code    16  stm32f30x_tim.o(.text)
    TIM_SelectMasterSlaveMode                0x08002997   Thumb Code    18  stm32f30x_tim.o(.text)
    TIM_EncoderInterfaceConfig               0x080029a9   Thumb Code    72  stm32f30x_tim.o(.text)
    TIM_SelectHallSensor                     0x080029f1   Thumb Code    24  stm32f30x_tim.o(.text)
    TIM_RemapConfig                          0x08002a09   Thumb Code     6  stm32f30x_tim.o(.text)
    USART_DeInit                             0x08002a15   Thumb Code   134  stm32f30x_usart.o(.text)
    USART_Init                               0x08002a9b   Thumb Code   220  stm32f30x_usart.o(.text)
    USART_StructInit                         0x08002b77   Thumb Code    24  stm32f30x_usart.o(.text)
    USART_ClockInit                          0x08002b8f   Thumb Code    30  stm32f30x_usart.o(.text)
    USART_ClockStructInit                    0x08002bad   Thumb Code    12  stm32f30x_usart.o(.text)
    USART_Cmd                                0x08002bb9   Thumb Code    22  stm32f30x_usart.o(.text)
    USART_DirectionModeCmd                   0x08002bcf   Thumb Code    18  stm32f30x_usart.o(.text)
    USART_OverSampling8Cmd                   0x08002be1   Thumb Code    22  stm32f30x_usart.o(.text)
    USART_OneBitMethodCmd                    0x08002bf7   Thumb Code    22  stm32f30x_usart.o(.text)
    USART_MSBFirstCmd                        0x08002c0d   Thumb Code    22  stm32f30x_usart.o(.text)
    USART_DataInvCmd                         0x08002c23   Thumb Code    22  stm32f30x_usart.o(.text)
    USART_InvPinCmd                          0x08002c39   Thumb Code    18  stm32f30x_usart.o(.text)
    USART_SWAPPinCmd                         0x08002c4b   Thumb Code    22  stm32f30x_usart.o(.text)
    USART_ReceiverTimeOutCmd                 0x08002c61   Thumb Code    22  stm32f30x_usart.o(.text)
    USART_SetReceiverTimeOut                 0x08002c77   Thumb Code    16  stm32f30x_usart.o(.text)
    USART_SetPrescaler                       0x08002c87   Thumb Code    16  stm32f30x_usart.o(.text)
    USART_STOPModeCmd                        0x08002c97   Thumb Code    22  stm32f30x_usart.o(.text)
    USART_StopModeWakeUpSourceConfig         0x08002cad   Thumb Code    16  stm32f30x_usart.o(.text)
    USART_AutoBaudRateCmd                    0x08002cbd   Thumb Code    22  stm32f30x_usart.o(.text)
    USART_AutoBaudRateConfig                 0x08002cd3   Thumb Code    16  stm32f30x_usart.o(.text)
    USART_SendData                           0x08002ce3   Thumb Code     8  stm32f30x_usart.o(.text)
    USART_ReceiveData                        0x08002ceb   Thumb Code    10  stm32f30x_usart.o(.text)
    USART_SetAddress                         0x08002cf5   Thumb Code    18  stm32f30x_usart.o(.text)
    USART_MuteModeCmd                        0x08002d07   Thumb Code    22  stm32f30x_usart.o(.text)
    USART_MuteModeWakeUpConfig               0x08002d1d   Thumb Code    16  stm32f30x_usart.o(.text)
    USART_AddressDetectionConfig             0x08002d2d   Thumb Code    16  stm32f30x_usart.o(.text)
    USART_LINBreakDetectLengthConfig         0x08002d3d   Thumb Code    16  stm32f30x_usart.o(.text)
    USART_LINCmd                             0x08002d4d   Thumb Code    22  stm32f30x_usart.o(.text)
    USART_HalfDuplexCmd                      0x08002d63   Thumb Code    22  stm32f30x_usart.o(.text)
    USART_SetGuardTime                       0x08002d79   Thumb Code    16  stm32f30x_usart.o(.text)
    USART_SmartCardCmd                       0x08002d89   Thumb Code    22  stm32f30x_usart.o(.text)
    USART_SmartCardNACKCmd                   0x08002d9f   Thumb Code    22  stm32f30x_usart.o(.text)
    USART_SetAutoRetryCount                  0x08002db5   Thumb Code    18  stm32f30x_usart.o(.text)
    USART_SetBlockLength                     0x08002dc7   Thumb Code    18  stm32f30x_usart.o(.text)
    USART_IrDAConfig                         0x08002dd9   Thumb Code    16  stm32f30x_usart.o(.text)
    USART_IrDACmd                            0x08002de9   Thumb Code    44  stm32f30x_usart.o(.text)
    USART_DECmd                              0x08002e15   Thumb Code    22  stm32f30x_usart.o(.text)
    USART_DEPolarityConfig                   0x08002e2b   Thumb Code    16  stm32f30x_usart.o(.text)
    USART_SetDEAssertionTime                 0x08002e3b   Thumb Code    18  stm32f30x_usart.o(.text)
    USART_SetDEDeassertionTime               0x08002e4d   Thumb Code    18  stm32f30x_usart.o(.text)
    USART_DMACmd                             0x08002e5f   Thumb Code    18  stm32f30x_usart.o(.text)
    USART_DMAReceptionErrorConfig            0x08002e71   Thumb Code    16  stm32f30x_usart.o(.text)
    USART_ITConfig                           0x08002e81   Thumb Code    58  stm32f30x_usart.o(.text)
    USART_RequestCmd                         0x08002ebb   Thumb Code    18  stm32f30x_usart.o(.text)
    USART_OverrunDetectionConfig             0x08002ecd   Thumb Code    16  stm32f30x_usart.o(.text)
    USART_GetFlagStatus                      0x08002edd   Thumb Code    18  stm32f30x_usart.o(.text)
    USART_ClearFlag                          0x08002eef   Thumb Code     4  stm32f30x_usart.o(.text)
    USART_GetITStatus                        0x08002ef3   Thumb Code    74  stm32f30x_usart.o(.text)
    USART_ClearITPendingBit                  0x08002f3d   Thumb Code    18  stm32f30x_usart.o(.text)
    Display                                  0x08002f51   Thumb Code    30  main.o(.text)
    DisplayLine                              0x08002f6f   Thumb Code    92  main.o(.text)
    DoubleToChar                             0x08002fcb   Thumb Code  5416  main.o(.text)
    Rotary                                   0x080044f3   Thumb Code   106  main.o(.text)
    UI_hl                                    0x0800455d   Thumb Code  2606  main.o(.text)
    UART_Config                              0x08004f8b   Thumb Code   126  main.o(.text)
    DAC_Config                               0x08005009   Thumb Code    68  main.o(.text)
    ADC_Config                               0x0800504d   Thumb Code   198  main.o(.text)
    TIM2_Config                              0x08005113   Thumb Code   110  main.o(.text)
    TIM3_Config                              0x08005181   Thumb Code   102  main.o(.text)
    INPUT_Config                             0x080051e7   Thumb Code    38  main.o(.text)
    main                                     0x0800520d   Thumb Code   188  main.o(.text)
    Delay                                    0x080052c9   Thumb Code    20  main.o(.text)
    NMI_Handler                              0x080052e1   Thumb Code     2  stm32f30x_it.o(.text)
    HardFault_Handler                        0x080052e3   Thumb Code     4  stm32f30x_it.o(.text)
    MemManage_Handler                        0x080052e7   Thumb Code     4  stm32f30x_it.o(.text)
    BusFault_Handler                         0x080052eb   Thumb Code     4  stm32f30x_it.o(.text)
    UsageFault_Handler                       0x080052ef   Thumb Code     4  stm32f30x_it.o(.text)
    SVC_Handler                              0x080052f3   Thumb Code     2  stm32f30x_it.o(.text)
    DebugMon_Handler                         0x080052f5   Thumb Code     2  stm32f30x_it.o(.text)
    PendSV_Handler                           0x080052f7   Thumb Code     2  stm32f30x_it.o(.text)
    SysTick_Handler                          0x080052f9   Thumb Code     2  stm32f30x_it.o(.text)
    TIM3_IRQHandler                          0x080052fb   Thumb Code   460  stm32f30x_it.o(.text)
    TIM2_IRQHandler                          0x080054c7   Thumb Code   778  stm32f30x_it.o(.text)
    SystemInit                               0x08005897   Thumb Code   112  system_stm32f30x.o(.text)
    SystemCoreClockUpdate                    0x08005907   Thumb Code   138  system_stm32f30x.o(.text)
    __use_two_region_memory                  0x080059b9   Thumb Code     2  heapauxi.o(.text)
    __rt_heap_escrow$2region                 0x080059bb   Thumb Code     2  heapauxi.o(.text)
    __rt_heap_expand$2region                 0x080059bd   Thumb Code     2  heapauxi.o(.text)
    __read_errno                             0x080059bf   Thumb Code    10  _rserrno.o(.text)
    __set_errno                              0x080059c9   Thumb Code    12  _rserrno.o(.text)
    __aeabi_errno_addr                       0x080059d5   Thumb Code     8  rt_errno_addr_intlibspace.o(.text)
    __errno$intlibspace                      0x080059d5   Thumb Code     0  rt_errno_addr_intlibspace.o(.text)
    __rt_errno_addr$intlibspace              0x080059d5   Thumb Code     0  rt_errno_addr_intlibspace.o(.text)
    __user_libspace                          0x080059dd   Thumb Code     8  libspace.o(.text)
    __user_perproc_libspace                  0x080059dd   Thumb Code     0  libspace.o(.text)
    __user_perthread_libspace                0x080059dd   Thumb Code     0  libspace.o(.text)
    __user_setup_stackheap                   0x080059e5   Thumb Code    74  sys_stackheap_outer.o(.text)
    exit                                     0x08005a2f   Thumb Code    12  exit.o(.text)
    _sys_exit                                0x08005a3d   Thumb Code     8  sys_exit.o(.text)
    __I$use$semihosting                      0x08005a49   Thumb Code     0  use_no_semi.o(.text)
    __use_no_semihosting_swi                 0x08005a49   Thumb Code     2  use_no_semi.o(.text)
    __semihosting_library_function           0x08005a4b   Thumb Code     0  indicate_semi.o(.text)
    __hardfp_log                             0x08005a51   Thumb Code   888  log.o(i.__hardfp_log)
    __hardfp_log10                           0x08005e39   Thumb Code   272  log10.o(i.__hardfp_log10)
    __kernel_poly                            0x08005f81   Thumb Code   248  poly.o(i.__kernel_poly)
    log                                      0x08006079   Thumb Code    16  log.o(i.log)
    __aeabi_dadd                             0x08006089   Thumb Code     0  daddsub_clz.o(x$fpl$dadd)
    _dadd                                    0x08006089   Thumb Code   332  daddsub_clz.o(x$fpl$dadd)
    __fpl_dcmp_Inf                           0x080061d9   Thumb Code    24  dcmpi.o(x$fpl$dcmpinf)
    __aeabi_ddiv                             0x080061f1   Thumb Code     0  ddiv.o(x$fpl$ddiv)
    _ddiv                                    0x080061f1   Thumb Code   552  ddiv.o(x$fpl$ddiv)
    __aeabi_cdcmpeq                          0x080064a1   Thumb Code     0  deqf.o(x$fpl$deqf)
    _dcmpeq                                  0x080064a1   Thumb Code   120  deqf.o(x$fpl$deqf)
    __aeabi_d2iz                             0x08006519   Thumb Code     0  dfix.o(x$fpl$dfix)
    _dfix                                    0x08006519   Thumb Code    94  dfix.o(x$fpl$dfix)
    __aeabi_d2uiz                            0x08006579   Thumb Code     0  dfixu.o(x$fpl$dfixu)
    _dfixu                                   0x08006579   Thumb Code    90  dfixu.o(x$fpl$dfixu)
    __aeabi_i2d                              0x080065d3   Thumb Code     0  dflt_clz.o(x$fpl$dflt)
    _dflt                                    0x080065d3   Thumb Code    46  dflt_clz.o(x$fpl$dflt)
    __aeabi_ui2d                             0x08006601   Thumb Code     0  dflt_clz.o(x$fpl$dfltu)
    _dfltu                                   0x08006601   Thumb Code    38  dflt_clz.o(x$fpl$dfltu)
    __aeabi_cdcmple                          0x08006629   Thumb Code     0  dleqf.o(x$fpl$dleqf)
    _dcmple                                  0x08006629   Thumb Code   120  dleqf.o(x$fpl$dleqf)
    __fpl_dcmple_InfNaN                      0x0800668b   Thumb Code     0  dleqf.o(x$fpl$dleqf)
    __aeabi_dmul                             0x080066a1   Thumb Code     0  dmul.o(x$fpl$dmul)
    _dmul                                    0x080066a1   Thumb Code   332  dmul.o(x$fpl$dmul)
    __fpl_dnaninf                            0x080067f5   Thumb Code   156  dnaninf.o(x$fpl$dnaninf)
    __fpl_dretinf                            0x08006891   Thumb Code    12  dretinf.o(x$fpl$dretinf)
    __aeabi_cdrcmple                         0x0800689d   Thumb Code     0  drleqf.o(x$fpl$drleqf)
    _drcmple                                 0x0800689d   Thumb Code   108  drleqf.o(x$fpl$drleqf)
    __aeabi_drsub                            0x08006909   Thumb Code     0  daddsub_clz.o(x$fpl$drsb)
    _drsb                                    0x08006909   Thumb Code    22  daddsub_clz.o(x$fpl$drsb)
    __aeabi_dsub                             0x08006921   Thumb Code     0  daddsub_clz.o(x$fpl$dsub)
    _dsub                                    0x08006921   Thumb Code   464  daddsub_clz.o(x$fpl$dsub)
    _fp_init                                 0x08006af5   Thumb Code    10  fpinit.o(x$fpl$fpinit)
    __fplib_config_fpu_vfp                   0x08006afd   Thumb Code     0  fpinit.o(x$fpl$fpinit)
    __fplib_config_pureend_doubles           0x08006afd   Thumb Code     0  fpinit.o(x$fpl$fpinit)
    __I$use$fp                               0x08006afe   Number         0  usenofp.o(x$fpl$usenofp)
    GPIO_PIN                                 0x08006b00   Data          16  stm32f3_discovery.o(.constdata)
    GPIO_CLK                                 0x08006b10   Data          32  stm32f3_discovery.o(.constdata)
    BUTTON_PIN                               0x08006b30   Data           2  stm32f3_discovery.o(.constdata)
    BUTTON_CLK                               0x08006b34   Data           4  stm32f3_discovery.o(.constdata)
    BUTTON_EXTI_LINE                         0x08006b38   Data           2  stm32f3_discovery.o(.constdata)
    BUTTON_PORT_SOURCE                       0x08006b3a   Data           1  stm32f3_discovery.o(.constdata)
    BUTTON_PIN_SOURCE                        0x08006b3b   Data           1  stm32f3_discovery.o(.constdata)
    BUTTON_IRQn                              0x08006b3c   Data           1  stm32f3_discovery.o(.constdata)
    __mathlib_zero                           0x08006b78   Data           8  qnan.o(.constdata)
    Region$$Table$$Base                      0x08006b80   Number         0  anon$$obj.o(Region$$Table)
    Region$$Table$$Limit                     0x08006ba0   Number         0  anon$$obj.o(Region$$Table)
    GPIO_PORT                                0x20000000   Data          32  stm32f3_discovery.o(.data)
    BUTTON_PORT                              0x20000020   Data           4  stm32f3_discovery.o(.data)
    threshold                                0x20000050   Data           8  main.o(.data)
    attack                                   0x20000058   Data           8  main.o(.data)
    ratio                                    0x20000060   Data           8  main.o(.data)
    release                                  0x20000068   Data           8  main.o(.data)
    mug                                      0x20000070   Data           8  main.o(.data)
    autoEN                                   0x20000078   Data           4  main.o(.data)
    bypassEN                                 0x2000007c   Data           4  main.o(.data)
    Compress                                 0x20000080   Data           4  main.o(.data)
    AttRel                                   0x20000084   Data           4  main.o(.data)
    CCR1_TIM3_Val                            0x20000088   Data           2  main.o(.data)
    CCR1_TIM2_Val                            0x2000008a   Data           2  main.o(.data)
    calibration_value                        0x2000008c   Data           2  main.o(.data)
    TimingDelay                              0x2000008e   Data           2  main.o(.data)
    Data                                     0x20000090   Data           2  main.o(.data)
    GPIO_InitStructure                       0x20000094   Data           8  main.o(.data)
    NVIC_InitStructure                       0x2000009c   Data           4  main.o(.data)
    IC2Value                                 0x200000a0   Data           2  stm32f30x_it.o(.data)
    DutyCycle                                0x200000a2   Data           2  stm32f30x_it.o(.data)
    Frequency                                0x200000a4   Data           4  stm32f30x_it.o(.data)
    capture                                  0x200000a8   Data           2  stm32f30x_it.o(.data)
    attackStep                               0x200000aa   Data           2  stm32f30x_it.o(.data)
    releaseStep                              0x200000ac   Data           2  stm32f30x_it.o(.data)
    attackCounter                            0x200000b0   Data           4  stm32f30x_it.o(.data)
    releaseCounter                           0x200000b4   Data           4  stm32f30x_it.o(.data)
    ADC1ConvertedValue                       0x200000b8   Data           2  stm32f30x_it.o(.data)
    SampledSignal                            0x200000c0   Data           8  stm32f30x_it.o(.data)
    SSdB                                     0x200000c8   Data           8  stm32f30x_it.o(.data)
    x                                        0x200000d0   Data           4  stm32f30x_it.o(.data)
    y                                        0x200000d4   Data           4  stm32f30x_it.o(.data)
    SampledSignalVoltage                     0x200000d8   Data           8  stm32f30x_it.o(.data)
    SSint                                    0x200000e0   Data           4  stm32f30x_it.o(.data)
    base2SSdB                                0x200000e4   Data           4  stm32f30x_it.o(.data)
    OutputSignal                             0x200000e8   Data           8  stm32f30x_it.o(.data)
    GainReduction                            0x200000f0   Data           8  stm32f30x_it.o(.data)
    OutputVoltage                            0x200000f8   Data           8  stm32f30x_it.o(.data)
    OutputData                               0x20000100   Data           2  stm32f30x_it.o(.data)
    SystemCoreClock                          0x20000104   Data           4  system_stm32f30x.o(.data)
    AHBPrescTable                            0x20000108   Data          16  system_stm32f30x.o(.data)
    ADC_InitStructure                        0x20000118   Data          32  main.o(.bss)
    ADC_CommonInitStructure                  0x20000138   Data          20  main.o(.bss)
    DAC_InitStructure                        0x2000014c   Data          16  main.o(.bss)
    TIM_TimeBaseStructure                    0x2000015c   Data          12  main.o(.bss)
    TIM_OCInitStructure                      0x20000168   Data          20  main.o(.bss)
    USART1_InitStructure                     0x2000017c   Data          24  main.o(.bss)
    __libspace_start                         0x20000194   Data          96  libspace.o(.bss)
    __temporary_stack_top$libspace           0x200001f4   Data           0  libspace.o(.bss)



==============================================================================

Memory Map of the image

  Image Entry point : 0x08000229

  Load Region LR_1 (Base: 0x08000000, Size: 0x00006cb8, Max: 0xffffffff, ABSOLUTE)

    Execution Region ER_RO (Base: 0x08000000, Size: 0x00006ba0, Max: 0xffffffff, ABSOLUTE)

    Base Addr    Size         Type   Attr      Idx    E Section Name        Object

    0x08000000   0x00000188   Data   RO            3    RESET               startup_stm32f30x.o
    0x08000188   0x00000008   Code   RO          797  * !!!main             c_w.l(__main.o)
    0x08000190   0x00000034   Code   RO         1026    !!!scatter          c_w.l(__scatter.o)
    0x080001c4   0x0000001a   Code   RO         1028    !!handler_copy      c_w.l(__scatter_copy.o)
    0x080001de   0x00000002   PAD
    0x080001e0   0x0000001c   Code   RO         1030    !!handler_zi        c_w.l(__scatter_zi.o)
    0x080001fc   0x00000002   Code   RO          902    .ARM.Collect$$libinit$$00000000  c_w.l(libinit.o)
    0x080001fe   0x00000004   Code   RO          905    .ARM.Collect$$libinit$$00000001  c_w.l(libinit2.o)
    0x08000202   0x00000000   Code   RO          909    .ARM.Collect$$libinit$$00000008  c_w.l(libinit2.o)
    0x08000202   0x00000000   Code   RO          911    .ARM.Collect$$libinit$$0000000A  c_w.l(libinit2.o)
    0x08000202   0x00000000   Code   RO          913    .ARM.Collect$$libinit$$0000000C  c_w.l(libinit2.o)
    0x08000202   0x00000000   Code   RO          916    .ARM.Collect$$libinit$$0000000F  c_w.l(libinit2.o)
    0x08000202   0x00000000   Code   RO          918    .ARM.Collect$$libinit$$00000011  c_w.l(libinit2.o)
    0x08000202   0x00000000   Code   RO          920    .ARM.Collect$$libinit$$00000013  c_w.l(libinit2.o)
    0x08000202   0x00000000   Code   RO          922    .ARM.Collect$$libinit$$00000015  c_w.l(libinit2.o)
    0x08000202   0x00000000   Code   RO          924    .ARM.Collect$$libinit$$00000017  c_w.l(libinit2.o)
    0x08000202   0x00000000   Code   RO          926    .ARM.Collect$$libinit$$00000019  c_w.l(libinit2.o)
    0x08000202   0x00000000   Code   RO          928    .ARM.Collect$$libinit$$0000001B  c_w.l(libinit2.o)
    0x08000202   0x00000000   Code   RO          930    .ARM.Collect$$libinit$$0000001D  c_w.l(libinit2.o)
    0x08000202   0x00000000   Code   RO          932    .ARM.Collect$$libinit$$0000001F  c_w.l(libinit2.o)
    0x08000202   0x00000000   Code   RO          934    .ARM.Collect$$libinit$$00000021  c_w.l(libinit2.o)
    0x08000202   0x00000000   Code   RO          936    .ARM.Collect$$libinit$$00000023  c_w.l(libinit2.o)
    0x08000202   0x00000000   Code   RO          940    .ARM.Collect$$libinit$$0000002A  c_w.l(libinit2.o)
    0x08000202   0x00000000   Code   RO          942    .ARM.Collect$$libinit$$0000002C  c_w.l(libinit2.o)
    0x08000202   0x00000000   Code   RO          944    .ARM.Collect$$libinit$$0000002E  c_w.l(libinit2.o)
    0x08000202   0x00000000   Code   RO          946    .ARM.Collect$$libinit$$00000030  c_w.l(libinit2.o)
    0x08000202   0x00000002   Code   RO          947    .ARM.Collect$$libinit$$00000031  c_w.l(libinit2.o)
    0x08000204   0x00000002   Code   RO          967    .ARM.Collect$$libshutdown$$00000000  c_w.l(libshutdown.o)
    0x08000206   0x00000000   Code   RO          981    .ARM.Collect$$libshutdown$$00000003  c_w.l(libshutdown2.o)
    0x08000206   0x00000000   Code   RO          984    .ARM.Collect$$libshutdown$$00000006  c_w.l(libshutdown2.o)
    0x08000206   0x00000000   Code   RO          987    .ARM.Collect$$libshutdown$$00000009  c_w.l(libshutdown2.o)
    0x08000206   0x00000000   Code   RO          989    .ARM.Collect$$libshutdown$$0000000B  c_w.l(libshutdown2.o)
    0x08000206   0x00000000   Code   RO          992    .ARM.Collect$$libshutdown$$0000000E  c_w.l(libshutdown2.o)
    0x08000206   0x00000002   Code   RO          993    .ARM.Collect$$libshutdown$$0000000F  c_w.l(libshutdown2.o)
    0x08000208   0x00000000   Code   RO          843    .ARM.Collect$$rtentry$$00000000  c_w.l(rtentry.o)
    0x08000208   0x00000000   Code   RO          868    .ARM.Collect$$rtentry$$00000002  c_w.l(rtentry2.o)
    0x08000208   0x00000006   Code   RO          880    .ARM.Collect$$rtentry$$00000004  c_w.l(rtentry4.o)
    0x0800020e   0x00000000   Code   RO          870    .ARM.Collect$$rtentry$$00000009  c_w.l(rtentry2.o)
    0x0800020e   0x00000004   Code   RO          871    .ARM.Collect$$rtentry$$0000000A  c_w.l(rtentry2.o)
    0x08000212   0x00000000   Code   RO          873    .ARM.Collect$$rtentry$$0000000C  c_w.l(rtentry2.o)
    0x08000212   0x00000008   Code   RO          874    .ARM.Collect$$rtentry$$0000000D  c_w.l(rtentry2.o)
    0x0800021a   0x00000002   Code   RO          903    .ARM.Collect$$rtexit$$00000000  c_w.l(rtexit.o)
    0x0800021c   0x00000000   Code   RO          949    .ARM.Collect$$rtexit$$00000002  c_w.l(rtexit2.o)
    0x0800021c   0x00000004   Code   RO          950    .ARM.Collect$$rtexit$$00000003  c_w.l(rtexit2.o)
    0x08000220   0x00000006   Code   RO          951    .ARM.Collect$$rtexit$$00000004  c_w.l(rtexit2.o)
    0x08000226   0x00000002   PAD
    0x08000228   0x00000040   Code   RO            4  * .text               startup_stm32f30x.o
    0x08000268   0x00000144   Code   RO           12    .text               stm32f3_discovery.o
    0x080003ac   0x0000084c   Code   RO          132    .text               stm32f30x_adc.o
    0x08000bf8   0x00000210   Code   RO          287    .text               stm32f30x_dac.o
    0x08000e08   0x00000264   Code   RO          353    .text               stm32f30x_exti.o
    0x0800106c   0x000001f4   Code   RO          399    .text               stm32f30x_gpio.o
    0x08001260   0x000000dc   Code   RO          465    .text               stm32f30x_misc.o
    0x0800133c   0x00000808   Code   RO          531    .text               stm32f30x_rcc.o
    0x08001b44   0x00000154   Code   RO          602    .text               stm32f30x_syscfg.o
    0x08001c98   0x00000d7c   Code   RO          622    .text               stm32f30x_tim.o
    0x08002a14   0x0000053a   Code   RO          645    .text               stm32f30x_usart.o
    0x08002f4e   0x00000002   PAD
    0x08002f50   0x00002390   Code   RO          688    .text               main.o
    0x080052e0   0x000004fc   Code   RO          737    .text               stm32f30x_it.o
    0x080057dc   0x000001dc   Code   RO          766    .text               system_stm32f30x.o
    0x080059b8   0x00000006   Code   RO          795    .text               c_w.l(heapauxi.o)
    0x080059be   0x00000016   Code   RO          844    .text               c_w.l(_rserrno.o)
    0x080059d4   0x00000008   Code   RO          885    .text               c_w.l(rt_errno_addr_intlibspace.o)
    0x080059dc   0x00000008   Code   RO          890    .text               c_w.l(libspace.o)
    0x080059e4   0x0000004a   Code   RO          893    .text               c_w.l(sys_stackheap_outer.o)
    0x08005a2e   0x0000000c   Code   RO          895    .text               c_w.l(exit.o)
    0x08005a3a   0x00000002   PAD
    0x08005a3c   0x0000000c   Code   RO          959    .text               c_w.l(sys_exit.o)
    0x08005a48   0x00000002   Code   RO          970    .text               c_w.l(use_no_semi.o)
    0x08005a4a   0x00000000   Code   RO          972    .text               c_w.l(indicate_semi.o)
    0x08005a4a   0x00000006   PAD
    0x08005a50   0x000003e4   Code   RO          853    i.__hardfp_log      m_wm.l(log.o)
    0x08005e34   0x00000004   PAD
    0x08005e38   0x00000148   Code   RO          831    i.__hardfp_log10    m_wm.l(log10.o)
    0x08005f80   0x000000f8   Code   RO          887    i.__kernel_poly     m_wm.l(poly.o)
    0x08006078   0x00000010   Code   RO          855    i.log               m_wm.l(log.o)
    0x08006088   0x00000150   Code   RO          799    x$fpl$dadd          fz_wm.l(daddsub_clz.o)
    0x080061d8   0x00000018   Code   RO          846    x$fpl$dcmpinf       fz_wm.l(dcmpi.o)
    0x080061f0   0x000002b0   Code   RO          806    x$fpl$ddiv          fz_wm.l(ddiv.o)
    0x080064a0   0x00000078   Code   RO          809    x$fpl$deqf          fz_wm.l(deqf.o)
    0x08006518   0x0000005e   Code   RO          811    x$fpl$dfix          fz_wm.l(dfix.o)
    0x08006576   0x00000002   PAD
    0x08006578   0x0000005a   Code   RO          815    x$fpl$dfixu         fz_wm.l(dfixu.o)
    0x080065d2   0x0000002e   Code   RO          820    x$fpl$dflt          fz_wm.l(dflt_clz.o)
    0x08006600   0x00000026   Code   RO          819    x$fpl$dfltu         fz_wm.l(dflt_clz.o)
    0x08006626   0x00000002   PAD
    0x08006628   0x00000078   Code   RO          825    x$fpl$dleqf         fz_wm.l(dleqf.o)
    0x080066a0   0x00000154   Code   RO          827    x$fpl$dmul          fz_wm.l(dmul.o)
    0x080067f4   0x0000009c   Code   RO          848    x$fpl$dnaninf       fz_wm.l(dnaninf.o)
    0x08006890   0x0000000c   Code   RO          850    x$fpl$dretinf       fz_wm.l(dretinf.o)
    0x0800689c   0x0000006c   Code   RO          829    x$fpl$drleqf        fz_wm.l(drleqf.o)
    0x08006908   0x00000016   Code   RO          800    x$fpl$drsb          fz_wm.l(daddsub_clz.o)
    0x0800691e   0x00000002   PAD
    0x08006920   0x000001d4   Code   RO          801    x$fpl$dsub          fz_wm.l(daddsub_clz.o)
    0x08006af4   0x0000000a   Code   RO          957    x$fpl$fpinit        fz_wm.l(fpinit.o)
    0x08006afe   0x00000000   Code   RO          852    x$fpl$usenofp       fz_wm.l(usenofp.o)
    0x08006afe   0x00000002   PAD
    0x08006b00   0x0000003d   Data   RO           13    .constdata          stm32f3_discovery.o
    0x08006b3d   0x00000003   PAD
    0x08006b40   0x00000038   Data   RO          856    .constdata          m_wm.l(log.o)
    0x08006b78   0x00000008   Data   RO          889    .constdata          m_wm.l(qnan.o)
    0x08006b80   0x00000020   Data   RO         1024    Region$$Table       anon$$obj.o


    Execution Region ER_RW (Base: 0x20000000, Size: 0x00000118, Max: 0xffffffff, ABSOLUTE)

    Base Addr    Size         Type   Attr      Idx    E Section Name        Object

    0x20000000   0x00000024   Data   RW           14    .data               stm32f3_discovery.o
    0x20000024   0x0000002a   Data   RW          532    .data               stm32f30x_rcc.o
    0x2000004e   0x00000002   PAD
    0x20000050   0x00000050   Data   RW          690    .data               main.o
    0x200000a0   0x00000062   Data   RW          739    .data               stm32f30x_it.o
    0x20000102   0x00000002   PAD
    0x20000104   0x00000014   Data   RW          767    .data               system_stm32f30x.o


    Execution Region ER_ZI (Base: 0x20000118, Size: 0x000006e0, Max: 0xffffffff, ABSOLUTE)

    Base Addr    Size         Type   Attr      Idx    E Section Name        Object

    0x20000118   0x0000007c   Zero   RW          689    .bss                main.o
    0x20000194   0x00000060   Zero   RW          891    .bss                c_w.l(libspace.o)
    0x200001f4   0x00000004   PAD
    0x200001f8   0x00000200   Zero   RW            2    HEAP                startup_stm32f30x.o
    0x200003f8   0x00000400   Zero   RW            1    STACK               startup_stm32f30x.o


==============================================================================

Image component sizes


      Code (inc. data)   RO Data    RW Data    ZI Data      Debug   Object Name

      9104       4064          0         80        124     199951   main.o
        64         26        392          0       1536        964   startup_stm32f30x.o
      2124         56          0          0          0      46826   stm32f30x_adc.o
       528          6          0          0          0      10237   stm32f30x_dac.o
       612          6          0          0          0       5619   stm32f30x_exti.o
       500         22          0          0          0       8761   stm32f30x_gpio.o
      1276        150          0         98          0       3568   stm32f30x_it.o
       220         20          0          0          0       3917   stm32f30x_misc.o
      2056         68          0         42          0      25077   stm32f30x_rcc.o
       340         12          0          0          0       3239   stm32f30x_syscfg.o
      3452         68          0          0          0      52119   stm32f30x_tim.o
      1338         22          0          0          0      22090   stm32f30x_usart.o
       324         42         61         36          0     279819   stm32f3_discovery.o
       476         40          0         20          0       1783   system_stm32f30x.o

    ----------------------------------------------------------------------
     22416       4602        488        280       1660     663970   Object Totals
         0          0         32          0          0          0   (incl. Generated)
         2          0          3          4          0          0   (incl. Padding)

    ----------------------------------------------------------------------

      Code (inc. data)   RO Data    RW Data    ZI Data      Debug   Library Member Name

         8          0          0          0          0         68   __main.o
        52          8          0          0          0          0   __scatter.o
        26          0          0          0          0          0   __scatter_copy.o
        28          0          0          0          0          0   __scatter_zi.o
        22          0          0          0          0        100   _rserrno.o
        12          0          0          0          0         72   exit.o
         6          0          0          0          0        152   heapauxi.o
         0          0          0          0          0          0   indicate_semi.o
         2          0          0          0          0          0   libinit.o
         6          0          0          0          0          0   libinit2.o
         2          0          0          0          0          0   libshutdown.o
         2          0          0          0          0          0   libshutdown2.o
         8          4          0          0         96         68   libspace.o
         8          4          0          0          0         68   rt_errno_addr_intlibspace.o
         0          0          0          0          0          0   rtentry.o
        12          0          0          0          0          0   rtentry2.o
         6          0          0          0          0          0   rtentry4.o
         2          0          0          0          0          0   rtexit.o
        10          0          0          0          0          0   rtexit2.o
        12          4          0          0          0         68   sys_exit.o
        74          0          0          0          0         80   sys_stackheap_outer.o
         2          0          0          0          0         68   use_no_semi.o
       826         16          0          0          0        492   daddsub_clz.o
        24          0          0          0          0        116   dcmpi.o
       688        140          0          0          0        256   ddiv.o
       120          4          0          0          0        140   deqf.o
        94          4          0          0          0        140   dfix.o
        90          4          0          0          0        140   dfixu.o
        84          0          0          0          0        232   dflt_clz.o
       120          4          0          0          0        140   dleqf.o
       340         12          0          0          0        152   dmul.o
       156          4          0          0          0        140   dnaninf.o
        12          0          0          0          0        116   dretinf.o
       108          0          0          0          0        128   drleqf.o
        10          0          0          0          0        116   fpinit.o
         0          0          0          0          0          0   usenofp.o
      1012        108         56          0          0        356   log.o
       328         56          0          0          0        156   log10.o
       248          0          0          0          0        152   poly.o
         0          0          8          0          0          0   qnan.o

    ----------------------------------------------------------------------
      4584        376         64          0        100       3716   Library Totals
        24          4          0          0          4          0   (incl. Padding)

    ----------------------------------------------------------------------

      Code (inc. data)   RO Data    RW Data    ZI Data      Debug   Library Name

       300         20          0          0         96        744   c_w.l
      2672        188          0          0          0       2308   fz_wm.l
      1588        164         64          0          0        664   m_wm.l

    ----------------------------------------------------------------------
      4584        376         64          0        100       3716   Library Totals

    ----------------------------------------------------------------------

==============================================================================


      Code (inc. data)   RO Data    RW Data    ZI Data      Debug   

     27000       4978        552        280       1760     662122   Grand Totals
     27000       4978        552        280       1760     662122   ELF Image Totals
     27000       4978        552        280          0          0   ROM Totals

==============================================================================

    Total RO  Size (Code + RO Data)                27552 (  26.91kB)
    Total RW  Size (RW Data + ZI Data)              2040 (   1.99kB)
    Total ROM Size (Code + RO Data + RW Data)      27832 (  27.18kB)

==============================================================================

