<html>
<body>
<pre>
<h1>µVision Build Log</h1>
<h2>Project:</h2>
C:\Users\jda3800\Documents\Keil_STM32\Project\SD_Projects\LCD\MDK-ARM\LCD.uvproj
Project File Date:  09/11/2014

<h2>Output:</h2>
Build Project 'LCD' - Target 'STM32F3_Discovery'
assembling startup_stm32f30x.s...
compiling stm32f3_discovery.c...
compiling stm32f30x_adc.c...
compiling stm32f30x_can.c...
compiling stm32f30x_comp.c...
compiling stm32f30x_crc.c...
compiling stm32f30x_dac.c...
compiling stm32f30x_dbgmcu.c...
compiling stm32f30x_dma.c...
compiling stm32f30x_exti.c...
compiling stm32f30x_flash.c...
compiling stm32f30x_gpio.c...
compiling stm32f30x_i2c.c...
compiling stm32f30x_iwdg.c...
compiling stm32f30x_misc.c...
compiling stm32f30x_opamp.c...
compiling stm32f30x_pwr.c...
compiling stm32f30x_rcc.c...
compiling stm32f30x_rtc.c...
compiling stm32f30x_spi.c...
compiling stm32f30x_syscfg.c...
compiling stm32f30x_tim.c...
compiling stm32f30x_usart.c...
compiling stm32f30x_wwdg.c...
compiling main.c...
compiling stm32f30x_it.c...
compiling system_stm32f30x.c...
linking...
Program Size: Code=6468 RO-data=424 RW-data=72 ZI-data=1696  
".\Obj\LCD.axf" - 0 Error(s), 0 Warning(s).
