ARM Linker, 5.03 [Build 76] [MDK-ARM Lite]

==============================================================================

Section Cross References

    startup_stm32f30x.o(STACK) refers (Special) to heapauxi.o(.text) for __use_two_region_memory
    startup_stm32f30x.o(HEAP) refers (Special) to heapauxi.o(.text) for __use_two_region_memory
    startup_stm32f30x.o(RESET) refers (Special) to heapauxi.o(.text) for __use_two_region_memory
    startup_stm32f30x.o(RESET) refers to startup_stm32f30x.o(STACK) for __initial_sp
    startup_stm32f30x.o(RESET) refers to startup_stm32f30x.o(.text) for Reset_Handler
    startup_stm32f30x.o(RESET) refers to stm32f30x_it.o(.text) for NMI_Handler
    startup_stm32f30x.o(.text) refers (Special) to heapauxi.o(.text) for __use_two_region_memory
    startup_stm32f30x.o(.text) refers to system_stm32f30x.o(.text) for SystemInit
    startup_stm32f30x.o(.text) refers to __main.o(!!!main) for __main
    startup_stm32f30x.o(.text) refers to startup_stm32f30x.o(HEAP) for Heap_Mem
    startup_stm32f30x.o(.text) refers to startup_stm32f30x.o(STACK) for Stack_Mem
    stm32f3_discovery.o(.text) refers to stm32f30x_rcc.o(.text) for RCC_AHBPeriphClockCmd
    stm32f3_discovery.o(.text) refers to stm32f30x_gpio.o(.text) for GPIO_Init
    stm32f3_discovery.o(.text) refers to stm32f30x_syscfg.o(.text) for SYSCFG_EXTILineConfig
    stm32f3_discovery.o(.text) refers to stm32f30x_exti.o(.text) for EXTI_Init
    stm32f3_discovery.o(.text) refers to stm32f30x_misc.o(.text) for NVIC_Init
    stm32f3_discovery.o(.text) refers to stm32f3_discovery.o(.constdata) for GPIO_CLK
    stm32f3_discovery.o(.text) refers to stm32f3_discovery.o(.data) for GPIO_PORT
    stm32f30x_adc.o(.text) refers to stm32f30x_rcc.o(.text) for RCC_AHBPeriphResetCmd
    stm32f30x_can.o(.text) refers to stm32f30x_rcc.o(.text) for RCC_APB1PeriphResetCmd
    stm32f30x_dac.o(.text) refers to stm32f30x_rcc.o(.text) for RCC_APB1PeriphResetCmd
    stm32f30x_gpio.o(.text) refers to stm32f30x_rcc.o(.text) for RCC_AHBPeriphResetCmd
    stm32f30x_i2c.o(.text) refers to stm32f30x_rcc.o(.text) for RCC_APB1PeriphResetCmd
    stm32f30x_pwr.o(.text) refers to stm32f30x_rcc.o(.text) for RCC_APB1PeriphResetCmd
    stm32f30x_rcc.o(.text) refers to stm32f30x_rcc.o(.data) for APBAHBPrescTable
    stm32f30x_spi.o(.text) refers to stm32f30x_rcc.o(.text) for RCC_APB2PeriphResetCmd
    stm32f30x_tim.o(.text) refers to stm32f30x_rcc.o(.text) for RCC_APB2PeriphResetCmd
    stm32f30x_usart.o(.text) refers to stm32f30x_rcc.o(.text) for RCC_APB2PeriphResetCmd
    stm32f30x_wwdg.o(.text) refers to stm32f30x_rcc.o(.text) for RCC_APB1PeriphResetCmd
    main.o(.text) refers to stm32f30x_rcc.o(.text) for RCC_AHBPeriphClockCmd
    main.o(.text) refers to stm32f30x_gpio.o(.text) for GPIO_PinAFConfig
    main.o(.text) refers to stm32f30x_usart.o(.text) for USART_Init
    stm32f30x_it.o(.text) refers to stm32f30x_rcc.o(.text) for RCC_GetClocksFreq
    stm32f30x_it.o(.text) refers to stm32f30x_tim.o(.text) for TIM_ClearITPendingBit
    stm32f30x_it.o(.text) refers to stm32f30x_it.o(.bss) for RCC_Clocks
    stm32f30x_it.o(.text) refers to stm32f30x_it.o(.data) for IC2Value
    system_stm32f30x.o(.text) refers to system_stm32f30x.o(.data) for SystemCoreClock
    __main.o(!!!main) refers to rtentry.o(.ARM.Collect$$rtentry$$00000000) for __rt_entry
    rtentry.o(.ARM.Collect$$rtentry$$00000000) refers (Special) to rtentry2.o(.ARM.Collect$$rtentry$$0000000A) for __rt_entry_li
    rtentry.o(.ARM.Collect$$rtentry$$00000000) refers (Special) to rtentry2.o(.ARM.Collect$$rtentry$$0000000D) for __rt_entry_main
    rtentry.o(.ARM.Collect$$rtentry$$00000000) refers (Special) to rtentry2.o(.ARM.Collect$$rtentry$$0000000C) for __rt_entry_postli_1
    rtentry.o(.ARM.Collect$$rtentry$$00000000) refers (Special) to rtentry2.o(.ARM.Collect$$rtentry$$00000009) for __rt_entry_postsh_1
    rtentry.o(.ARM.Collect$$rtentry$$00000000) refers (Special) to rtentry2.o(.ARM.Collect$$rtentry$$00000002) for __rt_entry_presh_1
    rtentry.o(.ARM.Collect$$rtentry$$00000000) refers (Special) to rtentry4.o(.ARM.Collect$$rtentry$$00000004) for __rt_entry_sh
    rtentry2.o(.ARM.Collect$$rtentry$$00000008) refers to boardinit2.o(.text) for _platform_post_stackheap_init
    rtentry2.o(.ARM.Collect$$rtentry$$0000000A) refers to libinit.o(.ARM.Collect$$libinit$$00000000) for __rt_lib_init
    rtentry2.o(.ARM.Collect$$rtentry$$0000000B) refers to boardinit3.o(.text) for _platform_post_lib_init
    rtentry2.o(.ARM.Collect$$rtentry$$0000000D) refers to main.o(.text) for main
    rtentry2.o(.ARM.Collect$$rtentry$$0000000D) refers to exit.o(.text) for exit
    rtentry2.o(.ARM.exidx) refers to rtentry2.o(.ARM.Collect$$rtentry$$00000001) for .ARM.Collect$$rtentry$$00000001
    rtentry2.o(.ARM.exidx) refers to rtentry2.o(.ARM.Collect$$rtentry$$00000008) for .ARM.Collect$$rtentry$$00000008
    rtentry2.o(.ARM.exidx) refers to rtentry2.o(.ARM.Collect$$rtentry$$0000000A) for .ARM.Collect$$rtentry$$0000000A
    rtentry2.o(.ARM.exidx) refers to rtentry2.o(.ARM.Collect$$rtentry$$0000000B) for .ARM.Collect$$rtentry$$0000000B
    rtentry2.o(.ARM.exidx) refers to rtentry2.o(.ARM.Collect$$rtentry$$0000000D) for .ARM.Collect$$rtentry$$0000000D
    rtentry4.o(.ARM.Collect$$rtentry$$00000004) refers to sys_stackheap_outer.o(.text) for __user_setup_stackheap
    rtentry4.o(.ARM.exidx) refers to rtentry4.o(.ARM.Collect$$rtentry$$00000004) for .ARM.Collect$$rtentry$$00000004
    sys_stackheap_outer.o(.text) refers to libspace.o(.text) for __user_perproc_libspace
    sys_stackheap_outer.o(.text) refers to startup_stm32f30x.o(.text) for __user_initial_stackheap
    exit.o(.text) refers to rtexit.o(.ARM.Collect$$rtexit$$00000000) for __rt_exit
    libinit.o(.ARM.Collect$$libinit$$00000000) refers (Special) to libinit2.o(.ARM.Collect$$libinit$$0000002C) for __rt_lib_init_alloca_1
    libinit.o(.ARM.Collect$$libinit$$00000000) refers (Special) to libinit2.o(.ARM.Collect$$libinit$$0000002A) for __rt_lib_init_argv_1
    libinit.o(.ARM.Collect$$libinit$$00000000) refers (Special) to libinit2.o(.ARM.Collect$$libinit$$00000019) for __rt_lib_init_atexit_1
    libinit.o(.ARM.Collect$$libinit$$00000000) refers (Special) to libinit2.o(.ARM.Collect$$libinit$$0000001F) for __rt_lib_init_clock_1
    libinit.o(.ARM.Collect$$libinit$$00000000) refers (Special) to libinit2.o(.ARM.Collect$$libinit$$00000030) for __rt_lib_init_cpp_1
    libinit.o(.ARM.Collect$$libinit$$00000000) refers (Special) to libinit2.o(.ARM.Collect$$libinit$$0000002E) for __rt_lib_init_exceptions_1
    libinit.o(.ARM.Collect$$libinit$$00000000) refers (Special) to libinit2.o(.ARM.Collect$$libinit$$00000001) for __rt_lib_init_fp_1
    libinit.o(.ARM.Collect$$libinit$$00000000) refers (Special) to libinit2.o(.ARM.Collect$$libinit$$0000001D) for __rt_lib_init_fp_trap_1
    libinit.o(.ARM.Collect$$libinit$$00000000) refers (Special) to libinit2.o(.ARM.Collect$$libinit$$00000021) for __rt_lib_init_getenv_1
    libinit.o(.ARM.Collect$$libinit$$00000000) refers (Special) to libinit2.o(.ARM.Collect$$libinit$$00000008) for __rt_lib_init_heap_1
    libinit.o(.ARM.Collect$$libinit$$00000000) refers (Special) to libinit2.o(.ARM.Collect$$libinit$$0000000F) for __rt_lib_init_lc_collate_1
    libinit.o(.ARM.Collect$$libinit$$00000000) refers (Special) to libinit2.o(.ARM.Collect$$libinit$$00000011) for __rt_lib_init_lc_ctype_1
    libinit.o(.ARM.Collect$$libinit$$00000000) refers (Special) to libinit2.o(.ARM.Collect$$libinit$$00000013) for __rt_lib_init_lc_monetary_1
    libinit.o(.ARM.Collect$$libinit$$00000000) refers (Special) to libinit2.o(.ARM.Collect$$libinit$$00000015) for __rt_lib_init_lc_numeric_1
    libinit.o(.ARM.Collect$$libinit$$00000000) refers (Special) to libinit2.o(.ARM.Collect$$libinit$$00000017) for __rt_lib_init_lc_time_1
    libinit.o(.ARM.Collect$$libinit$$00000000) refers (Special) to libinit2.o(.ARM.Collect$$libinit$$0000000C) for __rt_lib_init_rand_1
    libinit.o(.ARM.Collect$$libinit$$00000000) refers (Special) to libinit2.o(.ARM.Collect$$libinit$$00000031) for __rt_lib_init_return
    libinit.o(.ARM.Collect$$libinit$$00000000) refers (Special) to libinit2.o(.ARM.Collect$$libinit$$0000001B) for __rt_lib_init_signal_1
    libinit.o(.ARM.Collect$$libinit$$00000000) refers (Special) to libinit2.o(.ARM.Collect$$libinit$$00000023) for __rt_lib_init_stdio_1
    libinit.o(.ARM.Collect$$libinit$$00000000) refers (Special) to libinit2.o(.ARM.Collect$$libinit$$0000000A) for __rt_lib_init_user_alloc_1
    libspace.o(.text) refers to libspace.o(.bss) for __libspace_start
    rtexit.o(.ARM.Collect$$rtexit$$00000000) refers (Special) to rtexit2.o(.ARM.Collect$$rtexit$$00000004) for __rt_exit_exit
    rtexit.o(.ARM.Collect$$rtexit$$00000000) refers (Special) to rtexit2.o(.ARM.Collect$$rtexit$$00000003) for __rt_exit_ls
    rtexit.o(.ARM.Collect$$rtexit$$00000000) refers (Special) to rtexit2.o(.ARM.Collect$$rtexit$$00000002) for __rt_exit_prels_1
    rtexit.o(.ARM.exidx) refers (Special) to rtexit2.o(.ARM.Collect$$rtexit$$00000004) for __rt_exit_exit
    rtexit.o(.ARM.exidx) refers (Special) to rtexit2.o(.ARM.Collect$$rtexit$$00000003) for __rt_exit_ls
    rtexit.o(.ARM.exidx) refers (Special) to rtexit2.o(.ARM.Collect$$rtexit$$00000002) for __rt_exit_prels_1
    rtexit.o(.ARM.exidx) refers to rtexit.o(.ARM.Collect$$rtexit$$00000000) for .ARM.Collect$$rtexit$$00000000
    libinit2.o(.ARM.Collect$$libinit$$00000001) refers to fpinit.o(x$fpl$fpinit) for _fp_init
    libinit2.o(.ARM.Collect$$libinit$$0000000E) refers to libinit2.o(.ARM.Collect$$libinit$$0000000D) for .ARM.Collect$$libinit$$0000000D
    libinit2.o(.ARM.Collect$$libinit$$00000010) refers to libinit2.o(.ARM.Collect$$libinit$$0000000D) for .ARM.Collect$$libinit$$0000000D
    libinit2.o(.ARM.Collect$$libinit$$00000012) refers to libinit2.o(.ARM.Collect$$libinit$$0000000D) for .ARM.Collect$$libinit$$0000000D
    libinit2.o(.ARM.Collect$$libinit$$00000014) refers to libinit2.o(.ARM.Collect$$libinit$$0000000D) for .ARM.Collect$$libinit$$0000000D
    libinit2.o(.ARM.Collect$$libinit$$00000016) refers to libinit2.o(.ARM.Collect$$libinit$$0000000D) for .ARM.Collect$$libinit$$0000000D
    libinit2.o(.ARM.Collect$$libinit$$00000024) refers to argv_veneer.o(.emb_text) for __ARM_argv_veneer
    libinit2.o(.ARM.Collect$$libinit$$00000025) refers to argv_veneer.o(.emb_text) for __ARM_argv_veneer
    rtexit2.o(.ARM.Collect$$rtexit$$00000003) refers to libshutdown.o(.ARM.Collect$$libshutdown$$00000000) for __rt_lib_shutdown
    rtexit2.o(.ARM.Collect$$rtexit$$00000004) refers to sys_exit.o(.text) for _sys_exit
    rtexit2.o(.ARM.exidx) refers to rtexit2.o(.ARM.Collect$$rtexit$$00000001) for .ARM.Collect$$rtexit$$00000001
    rtexit2.o(.ARM.exidx) refers to rtexit2.o(.ARM.Collect$$rtexit$$00000003) for .ARM.Collect$$rtexit$$00000003
    rtexit2.o(.ARM.exidx) refers to rtexit2.o(.ARM.Collect$$rtexit$$00000004) for .ARM.Collect$$rtexit$$00000004
    argv_veneer.o(.emb_text) refers to no_argv.o(.text) for __ARM_get_argv
    sys_exit.o(.text) refers (Special) to use_no_semi.o(.text) for __I$use$semihosting
    sys_exit.o(.text) refers (Special) to indicate_semi.o(.text) for __semihosting_library_function
    _get_argv_nomalloc.o(.text) refers (Special) to hrguard.o(.text) for __heap_region$guard
    _get_argv_nomalloc.o(.text) refers to defsig_rtmem_outer.o(.text) for __rt_SIGRTMEM
    _get_argv_nomalloc.o(.text) refers to sys_command.o(.text) for _sys_command_string
    libshutdown.o(.ARM.Collect$$libshutdown$$00000000) refers (Special) to libshutdown2.o(.ARM.Collect$$libshutdown$$00000006) for __rt_lib_shutdown_fp_trap_1
    libshutdown.o(.ARM.Collect$$libshutdown$$00000000) refers (Special) to libshutdown2.o(.ARM.Collect$$libshutdown$$0000000E) for __rt_lib_shutdown_heap_1
    libshutdown.o(.ARM.Collect$$libshutdown$$00000000) refers (Special) to libshutdown2.o(.ARM.Collect$$libshutdown$$0000000F) for __rt_lib_shutdown_return
    libshutdown.o(.ARM.Collect$$libshutdown$$00000000) refers (Special) to libshutdown2.o(.ARM.Collect$$libshutdown$$00000009) for __rt_lib_shutdown_signal_1
    libshutdown.o(.ARM.Collect$$libshutdown$$00000000) refers (Special) to libshutdown2.o(.ARM.Collect$$libshutdown$$00000003) for __rt_lib_shutdown_stdio_1
    libshutdown.o(.ARM.Collect$$libshutdown$$00000000) refers (Special) to libshutdown2.o(.ARM.Collect$$libshutdown$$0000000B) for __rt_lib_shutdown_user_alloc_1
    sys_command.o(.text) refers (Special) to use_no_semi.o(.text) for __I$use$semihosting
    sys_command.o(.text) refers (Special) to indicate_semi.o(.text) for __semihosting_library_function
    defsig_rtmem_outer.o(.text) refers to defsig_rtmem_inner.o(.text) for __rt_SIGRTMEM_inner
    defsig_rtmem_outer.o(.text) refers to defsig_exit.o(.text) for __sig_exit
    defsig_rtmem_formal.o(.text) refers to rt_raise.o(.text) for __rt_raise
    rt_raise.o(.text) refers to __raise.o(.text) for __raise
    rt_raise.o(.text) refers to sys_exit.o(.text) for _sys_exit
    defsig_exit.o(.text) refers to sys_exit.o(.text) for _sys_exit
    defsig_rtmem_inner.o(.text) refers to defsig_general.o(.text) for __default_signal_display
    __raise.o(.text) refers to defsig.o(CL$$defsig) for __default_signal_handler
    defsig_general.o(.text) refers to sys_wrch.o(.text) for _ttywrch
    sys_wrch.o(.text) refers (Special) to use_no_semi.o(.text) for __I$use$semihosting
    sys_wrch.o(.text) refers (Special) to indicate_semi.o(.text) for __semihosting_library_function
    defsig.o(CL$$defsig) refers to defsig_rtmem_inner.o(.text) for __rt_SIGRTMEM_inner
    defsig_abrt_inner.o(.text) refers to defsig_general.o(.text) for __default_signal_display
    defsig_fpe_inner.o(.text) refers to defsig_general.o(.text) for __default_signal_display
    defsig_rtred_inner.o(.text) refers to defsig_general.o(.text) for __default_signal_display
    defsig_stak_inner.o(.text) refers to defsig_general.o(.text) for __default_signal_display
    defsig_pvfn_inner.o(.text) refers to defsig_general.o(.text) for __default_signal_display
    defsig_cppl_inner.o(.text) refers to defsig_general.o(.text) for __default_signal_display
    defsig_segv_inner.o(.text) refers to defsig_general.o(.text) for __default_signal_display
    defsig_other.o(.text) refers to defsig_general.o(.text) for __default_signal_display


==============================================================================

Removing Unused input sections from the image.

    Removing stm32f3_discovery.o(.rev16_text), (4 bytes).
    Removing stm32f3_discovery.o(.revsh_text), (4 bytes).
    Removing stm32f3_discovery.o(.text), (324 bytes).
    Removing stm32f3_discovery.o(.constdata), (61 bytes).
    Removing stm32f3_discovery.o(.data), (36 bytes).
    Removing stm32f30x_adc.o(.rev16_text), (4 bytes).
    Removing stm32f30x_adc.o(.revsh_text), (4 bytes).
    Removing stm32f30x_adc.o(.text), (2124 bytes).
    Removing stm32f30x_can.o(.rev16_text), (4 bytes).
    Removing stm32f30x_can.o(.revsh_text), (4 bytes).
    Removing stm32f30x_can.o(.text), (2524 bytes).
    Removing stm32f30x_comp.o(.rev16_text), (4 bytes).
    Removing stm32f30x_comp.o(.revsh_text), (4 bytes).
    Removing stm32f30x_comp.o(.text), (244 bytes).
    Removing stm32f30x_crc.o(.rev16_text), (4 bytes).
    Removing stm32f30x_crc.o(.revsh_text), (4 bytes).
    Removing stm32f30x_crc.o(.text), (208 bytes).
    Removing stm32f30x_dac.o(.rev16_text), (4 bytes).
    Removing stm32f30x_dac.o(.revsh_text), (4 bytes).
    Removing stm32f30x_dac.o(.text), (528 bytes).
    Removing stm32f30x_dbgmcu.o(.rev16_text), (4 bytes).
    Removing stm32f30x_dbgmcu.o(.revsh_text), (4 bytes).
    Removing stm32f30x_dbgmcu.o(.text), (100 bytes).
    Removing stm32f30x_dma.o(.rev16_text), (4 bytes).
    Removing stm32f30x_dma.o(.revsh_text), (4 bytes).
    Removing stm32f30x_dma.o(.text), (592 bytes).
    Removing stm32f30x_exti.o(.rev16_text), (4 bytes).
    Removing stm32f30x_exti.o(.revsh_text), (4 bytes).
    Removing stm32f30x_exti.o(.text), (612 bytes).
    Removing stm32f30x_flash.o(.rev16_text), (4 bytes).
    Removing stm32f30x_flash.o(.revsh_text), (4 bytes).
    Removing stm32f30x_flash.o(.text), (1520 bytes).
    Removing stm32f30x_gpio.o(.rev16_text), (4 bytes).
    Removing stm32f30x_gpio.o(.revsh_text), (4 bytes).
    Removing stm32f30x_i2c.o(.rev16_text), (4 bytes).
    Removing stm32f30x_i2c.o(.revsh_text), (4 bytes).
    Removing stm32f30x_i2c.o(.text), (1008 bytes).
    Removing stm32f30x_iwdg.o(.rev16_text), (4 bytes).
    Removing stm32f30x_iwdg.o(.revsh_text), (4 bytes).
    Removing stm32f30x_iwdg.o(.text), (68 bytes).
    Removing stm32f30x_misc.o(.rev16_text), (4 bytes).
    Removing stm32f30x_misc.o(.revsh_text), (4 bytes).
    Removing stm32f30x_misc.o(.text), (220 bytes).
    Removing stm32f30x_opamp.o(.rev16_text), (4 bytes).
    Removing stm32f30x_opamp.o(.revsh_text), (4 bytes).
    Removing stm32f30x_opamp.o(.text), (448 bytes).
    Removing stm32f30x_pwr.o(.rev16_text), (4 bytes).
    Removing stm32f30x_pwr.o(.revsh_text), (4 bytes).
    Removing stm32f30x_pwr.o(.text), (244 bytes).
    Removing stm32f30x_rcc.o(.rev16_text), (4 bytes).
    Removing stm32f30x_rcc.o(.revsh_text), (4 bytes).
    Removing stm32f30x_rtc.o(.rev16_text), (4 bytes).
    Removing stm32f30x_rtc.o(.revsh_text), (4 bytes).
    Removing stm32f30x_rtc.o(.text), (3280 bytes).
    Removing stm32f30x_spi.o(.rev16_text), (4 bytes).
    Removing stm32f30x_spi.o(.revsh_text), (4 bytes).
    Removing stm32f30x_spi.o(.text), (1050 bytes).
    Removing stm32f30x_syscfg.o(.rev16_text), (4 bytes).
    Removing stm32f30x_syscfg.o(.revsh_text), (4 bytes).
    Removing stm32f30x_syscfg.o(.text), (340 bytes).
    Removing stm32f30x_tim.o(.rev16_text), (4 bytes).
    Removing stm32f30x_tim.o(.revsh_text), (4 bytes).
    Removing stm32f30x_usart.o(.rev16_text), (4 bytes).
    Removing stm32f30x_usart.o(.revsh_text), (4 bytes).
    Removing stm32f30x_wwdg.o(.rev16_text), (4 bytes).
    Removing stm32f30x_wwdg.o(.revsh_text), (4 bytes).
    Removing stm32f30x_wwdg.o(.text), (144 bytes).
    Removing main.o(.rev16_text), (4 bytes).
    Removing main.o(.revsh_text), (4 bytes).
    Removing main.o(.bss), (24 bytes).
    Removing main.o(.data), (12 bytes).
    Removing stm32f30x_it.o(.rev16_text), (4 bytes).
    Removing stm32f30x_it.o(.revsh_text), (4 bytes).
    Removing system_stm32f30x.o(.rev16_text), (4 bytes).
    Removing system_stm32f30x.o(.revsh_text), (4 bytes).

75 unused section(s) (total 15919 bytes) removed from the image.

==============================================================================

Image Symbol Table

    Local Symbols

    Symbol Name                              Value     Ov Type        Size  Object(Section)

    ../clib/angel/boardlib.s                 0x00000000   Number         0  boardinit1.o ABSOLUTE
    ../clib/angel/boardlib.s                 0x00000000   Number         0  boardinit2.o ABSOLUTE
    ../clib/angel/boardlib.s                 0x00000000   Number         0  boardinit3.o ABSOLUTE
    ../clib/angel/boardlib.s                 0x00000000   Number         0  boardshut.o ABSOLUTE
    ../clib/angel/handlers.s                 0x00000000   Number         0  __scatter_copy.o ABSOLUTE
    ../clib/angel/handlers.s                 0x00000000   Number         0  __scatter_zi.o ABSOLUTE
    ../clib/angel/kernel.s                   0x00000000   Number         0  rtentry2.o ABSOLUTE
    ../clib/angel/kernel.s                   0x00000000   Number         0  rtexit2.o ABSOLUTE
    ../clib/angel/kernel.s                   0x00000000   Number         0  rtentry4.o ABSOLUTE
    ../clib/angel/kernel.s                   0x00000000   Number         0  rtentry.o ABSOLUTE
    ../clib/angel/kernel.s                   0x00000000   Number         0  rtexit.o ABSOLUTE
    ../clib/angel/rt.s                       0x00000000   Number         0  rt_raise.o ABSOLUTE
    ../clib/angel/scatter.s                  0x00000000   Number         0  __scatter.o ABSOLUTE
    ../clib/angel/startup.s                  0x00000000   Number         0  __main.o ABSOLUTE
    ../clib/angel/sys.s                      0x00000000   Number         0  sys_stackheap_outer.o ABSOLUTE
    ../clib/angel/sys.s                      0x00000000   Number         0  libspace.o ABSOLUTE
    ../clib/angel/sys.s                      0x00000000   Number         0  indicate_semi.o ABSOLUTE
    ../clib/angel/sys.s                      0x00000000   Number         0  use_no_semi.o ABSOLUTE
    ../clib/angel/sysapp.c                   0x00000000   Number         0  sys_wrch.o ABSOLUTE
    ../clib/angel/sysapp.c                   0x00000000   Number         0  sys_command.o ABSOLUTE
    ../clib/angel/sysapp.c                   0x00000000   Number         0  sys_exit.o ABSOLUTE
    ../clib/armsys.c                         0x00000000   Number         0  argv_veneer.o ABSOLUTE
    ../clib/armsys.c                         0x00000000   Number         0  no_argv.o ABSOLUTE
    ../clib/armsys.c                         0x00000000   Number         0  _get_argv_nomalloc.o ABSOLUTE
    ../clib/armsys.c                         0x00000000   Number         0  argv_veneer.o ABSOLUTE
    ../clib/heapalloc.c                      0x00000000   Number         0  hrguard.o ABSOLUTE
    ../clib/heapaux.c                        0x00000000   Number         0  heapauxi.o ABSOLUTE
    ../clib/libinit.s                        0x00000000   Number         0  libshutdown2.o ABSOLUTE
    ../clib/libinit.s                        0x00000000   Number         0  libinit.o ABSOLUTE
    ../clib/libinit.s                        0x00000000   Number         0  libshutdown.o ABSOLUTE
    ../clib/libinit.s                        0x00000000   Number         0  libinit2.o ABSOLUTE
    ../clib/signal.c                         0x00000000   Number         0  defsig_general.o ABSOLUTE
    ../clib/signal.c                         0x00000000   Number         0  defsig_rtmem_inner.o ABSOLUTE
    ../clib/signal.c                         0x00000000   Number         0  defsig_exit.o ABSOLUTE
    ../clib/signal.c                         0x00000000   Number         0  defsig_rtmem_formal.o ABSOLUTE
    ../clib/signal.c                         0x00000000   Number         0  defsig_other.o ABSOLUTE
    ../clib/signal.c                         0x00000000   Number         0  defsig_segv_inner.o ABSOLUTE
    ../clib/signal.c                         0x00000000   Number         0  defsig_cppl_inner.o ABSOLUTE
    ../clib/signal.c                         0x00000000   Number         0  __raise.o ABSOLUTE
    ../clib/signal.c                         0x00000000   Number         0  defsig_stak_inner.o ABSOLUTE
    ../clib/signal.c                         0x00000000   Number         0  defsig_rtred_inner.o ABSOLUTE
    ../clib/signal.c                         0x00000000   Number         0  defsig_fpe_inner.o ABSOLUTE
    ../clib/signal.c                         0x00000000   Number         0  defsig_abrt_inner.o ABSOLUTE
    ../clib/signal.c                         0x00000000   Number         0  defsig_pvfn_inner.o ABSOLUTE
    ../clib/signal.c                         0x00000000   Number         0  defsig_rtmem_outer.o ABSOLUTE
    ../clib/signal.s                         0x00000000   Number         0  defsig.o ABSOLUTE
    ../clib/stdlib.c                         0x00000000   Number         0  exit.o ABSOLUTE
    ../fplib/fpinit.s                        0x00000000   Number         0  fpinit.o ABSOLUTE
    ..\..\..\..\Libraries\CMSIS\Device\ST\STM32F30x\Source\Templates\arm\startup_stm32f30x.s 0x00000000   Number         0  startup_stm32f30x.o ABSOLUTE
    ..\..\..\..\Libraries\STM32F30x_StdPeriph_Driver\src\stm32f30x_adc.c 0x00000000   Number         0  stm32f30x_adc.o ABSOLUTE
    ..\..\..\..\Libraries\STM32F30x_StdPeriph_Driver\src\stm32f30x_can.c 0x00000000   Number         0  stm32f30x_can.o ABSOLUTE
    ..\..\..\..\Libraries\STM32F30x_StdPeriph_Driver\src\stm32f30x_comp.c 0x00000000   Number         0  stm32f30x_comp.o ABSOLUTE
    ..\..\..\..\Libraries\STM32F30x_StdPeriph_Driver\src\stm32f30x_crc.c 0x00000000   Number         0  stm32f30x_crc.o ABSOLUTE
    ..\..\..\..\Libraries\STM32F30x_StdPeriph_Driver\src\stm32f30x_dac.c 0x00000000   Number         0  stm32f30x_dac.o ABSOLUTE
    ..\..\..\..\Libraries\STM32F30x_StdPeriph_Driver\src\stm32f30x_dbgmcu.c 0x00000000   Number         0  stm32f30x_dbgmcu.o ABSOLUTE
    ..\..\..\..\Libraries\STM32F30x_StdPeriph_Driver\src\stm32f30x_dma.c 0x00000000   Number         0  stm32f30x_dma.o ABSOLUTE
    ..\..\..\..\Libraries\STM32F30x_StdPeriph_Driver\src\stm32f30x_exti.c 0x00000000   Number         0  stm32f30x_exti.o ABSOLUTE
    ..\..\..\..\Libraries\STM32F30x_StdPeriph_Driver\src\stm32f30x_flash.c 0x00000000   Number         0  stm32f30x_flash.o ABSOLUTE
    ..\..\..\..\Libraries\STM32F30x_StdPeriph_Driver\src\stm32f30x_gpio.c 0x00000000   Number         0  stm32f30x_gpio.o ABSOLUTE
    ..\..\..\..\Libraries\STM32F30x_StdPeriph_Driver\src\stm32f30x_i2c.c 0x00000000   Number         0  stm32f30x_i2c.o ABSOLUTE
    ..\..\..\..\Libraries\STM32F30x_StdPeriph_Driver\src\stm32f30x_iwdg.c 0x00000000   Number         0  stm32f30x_iwdg.o ABSOLUTE
    ..\..\..\..\Libraries\STM32F30x_StdPeriph_Driver\src\stm32f30x_misc.c 0x00000000   Number         0  stm32f30x_misc.o ABSOLUTE
    ..\..\..\..\Libraries\STM32F30x_StdPeriph_Driver\src\stm32f30x_opamp.c 0x00000000   Number         0  stm32f30x_opamp.o ABSOLUTE
    ..\..\..\..\Libraries\STM32F30x_StdPeriph_Driver\src\stm32f30x_pwr.c 0x00000000   Number         0  stm32f30x_pwr.o ABSOLUTE
    ..\..\..\..\Libraries\STM32F30x_StdPeriph_Driver\src\stm32f30x_rcc.c 0x00000000   Number         0  stm32f30x_rcc.o ABSOLUTE
    ..\..\..\..\Libraries\STM32F30x_StdPeriph_Driver\src\stm32f30x_rtc.c 0x00000000   Number         0  stm32f30x_rtc.o ABSOLUTE
    ..\..\..\..\Libraries\STM32F30x_StdPeriph_Driver\src\stm32f30x_spi.c 0x00000000   Number         0  stm32f30x_spi.o ABSOLUTE
    ..\..\..\..\Libraries\STM32F30x_StdPeriph_Driver\src\stm32f30x_syscfg.c 0x00000000   Number         0  stm32f30x_syscfg.o ABSOLUTE
    ..\..\..\..\Libraries\STM32F30x_StdPeriph_Driver\src\stm32f30x_tim.c 0x00000000   Number         0  stm32f30x_tim.o ABSOLUTE
    ..\..\..\..\Libraries\STM32F30x_StdPeriph_Driver\src\stm32f30x_usart.c 0x00000000   Number         0  stm32f30x_usart.o ABSOLUTE
    ..\..\..\..\Libraries\STM32F30x_StdPeriph_Driver\src\stm32f30x_wwdg.c 0x00000000   Number         0  stm32f30x_wwdg.o ABSOLUTE
    ..\..\..\..\Utilities\STM32F3_Discovery\stm32f3_discovery.c 0x00000000   Number         0  stm32f3_discovery.o ABSOLUTE
    ..\\..\\..\\..\\Libraries\\STM32F30x_StdPeriph_Driver\\src\\stm32f30x_adc.c 0x00000000   Number         0  stm32f30x_adc.o ABSOLUTE
    ..\\..\\..\\..\\Libraries\\STM32F30x_StdPeriph_Driver\\src\\stm32f30x_can.c 0x00000000   Number         0  stm32f30x_can.o ABSOLUTE
    ..\\..\\..\\..\\Libraries\\STM32F30x_StdPeriph_Driver\\src\\stm32f30x_comp.c 0x00000000   Number         0  stm32f30x_comp.o ABSOLUTE
    ..\\..\\..\\..\\Libraries\\STM32F30x_StdPeriph_Driver\\src\\stm32f30x_crc.c 0x00000000   Number         0  stm32f30x_crc.o ABSOLUTE
    ..\\..\\..\\..\\Libraries\\STM32F30x_StdPeriph_Driver\\src\\stm32f30x_dac.c 0x00000000   Number         0  stm32f30x_dac.o ABSOLUTE
    ..\\..\\..\\..\\Libraries\\STM32F30x_StdPeriph_Driver\\src\\stm32f30x_dbgmcu.c 0x00000000   Number         0  stm32f30x_dbgmcu.o ABSOLUTE
    ..\\..\\..\\..\\Libraries\\STM32F30x_StdPeriph_Driver\\src\\stm32f30x_dma.c 0x00000000   Number         0  stm32f30x_dma.o ABSOLUTE
    ..\\..\\..\\..\\Libraries\\STM32F30x_StdPeriph_Driver\\src\\stm32f30x_exti.c 0x00000000   Number         0  stm32f30x_exti.o ABSOLUTE
    ..\\..\\..\\..\\Libraries\\STM32F30x_StdPeriph_Driver\\src\\stm32f30x_flash.c 0x00000000   Number         0  stm32f30x_flash.o ABSOLUTE
    ..\\..\\..\\..\\Libraries\\STM32F30x_StdPeriph_Driver\\src\\stm32f30x_gpio.c 0x00000000   Number         0  stm32f30x_gpio.o ABSOLUTE
    ..\\..\\..\\..\\Libraries\\STM32F30x_StdPeriph_Driver\\src\\stm32f30x_i2c.c 0x00000000   Number         0  stm32f30x_i2c.o ABSOLUTE
    ..\\..\\..\\..\\Libraries\\STM32F30x_StdPeriph_Driver\\src\\stm32f30x_iwdg.c 0x00000000   Number         0  stm32f30x_iwdg.o ABSOLUTE
    ..\\..\\..\\..\\Libraries\\STM32F30x_StdPeriph_Driver\\src\\stm32f30x_misc.c 0x00000000   Number         0  stm32f30x_misc.o ABSOLUTE
    ..\\..\\..\\..\\Libraries\\STM32F30x_StdPeriph_Driver\\src\\stm32f30x_opamp.c 0x00000000   Number         0  stm32f30x_opamp.o ABSOLUTE
    ..\\..\\..\\..\\Libraries\\STM32F30x_StdPeriph_Driver\\src\\stm32f30x_pwr.c 0x00000000   Number         0  stm32f30x_pwr.o ABSOLUTE
    ..\\..\\..\\..\\Libraries\\STM32F30x_StdPeriph_Driver\\src\\stm32f30x_rcc.c 0x00000000   Number         0  stm32f30x_rcc.o ABSOLUTE
    ..\\..\\..\\..\\Libraries\\STM32F30x_StdPeriph_Driver\\src\\stm32f30x_rtc.c 0x00000000   Number         0  stm32f30x_rtc.o ABSOLUTE
    ..\\..\\..\\..\\Libraries\\STM32F30x_StdPeriph_Driver\\src\\stm32f30x_spi.c 0x00000000   Number         0  stm32f30x_spi.o ABSOLUTE
    ..\\..\\..\\..\\Libraries\\STM32F30x_StdPeriph_Driver\\src\\stm32f30x_syscfg.c 0x00000000   Number         0  stm32f30x_syscfg.o ABSOLUTE
    ..\\..\\..\\..\\Libraries\\STM32F30x_StdPeriph_Driver\\src\\stm32f30x_tim.c 0x00000000   Number         0  stm32f30x_tim.o ABSOLUTE
    ..\\..\\..\\..\\Libraries\\STM32F30x_StdPeriph_Driver\\src\\stm32f30x_usart.c 0x00000000   Number         0  stm32f30x_usart.o ABSOLUTE
    ..\\..\\..\\..\\Libraries\\STM32F30x_StdPeriph_Driver\\src\\stm32f30x_wwdg.c 0x00000000   Number         0  stm32f30x_wwdg.o ABSOLUTE
    ..\\..\\..\\..\\Utilities\\STM32F3_Discovery\\stm32f3_discovery.c 0x00000000   Number         0  stm32f3_discovery.o ABSOLUTE
    ..\\main.c                               0x00000000   Number         0  main.o ABSOLUTE
    ..\\stm32f30x_it.c                       0x00000000   Number         0  stm32f30x_it.o ABSOLUTE
    ..\\system_stm32f30x.c                   0x00000000   Number         0  system_stm32f30x.o ABSOLUTE
    ..\main.c                                0x00000000   Number         0  main.o ABSOLUTE
    ..\stm32f30x_it.c                        0x00000000   Number         0  stm32f30x_it.o ABSOLUTE
    ..\system_stm32f30x.c                    0x00000000   Number         0  system_stm32f30x.o ABSOLUTE
    dc.s                                     0x00000000   Number         0  dc.o ABSOLUTE
    RESET                                    0x08000000   Section      392  startup_stm32f30x.o(RESET)
    !!!main                                  0x08000188   Section        8  __main.o(!!!main)
    !!!scatter                               0x08000190   Section       52  __scatter.o(!!!scatter)
    !!handler_copy                           0x080001c4   Section       26  __scatter_copy.o(!!handler_copy)
    !!handler_zi                             0x080001e0   Section       28  __scatter_zi.o(!!handler_zi)
    .ARM.Collect$$libinit$$00000000          0x080001fc   Section        2  libinit.o(.ARM.Collect$$libinit$$00000000)
    .ARM.Collect$$libinit$$00000001          0x080001fe   Section        4  libinit2.o(.ARM.Collect$$libinit$$00000001)
    .ARM.Collect$$libinit$$00000008          0x08000202   Section        0  libinit2.o(.ARM.Collect$$libinit$$00000008)
    .ARM.Collect$$libinit$$0000000A          0x08000202   Section        0  libinit2.o(.ARM.Collect$$libinit$$0000000A)
    .ARM.Collect$$libinit$$0000000C          0x08000202   Section        0  libinit2.o(.ARM.Collect$$libinit$$0000000C)
    .ARM.Collect$$libinit$$0000000F          0x08000202   Section        0  libinit2.o(.ARM.Collect$$libinit$$0000000F)
    .ARM.Collect$$libinit$$00000011          0x08000202   Section        0  libinit2.o(.ARM.Collect$$libinit$$00000011)
    .ARM.Collect$$libinit$$00000013          0x08000202   Section        0  libinit2.o(.ARM.Collect$$libinit$$00000013)
    .ARM.Collect$$libinit$$00000015          0x08000202   Section        0  libinit2.o(.ARM.Collect$$libinit$$00000015)
    .ARM.Collect$$libinit$$00000017          0x08000202   Section        0  libinit2.o(.ARM.Collect$$libinit$$00000017)
    .ARM.Collect$$libinit$$00000019          0x08000202   Section        0  libinit2.o(.ARM.Collect$$libinit$$00000019)
    .ARM.Collect$$libinit$$0000001B          0x08000202   Section        0  libinit2.o(.ARM.Collect$$libinit$$0000001B)
    .ARM.Collect$$libinit$$0000001D          0x08000202   Section        0  libinit2.o(.ARM.Collect$$libinit$$0000001D)
    .ARM.Collect$$libinit$$0000001F          0x08000202   Section        0  libinit2.o(.ARM.Collect$$libinit$$0000001F)
    .ARM.Collect$$libinit$$00000021          0x08000202   Section        0  libinit2.o(.ARM.Collect$$libinit$$00000021)
    .ARM.Collect$$libinit$$00000023          0x08000202   Section        0  libinit2.o(.ARM.Collect$$libinit$$00000023)
    .ARM.Collect$$libinit$$0000002A          0x08000202   Section        0  libinit2.o(.ARM.Collect$$libinit$$0000002A)
    .ARM.Collect$$libinit$$0000002C          0x08000202   Section        0  libinit2.o(.ARM.Collect$$libinit$$0000002C)
    .ARM.Collect$$libinit$$0000002E          0x08000202   Section        0  libinit2.o(.ARM.Collect$$libinit$$0000002E)
    .ARM.Collect$$libinit$$00000030          0x08000202   Section        0  libinit2.o(.ARM.Collect$$libinit$$00000030)
    .ARM.Collect$$libinit$$00000031          0x08000202   Section        2  libinit2.o(.ARM.Collect$$libinit$$00000031)
    .ARM.Collect$$libshutdown$$00000000      0x08000204   Section        2  libshutdown.o(.ARM.Collect$$libshutdown$$00000000)
    .ARM.Collect$$libshutdown$$00000003      0x08000206   Section        0  libshutdown2.o(.ARM.Collect$$libshutdown$$00000003)
    .ARM.Collect$$libshutdown$$00000006      0x08000206   Section        0  libshutdown2.o(.ARM.Collect$$libshutdown$$00000006)
    .ARM.Collect$$libshutdown$$00000009      0x08000206   Section        0  libshutdown2.o(.ARM.Collect$$libshutdown$$00000009)
    .ARM.Collect$$libshutdown$$0000000B      0x08000206   Section        0  libshutdown2.o(.ARM.Collect$$libshutdown$$0000000B)
    .ARM.Collect$$libshutdown$$0000000E      0x08000206   Section        0  libshutdown2.o(.ARM.Collect$$libshutdown$$0000000E)
    .ARM.Collect$$libshutdown$$0000000F      0x08000206   Section        2  libshutdown2.o(.ARM.Collect$$libshutdown$$0000000F)
    .ARM.Collect$$rtentry$$00000000          0x08000208   Section        0  rtentry.o(.ARM.Collect$$rtentry$$00000000)
    .ARM.Collect$$rtentry$$00000002          0x08000208   Section        0  rtentry2.o(.ARM.Collect$$rtentry$$00000002)
    .ARM.Collect$$rtentry$$00000004          0x08000208   Section        6  rtentry4.o(.ARM.Collect$$rtentry$$00000004)
    .ARM.Collect$$rtentry$$00000009          0x0800020e   Section        0  rtentry2.o(.ARM.Collect$$rtentry$$00000009)
    .ARM.Collect$$rtentry$$0000000A          0x0800020e   Section        4  rtentry2.o(.ARM.Collect$$rtentry$$0000000A)
    .ARM.Collect$$rtentry$$0000000C          0x08000212   Section        0  rtentry2.o(.ARM.Collect$$rtentry$$0000000C)
    .ARM.Collect$$rtentry$$0000000D          0x08000212   Section        8  rtentry2.o(.ARM.Collect$$rtentry$$0000000D)
    .ARM.Collect$$rtexit$$00000000           0x0800021a   Section        2  rtexit.o(.ARM.Collect$$rtexit$$00000000)
    .ARM.Collect$$rtexit$$00000002           0x0800021c   Section        0  rtexit2.o(.ARM.Collect$$rtexit$$00000002)
    .ARM.Collect$$rtexit$$00000003           0x0800021c   Section        4  rtexit2.o(.ARM.Collect$$rtexit$$00000003)
    .ARM.Collect$$rtexit$$00000004           0x08000220   Section        6  rtexit2.o(.ARM.Collect$$rtexit$$00000004)
    .text                                    0x08000228   Section       64  startup_stm32f30x.o(.text)
    $v0                                      0x08000228   Number         0  startup_stm32f30x.o(.text)
    .text                                    0x08000268   Section        0  stm32f30x_gpio.o(.text)
    .text                                    0x0800045c   Section        0  stm32f30x_rcc.o(.text)
    .text                                    0x08000c64   Section        0  stm32f30x_tim.o(.text)
    TI4_Config                               0x0800146f   Thumb Code   104  stm32f30x_tim.o(.text)
    TI3_Config                               0x080014e9   Thumb Code    76  stm32f30x_tim.o(.text)
    TI2_Config                               0x08001547   Thumb Code    66  stm32f30x_tim.o(.text)
    TI1_Config                               0x08001599   Thumb Code    48  stm32f30x_tim.o(.text)
    .text                                    0x080019e0   Section        0  stm32f30x_usart.o(.text)
    .text                                    0x08001f1c   Section        0  main.o(.text)
    .text                                    0x080020b4   Section        0  stm32f30x_it.o(.text)
    .text                                    0x08002138   Section        0  system_stm32f30x.o(.text)
    SetSysClock                              0x08002139   Thumb Code   186  system_stm32f30x.o(.text)
    .text                                    0x08002314   Section        0  heapauxi.o(.text)
    .text                                    0x0800231a   Section       74  sys_stackheap_outer.o(.text)
    .text                                    0x08002364   Section        0  exit.o(.text)
    .text                                    0x08002370   Section        8  libspace.o(.text)
    .text                                    0x08002378   Section        0  sys_exit.o(.text)
    .text                                    0x08002384   Section        2  use_no_semi.o(.text)
    .text                                    0x08002386   Section        0  indicate_semi.o(.text)
    x$fpl$fpinit                             0x08002386   Section       10  fpinit.o(x$fpl$fpinit)
    $v0                                      0x08002386   Number         0  fpinit.o(x$fpl$fpinit)
    .data                                    0x20000000   Section       42  stm32f30x_rcc.o(.data)
    APBAHBPrescTable                         0x20000000   Data          16  stm32f30x_rcc.o(.data)
    ADCPrescTable                            0x20000010   Data          26  stm32f30x_rcc.o(.data)
    .data                                    0x2000002c   Section        8  stm32f30x_it.o(.data)
    .data                                    0x20000034   Section       20  system_stm32f30x.o(.data)
    .bss                                     0x20000048   Section       60  stm32f30x_it.o(.bss)
    .bss                                     0x20000084   Section       96  libspace.o(.bss)
    HEAP                                     0x200000e8   Section      512  startup_stm32f30x.o(HEAP)
    Heap_Mem                                 0x200000e8   Data         512  startup_stm32f30x.o(HEAP)
    STACK                                    0x200002e8   Section     1024  startup_stm32f30x.o(STACK)
    Stack_Mem                                0x200002e8   Data        1024  startup_stm32f30x.o(STACK)
    __initial_sp                             0x200006e8   Data           0  startup_stm32f30x.o(STACK)

    Global Symbols

    Symbol Name                              Value     Ov Type        Size  Object(Section)

    BuildAttributes$$THM_ISAv4$E$P$D$K$B$S$7EM$VFPi3$EXTD16$VFPS$VFMA$PE$A:L22UL41UL21$X:L11$S22US41US21$IEEE1$IW$USESV6$~STKCKD$USESV7$~SHL$OSPACE$ROPI$EBA8$UX$STANDARDLIB$REQ8$PRES8$EABIv2 0x00000000   Number         0  anon$$obj.o ABSOLUTE
    __ARM_use_no_argv                        0x00000000   Number         0  main.o ABSOLUTE
    __ARM_exceptions_init                     - Undefined Weak Reference
    __alloca_initialize                       - Undefined Weak Reference
    __cpp_initialize__aeabi_                  - Undefined Weak Reference
    __cxa_finalize                            - Undefined Weak Reference
    __rt_locale                               - Undefined Weak Reference
    __sigvec_lookup                           - Undefined Weak Reference
    _atexit_init                              - Undefined Weak Reference
    _call_atexit_fns                          - Undefined Weak Reference
    _clock_init                               - Undefined Weak Reference
    _fp_trap_init                             - Undefined Weak Reference
    _fp_trap_shutdown                         - Undefined Weak Reference
    _get_lc_collate                           - Undefined Weak Reference
    _get_lc_ctype                             - Undefined Weak Reference
    _get_lc_monetary                          - Undefined Weak Reference
    _get_lc_numeric                           - Undefined Weak Reference
    _get_lc_time                              - Undefined Weak Reference
    _getenv_init                              - Undefined Weak Reference
    _handle_redirection                       - Undefined Weak Reference
    _init_alloc                               - Undefined Weak Reference
    _init_user_alloc                          - Undefined Weak Reference
    _initio                                   - Undefined Weak Reference
    _rand_init                                - Undefined Weak Reference
    _signal_finish                            - Undefined Weak Reference
    _signal_init                              - Undefined Weak Reference
    _terminate_alloc                          - Undefined Weak Reference
    _terminate_user_alloc                     - Undefined Weak Reference
    _terminateio                              - Undefined Weak Reference
    __Vectors_Size                           0x00000188   Number         0  startup_stm32f30x.o ABSOLUTE
    __Vectors                                0x08000000   Data           4  startup_stm32f30x.o(RESET)
    __Vectors_End                            0x08000188   Data           0  startup_stm32f30x.o(RESET)
    __main                                   0x08000189   Thumb Code     8  __main.o(!!!main)
    __scatterload                            0x08000191   Thumb Code     0  __scatter.o(!!!scatter)
    __scatterload_rt2                        0x08000191   Thumb Code    44  __scatter.o(!!!scatter)
    __scatterload_rt2_thumb_only             0x08000191   Thumb Code     0  __scatter.o(!!!scatter)
    __scatterload_null                       0x0800019f   Thumb Code     0  __scatter.o(!!!scatter)
    __scatterload_copy                       0x080001c5   Thumb Code    26  __scatter_copy.o(!!handler_copy)
    __scatterload_zeroinit                   0x080001e1   Thumb Code    28  __scatter_zi.o(!!handler_zi)
    __rt_lib_init                            0x080001fd   Thumb Code     0  libinit.o(.ARM.Collect$$libinit$$00000000)
    __rt_lib_init_fp_1                       0x080001ff   Thumb Code     0  libinit2.o(.ARM.Collect$$libinit$$00000001)
    __rt_lib_init_alloca_1                   0x08000203   Thumb Code     0  libinit2.o(.ARM.Collect$$libinit$$0000002C)
    __rt_lib_init_argv_1                     0x08000203   Thumb Code     0  libinit2.o(.ARM.Collect$$libinit$$0000002A)
    __rt_lib_init_atexit_1                   0x08000203   Thumb Code     0  libinit2.o(.ARM.Collect$$libinit$$00000019)
    __rt_lib_init_clock_1                    0x08000203   Thumb Code     0  libinit2.o(.ARM.Collect$$libinit$$0000001F)
    __rt_lib_init_cpp_1                      0x08000203   Thumb Code     0  libinit2.o(.ARM.Collect$$libinit$$00000030)
    __rt_lib_init_exceptions_1               0x08000203   Thumb Code     0  libinit2.o(.ARM.Collect$$libinit$$0000002E)
    __rt_lib_init_fp_trap_1                  0x08000203   Thumb Code     0  libinit2.o(.ARM.Collect$$libinit$$0000001D)
    __rt_lib_init_getenv_1                   0x08000203   Thumb Code     0  libinit2.o(.ARM.Collect$$libinit$$00000021)
    __rt_lib_init_heap_1                     0x08000203   Thumb Code     0  libinit2.o(.ARM.Collect$$libinit$$00000008)
    __rt_lib_init_lc_collate_1               0x08000203   Thumb Code     0  libinit2.o(.ARM.Collect$$libinit$$0000000F)
    __rt_lib_init_lc_ctype_1                 0x08000203   Thumb Code     0  libinit2.o(.ARM.Collect$$libinit$$00000011)
    __rt_lib_init_lc_monetary_1              0x08000203   Thumb Code     0  libinit2.o(.ARM.Collect$$libinit$$00000013)
    __rt_lib_init_lc_numeric_1               0x08000203   Thumb Code     0  libinit2.o(.ARM.Collect$$libinit$$00000015)
    __rt_lib_init_lc_time_1                  0x08000203   Thumb Code     0  libinit2.o(.ARM.Collect$$libinit$$00000017)
    __rt_lib_init_rand_1                     0x08000203   Thumb Code     0  libinit2.o(.ARM.Collect$$libinit$$0000000C)
    __rt_lib_init_return                     0x08000203   Thumb Code     0  libinit2.o(.ARM.Collect$$libinit$$00000031)
    __rt_lib_init_signal_1                   0x08000203   Thumb Code     0  libinit2.o(.ARM.Collect$$libinit$$0000001B)
    __rt_lib_init_stdio_1                    0x08000203   Thumb Code     0  libinit2.o(.ARM.Collect$$libinit$$00000023)
    __rt_lib_init_user_alloc_1               0x08000203   Thumb Code     0  libinit2.o(.ARM.Collect$$libinit$$0000000A)
    __rt_lib_shutdown                        0x08000205   Thumb Code     0  libshutdown.o(.ARM.Collect$$libshutdown$$00000000)
    __rt_lib_shutdown_fp_trap_1              0x08000207   Thumb Code     0  libshutdown2.o(.ARM.Collect$$libshutdown$$00000006)
    __rt_lib_shutdown_heap_1                 0x08000207   Thumb Code     0  libshutdown2.o(.ARM.Collect$$libshutdown$$0000000E)
    __rt_lib_shutdown_return                 0x08000207   Thumb Code     0  libshutdown2.o(.ARM.Collect$$libshutdown$$0000000F)
    __rt_lib_shutdown_signal_1               0x08000207   Thumb Code     0  libshutdown2.o(.ARM.Collect$$libshutdown$$00000009)
    __rt_lib_shutdown_stdio_1                0x08000207   Thumb Code     0  libshutdown2.o(.ARM.Collect$$libshutdown$$00000003)
    __rt_lib_shutdown_user_alloc_1           0x08000207   Thumb Code     0  libshutdown2.o(.ARM.Collect$$libshutdown$$0000000B)
    __rt_entry                               0x08000209   Thumb Code     0  rtentry.o(.ARM.Collect$$rtentry$$00000000)
    __rt_entry_presh_1                       0x08000209   Thumb Code     0  rtentry2.o(.ARM.Collect$$rtentry$$00000002)
    __rt_entry_sh                            0x08000209   Thumb Code     0  rtentry4.o(.ARM.Collect$$rtentry$$00000004)
    __rt_entry_li                            0x0800020f   Thumb Code     0  rtentry2.o(.ARM.Collect$$rtentry$$0000000A)
    __rt_entry_postsh_1                      0x0800020f   Thumb Code     0  rtentry2.o(.ARM.Collect$$rtentry$$00000009)
    __rt_entry_main                          0x08000213   Thumb Code     0  rtentry2.o(.ARM.Collect$$rtentry$$0000000D)
    __rt_entry_postli_1                      0x08000213   Thumb Code     0  rtentry2.o(.ARM.Collect$$rtentry$$0000000C)
    __rt_exit                                0x0800021b   Thumb Code     0  rtexit.o(.ARM.Collect$$rtexit$$00000000)
    __rt_exit_ls                             0x0800021d   Thumb Code     0  rtexit2.o(.ARM.Collect$$rtexit$$00000003)
    __rt_exit_prels_1                        0x0800021d   Thumb Code     0  rtexit2.o(.ARM.Collect$$rtexit$$00000002)
    __rt_exit_exit                           0x08000221   Thumb Code     0  rtexit2.o(.ARM.Collect$$rtexit$$00000004)
    Reset_Handler                            0x08000229   Thumb Code     8  startup_stm32f30x.o(.text)
    ADC1_2_IRQHandler                        0x08000243   Thumb Code     0  startup_stm32f30x.o(.text)
    ADC3_IRQHandler                          0x08000243   Thumb Code     0  startup_stm32f30x.o(.text)
    ADC4_IRQHandler                          0x08000243   Thumb Code     0  startup_stm32f30x.o(.text)
    CAN1_RX1_IRQHandler                      0x08000243   Thumb Code     0  startup_stm32f30x.o(.text)
    CAN1_SCE_IRQHandler                      0x08000243   Thumb Code     0  startup_stm32f30x.o(.text)
    COMP1_2_3_IRQHandler                     0x08000243   Thumb Code     0  startup_stm32f30x.o(.text)
    COMP4_5_6_IRQHandler                     0x08000243   Thumb Code     0  startup_stm32f30x.o(.text)
    COMP7_IRQHandler                         0x08000243   Thumb Code     0  startup_stm32f30x.o(.text)
    DMA1_Channel1_IRQHandler                 0x08000243   Thumb Code     0  startup_stm32f30x.o(.text)
    DMA1_Channel2_IRQHandler                 0x08000243   Thumb Code     0  startup_stm32f30x.o(.text)
    DMA1_Channel3_IRQHandler                 0x08000243   Thumb Code     0  startup_stm32f30x.o(.text)
    DMA1_Channel4_IRQHandler                 0x08000243   Thumb Code     0  startup_stm32f30x.o(.text)
    DMA1_Channel5_IRQHandler                 0x08000243   Thumb Code     0  startup_stm32f30x.o(.text)
    DMA1_Channel6_IRQHandler                 0x08000243   Thumb Code     0  startup_stm32f30x.o(.text)
    DMA1_Channel7_IRQHandler                 0x08000243   Thumb Code     0  startup_stm32f30x.o(.text)
    DMA2_Channel1_IRQHandler                 0x08000243   Thumb Code     0  startup_stm32f30x.o(.text)
    DMA2_Channel2_IRQHandler                 0x08000243   Thumb Code     0  startup_stm32f30x.o(.text)
    DMA2_Channel3_IRQHandler                 0x08000243   Thumb Code     0  startup_stm32f30x.o(.text)
    DMA2_Channel4_IRQHandler                 0x08000243   Thumb Code     0  startup_stm32f30x.o(.text)
    DMA2_Channel5_IRQHandler                 0x08000243   Thumb Code     0  startup_stm32f30x.o(.text)
    EXTI0_IRQHandler                         0x08000243   Thumb Code     0  startup_stm32f30x.o(.text)
    EXTI15_10_IRQHandler                     0x08000243   Thumb Code     0  startup_stm32f30x.o(.text)
    EXTI1_IRQHandler                         0x08000243   Thumb Code     0  startup_stm32f30x.o(.text)
    EXTI2_TS_IRQHandler                      0x08000243   Thumb Code     0  startup_stm32f30x.o(.text)
    EXTI3_IRQHandler                         0x08000243   Thumb Code     0  startup_stm32f30x.o(.text)
    EXTI4_IRQHandler                         0x08000243   Thumb Code     0  startup_stm32f30x.o(.text)
    EXTI9_5_IRQHandler                       0x08000243   Thumb Code     0  startup_stm32f30x.o(.text)
    FLASH_IRQHandler                         0x08000243   Thumb Code     0  startup_stm32f30x.o(.text)
    FPU_IRQHandler                           0x08000243   Thumb Code     0  startup_stm32f30x.o(.text)
    I2C1_ER_IRQHandler                       0x08000243   Thumb Code     0  startup_stm32f30x.o(.text)
    I2C1_EV_IRQHandler                       0x08000243   Thumb Code     0  startup_stm32f30x.o(.text)
    I2C2_ER_IRQHandler                       0x08000243   Thumb Code     0  startup_stm32f30x.o(.text)
    I2C2_EV_IRQHandler                       0x08000243   Thumb Code     0  startup_stm32f30x.o(.text)
    PVD_IRQHandler                           0x08000243   Thumb Code     0  startup_stm32f30x.o(.text)
    RCC_IRQHandler                           0x08000243   Thumb Code     0  startup_stm32f30x.o(.text)
    RTC_Alarm_IRQHandler                     0x08000243   Thumb Code     0  startup_stm32f30x.o(.text)
    RTC_WKUP_IRQHandler                      0x08000243   Thumb Code     0  startup_stm32f30x.o(.text)
    SPI1_IRQHandler                          0x08000243   Thumb Code     0  startup_stm32f30x.o(.text)
    SPI2_IRQHandler                          0x08000243   Thumb Code     0  startup_stm32f30x.o(.text)
    SPI3_IRQHandler                          0x08000243   Thumb Code     0  startup_stm32f30x.o(.text)
    TAMPER_STAMP_IRQHandler                  0x08000243   Thumb Code     0  startup_stm32f30x.o(.text)
    TIM1_BRK_TIM15_IRQHandler                0x08000243   Thumb Code     0  startup_stm32f30x.o(.text)
    TIM1_CC_IRQHandler                       0x08000243   Thumb Code     0  startup_stm32f30x.o(.text)
    TIM1_TRG_COM_TIM17_IRQHandler            0x08000243   Thumb Code     0  startup_stm32f30x.o(.text)
    TIM1_UP_TIM16_IRQHandler                 0x08000243   Thumb Code     0  startup_stm32f30x.o(.text)
    TIM3_IRQHandler                          0x08000243   Thumb Code     0  startup_stm32f30x.o(.text)
    TIM4_IRQHandler                          0x08000243   Thumb Code     0  startup_stm32f30x.o(.text)
    TIM6_DAC_IRQHandler                      0x08000243   Thumb Code     0  startup_stm32f30x.o(.text)
    TIM7_IRQHandler                          0x08000243   Thumb Code     0  startup_stm32f30x.o(.text)
    TIM8_BRK_IRQHandler                      0x08000243   Thumb Code     0  startup_stm32f30x.o(.text)
    TIM8_CC_IRQHandler                       0x08000243   Thumb Code     0  startup_stm32f30x.o(.text)
    TIM8_TRG_COM_IRQHandler                  0x08000243   Thumb Code     0  startup_stm32f30x.o(.text)
    TIM8_UP_IRQHandler                       0x08000243   Thumb Code     0  startup_stm32f30x.o(.text)
    UART4_IRQHandler                         0x08000243   Thumb Code     0  startup_stm32f30x.o(.text)
    UART5_IRQHandler                         0x08000243   Thumb Code     0  startup_stm32f30x.o(.text)
    USART1_IRQHandler                        0x08000243   Thumb Code     0  startup_stm32f30x.o(.text)
    USART2_IRQHandler                        0x08000243   Thumb Code     0  startup_stm32f30x.o(.text)
    USART3_IRQHandler                        0x08000243   Thumb Code     0  startup_stm32f30x.o(.text)
    USBWakeUp_IRQHandler                     0x08000243   Thumb Code     0  startup_stm32f30x.o(.text)
    USBWakeUp_RMP_IRQHandler                 0x08000243   Thumb Code     0  startup_stm32f30x.o(.text)
    USB_HP_CAN1_TX_IRQHandler                0x08000243   Thumb Code     0  startup_stm32f30x.o(.text)
    USB_HP_IRQHandler                        0x08000243   Thumb Code     0  startup_stm32f30x.o(.text)
    USB_LP_CAN1_RX0_IRQHandler               0x08000243   Thumb Code     0  startup_stm32f30x.o(.text)
    USB_LP_IRQHandler                        0x08000243   Thumb Code     0  startup_stm32f30x.o(.text)
    WWDG_IRQHandler                          0x08000243   Thumb Code     0  startup_stm32f30x.o(.text)
    __user_initial_stackheap                 0x08000245   Thumb Code     0  startup_stm32f30x.o(.text)
    GPIO_DeInit                              0x08000269   Thumb Code   154  stm32f30x_gpio.o(.text)
    GPIO_Init                                0x08000303   Thumb Code   144  stm32f30x_gpio.o(.text)
    GPIO_StructInit                          0x08000393   Thumb Code    22  stm32f30x_gpio.o(.text)
    GPIO_PinLockConfig                       0x080003a9   Thumb Code    18  stm32f30x_gpio.o(.text)
    GPIO_ReadInputDataBit                    0x080003bb   Thumb Code    18  stm32f30x_gpio.o(.text)
    GPIO_ReadInputData                       0x080003cd   Thumb Code     6  stm32f30x_gpio.o(.text)
    GPIO_ReadOutputDataBit                   0x080003d3   Thumb Code    18  stm32f30x_gpio.o(.text)
    GPIO_ReadOutputData                      0x080003e5   Thumb Code     6  stm32f30x_gpio.o(.text)
    GPIO_SetBits                             0x080003eb   Thumb Code     4  stm32f30x_gpio.o(.text)
    GPIO_ResetBits                           0x080003ef   Thumb Code     4  stm32f30x_gpio.o(.text)
    GPIO_WriteBit                            0x080003f3   Thumb Code    10  stm32f30x_gpio.o(.text)
    GPIO_Write                               0x080003fd   Thumb Code     4  stm32f30x_gpio.o(.text)
    GPIO_PinAFConfig                         0x08000401   Thumb Code    70  stm32f30x_gpio.o(.text)
    RCC_DeInit                               0x0800045d   Thumb Code    84  stm32f30x_rcc.o(.text)
    RCC_HSEConfig                            0x080004b1   Thumb Code    12  stm32f30x_rcc.o(.text)
    RCC_GetFlagStatus                        0x080004bd   Thumb Code    64  stm32f30x_rcc.o(.text)
    RCC_WaitForHSEStartUp                    0x080004fd   Thumb Code    56  stm32f30x_rcc.o(.text)
    RCC_AdjustHSICalibrationValue            0x08000535   Thumb Code    20  stm32f30x_rcc.o(.text)
    RCC_HSICmd                               0x08000549   Thumb Code     6  stm32f30x_rcc.o(.text)
    RCC_LSEConfig                            0x0800054f   Thumb Code    32  stm32f30x_rcc.o(.text)
    RCC_LSEDriveConfig                       0x0800056f   Thumb Code    22  stm32f30x_rcc.o(.text)
    RCC_LSICmd                               0x08000585   Thumb Code     6  stm32f30x_rcc.o(.text)
    RCC_PLLConfig                            0x0800058b   Thumb Code    28  stm32f30x_rcc.o(.text)
    RCC_PLLCmd                               0x080005a7   Thumb Code     6  stm32f30x_rcc.o(.text)
    RCC_PREDIV1Config                        0x080005ad   Thumb Code    18  stm32f30x_rcc.o(.text)
    RCC_ClockSecuritySystemCmd               0x080005bf   Thumb Code     6  stm32f30x_rcc.o(.text)
    RCC_MCOConfig                            0x080005c5   Thumb Code     6  stm32f30x_rcc.o(.text)
    RCC_SYSCLKConfig                         0x080005cb   Thumb Code    18  stm32f30x_rcc.o(.text)
    RCC_GetSYSCLKSource                      0x080005dd   Thumb Code    10  stm32f30x_rcc.o(.text)
    RCC_HCLKConfig                           0x080005e7   Thumb Code    18  stm32f30x_rcc.o(.text)
    RCC_PCLK1Config                          0x080005f9   Thumb Code    18  stm32f30x_rcc.o(.text)
    RCC_PCLK2Config                          0x0800060b   Thumb Code    20  stm32f30x_rcc.o(.text)
    RCC_GetClocksFreq                        0x0800061f   Thumb Code  1088  stm32f30x_rcc.o(.text)
    RCC_ADCCLKConfig                         0x08000a5f   Thumb Code    44  stm32f30x_rcc.o(.text)
    RCC_I2CCLKConfig                         0x08000a8b   Thumb Code    44  stm32f30x_rcc.o(.text)
    RCC_TIMCLKConfig                         0x08000ab7   Thumb Code    44  stm32f30x_rcc.o(.text)
    RCC_USARTCLKConfig                       0x08000ae3   Thumb Code   104  stm32f30x_rcc.o(.text)
    RCC_USBCLKConfig                         0x08000b4b   Thumb Code     6  stm32f30x_rcc.o(.text)
    RCC_RTCCLKConfig                         0x08000b51   Thumb Code    12  stm32f30x_rcc.o(.text)
    RCC_I2SCLKConfig                         0x08000b5d   Thumb Code     6  stm32f30x_rcc.o(.text)
    RCC_RTCCLKCmd                            0x08000b63   Thumb Code     6  stm32f30x_rcc.o(.text)
    RCC_BackupResetCmd                       0x08000b69   Thumb Code     8  stm32f30x_rcc.o(.text)
    RCC_AHBPeriphClockCmd                    0x08000b71   Thumb Code    26  stm32f30x_rcc.o(.text)
    RCC_APB2PeriphClockCmd                   0x08000b8b   Thumb Code    26  stm32f30x_rcc.o(.text)
    RCC_APB1PeriphClockCmd                   0x08000ba5   Thumb Code    26  stm32f30x_rcc.o(.text)
    RCC_AHBPeriphResetCmd                    0x08000bbf   Thumb Code    26  stm32f30x_rcc.o(.text)
    RCC_APB2PeriphResetCmd                   0x08000bd9   Thumb Code    26  stm32f30x_rcc.o(.text)
    RCC_APB1PeriphResetCmd                   0x08000bf3   Thumb Code    26  stm32f30x_rcc.o(.text)
    RCC_ITConfig                             0x08000c0d   Thumb Code    26  stm32f30x_rcc.o(.text)
    RCC_ClearFlag                            0x08000c27   Thumb Code    14  stm32f30x_rcc.o(.text)
    RCC_GetITStatus                          0x08000c35   Thumb Code    20  stm32f30x_rcc.o(.text)
    RCC_ClearITPendingBit                    0x08000c49   Thumb Code     6  stm32f30x_rcc.o(.text)
    TIM_DeInit                               0x08000c65   Thumb Code   250  stm32f30x_tim.o(.text)
    TIM_TimeBaseInit                         0x08000d5f   Thumb Code   116  stm32f30x_tim.o(.text)
    TIM_TimeBaseStructInit                   0x08000dd3   Thumb Code    18  stm32f30x_tim.o(.text)
    TIM_PrescalerConfig                      0x08000de5   Thumb Code     6  stm32f30x_tim.o(.text)
    TIM_CounterModeConfig                    0x08000deb   Thumb Code    18  stm32f30x_tim.o(.text)
    TIM_SetCounter                           0x08000dfd   Thumb Code     4  stm32f30x_tim.o(.text)
    TIM_SetAutoreload                        0x08000e01   Thumb Code     4  stm32f30x_tim.o(.text)
    TIM_GetCounter                           0x08000e05   Thumb Code     6  stm32f30x_tim.o(.text)
    TIM_GetPrescaler                         0x08000e0b   Thumb Code     6  stm32f30x_tim.o(.text)
    TIM_UpdateDisableConfig                  0x08000e11   Thumb Code    24  stm32f30x_tim.o(.text)
    TIM_UpdateRequestConfig                  0x08000e29   Thumb Code    24  stm32f30x_tim.o(.text)
    TIM_UIFRemap                             0x08000e41   Thumb Code    24  stm32f30x_tim.o(.text)
    TIM_ARRPreloadConfig                     0x08000e59   Thumb Code    24  stm32f30x_tim.o(.text)
    TIM_SelectOnePulseMode                   0x08000e71   Thumb Code    18  stm32f30x_tim.o(.text)
    TIM_SetClockDivision                     0x08000e83   Thumb Code    18  stm32f30x_tim.o(.text)
    TIM_Cmd                                  0x08000e95   Thumb Code    24  stm32f30x_tim.o(.text)
    TIM_OC1Init                              0x08000ead   Thumb Code   120  stm32f30x_tim.o(.text)
    TIM_OC2Init                              0x08000f25   Thumb Code   116  stm32f30x_tim.o(.text)
    TIM_OC3Init                              0x08000f99   Thumb Code   114  stm32f30x_tim.o(.text)
    TIM_OC4Init                              0x0800100b   Thumb Code   130  stm32f30x_tim.o(.text)
    TIM_OC5Init                              0x0800108d   Thumb Code    80  stm32f30x_tim.o(.text)
    TIM_OC6Init                              0x080010dd   Thumb Code    88  stm32f30x_tim.o(.text)
    TIM_SelectGC5C1                          0x08001135   Thumb Code    22  stm32f30x_tim.o(.text)
    TIM_SelectGC5C2                          0x0800114b   Thumb Code    22  stm32f30x_tim.o(.text)
    TIM_SelectGC5C3                          0x08001161   Thumb Code    22  stm32f30x_tim.o(.text)
    TIM_OCStructInit                         0x08001177   Thumb Code    20  stm32f30x_tim.o(.text)
    TIM_SelectOCxM                           0x0800118b   Thumb Code    84  stm32f30x_tim.o(.text)
    TIM_SetCompare1                          0x080011df   Thumb Code     4  stm32f30x_tim.o(.text)
    TIM_SetCompare2                          0x080011e3   Thumb Code     4  stm32f30x_tim.o(.text)
    TIM_SetCompare3                          0x080011e7   Thumb Code     4  stm32f30x_tim.o(.text)
    TIM_SetCompare4                          0x080011eb   Thumb Code     4  stm32f30x_tim.o(.text)
    TIM_SetCompare5                          0x080011ef   Thumb Code     4  stm32f30x_tim.o(.text)
    TIM_SetCompare6                          0x080011f3   Thumb Code     4  stm32f30x_tim.o(.text)
    TIM_ForcedOC1Config                      0x080011f7   Thumb Code    16  stm32f30x_tim.o(.text)
    TIM_ForcedOC2Config                      0x08001207   Thumb Code    18  stm32f30x_tim.o(.text)
    TIM_ForcedOC3Config                      0x08001219   Thumb Code    16  stm32f30x_tim.o(.text)
    TIM_ForcedOC4Config                      0x08001229   Thumb Code    18  stm32f30x_tim.o(.text)
    TIM_ForcedOC5Config                      0x0800123b   Thumb Code    16  stm32f30x_tim.o(.text)
    TIM_ForcedOC6Config                      0x0800124b   Thumb Code    18  stm32f30x_tim.o(.text)
    TIM_OC1PreloadConfig                     0x0800125d   Thumb Code    16  stm32f30x_tim.o(.text)
    TIM_OC2PreloadConfig                     0x0800126d   Thumb Code    18  stm32f30x_tim.o(.text)
    TIM_OC3PreloadConfig                     0x0800127f   Thumb Code    16  stm32f30x_tim.o(.text)
    TIM_OC4PreloadConfig                     0x0800128f   Thumb Code    18  stm32f30x_tim.o(.text)
    TIM_OC5PreloadConfig                     0x080012a1   Thumb Code    16  stm32f30x_tim.o(.text)
    TIM_OC6PreloadConfig                     0x080012b1   Thumb Code    18  stm32f30x_tim.o(.text)
    TIM_OC1FastConfig                        0x080012c3   Thumb Code    16  stm32f30x_tim.o(.text)
    TIM_OC2FastConfig                        0x080012d3   Thumb Code    18  stm32f30x_tim.o(.text)
    TIM_OC3FastConfig                        0x080012e5   Thumb Code    16  stm32f30x_tim.o(.text)
    TIM_OC4FastConfig                        0x080012f5   Thumb Code    18  stm32f30x_tim.o(.text)
    TIM_ClearOC1Ref                          0x08001307   Thumb Code    16  stm32f30x_tim.o(.text)
    TIM_ClearOC2Ref                          0x08001317   Thumb Code    18  stm32f30x_tim.o(.text)
    TIM_ClearOC3Ref                          0x08001329   Thumb Code    16  stm32f30x_tim.o(.text)
    TIM_ClearOC4Ref                          0x08001339   Thumb Code    18  stm32f30x_tim.o(.text)
    TIM_ClearOC5Ref                          0x0800134b   Thumb Code    16  stm32f30x_tim.o(.text)
    TIM_ClearOC6Ref                          0x0800135b   Thumb Code    18  stm32f30x_tim.o(.text)
    TIM_SelectOCREFClear                     0x0800136d   Thumb Code    18  stm32f30x_tim.o(.text)
    TIM_OC1PolarityConfig                    0x0800137f   Thumb Code    16  stm32f30x_tim.o(.text)
    TIM_OC1NPolarityConfig                   0x0800138f   Thumb Code    16  stm32f30x_tim.o(.text)
    TIM_OC2PolarityConfig                    0x0800139f   Thumb Code    18  stm32f30x_tim.o(.text)
    TIM_OC2NPolarityConfig                   0x080013b1   Thumb Code    18  stm32f30x_tim.o(.text)
    TIM_OC3PolarityConfig                    0x080013c3   Thumb Code    18  stm32f30x_tim.o(.text)
    TIM_OC3NPolarityConfig                   0x080013d5   Thumb Code    18  stm32f30x_tim.o(.text)
    TIM_OC4PolarityConfig                    0x080013e7   Thumb Code    18  stm32f30x_tim.o(.text)
    TIM_OC5PolarityConfig                    0x080013f9   Thumb Code    18  stm32f30x_tim.o(.text)
    TIM_OC6PolarityConfig                    0x0800140b   Thumb Code    18  stm32f30x_tim.o(.text)
    TIM_CCxCmd                               0x0800141d   Thumb Code    28  stm32f30x_tim.o(.text)
    TIM_CCxNCmd                              0x08001439   Thumb Code    28  stm32f30x_tim.o(.text)
    TIM_SetIC4Prescaler                      0x08001455   Thumb Code    26  stm32f30x_tim.o(.text)
    TIM_SetIC3Prescaler                      0x080014d7   Thumb Code    18  stm32f30x_tim.o(.text)
    TIM_SetIC2Prescaler                      0x08001535   Thumb Code    18  stm32f30x_tim.o(.text)
    TIM_SetIC1Prescaler                      0x08001589   Thumb Code    16  stm32f30x_tim.o(.text)
    TIM_ICInit                               0x080015c9   Thumb Code   110  stm32f30x_tim.o(.text)
    TIM_ICStructInit                         0x08001637   Thumb Code    18  stm32f30x_tim.o(.text)
    TIM_PWMIConfig                           0x08001649   Thumb Code   124  stm32f30x_tim.o(.text)
    TIM_GetCapture1                          0x080016c5   Thumb Code     6  stm32f30x_tim.o(.text)
    TIM_GetCapture2                          0x080016cb   Thumb Code     6  stm32f30x_tim.o(.text)
    TIM_GetCapture3                          0x080016d1   Thumb Code     6  stm32f30x_tim.o(.text)
    TIM_GetCapture4                          0x080016d7   Thumb Code     6  stm32f30x_tim.o(.text)
    TIM_BDTRConfig                           0x080016dd   Thumb Code    30  stm32f30x_tim.o(.text)
    TIM_Break1Config                         0x080016fb   Thumb Code    22  stm32f30x_tim.o(.text)
    TIM_Break2Config                         0x08001711   Thumb Code    22  stm32f30x_tim.o(.text)
    TIM_Break1Cmd                            0x08001727   Thumb Code    22  stm32f30x_tim.o(.text)
    TIM_Break2Cmd                            0x0800173d   Thumb Code    22  stm32f30x_tim.o(.text)
    TIM_BDTRStructInit                       0x08001753   Thumb Code    18  stm32f30x_tim.o(.text)
    TIM_CtrlPWMOutputs                       0x08001765   Thumb Code    22  stm32f30x_tim.o(.text)
    TIM_SelectCOM                            0x0800177b   Thumb Code    24  stm32f30x_tim.o(.text)
    TIM_CCPreloadControl                     0x08001793   Thumb Code    24  stm32f30x_tim.o(.text)
    TIM_ITConfig                             0x080017ab   Thumb Code    24  stm32f30x_tim.o(.text)
    TIM_GenerateEvent                        0x080017c3   Thumb Code     4  stm32f30x_tim.o(.text)
    TIM_GetFlagStatus                        0x080017c7   Thumb Code    18  stm32f30x_tim.o(.text)
    TIM_ClearFlag                            0x080017d9   Thumb Code     8  stm32f30x_tim.o(.text)
    TIM_GetITStatus                          0x080017e1   Thumb Code    34  stm32f30x_tim.o(.text)
    TIM_ClearITPendingBit                    0x08001803   Thumb Code     8  stm32f30x_tim.o(.text)
    TIM_DMAConfig                            0x0800180b   Thumb Code    10  stm32f30x_tim.o(.text)
    TIM_DMACmd                               0x08001815   Thumb Code    24  stm32f30x_tim.o(.text)
    TIM_SelectCCDMA                          0x0800182d   Thumb Code    24  stm32f30x_tim.o(.text)
    TIM_InternalClockConfig                  0x08001845   Thumb Code    12  stm32f30x_tim.o(.text)
    TIM_SelectInputTrigger                   0x08001851   Thumb Code    20  stm32f30x_tim.o(.text)
    TIM_ITRxExternalClockConfig              0x08001865   Thumb Code    24  stm32f30x_tim.o(.text)
    TIM_TIxExternalClockConfig               0x0800187d   Thumb Code    62  stm32f30x_tim.o(.text)
    TIM_ETRConfig                            0x080018bb   Thumb Code    30  stm32f30x_tim.o(.text)
    TIM_ETRClockMode1Config                  0x080018d9   Thumb Code    56  stm32f30x_tim.o(.text)
    TIM_ETRClockMode2Config                  0x08001911   Thumb Code    32  stm32f30x_tim.o(.text)
    TIM_SelectOutputTrigger                  0x08001931   Thumb Code    18  stm32f30x_tim.o(.text)
    TIM_SelectOutputTrigger2                 0x08001943   Thumb Code    16  stm32f30x_tim.o(.text)
    TIM_SelectSlaveMode                      0x08001953   Thumb Code    16  stm32f30x_tim.o(.text)
    TIM_SelectMasterSlaveMode                0x08001963   Thumb Code    18  stm32f30x_tim.o(.text)
    TIM_EncoderInterfaceConfig               0x08001975   Thumb Code    72  stm32f30x_tim.o(.text)
    TIM_SelectHallSensor                     0x080019bd   Thumb Code    24  stm32f30x_tim.o(.text)
    TIM_RemapConfig                          0x080019d5   Thumb Code     6  stm32f30x_tim.o(.text)
    USART_DeInit                             0x080019e1   Thumb Code   134  stm32f30x_usart.o(.text)
    USART_Init                               0x08001a67   Thumb Code   220  stm32f30x_usart.o(.text)
    USART_StructInit                         0x08001b43   Thumb Code    24  stm32f30x_usart.o(.text)
    USART_ClockInit                          0x08001b5b   Thumb Code    30  stm32f30x_usart.o(.text)
    USART_ClockStructInit                    0x08001b79   Thumb Code    12  stm32f30x_usart.o(.text)
    USART_Cmd                                0x08001b85   Thumb Code    22  stm32f30x_usart.o(.text)
    USART_DirectionModeCmd                   0x08001b9b   Thumb Code    18  stm32f30x_usart.o(.text)
    USART_OverSampling8Cmd                   0x08001bad   Thumb Code    22  stm32f30x_usart.o(.text)
    USART_OneBitMethodCmd                    0x08001bc3   Thumb Code    22  stm32f30x_usart.o(.text)
    USART_MSBFirstCmd                        0x08001bd9   Thumb Code    22  stm32f30x_usart.o(.text)
    USART_DataInvCmd                         0x08001bef   Thumb Code    22  stm32f30x_usart.o(.text)
    USART_InvPinCmd                          0x08001c05   Thumb Code    18  stm32f30x_usart.o(.text)
    USART_SWAPPinCmd                         0x08001c17   Thumb Code    22  stm32f30x_usart.o(.text)
    USART_ReceiverTimeOutCmd                 0x08001c2d   Thumb Code    22  stm32f30x_usart.o(.text)
    USART_SetReceiverTimeOut                 0x08001c43   Thumb Code    16  stm32f30x_usart.o(.text)
    USART_SetPrescaler                       0x08001c53   Thumb Code    16  stm32f30x_usart.o(.text)
    USART_STOPModeCmd                        0x08001c63   Thumb Code    22  stm32f30x_usart.o(.text)
    USART_StopModeWakeUpSourceConfig         0x08001c79   Thumb Code    16  stm32f30x_usart.o(.text)
    USART_AutoBaudRateCmd                    0x08001c89   Thumb Code    22  stm32f30x_usart.o(.text)
    USART_AutoBaudRateConfig                 0x08001c9f   Thumb Code    16  stm32f30x_usart.o(.text)
    USART_SendData                           0x08001caf   Thumb Code     8  stm32f30x_usart.o(.text)
    USART_ReceiveData                        0x08001cb7   Thumb Code    10  stm32f30x_usart.o(.text)
    USART_SetAddress                         0x08001cc1   Thumb Code    18  stm32f30x_usart.o(.text)
    USART_MuteModeCmd                        0x08001cd3   Thumb Code    22  stm32f30x_usart.o(.text)
    USART_MuteModeWakeUpConfig               0x08001ce9   Thumb Code    16  stm32f30x_usart.o(.text)
    USART_AddressDetectionConfig             0x08001cf9   Thumb Code    16  stm32f30x_usart.o(.text)
    USART_LINBreakDetectLengthConfig         0x08001d09   Thumb Code    16  stm32f30x_usart.o(.text)
    USART_LINCmd                             0x08001d19   Thumb Code    22  stm32f30x_usart.o(.text)
    USART_HalfDuplexCmd                      0x08001d2f   Thumb Code    22  stm32f30x_usart.o(.text)
    USART_SetGuardTime                       0x08001d45   Thumb Code    16  stm32f30x_usart.o(.text)
    USART_SmartCardCmd                       0x08001d55   Thumb Code    22  stm32f30x_usart.o(.text)
    USART_SmartCardNACKCmd                   0x08001d6b   Thumb Code    22  stm32f30x_usart.o(.text)
    USART_SetAutoRetryCount                  0x08001d81   Thumb Code    18  stm32f30x_usart.o(.text)
    USART_SetBlockLength                     0x08001d93   Thumb Code    18  stm32f30x_usart.o(.text)
    USART_IrDAConfig                         0x08001da5   Thumb Code    16  stm32f30x_usart.o(.text)
    USART_IrDACmd                            0x08001db5   Thumb Code    44  stm32f30x_usart.o(.text)
    USART_DECmd                              0x08001de1   Thumb Code    22  stm32f30x_usart.o(.text)
    USART_DEPolarityConfig                   0x08001df7   Thumb Code    16  stm32f30x_usart.o(.text)
    USART_SetDEAssertionTime                 0x08001e07   Thumb Code    18  stm32f30x_usart.o(.text)
    USART_SetDEDeassertionTime               0x08001e19   Thumb Code    18  stm32f30x_usart.o(.text)
    USART_DMACmd                             0x08001e2b   Thumb Code    18  stm32f30x_usart.o(.text)
    USART_DMAReceptionErrorConfig            0x08001e3d   Thumb Code    16  stm32f30x_usart.o(.text)
    USART_ITConfig                           0x08001e4d   Thumb Code    58  stm32f30x_usart.o(.text)
    USART_RequestCmd                         0x08001e87   Thumb Code    18  stm32f30x_usart.o(.text)
    USART_OverrunDetectionConfig             0x08001e99   Thumb Code    16  stm32f30x_usart.o(.text)
    USART_GetFlagStatus                      0x08001ea9   Thumb Code    18  stm32f30x_usart.o(.text)
    USART_ClearFlag                          0x08001ebb   Thumb Code     4  stm32f30x_usart.o(.text)
    USART_GetITStatus                        0x08001ebf   Thumb Code    74  stm32f30x_usart.o(.text)
    USART_ClearITPendingBit                  0x08001f09   Thumb Code    18  stm32f30x_usart.o(.text)
    main                                     0x08001f1d   Thumb Code   400  main.o(.text)
    NMI_Handler                              0x080020b5   Thumb Code     2  stm32f30x_it.o(.text)
    HardFault_Handler                        0x080020b7   Thumb Code     4  stm32f30x_it.o(.text)
    MemManage_Handler                        0x080020bb   Thumb Code     4  stm32f30x_it.o(.text)
    BusFault_Handler                         0x080020bf   Thumb Code     4  stm32f30x_it.o(.text)
    UsageFault_Handler                       0x080020c3   Thumb Code     4  stm32f30x_it.o(.text)
    SVC_Handler                              0x080020c7   Thumb Code     2  stm32f30x_it.o(.text)
    DebugMon_Handler                         0x080020c9   Thumb Code     2  stm32f30x_it.o(.text)
    PendSV_Handler                           0x080020cb   Thumb Code     2  stm32f30x_it.o(.text)
    SysTick_Handler                          0x080020cd   Thumb Code     2  stm32f30x_it.o(.text)
    TIM2_IRQHandler                          0x080020cf   Thumb Code    88  stm32f30x_it.o(.text)
    SystemInit                               0x080021f3   Thumb Code   112  system_stm32f30x.o(.text)
    SystemCoreClockUpdate                    0x08002263   Thumb Code   138  system_stm32f30x.o(.text)
    __use_two_region_memory                  0x08002315   Thumb Code     2  heapauxi.o(.text)
    __rt_heap_escrow$2region                 0x08002317   Thumb Code     2  heapauxi.o(.text)
    __rt_heap_expand$2region                 0x08002319   Thumb Code     2  heapauxi.o(.text)
    __user_setup_stackheap                   0x0800231b   Thumb Code    74  sys_stackheap_outer.o(.text)
    exit                                     0x08002365   Thumb Code    12  exit.o(.text)
    __user_libspace                          0x08002371   Thumb Code     8  libspace.o(.text)
    __user_perproc_libspace                  0x08002371   Thumb Code     0  libspace.o(.text)
    __user_perthread_libspace                0x08002371   Thumb Code     0  libspace.o(.text)
    _sys_exit                                0x08002379   Thumb Code     8  sys_exit.o(.text)
    __I$use$semihosting                      0x08002385   Thumb Code     0  use_no_semi.o(.text)
    __use_no_semihosting_swi                 0x08002385   Thumb Code     2  use_no_semi.o(.text)
    __semihosting_library_function           0x08002387   Thumb Code     0  indicate_semi.o(.text)
    _fp_init                                 0x08002387   Thumb Code    10  fpinit.o(x$fpl$fpinit)
    __fplib_config_fpu_vfp                   0x0800238f   Thumb Code     0  fpinit.o(x$fpl$fpinit)
    __fplib_config_pureend_doubles           0x0800238f   Thumb Code     0  fpinit.o(x$fpl$fpinit)
    Region$$Table$$Base                      0x08002390   Number         0  anon$$obj.o(Region$$Table)
    Region$$Table$$Limit                     0x080023b0   Number         0  anon$$obj.o(Region$$Table)
    IC2Value                                 0x2000002c   Data           2  stm32f30x_it.o(.data)
    DutyCycle                                0x2000002e   Data           2  stm32f30x_it.o(.data)
    Frequency                                0x20000030   Data           4  stm32f30x_it.o(.data)
    SystemCoreClock                          0x20000034   Data           4  system_stm32f30x.o(.data)
    AHBPrescTable                            0x20000038   Data          16  system_stm32f30x.o(.data)
    RCC_Clocks                               0x20000048   Data          60  stm32f30x_it.o(.bss)
    __libspace_start                         0x20000084   Data          96  libspace.o(.bss)
    __temporary_stack_top$libspace           0x200000e4   Data           0  libspace.o(.bss)



==============================================================================

Memory Map of the image

  Image Entry point : 0x08000229

  Load Region LR_1 (Base: 0x08000000, Size: 0x000023f8, Max: 0xffffffff, ABSOLUTE)

    Execution Region ER_RO (Base: 0x08000000, Size: 0x000023b0, Max: 0xffffffff, ABSOLUTE)

    Base Addr    Size         Type   Attr      Idx    E Section Name        Object

    0x08000000   0x00000188   Data   RO            3    RESET               startup_stm32f30x.o
    0x08000188   0x00000008   Code   RO          789  * !!!main             c_w.l(__main.o)
    0x08000190   0x00000034   Code   RO          943    !!!scatter          c_w.l(__scatter.o)
    0x080001c4   0x0000001a   Code   RO          945    !!handler_copy      c_w.l(__scatter_copy.o)
    0x080001de   0x00000002   PAD
    0x080001e0   0x0000001c   Code   RO          947    !!handler_zi        c_w.l(__scatter_zi.o)
    0x080001fc   0x00000002   Code   RO          816    .ARM.Collect$$libinit$$00000000  c_w.l(libinit.o)
    0x080001fe   0x00000004   Code   RO          822    .ARM.Collect$$libinit$$00000001  c_w.l(libinit2.o)
    0x08000202   0x00000000   Code   RO          826    .ARM.Collect$$libinit$$00000008  c_w.l(libinit2.o)
    0x08000202   0x00000000   Code   RO          828    .ARM.Collect$$libinit$$0000000A  c_w.l(libinit2.o)
    0x08000202   0x00000000   Code   RO          830    .ARM.Collect$$libinit$$0000000C  c_w.l(libinit2.o)
    0x08000202   0x00000000   Code   RO          833    .ARM.Collect$$libinit$$0000000F  c_w.l(libinit2.o)
    0x08000202   0x00000000   Code   RO          835    .ARM.Collect$$libinit$$00000011  c_w.l(libinit2.o)
    0x08000202   0x00000000   Code   RO          837    .ARM.Collect$$libinit$$00000013  c_w.l(libinit2.o)
    0x08000202   0x00000000   Code   RO          839    .ARM.Collect$$libinit$$00000015  c_w.l(libinit2.o)
    0x08000202   0x00000000   Code   RO          841    .ARM.Collect$$libinit$$00000017  c_w.l(libinit2.o)
    0x08000202   0x00000000   Code   RO          843    .ARM.Collect$$libinit$$00000019  c_w.l(libinit2.o)
    0x08000202   0x00000000   Code   RO          845    .ARM.Collect$$libinit$$0000001B  c_w.l(libinit2.o)
    0x08000202   0x00000000   Code   RO          847    .ARM.Collect$$libinit$$0000001D  c_w.l(libinit2.o)
    0x08000202   0x00000000   Code   RO          849    .ARM.Collect$$libinit$$0000001F  c_w.l(libinit2.o)
    0x08000202   0x00000000   Code   RO          851    .ARM.Collect$$libinit$$00000021  c_w.l(libinit2.o)
    0x08000202   0x00000000   Code   RO          853    .ARM.Collect$$libinit$$00000023  c_w.l(libinit2.o)
    0x08000202   0x00000000   Code   RO          857    .ARM.Collect$$libinit$$0000002A  c_w.l(libinit2.o)
    0x08000202   0x00000000   Code   RO          859    .ARM.Collect$$libinit$$0000002C  c_w.l(libinit2.o)
    0x08000202   0x00000000   Code   RO          861    .ARM.Collect$$libinit$$0000002E  c_w.l(libinit2.o)
    0x08000202   0x00000000   Code   RO          863    .ARM.Collect$$libinit$$00000030  c_w.l(libinit2.o)
    0x08000202   0x00000002   Code   RO          864    .ARM.Collect$$libinit$$00000031  c_w.l(libinit2.o)
    0x08000204   0x00000002   Code   RO          884    .ARM.Collect$$libshutdown$$00000000  c_w.l(libshutdown.o)
    0x08000206   0x00000000   Code   RO          898    .ARM.Collect$$libshutdown$$00000003  c_w.l(libshutdown2.o)
    0x08000206   0x00000000   Code   RO          901    .ARM.Collect$$libshutdown$$00000006  c_w.l(libshutdown2.o)
    0x08000206   0x00000000   Code   RO          904    .ARM.Collect$$libshutdown$$00000009  c_w.l(libshutdown2.o)
    0x08000206   0x00000000   Code   RO          906    .ARM.Collect$$libshutdown$$0000000B  c_w.l(libshutdown2.o)
    0x08000206   0x00000000   Code   RO          909    .ARM.Collect$$libshutdown$$0000000E  c_w.l(libshutdown2.o)
    0x08000206   0x00000002   Code   RO          910    .ARM.Collect$$libshutdown$$0000000F  c_w.l(libshutdown2.o)
    0x08000208   0x00000000   Code   RO          791    .ARM.Collect$$rtentry$$00000000  c_w.l(rtentry.o)
    0x08000208   0x00000000   Code   RO          793    .ARM.Collect$$rtentry$$00000002  c_w.l(rtentry2.o)
    0x08000208   0x00000006   Code   RO          805    .ARM.Collect$$rtentry$$00000004  c_w.l(rtentry4.o)
    0x0800020e   0x00000000   Code   RO          795    .ARM.Collect$$rtentry$$00000009  c_w.l(rtentry2.o)
    0x0800020e   0x00000004   Code   RO          796    .ARM.Collect$$rtentry$$0000000A  c_w.l(rtentry2.o)
    0x08000212   0x00000000   Code   RO          798    .ARM.Collect$$rtentry$$0000000C  c_w.l(rtentry2.o)
    0x08000212   0x00000008   Code   RO          799    .ARM.Collect$$rtentry$$0000000D  c_w.l(rtentry2.o)
    0x0800021a   0x00000002   Code   RO          820    .ARM.Collect$$rtexit$$00000000  c_w.l(rtexit.o)
    0x0800021c   0x00000000   Code   RO          866    .ARM.Collect$$rtexit$$00000002  c_w.l(rtexit2.o)
    0x0800021c   0x00000004   Code   RO          867    .ARM.Collect$$rtexit$$00000003  c_w.l(rtexit2.o)
    0x08000220   0x00000006   Code   RO          868    .ARM.Collect$$rtexit$$00000004  c_w.l(rtexit2.o)
    0x08000226   0x00000002   PAD
    0x08000228   0x00000040   Code   RO            4  * .text               startup_stm32f30x.o
    0x08000268   0x000001f4   Code   RO          399    .text               stm32f30x_gpio.o
    0x0800045c   0x00000808   Code   RO          531    .text               stm32f30x_rcc.o
    0x08000c64   0x00000d7c   Code   RO          622    .text               stm32f30x_tim.o
    0x080019e0   0x0000053a   Code   RO          645    .text               stm32f30x_usart.o
    0x08001f1a   0x00000002   PAD
    0x08001f1c   0x00000198   Code   RO          688    .text               main.o
    0x080020b4   0x00000084   Code   RO          737    .text               stm32f30x_it.o
    0x08002138   0x000001dc   Code   RO          761    .text               system_stm32f30x.o
    0x08002314   0x00000006   Code   RO          787    .text               c_w.l(heapauxi.o)
    0x0800231a   0x0000004a   Code   RO          807    .text               c_w.l(sys_stackheap_outer.o)
    0x08002364   0x0000000c   Code   RO          809    .text               c_w.l(exit.o)
    0x08002370   0x00000008   Code   RO          817    .text               c_w.l(libspace.o)
    0x08002378   0x0000000c   Code   RO          876    .text               c_w.l(sys_exit.o)
    0x08002384   0x00000002   Code   RO          887    .text               c_w.l(use_no_semi.o)
    0x08002386   0x00000000   Code   RO          889    .text               c_w.l(indicate_semi.o)
    0x08002386   0x0000000a   Code   RO          874    x$fpl$fpinit        fz_wm.l(fpinit.o)
    0x08002390   0x00000020   Data   RO          941    Region$$Table       anon$$obj.o


    Execution Region ER_RW (Base: 0x20000000, Size: 0x00000048, Max: 0xffffffff, ABSOLUTE)

    Base Addr    Size         Type   Attr      Idx    E Section Name        Object

    0x20000000   0x0000002a   Data   RW          532    .data               stm32f30x_rcc.o
    0x2000002a   0x00000002   PAD
    0x2000002c   0x00000008   Data   RW          739    .data               stm32f30x_it.o
    0x20000034   0x00000014   Data   RW          762    .data               system_stm32f30x.o


    Execution Region ER_ZI (Base: 0x20000048, Size: 0x000006a0, Max: 0xffffffff, ABSOLUTE)

    Base Addr    Size         Type   Attr      Idx    E Section Name        Object

    0x20000048   0x0000003c   Zero   RW          738    .bss                stm32f30x_it.o
    0x20000084   0x00000060   Zero   RW          818    .bss                c_w.l(libspace.o)
    0x200000e4   0x00000004   PAD
    0x200000e8   0x00000200   Zero   RW            2    HEAP                startup_stm32f30x.o
    0x200002e8   0x00000400   Zero   RW            1    STACK               startup_stm32f30x.o


==============================================================================

Image component sizes


      Code (inc. data)   RO Data    RW Data    ZI Data      Debug   Object Name

       408          8          0          0          0        751   main.o
        64         26        392          0       1536        964   startup_stm32f30x.o
         0          0          0          0          0      14812   stm32f30x_adc.o
       500         22          0          0          0       8753   stm32f30x_gpio.o
       132         18          0          8         60       2032   stm32f30x_it.o
      2056         68          0         42          0      25073   stm32f30x_rcc.o
      3452         68          0          0          0      52119   stm32f30x_tim.o
      1338         22          0          0          0      22082   stm32f30x_usart.o
         0          0          0          0          0     224764   stm32f3_discovery.o
       476         40          0         20          0       1779   system_stm32f30x.o

    ----------------------------------------------------------------------
      8428        272        424         72       1596     353129   Object Totals
         0          0         32          0          0          0   (incl. Generated)
         2          0          0          2          0          0   (incl. Padding)

    ----------------------------------------------------------------------

      Code (inc. data)   RO Data    RW Data    ZI Data      Debug   Library Member Name

         8          0          0          0          0         68   __main.o
        52          8          0          0          0          0   __scatter.o
        26          0          0          0          0          0   __scatter_copy.o
        28          0          0          0          0          0   __scatter_zi.o
        12          0          0          0          0         72   exit.o
         6          0          0          0          0        152   heapauxi.o
         0          0          0          0          0          0   indicate_semi.o
         2          0          0          0          0          0   libinit.o
         6          0          0          0          0          0   libinit2.o
         2          0          0          0          0          0   libshutdown.o
         2          0          0          0          0          0   libshutdown2.o
         8          4          0          0         96         68   libspace.o
         0          0          0          0          0          0   rtentry.o
        12          0          0          0          0          0   rtentry2.o
         6          0          0          0          0          0   rtentry4.o
         2          0          0          0          0          0   rtexit.o
        10          0          0          0          0          0   rtexit2.o
        12          4          0          0          0         68   sys_exit.o
        74          0          0          0          0         80   sys_stackheap_outer.o
         2          0          0          0          0         68   use_no_semi.o
        10          0          0          0          0        116   fpinit.o

    ----------------------------------------------------------------------
       284         16          0          0        100        692   Library Totals
         4          0          0          0          4          0   (incl. Padding)

    ----------------------------------------------------------------------

      Code (inc. data)   RO Data    RW Data    ZI Data      Debug   Library Name

       270         16          0          0         96        576   c_w.l
        10          0          0          0          0        116   fz_wm.l

    ----------------------------------------------------------------------
       284         16          0          0        100        692   Library Totals

    ----------------------------------------------------------------------

==============================================================================


      Code (inc. data)   RO Data    RW Data    ZI Data      Debug   

      8712        288        424         72       1696     351961   Grand Totals
      8712        288        424         72       1696     351961   ELF Image Totals
      8712        288        424         72          0          0   ROM Totals

==============================================================================

    Total RO  Size (Code + RO Data)                 9136 (   8.92kB)
    Total RW  Size (RW Data + ZI Data)              1768 (   1.73kB)
    Total ROM Size (Code + RO Data + RW Data)       9208 (   8.99kB)

==============================================================================

