<html>
<body>
<pre>
<h1>µVision Build Log</h1>
<h2>Project:</h2>
C:\Users\jda3800\Documents\Keil_STM32\Project\SD_Projects\SystemInit\MDK-ARM\SystemInit.uvproj
Project File Date:  10/08/2014

<h2>Output:</h2>
Build Project 'SystemInit' - Target 'STM32F3_Discovery'
compiling main.c...
linking...
Program Size: Code=12164 RO-data=424 RW-data=108 ZI-data=1820  
FromELF: creating hex file...
".\Obj\SystemInit.axf" - 0 Error(s), 0 Warning(s).
Config();
..\main.c: 1 warning, 0 errors
linking...
.\Obj\SystemInit.axf: Error: L6218E: Undefined symbol ADCDAC_Config (referred from main.o).
Not enough information to list image symbols.
Finished: 1 information, 0 warning and 1 error messages.
".\Obj\SystemInit.axf" - 1 Error(s), 1 Warning(s).
Target not created
