<html>
<body>
<pre>
<h1>µVision Build Log</h1>
<h2>Project:</h2>
C:\Users\jda3800\Documents\Keil_STM32\Project\SD_Projects\ADC\MDK-ARM\ADC.uvproj
Project File Date:  10/05/2014

<h2>Output:</h2>
Build Project 'ADC' - Target 'STM32F3_Discovery'
compiling main.c...
C:\Users\jda3800\Documents\Keil_STM32\Project\SD_Projects\ADC\main.c(70): warning:  #177-D: variable "out" was declared but never referenced
        uint16_t out = 0;
..\main.c: 1 warning, 0 errors
linking...
Program Size: Code=6556 RO-data=424 RW-data=88 ZI-data=1704  
FromELF: creating hex file...
".\Obj\ADC.axf" - 0 Error(s), 1 Warning(s).
Load "C:\\Users\\jda3800\\Documents\\Keil_STM32\\Project\\SD_Projects\\ADC\\MDK-ARM\\Obj\\ADC.axf" 
Erase Done.
Programming Done.
Verify OK.
