<html>
<body>
<pre>
<h1>µVision Build Log</h1>
<h2>Project:</h2>
C:\Users\jda3800\Documents\Keil_STM32\Project\SD_Projects\ADC\MDK-ARM\ADC.uvproj
Project File Date:  10/05/2014

<h2>Output:</h2>
Build Project 'ADC' - Target 'STM32F3_Discovery'
linking...
Program Size: Code=6584 RO-data=424 RW-data=88 ZI-data=1704  
FromELF: creating hex file...
".\Obj\ADC.axf" - 0 Error(s), 0 Warning(s).
Load "C:\\Users\\jda3800\\Documents\\Keil_STM32\\Project\\SD_Projects\\ADC\\MDK-ARM\\Obj\\ADC.axf" 
Erase Done.
Programming Done.
Verify OK.
g Done.
Verify OK.
ogramming Done.
Verify OK.
iling stm32f30x_i2c.c...
compiling stm32f30x_iwdg.c...
compiling stm32f30x_misc.c...
compiling stm32f30x_opamp.c...
compiling stm32f30x_pwr.c...
compiling stm32f30x_rcc.c...
compiling stm32f30x_rtc.c...
compiling stm32f30x_spi.c...
compiling stm32f30x_syscfg.c...
compiling stm32f30x_tim.c...
compiling stm32f30x_usart.c...
compiling stm32f30x_wwdg.c...
compiling main.c...
compiling stm32f30x_it.c...
compiling system_stm32f30x.c...
linking...
Program Size: Code=6552 RO-data=424 RW-data=88 ZI-data=1704  
FromELF: creating hex file...
".\Obj\ADC.axf" - 0 Error(s), 0 Warning(s).
Load "C:\\Users\\jda3800\\Documents\\Keil_STM32\\Project\\SD_Projects\\ADC\\MDK-ARM\\Obj\\ADC.axf" 
Erase Done.
Programming Done.
Verify OK.
