ARM Linker, 5.03 [Build 76] [MDK-ARM Lite]

==============================================================================

Section Cross References

    startup_stm32f30x.o(STACK) refers (Special) to heapauxi.o(.text) for __use_two_region_memory
    startup_stm32f30x.o(HEAP) refers (Special) to heapauxi.o(.text) for __use_two_region_memory
    startup_stm32f30x.o(RESET) refers (Special) to heapauxi.o(.text) for __use_two_region_memory
    startup_stm32f30x.o(RESET) refers to startup_stm32f30x.o(STACK) for __initial_sp
    startup_stm32f30x.o(RESET) refers to startup_stm32f30x.o(.text) for Reset_Handler
    startup_stm32f30x.o(RESET) refers to stm32f30x_it.o(.text) for NMI_Handler
    startup_stm32f30x.o(.text) refers (Special) to heapauxi.o(.text) for __use_two_region_memory
    startup_stm32f30x.o(.text) refers to system_stm32f30x.o(.text) for SystemInit
    startup_stm32f30x.o(.text) refers to __main.o(!!!main) for __main
    startup_stm32f30x.o(.text) refers to startup_stm32f30x.o(HEAP) for Heap_Mem
    startup_stm32f30x.o(.text) refers to startup_stm32f30x.o(STACK) for Stack_Mem
    stm32f3_discovery.o(.text) refers to stm32f30x_rcc.o(.text) for RCC_AHBPeriphClockCmd
    stm32f3_discovery.o(.text) refers to stm32f30x_gpio.o(.text) for GPIO_Init
    stm32f3_discovery.o(.text) refers to stm32f30x_syscfg.o(.text) for SYSCFG_EXTILineConfig
    stm32f3_discovery.o(.text) refers to stm32f30x_exti.o(.text) for EXTI_Init
    stm32f3_discovery.o(.text) refers to stm32f30x_misc.o(.text) for NVIC_Init
    stm32f3_discovery.o(.text) refers to stm32f3_discovery.o(.constdata) for GPIO_CLK
    stm32f3_discovery.o(.text) refers to stm32f3_discovery.o(.data) for GPIO_PORT
    stm32f30x_adc.o(.text) refers to stm32f30x_rcc.o(.text) for RCC_AHBPeriphResetCmd
    stm32f30x_can.o(.text) refers to stm32f30x_rcc.o(.text) for RCC_APB1PeriphResetCmd
    stm32f30x_dac.o(.text) refers to stm32f30x_rcc.o(.text) for RCC_APB1PeriphResetCmd
    stm32f30x_gpio.o(.text) refers to stm32f30x_rcc.o(.text) for RCC_AHBPeriphResetCmd
    stm32f30x_i2c.o(.text) refers to stm32f30x_rcc.o(.text) for RCC_APB1PeriphResetCmd
    stm32f30x_pwr.o(.text) refers to stm32f30x_rcc.o(.text) for RCC_APB1PeriphResetCmd
    stm32f30x_rcc.o(.text) refers to stm32f30x_rcc.o(.data) for APBAHBPrescTable
    stm32f30x_spi.o(.text) refers to stm32f30x_rcc.o(.text) for RCC_APB2PeriphResetCmd
    stm32f30x_tim.o(.text) refers to stm32f30x_rcc.o(.text) for RCC_APB2PeriphResetCmd
    stm32f30x_usart.o(.text) refers to stm32f30x_rcc.o(.text) for RCC_APB2PeriphResetCmd
    stm32f30x_wwdg.o(.text) refers to stm32f30x_rcc.o(.text) for RCC_APB1PeriphResetCmd
    main.o(.text) refers to _printf_percent.o(.ARM.Collect$$_printf_percent$$00000000) for _printf_percent
    main.o(.text) refers to _printf_g.o(.ARM.Collect$$_printf_percent$$00000005) for _printf_g
    main.o(.text) refers to printf1.o(x$fpl$printf1) for _printf_fp_dec
    main.o(.text) refers to stm32f30x_usart.o(.text) for USART_GetFlagStatus
    main.o(.text) refers to stm32f30x_gpio.o(.text) for GPIO_ReadInputDataBit
    main.o(.text) refers to deqf.o(x$fpl$deqf) for __aeabi_cdcmpeq
    main.o(.text) refers to daddsub_clz.o(x$fpl$dadd) for __aeabi_dadd
    main.o(.text) refers to noretval__2sprintf.o(.text) for __2sprintf
    main.o(.text) refers to main.o(.data) for autoEN
    main.o(.text) refers to daddsub_clz.o(x$fpl$dsub) for __aeabi_dsub
    main.o(.text) refers to stm32f30x_rcc.o(.text) for RCC_AHBPeriphClockCmd
    main.o(.text) refers to main.o(.bss) for USART1_InitStructure
    stm32f30x_it.o(.text) refers to stm32f30x_rcc.o(.text) for RCC_GetClocksFreq
    stm32f30x_it.o(.text) refers to stm32f30x_tim.o(.text) for TIM_ClearITPendingBit
    stm32f30x_it.o(.text) refers to stm32f30x_it.o(.bss) for RCC_Clocks
    stm32f30x_it.o(.text) refers to stm32f30x_it.o(.data) for IC2Value
    system_stm32f30x.o(.text) refers to system_stm32f30x.o(.data) for SystemCoreClock
    __2sprintf.o(.text) refers to _printf_char_common.o(.text) for _printf_char_common
    __2sprintf.o(.text) refers to _sputc.o(.text) for _sputc
    noretval__2sprintf.o(.text) refers to _printf_char_common.o(.text) for _printf_char_common
    noretval__2sprintf.o(.text) refers to _sputc.o(.text) for _sputc
    __printf.o(.text) refers to _printf_percent.o(.ARM.Collect$$_printf_percent$$00000000) for _printf_percent
    __printf_flags.o(.text) refers to _printf_percent.o(.ARM.Collect$$_printf_percent$$00000000) for _printf_percent
    __printf_flags.o(.text) refers to __printf_flags.o(.constdata) for .constdata
    __printf_ss.o(.text) refers to _printf_percent.o(.ARM.Collect$$_printf_percent$$00000000) for _printf_percent
    __printf_flags_ss.o(.text) refers to _printf_percent.o(.ARM.Collect$$_printf_percent$$00000000) for _printf_percent
    __printf_flags_ss.o(.text) refers to __printf_flags_ss.o(.constdata) for .constdata
    __printf_wp.o(.text) refers to __printf_wp.o(i._is_digit) for _is_digit
[...]
    Removing stm32f30x_i2c.o(.text), (1008 bytes).
    Removing stm32f30x_iwdg.o(.rev16_text), (4 bytes).
    Removing stm32f30x_iwdg.o(.revsh_text), (4 bytes).
    Removing stm32f30x_iwdg.o(.text), (68 bytes).
    Removing stm32f30x_misc.o(.rev16_text), (4 bytes).
    Removing stm32f30x_misc.o(.revsh_text), (4 bytes).
    Removing stm32f30x_misc.o(.text), (220 bytes).
    Removing stm32f30x_opamp.o(.rev16_text), (4 bytes).
    Removing stm32f30x_opamp.o(.revsh_text), (4 bytes).
    Removing stm32f30x_opamp.o(.text), (448 bytes).
    Removing stm32f30x_pwr.o(.rev16_text), (4 bytes).
    Removing stm32f30x_pwr.o(.revsh_text), (4 bytes).
    Removing stm32f30x_pwr.o(.text), (244 bytes).
    Removing stm32f30x_rcc.o(.rev16_text), (4 bytes).
    Removing stm32f30x_rcc.o(.revsh_text), (4 bytes).
    Removing stm32f30x_rtc.o(.rev16_text), (4 bytes).
    Removing stm32f30x_rtc.o(.revsh_text), (4 bytes).
    Removing stm32f30x_rtc.o(.text), (3280 bytes).
    Removing stm32f30x_spi.o(.rev16_text), (4 bytes).
    Removing stm32f30x_spi.o(.revsh_text), (4 bytes).
    Removing stm32f30x_spi.o(.text), (1050 bytes).
    Removing stm32f30x_syscfg.o(.rev16_text), (4 bytes).
    Removing stm32f30x_syscfg.o(.revsh_text), (4 bytes).
    Removing stm32f30x_syscfg.o(.text), (340 bytes).
    Removing stm32f30x_tim.o(.rev16_text), (4 bytes).
    Removing stm32f30x_tim.o(.revsh_text), (4 bytes).
    Removing stm32f30x_usart.o(.rev16_text), (4 bytes).
    Removing stm32f30x_usart.o(.revsh_text), (4 bytes).
    Removing stm32f30x_wwdg.o(.rev16_text), (4 bytes).
    Removing stm32f30x_wwdg.o(.revsh_text), (4 bytes).
    Removing stm32f30x_wwdg.o(.text), (144 bytes).
    Removing main.o(.rev16_text), (4 bytes).
    Removing main.o(.revsh_text), (4 bytes).
    Removing stm32f30x_it.o(.rev16_text), (4 bytes).
    Removing stm32f30x_it.o(.revsh_text), (4 bytes).
    Removing system_stm32f30x.o(.rev16_text), (4 bytes).
    Removing system_stm32f30x.o(.revsh_text), (4 bytes).

73 unused section(s) (total 15883 bytes) removed from the image.

==============================================================================

Image Symbol Table

    Local Symbols

    Symbol Name                              Value     Ov Type        Size  Object(Section)

    ../clib/angel/boardlib.s                 0x00000000   Number         0  boardinit2.o ABSOLUTE
    ../clib/angel/boardlib.s                 0x00000000   Number         0  boardinit1.o ABSOLUTE
    ../clib/angel/boardlib.s                 0x00000000   Number         0  boardshut.o ABSOLUTE
    ../clib/angel/boardlib.s                 0x00000000   Number         0  boardinit3.o ABSOLUTE
    ../clib/angel/handlers.s                 0x00000000   Number         0  __scatter_zi.o ABSOLUTE
    ../clib/angel/handlers.s                 0x00000000   Number         0  __scatter_copy.o ABSOLUTE
    ../clib/angel/kernel.s                   0x00000000   Number         0  rtentry.o ABSOLUTE
    ../clib/angel/kernel.s                   0x00000000   Number         0  rtexit.o ABSOLUTE
    ../clib/angel/kernel.s                   0x00000000   Number         0  rtentry2.o ABSOLUTE
    ../clib/angel/kernel.s                   0x00000000   Number         0  rtentry4.o ABSOLUTE
    ../clib/angel/kernel.s                   0x00000000   Number         0  rtexit2.o ABSOLUTE
    ../clib/angel/rt.s                       0x00000000   Number         0  rt_locale_intlibspace.o ABSOLUTE
    ../clib/angel/rt.s                       0x00000000   Number         0  rt_raise.o ABSOLUTE
    ../clib/angel/rt.s                       0x00000000   Number         0  rt_locale.o ABSOLUTE
    ../clib/angel/scatter.s                  0x00000000   Number         0  __scatter.o ABSOLUTE
    ../clib/angel/startup.s                  0x00000000   Number         0  __main.o ABSOLUTE
    ../clib/angel/sys.s                      0x00000000   Number         0  use_no_semi.o ABSOLUTE
    ../clib/angel/sys.s                      0x00000000   Number         0  indicate_semi.o ABSOLUTE
    ../clib/angel/sys.s                      0x00000000   Number         0  sys_stackheap_outer.o ABSOLUTE
    ../clib/angel/sys.s                      0x00000000   Number         0  libspace.o ABSOLUTE
    ../clib/angel/sysapp.c                   0x00000000   Number         0  sys_wrch.o ABSOLUTE
    ../clib/angel/sysapp.c                   0x00000000   Number         0  sys_exit.o ABSOLUTE
    ../clib/angel/sysapp.c                   0x00000000   Number         0  sys_command.o ABSOLUTE
    ../clib/armsys.c                         0x00000000   Number         0  argv_veneer.o ABSOLUTE
    ../clib/armsys.c                         0x00000000   Number         0  argv_veneer.o ABSOLUTE
    ../clib/armsys.c                         0x00000000   Number         0  no_argv.o ABSOLUTE
    ../clib/armsys.c                         0x00000000   Number         0  _get_argv_nomalloc.o ABSOLUTE
    ../clib/bigflt.c                         0x00000000   Number         0  bigflt0.o ABSOLUTE
    ../clib/btod.s                           0x00000000   Number         0  btod.o ABSOLUTE
    ../clib/heapalloc.c                      0x00000000   Number         0  hrguard.o ABSOLUTE
    ../clib/heapaux.c                        0x00000000   Number         0  heapauxi.o ABSOLUTE
    ../clib/libinit.s                        0x00000000   Number         0  libshutdown.o ABSOLUTE
    ../clib/libinit.s                        0x00000000   Number         0  libinit2.o ABSOLUTE
    ../clib/libinit.s                        0x00000000   Number         0  libinit.o ABSOLUTE
    ../clib/libinit.s                        0x00000000   Number         0  libshutdown2.o ABSOLUTE
    ../clib/locale.s                         0x00000000   Number         0  lc_numeric_c.o ABSOLUTE
    ../clib/longlong.s                       0x00000000   Number         0  lludiv10.o ABSOLUTE
    ../clib/memcpset.s                       0x00000000   Number         0  strcmpv7m.o ABSOLUTE
    ../clib/printf.c                         0x00000000   Number         0  __printf_nopercent.o ABSOLUTE
    ../clib/printf.c                         0x00000000   Number         0  _sputc.o ABSOLUTE
    ../clib/printf.c                         0x00000000   Number         0  _printf_fp_infnan.o ABSOLUTE
    ../clib/printf.c                         0x00000000   Number         0  __printf_flags_ss_wp.o ABSOLUTE
    ../clib/printf.c                         0x00000000   Number         0  __printf_ss_wp.o ABSOLUTE
    ../clib/printf.c                         0x00000000   Number         0  __2sprintf.o ABSOLUTE
    ../clib/printf.c                         0x00000000   Number         0  noretval__2sprintf.o ABSOLUTE
    ../clib/printf.c                         0x00000000   Number         0  _printf_fp_dec.o ABSOLUTE
    ../clib/printf.c                         0x00000000   Number         0  __printf.o ABSOLUTE
    ../clib/printf.c                         0x00000000   Number         0  _printf_char_common.o ABSOLUTE
    ../clib/printf.c                         0x00000000   Number         0  __printf_flags.o ABSOLUTE
    ../clib/printf.c                         0x00000000   Number         0  __printf_ss.o ABSOLUTE
    ../clib/printf.c                         0x00000000   Number         0  __printf_flags_ss.o ABSOLUTE
    ../clib/printf.c                         0x00000000   Number         0  __printf_wp.o ABSOLUTE
    ../clib/printf.c                         0x00000000   Number         0  __printf_flags_wp.o ABSOLUTE
    ../clib/printf_percent.s                 0x00000000   Number         0  _printf_percent.o ABSOLUTE
    ../clib/printf_percent.s                 0x00000000   Number         0  _printf_g.o ABSOLUTE
    ../clib/printf_percent.s                 0x00000000   Number         0  _printf_percent_end.o ABSOLUTE
    ../clib/signal.c                         0x00000000   Number         0  defsig_rtred_inner.o ABSOLUTE
    ../clib/signal.c                         0x00000000   Number         0  defsig_fpe_inner.o ABSOLUTE
    ../clib/signal.c                         0x00000000   Number         0  defsig_abrt_inner.o ABSOLUTE
    ../clib/signal.c                         0x00000000   Number         0  defsig_rtmem_formal.o ABSOLUTE
    ../clib/signal.c                         0x00000000   Number         0  defsig_rtmem_outer.o ABSOLUTE
    ../clib/signal.c                         0x00000000   Number         0  defsig_other.o ABSOLUTE
    ../clib/signal.c                         0x00000000   Number         0  defsig_segv_inner.o ABSOLUTE
    ../clib/signal.c                         0x00000000   Number         0  defsig_cppl_inner.o ABSOLUTE
    ../clib/signal.c                         0x00000000   Number         0  defsig_general.o ABSOLUTE
    ../clib/signal.c                         0x00000000   Number         0  __raise.o ABSOLUTE
    ../clib/signal.c                         0x00000000   Number         0  defsig_pvfn_inner.o ABSOLUTE
    ../clib/signal.c                         0x00000000   Number         0  defsig_stak_inner.o ABSOLUTE
    ../clib/signal.c                         0x00000000   Number         0  defsig_exit.o ABSOLUTE
    ../clib/signal.c                         0x00000000   Number         0  defsig_rtmem_inner.o ABSOLUTE
    ../clib/signal.s                         0x00000000   Number         0  defsig.o ABSOLUTE
    ../clib/stdlib.c                         0x00000000   Number         0  exit.o ABSOLUTE
    ../fplib/daddsub.s                       0x00000000   Number         0  daddsub_clz.o ABSOLUTE
    ../fplib/dcmpi.s                         0x00000000   Number         0  dcmpi.o ABSOLUTE
    ../fplib/deqf.s                          0x00000000   Number         0  deqf.o ABSOLUTE
    ../fplib/dnaninf.s                       0x00000000   Number         0  dnaninf.o ABSOLUTE
    ../fplib/dretinf.s                       0x00000000   Number         0  dretinf.o ABSOLUTE
    ../fplib/fpinit.s                        0x00000000   Number         0  fpinit.o ABSOLUTE
    ../fplib/istatus.s                       0x00000000   Number         0  istatus.o ABSOLUTE
    ../fplib/printf1.s                       0x00000000   Number         0  printf1.o ABSOLUTE
    ../fplib/usenofp.s                       0x00000000   Number         0  usenofp.o ABSOLUTE
    ../mathlib/fpclassify.c                  0x00000000   Number         0  fpclassify.o ABSOLUTE
    ..\..\..\..\Libraries\CMSIS\Device\ST\STM32F30x\Source\Templates\arm\startup_stm32f30x.s 0x00000000   Number         0  startup_stm32f30x.o ABSOLUTE
    ..\..\..\..\Libraries\STM32F30x_StdPeriph_Driver\src\stm32f30x_adc.c 0x00000000   Number         0  stm32f30x_adc.o ABSOLUTE
    ..\..\..\..\Libraries\STM32F30x_StdPeriph_Driver\src\stm32f30x_can.c 0x00000000   Number         0  stm32f30x_can.o ABSOLUTE
    ..\..\..\..\Libraries\STM32F30x_StdPeriph_Driver\src\stm32f30x_comp.c 0x00000000   Number         0  stm32f30x_comp.o ABSOLUTE
    ..\..\..\..\Libraries\STM32F30x_StdPeriph_Driver\src\stm32f30x_crc.c 0x00000000   Number         0  stm32f30x_crc.o ABSOLUTE
    ..\..\..\..\Libraries\STM32F30x_StdPeriph_Driver\src\stm32f30x_dac.c 0x00000000   Number         0  stm32f30x_dac.o ABSOLUTE
    ..\..\..\..\Libraries\STM32F30x_StdPeriph_Driver\src\stm32f30x_dbgmcu.c 0x00000000   Number         0  stm32f30x_dbgmcu.o ABSOLUTE
    ..\..\..\..\Libraries\STM32F30x_StdPeriph_Driver\src\stm32f30x_dma.c 0x00000000   Number         0  stm32f30x_dma.o ABSOLUTE
    ..\..\..\..\Libraries\STM32F30x_StdPeriph_Driver\src\stm32f30x_exti.c 0x00000000   Number         0  stm32f30x_exti.o ABSOLUTE
    ..\..\..\..\Libraries\STM32F30x_StdPeriph_Driver\src\stm32f30x_flash.c 0x00000000   Number         0  stm32f30x_flash.o ABSOLUTE
    ..\..\..\..\Libraries\STM32F30x_StdPeriph_Driver\src\stm32f30x_gpio.c 0x00000000   Number         0  stm32f30x_gpio.o ABSOLUTE
    ..\..\..\..\Libraries\STM32F30x_StdPeriph_Driver\src\stm32f30x_i2c.c 0x00000000   Number         0  stm32f30x_i2c.o ABSOLUTE
    ..\..\..\..\Libraries\STM32F30x_StdPeriph_Driver\src\stm32f30x_iwdg.c 0x00000000   Number         0  stm32f30x_iwdg.o ABSOLUTE
    ..\..\..\..\Libraries\STM32F30x_StdPeriph_Driver\src\stm32f30x_misc.c 0x00000000   Number         0  stm32f30x_misc.o ABSOLUTE
    ..\..\..\..\Libraries\STM32F30x_StdPeriph_Driver\src\stm32f30x_opamp.c 0x00000000   Number         0  stm32f30x_opamp.o ABSOLUTE
    ..\..\..\..\Libraries\STM32F30x_StdPeriph_Driver\src\stm32f30x_pwr.c 0x00000000   Number         0  stm32f30x_pwr.o ABSOLUTE
    ..\..\..\..\Libraries\STM32F30x_StdPeriph_Driver\src\stm32f30x_rcc.c 0x00000000   Number         0  stm32f30x_rcc.o ABSOLUTE
    ..\..\..\..\Libraries\STM32F30x_StdPeriph_Driver\src\stm32f30x_rtc.c 0x00000000   Number         0  stm32f30x_rtc.o ABSOLUTE
    ..\..\..\..\Libraries\STM32F30x_StdPeriph_Driver\src\stm32f30x_spi.c 0x00000000   Number         0  stm32f30x_spi.o ABSOLUTE
    ..\..\..\..\Libraries\STM32F30x_StdPeriph_Driver\src\stm32f30x_syscfg.c 0x00000000   Number         0  stm32f30x_syscfg.o ABSOLUTE
    ..\..\..\..\Libraries\STM32F30x_StdPeriph_Driver\src\stm32f30x_tim.c 0x00000000   Number         0  stm32f30x_tim.o ABSOLUTE
    ..\..\..\..\Libraries\STM32F30x_StdPeriph_Driver\src\stm32f30x_usart.c 0x00000000   Number         0  stm32f30x_usart.o ABSOLUTE
    ..\..\..\..\Libraries\STM32F30x_StdPeriph_Driver\src\stm32f30x_wwdg.c 0x00000000   Number         0  stm32f30x_wwdg.o ABSOLUTE
    ..\..\..\..\Utilities\STM32F3_Discovery\stm32f3_discovery.c 0x00000000   Number         0  stm32f3_discovery.o ABSOLUTE
    ..\\..\\..\\..\\Libraries\\STM32F30x_StdPeriph_Driver\\src\\stm32f30x_adc.c 0x00000000   Number         0  stm32f30x_adc.o ABSOLUTE
    ..\\..\\..\\..\\Libraries\\STM32F30x_StdPeriph_Driver\\src\\stm32f30x_can.c 0x00000000   Number         0  stm32f30x_can.o ABSOLUTE
    ..\\..\\..\\..\\Libraries\\STM32F30x_StdPeriph_Driver\\src\\stm32f30x_comp.c 0x00000000   Number         0  stm32f30x_comp.o ABSOLUTE
    ..\\..\\..\\..\\Libraries\\STM32F30x_StdPeriph_Driver\\src\\stm32f30x_crc.c 0x00000000   Number         0  stm32f30x_crc.o ABSOLUTE
    ..\\..\\..\\..\\Libraries\\STM32F30x_StdPeriph_Driver\\src\\stm32f30x_dac.c 0x00000000   Number         0  stm32f30x_dac.o ABSOLUTE
    ..\\..\\..\\..\\Libraries\\STM32F30x_StdPeriph_Driver\\src\\stm32f30x_dbgmcu.c 0x00000000   Number         0  stm32f30x_dbgmcu.o ABSOLUTE
    ..\\..\\..\\..\\Libraries\\STM32F30x_StdPeriph_Driver\\src\\stm32f30x_dma.c 0x00000000   Number         0  stm32f30x_dma.o ABSOLUTE
    ..\\..\\..\\..\\Libraries\\STM32F30x_StdPeriph_Driver\\src\\stm32f30x_exti.c 0x00000000   Number         0  stm32f30x_exti.o ABSOLUTE
    ..\\..\\..\\..\\Libraries\\STM32F30x_StdPeriph_Driver\\src\\stm32f30x_flash.c 0x00000000   Number         0  stm32f30x_flash.o ABSOLUTE
    ..\\..\\..\\..\\Libraries\\STM32F30x_StdPeriph_Driver\\src\\stm32f30x_gpio.c 0x00000000   Number         0  stm32f30x_gpio.o ABSOLUTE
    ..\\..\\..\\..\\Libraries\\STM32F30x_StdPeriph_Driver\\src\\stm32f30x_i2c.c 0x00000000   Number         0  stm32f30x_i2c.o ABSOLUTE
    ..\\..\\..\\..\\Libraries\\STM32F30x_StdPeriph_Driver\\src\\stm32f30x_iwdg.c 0x00000000   Number         0  stm32f30x_iwdg.o ABSOLUTE
    ..\\..\\..\\..\\Libraries\\STM32F30x_StdPeriph_Driver\\src\\stm32f30x_misc.c 0x00000000   Number         0  stm32f30x_misc.o ABSOLUTE
    ..\\..\\..\\..\\Libraries\\STM32F30x_StdPeriph_Driver\\src\\stm32f30x_opamp.c 0x00000000   Number         0  stm32f30x_opamp.o ABSOLUTE
    ..\\..\\..\\..\\Libraries\\STM32F30x_StdPeriph_Driver\\src\\stm32f30x_pwr.c 0x00000000   Number         0  stm32f30x_pwr.o ABSOLUTE
    ..\\..\\..\\..\\Libraries\\STM32F30x_StdPeriph_Driver\\src\\stm32f30x_rcc.c 0x00000000   Number         0  stm32f30x_rcc.o ABSOLUTE
    ..\\..\\..\\..\\Libraries\\STM32F30x_StdPeriph_Driver\\src\\stm32f30x_rtc.c 0x00000000   Number         0  stm32f30x_rtc.o ABSOLUTE
    ..\\..\\..\\..\\Libraries\\STM32F30x_StdPeriph_Driver\\src\\stm32f30x_spi.c 0x00000000   Number         0  stm32f30x_spi.o ABSOLUTE
    ..\\..\\..\\..\\Libraries\\STM32F30x_StdPeriph_Driver\\src\\stm32f30x_syscfg.c 0x00000000   Number         0  stm32f30x_syscfg.o ABSOLUTE
    ..\\..\\..\\..\\Libraries\\STM32F30x_StdPeriph_Driver\\src\\stm32f30x_tim.c 0x00000000   Number         0  stm32f30x_tim.o ABSOLUTE
    ..\\..\\..\\..\\Libraries\\STM32F30x_StdPeriph_Driver\\src\\stm32f30x_usart.c 0x00000000   Number         0  stm32f30x_usart.o ABSOLUTE
    ..\\..\\..\\..\\Libraries\\STM32F30x_StdPeriph_Driver\\src\\stm32f30x_wwdg.c 0x00000000   Number         0  stm32f30x_wwdg.o ABSOLUTE
    ..\\..\\..\\..\\Utilities\\STM32F3_Discovery\\stm32f3_discovery.c 0x00000000   Number         0  stm32f3_discovery.o ABSOLUTE
    ..\\main.c                               0x00000000   Number         0  main.o ABSOLUTE
    ..\\stm32f30x_it.c                       0x00000000   Number         0  stm32f30x_it.o ABSOLUTE
    ..\\system_stm32f30x.c                   0x00000000   Number         0  system_stm32f30x.o ABSOLUTE
    ..\main.c                                0x00000000   Number         0  main.o ABSOLUTE
    ..\stm32f30x_it.c                        0x00000000   Number         0  stm32f30x_it.o ABSOLUTE
    ..\system_stm32f30x.c                    0x00000000   Number         0  system_stm32f30x.o ABSOLUTE
    dc.s                                     0x00000000   Number         0  dc.o ABSOLUTE
    RESET                                    0x08000000   Section      392  startup_stm32f30x.o(RESET)
    !!!main                                  0x08000188   Section        8  __main.o(!!!main)
    !!!scatter                               0x08000190   Section       52  __scatter.o(!!!scatter)
    !!handler_copy                           0x080001c4   Section       26  __scatter_copy.o(!!handler_copy)
    !!handler_zi                             0x080001e0   Section       28  __scatter_zi.o(!!handler_zi)
    .ARM.Collect$$_printf_percent$$00000000  0x080001fc   Section        0  _printf_percent.o(.ARM.Collect$$_printf_percent$$00000000)
    .ARM.Collect$$_printf_percent$$00000005  0x080001fc   Section        6  _printf_g.o(.ARM.Collect$$_printf_percent$$00000005)
    .ARM.Collect$$_printf_percent$$00000017  0x08000202   Section        4  _printf_percent_end.o(.ARM.Collect$$_printf_percent$$00000017)
    .ARM.Collect$$libinit$$00000000          0x08000206   Section        2  libinit.o(.ARM.Collect$$libinit$$00000000)
    .ARM.Collect$$libinit$$00000001          0x08000208   Section        4  libinit2.o(.ARM.Collect$$libinit$$00000001)
    .ARM.Collect$$libinit$$00000008          0x0800020c   Section        0  libinit2.o(.ARM.Collect$$libinit$$00000008)
    .ARM.Collect$$libinit$$0000000A          0x0800020c   Section        0  libinit2.o(.ARM.Collect$$libinit$$0000000A)
    .ARM.Collect$$libinit$$0000000C          0x0800020c   Section        0  libinit2.o(.ARM.Collect$$libinit$$0000000C)
    .ARM.Collect$$libinit$$0000000D          0x0800020c   Section        6  libinit2.o(.ARM.Collect$$libinit$$0000000D)
    .ARM.Collect$$libinit$$0000000F          0x08000212   Section        0  libinit2.o(.ARM.Collect$$libinit$$0000000F)
    .ARM.Collect$$libinit$$00000011          0x08000212   Section        0  libinit2.o(.ARM.Collect$$libinit$$00000011)
    .ARM.Collect$$libinit$$00000013          0x08000212   Section        0  libinit2.o(.ARM.Collect$$libinit$$00000013)
    .ARM.Collect$$libinit$$00000014          0x08000212   Section       10  libinit2.o(.ARM.Collect$$libinit$$00000014)
    .ARM.Collect$$libinit$$00000015          0x0800021c   Section        0  libinit2.o(.ARM.Collect$$libinit$$00000015)
    .ARM.Collect$$libinit$$00000017          0x0800021c   Section        0  libinit2.o(.ARM.Collect$$libinit$$00000017)
    .ARM.Collect$$libinit$$00000019          0x0800021c   Section        0  libinit2.o(.ARM.Collect$$libinit$$00000019)
    .ARM.Collect$$libinit$$0000001B          0x0800021c   Section        0  libinit2.o(.ARM.Collect$$libinit$$0000001B)
    .ARM.Collect$$libinit$$0000001D          0x0800021c   Section        0  libinit2.o(.ARM.Collect$$libinit$$0000001D)
    .ARM.Collect$$libinit$$0000001F          0x0800021c   Section        0  libinit2.o(.ARM.Collect$$libinit$$0000001F)
    .ARM.Collect$$libinit$$00000021          0x0800021c   Section        0  libinit2.o(.ARM.Collect$$libinit$$00000021)
    .ARM.Collect$$libinit$$00000023          0x0800021c   Section        0  libinit2.o(.ARM.Collect$$libinit$$00000023)
    .ARM.Collect$$libinit$$0000002A          0x0800021c   Section        0  libinit2.o(.ARM.Collect$$libinit$$0000002A)
    .ARM.Collect$$libinit$$0000002C          0x0800021c   Section        0  libinit2.o(.ARM.Collect$$libinit$$0000002C)
    .ARM.Collect$$libinit$$0000002E          0x0800021c   Section        0  libinit2.o(.ARM.Collect$$libinit$$0000002E)
    .ARM.Collect$$libinit$$00000030          0x0800021c   Section        0  libinit2.o(.ARM.Collect$$libinit$$00000030)
    .ARM.Collect$$libinit$$00000031          0x0800021c   Section        2  libinit2.o(.ARM.Collect$$libinit$$00000031)
    .ARM.Collect$$libshutdown$$00000000      0x0800021e   Section        2  libshutdown.o(.ARM.Collect$$libshutdown$$00000000)
    .ARM.Collect$$libshutdown$$00000003      0x08000220   Section        0  libshutdown2.o(.ARM.Collect$$libshutdown$$00000003)
    .ARM.Collect$$libshutdown$$00000006      0x08000220   Section        0  libshutdown2.o(.ARM.Collect$$libshutdown$$00000006)
    .ARM.Collect$$libshutdown$$00000009      0x08000220   Section        0  libshutdown2.o(.ARM.Collect$$libshutdown$$00000009)
    .ARM.Collect$$libshutdown$$0000000B      0x08000220   Section        0  libshutdown2.o(.ARM.Collect$$libshutdown$$0000000B)
    .ARM.Collect$$libshutdown$$0000000E      0x08000220   Section        0  libshutdown2.o(.ARM.Collect$$libshutdown$$0000000E)
    .ARM.Collect$$libshutdown$$0000000F      0x08000220   Section        2  libshutdown2.o(.ARM.Collect$$libshutdown$$0000000F)
    .ARM.Collect$$rtentry$$00000000          0x08000222   Section        0  rtentry.o(.ARM.Collect$$rtentry$$00000000)
    .ARM.Collect$$rtentry$$00000002          0x08000222   Section        0  rtentry2.o(.ARM.Collect$$rtentry$$00000002)
    .ARM.Collect$$rtentry$$00000004          0x08000222   Section        6  rtentry4.o(.ARM.Collect$$rtentry$$00000004)
    .ARM.Collect$$rtentry$$00000009          0x08000228   Section        0  rtentry2.o(.ARM.Collect$$rtentry$$00000009)
    .ARM.Collect$$rtentry$$0000000A          0x08000228   Section        4  rtentry2.o(.ARM.Collect$$rtentry$$0000000A)
    .ARM.Collect$$rtentry$$0000000C          0x0800022c   Section        0  rtentry2.o(.ARM.Collect$$rtentry$$0000000C)
    .ARM.Collect$$rtentry$$0000000D          0x0800022c   Section        8  rtentry2.o(.ARM.Collect$$rtentry$$0000000D)
    .ARM.Collect$$rtexit$$00000000           0x08000234   Section        2  rtexit.o(.ARM.Collect$$rtexit$$00000000)
    .ARM.Collect$$rtexit$$00000002           0x08000236   Section        0  rtexit2.o(.ARM.Collect$$rtexit$$00000002)
    .ARM.Collect$$rtexit$$00000003           0x08000236   Section        4  rtexit2.o(.ARM.Collect$$rtexit$$00000003)
    .ARM.Collect$$rtexit$$00000004           0x0800023a   Section        6  rtexit2.o(.ARM.Collect$$rtexit$$00000004)
    .text                                    0x08000240   Section       64  startup_stm32f30x.o(.text)
    $v0                                      0x08000240   Number         0  startup_stm32f30x.o(.text)
    .text                                    0x08000280   Section        0  stm32f30x_gpio.o(.text)
    .text                                    0x08000474   Section        0  stm32f30x_rcc.o(.text)
    .text                                    0x08000c7c   Section        0  stm32f30x_tim.o(.text)
    TI4_Config                               0x08001487   Thumb Code   104  stm32f30x_tim.o(.text)
    TI3_Config                               0x08001501   Thumb Code    76  stm32f30x_tim.o(.text)
    TI2_Config                               0x0800155f   Thumb Code    66  stm32f30x_tim.o(.text)
    TI1_Config                               0x080015b1   Thumb Code    48  stm32f30x_tim.o(.text)
    .text                                    0x080019f8   Section        0  stm32f30x_usart.o(.text)
    .text                                    0x08001f34   Section        0  main.o(.text)
    .text                                    0x0800293c   Section        0  stm32f30x_it.o(.text)
    .text                                    0x080029c4   Section        0  system_stm32f30x.o(.text)
    SetSysClock                              0x080029c5   Thumb Code   186  system_stm32f30x.o(.text)
    .text                                    0x08002ba0   Section        0  noretval__2sprintf.o(.text)
    .text                                    0x08002bc8   Section        0  __printf.o(.text)
    .text                                    0x08002c30   Section        0  heapauxi.o(.text)
    .text                                    0x08002c36   Section        0  _printf_fp_dec.o(.text)
    _fp_digits                               0x08002c39   Thumb Code   426  _printf_fp_dec.o(.text)
    .text                                    0x08003058   Section        0  _printf_char_common.o(.text)
    _printf_input_char                       0x08003059   Thumb Code    10  _printf_char_common.o(.text)
    .text                                    0x08003088   Section        0  _sputc.o(.text)
    .text                                    0x08003094   Section        8  rt_locale_intlibspace.o(.text)
    .text                                    0x0800309c   Section      138  lludiv10.o(.text)
    .text                                    0x08003128   Section        0  _printf_fp_infnan.o(.text)
    .text                                    0x080031a8   Section        0  bigflt0.o(.text)
    .text                                    0x0800328c   Section        8  libspace.o(.text)
    .text                                    0x08003294   Section       74  sys_stackheap_outer.o(.text)
    .text                                    0x080032de   Section        0  exit.o(.text)
    .text                                    0x080032ec   Section      128  strcmpv7m.o(.text)
    .text                                    0x0800336c   Section        0  sys_exit.o(.text)
    .text                                    0x08003378   Section        2  use_no_semi.o(.text)
    .text                                    0x0800337a   Section        0  indicate_semi.o(.text)
    CL$$btod_d2e                             0x0800337a   Section       62  btod.o(CL$$btod_d2e)
    CL$$btod_d2e_denorm_low                  0x080033b8   Section       70  btod.o(CL$$btod_d2e_denorm_low)
    CL$$btod_d2e_norm_op1                    0x080033fe   Section       96  btod.o(CL$$btod_d2e_norm_op1)
    CL$$btod_div_common                      0x0800345e   Section      824  btod.o(CL$$btod_div_common)
    CL$$btod_e2e                             0x08003796   Section      198  btod.o(CL$$btod_e2e)
    CL$$btod_ediv                            0x0800385c   Section       40  btod.o(CL$$btod_ediv)
    CL$$btod_emul                            0x08003884   Section       40  btod.o(CL$$btod_emul)
    CL$$btod_mult_common                     0x080038ac   Section      580  btod.o(CL$$btod_mult_common)
    i.__ARM_fpclassify                       0x08003af0   Section        0  fpclassify.o(i.__ARM_fpclassify)
    locale$$code                             0x08003b20   Section       44  lc_numeric_c.o(locale$$code)
    x$fpl$dadd                               0x08003b4c   Section      336  daddsub_clz.o(x$fpl$dadd)
    $v0                                      0x08003b4c   Number         0  daddsub_clz.o(x$fpl$dadd)
    _dadd1                                   0x08003b5d   Thumb Code     0  daddsub_clz.o(x$fpl$dadd)
    x$fpl$dcmpinf                            0x08003c9c   Section       24  dcmpi.o(x$fpl$dcmpinf)
    $v0                                      0x08003c9c   Number         0  dcmpi.o(x$fpl$dcmpinf)
    x$fpl$deqf                               0x08003cb4   Section      120  deqf.o(x$fpl$deqf)
    $v0                                      0x08003cb4   Number         0  deqf.o(x$fpl$deqf)
    x$fpl$dnaninf                            0x08003d2c   Section      156  dnaninf.o(x$fpl$dnaninf)
    $v0                                      0x08003d2c   Number         0  dnaninf.o(x$fpl$dnaninf)
    x$fpl$dretinf                            0x08003dc8   Section       12  dretinf.o(x$fpl$dretinf)
    $v0                                      0x08003dc8   Number         0  dretinf.o(x$fpl$dretinf)
    x$fpl$dsub                               0x08003dd4   Section      468  daddsub_clz.o(x$fpl$dsub)
    $v0                                      0x08003dd4   Number         0  daddsub_clz.o(x$fpl$dsub)
    _dsub1                                   0x08003de5   Thumb Code     0  daddsub_clz.o(x$fpl$dsub)
    x$fpl$fpinit                             0x08003fa8   Section       10  fpinit.o(x$fpl$fpinit)
    $v0                                      0x08003fa8   Number         0  fpinit.o(x$fpl$fpinit)
    x$fpl$printf1                            0x08003fb2   Section        4  printf1.o(x$fpl$printf1)
    $v0                                      0x08003fb2   Number         0  printf1.o(x$fpl$printf1)
    x$fpl$usenofp                            0x08003fb6   Section        0  usenofp.o(x$fpl$usenofp)
    .constdata                               0x08003fb8   Section      148  bigflt0.o(.constdata)
    tenpwrs_x                                0x08003fb8   Data          60  bigflt0.o(.constdata)
    tenpwrs_i                                0x08003ff4   Data          64  bigflt0.o(.constdata)
    locale$$data                             0x0800406c   Section       28  lc_numeric_c.o(locale$$data)
    __lcnum_c_name                           0x08004070   Data           2  lc_numeric_c.o(locale$$data)
    __lcnum_c_start                          0x08004078   Data           0  lc_numeric_c.o(locale$$data)
    __lcnum_c_point                          0x08004084   Data           0  lc_numeric_c.o(locale$$data)
    __lcnum_c_thousands                      0x08004086   Data           0  lc_numeric_c.o(locale$$data)
    __lcnum_c_grouping                       0x08004087   Data           0  lc_numeric_c.o(locale$$data)
    __lcnum_c_end                            0x08004088   Data           0  lc_numeric_c.o(locale$$data)
    .data                                    0x20000000   Section       42  stm32f30x_rcc.o(.data)
    APBAHBPrescTable                         0x20000000   Data          16  stm32f30x_rcc.o(.data)
    ADCPrescTable                            0x20000010   Data          26  stm32f30x_rcc.o(.data)
    .data                                    0x20000030   Section       56  main.o(.data)
    .data                                    0x20000068   Section        8  stm32f30x_it.o(.data)
    .data                                    0x20000070   Section       20  system_stm32f30x.o(.data)
    .bss                                     0x20000084   Section       24  main.o(.bss)
    .bss                                     0x2000009c   Section       60  stm32f30x_it.o(.bss)
    .bss                                     0x200000d8   Section       96  libspace.o(.bss)
    HEAP                                     0x20000138   Section      512  startup_stm32f30x.o(HEAP)
    Heap_Mem                                 0x20000138   Data         512  startup_stm32f30x.o(HEAP)
    STACK                                    0x20000338   Section     1024  startup_stm32f30x.o(STACK)
    Stack_Mem                                0x20000338   Data        1024  startup_stm32f30x.o(STACK)
    __initial_sp                             0x20000738   Data           0  startup_stm32f30x.o(STACK)

    Global Symbols

    Symbol Name                              Value     Ov Type        Size  Object(Section)

    BuildAttributes$$THM_ISAv4$E$P$D$K$B$S$7EM$VFPi3$EXTD16$VFPS$VFMA$PE$A:L22UL41UL21$X:L11$S22US41US21$IEEE1$IW$USESV6$~STKCKD$USESV7$~SHL$OTIME$ROPI$IEEEJ$EBA8$UX$STANDARDLIB$REQ8$PRES8$EABIv2 0x00000000   Number         0  anon$$obj.o ABSOLUTE
    __ARM_use_no_argv                        0x00000000   Number         0  main.o ABSOLUTE
    __ARM_exceptions_init                     - Undefined Weak Reference
    __alloca_initialize                       - Undefined Weak Reference
    __cpp_initialize__aeabi_                  - Undefined Weak Reference
    __cxa_finalize                            - Undefined Weak Reference
    __sigvec_lookup                           - Undefined Weak Reference
    _atexit_init                              - Undefined Weak Reference
    _call_atexit_fns                          - Undefined Weak Reference
    _clock_init                               - Undefined Weak Reference
    _fp_trap_init                             - Undefined Weak Reference
    _fp_trap_shutdown                         - Undefined Weak Reference
    _get_lc_collate                           - Undefined Weak Reference
    _get_lc_ctype                             - Undefined Weak Reference
    _get_lc_monetary                          - Undefined Weak Reference
    _get_lc_time                              - Undefined Weak Reference
    _getenv_init                              - Undefined Weak Reference
    _handle_redirection                       - Undefined Weak Reference
    _init_alloc                               - Undefined Weak Reference
    _init_user_alloc                          - Undefined Weak Reference
    _initio                                   - Undefined Weak Reference
    _printf_post_padding                      - Undefined Weak Reference
    _printf_pre_padding                       - Undefined Weak Reference
    _rand_init                                - Undefined Weak Reference
    _signal_finish                            - Undefined Weak Reference
    _signal_init                              - Undefined Weak Reference
    _terminate_alloc                          - Undefined Weak Reference
    _terminate_user_alloc                     - Undefined Weak Reference
    _terminateio                              - Undefined Weak Reference
    __Vectors_Size                           0x00000188   Number         0  startup_stm32f30x.o ABSOLUTE
    __Vectors                                0x08000000   Data           4  startup_stm32f30x.o(RESET)
    __Vectors_End                            0x08000188   Data           0  startup_stm32f30x.o(RESET)
    __main                                   0x08000189   Thumb Code     8  __main.o(!!!main)
    __scatterload                            0x08000191   Thumb Code     0  __scatter.o(!!!scatter)
    __scatterload_rt2                        0x08000191   Thumb Code    44  __scatter.o(!!!scatter)
    __scatterload_rt2_thumb_only             0x08000191   Thumb Code     0  __scatter.o(!!!scatter)
    __scatterload_null                       0x0800019f   Thumb Code     0  __scatter.o(!!!scatter)
    __scatterload_copy                       0x080001c5   Thumb Code    26  __scatter_copy.o(!!handler_copy)
    __scatterload_zeroinit                   0x080001e1   Thumb Code    28  __scatter_zi.o(!!handler_zi)
    _printf_g                                0x080001fd   Thumb Code     0  _printf_g.o(.ARM.Collect$$_printf_percent$$00000005)
    _printf_percent                          0x080001fd   Thumb Code     0  _printf_percent.o(.ARM.Collect$$_printf_percent$$00000000)
    _printf_percent_end                      0x08000203   Thumb Code     0  _printf_percent_end.o(.ARM.Collect$$_printf_percent$$00000017)
    __rt_lib_init                            0x08000207   Thumb Code     0  libinit.o(.ARM.Collect$$libinit$$00000000)
    __rt_lib_init_fp_1                       0x08000209   Thumb Code     0  libinit2.o(.ARM.Collect$$libinit$$00000001)
    __rt_lib_init_heap_1                     0x0800020d   Thumb Code     0  libinit2.o(.ARM.Collect$$libinit$$00000008)
    __rt_lib_init_lc_common                  0x0800020d   Thumb Code     0  libinit2.o(.ARM.Collect$$libinit$$0000000D)
    __rt_lib_init_rand_1                     0x0800020d   Thumb Code     0  libinit2.o(.ARM.Collect$$libinit$$0000000C)
    __rt_lib_init_user_alloc_1               0x0800020d   Thumb Code     0  libinit2.o(.ARM.Collect$$libinit$$0000000A)
    __rt_lib_init_lc_collate_1               0x08000213   Thumb Code     0  libinit2.o(.ARM.Collect$$libinit$$0000000F)
    __rt_lib_init_lc_ctype_1                 0x08000213   Thumb Code     0  libinit2.o(.ARM.Collect$$libinit$$00000011)
    __rt_lib_init_lc_monetary_1              0x08000213   Thumb Code     0  libinit2.o(.ARM.Collect$$libinit$$00000013)
    __rt_lib_init_lc_numeric_2               0x08000213   Thumb Code     0  libinit2.o(.ARM.Collect$$libinit$$00000014)
    __rt_lib_init_alloca_1                   0x0800021d   Thumb Code     0  libinit2.o(.ARM.Collect$$libinit$$0000002C)
    __rt_lib_init_argv_1                     0x0800021d   Thumb Code     0  libinit2.o(.ARM.Collect$$libinit$$0000002A)
    __rt_lib_init_atexit_1                   0x0800021d   Thumb Code     0  libinit2.o(.ARM.Collect$$libinit$$00000019)
    __rt_lib_init_clock_1                    0x0800021d   Thumb Code     0  libinit2.o(.ARM.Collect$$libinit$$0000001F)
    __rt_lib_init_cpp_1                      0x0800021d   Thumb Code     0  libinit2.o(.ARM.Collect$$libinit$$00000030)
    __rt_lib_init_exceptions_1               0x0800021d   Thumb Code     0  libinit2.o(.ARM.Collect$$libinit$$0000002E)
    __rt_lib_init_fp_trap_1                  0x0800021d   Thumb Code     0  libinit2.o(.ARM.Collect$$libinit$$0000001D)
    __rt_lib_init_getenv_1                   0x0800021d   Thumb Code     0  libinit2.o(.ARM.Collect$$libinit$$00000021)
    __rt_lib_init_lc_numeric_1               0x0800021d   Thumb Code     0  libinit2.o(.ARM.Collect$$libinit$$00000015)
    __rt_lib_init_lc_time_1                  0x0800021d   Thumb Code     0  libinit2.o(.ARM.Collect$$libinit$$00000017)
    __rt_lib_init_return                     0x0800021d   Thumb Code     0  libinit2.o(.ARM.Collect$$libinit$$00000031)
    __rt_lib_init_signal_1                   0x0800021d   Thumb Code     0  libinit2.o(.ARM.Collect$$libinit$$0000001B)
    __rt_lib_init_stdio_1                    0x0800021d   Thumb Code     0  libinit2.o(.ARM.Collect$$libinit$$00000023)
    __rt_lib_shutdown                        0x0800021f   Thumb Code     0  libshutdown.o(.ARM.Collect$$libshutdown$$00000000)
    __rt_lib_shutdown_fp_trap_1              0x08000221   Thumb Code     0  libshutdown2.o(.ARM.Collect$$libshutdown$$00000006)
    __rt_lib_shutdown_heap_1                 0x08000221   Thumb Code     0  libshutdown2.o(.ARM.Collect$$libshutdown$$0000000E)
    __rt_lib_shutdown_return                 0x08000221   Thumb Code     0  libshutdown2.o(.ARM.Collect$$libshutdown$$0000000F)
    __rt_lib_shutdown_signal_1               0x08000221   Thumb Code     0  libshutdown2.o(.ARM.Collect$$libshutdown$$00000009)
    __rt_lib_shutdown_stdio_1                0x08000221   Thumb Code     0  libshutdown2.o(.ARM.Collect$$libshutdown$$00000003)
    __rt_lib_shutdown_user_alloc_1           0x08000221   Thumb Code     0  libshutdown2.o(.ARM.Collect$$libshutdown$$0000000B)
    __rt_entry                               0x08000223   Thumb Code     0  rtentry.o(.ARM.Collect$$rtentry$$00000000)
    __rt_entry_presh_1                       0x08000223   Thumb Code     0  rtentry2.o(.ARM.Collect$$rtentry$$00000002)
    __rt_entry_sh                            0x08000223   Thumb Code     0  rtentry4.o(.ARM.Collect$$rtentry$$00000004)
    __rt_entry_li                            0x08000229   Thumb Code     0  rtentry2.o(.ARM.Collect$$rtentry$$0000000A)
    __rt_entry_postsh_1                      0x08000229   Thumb Code     0  rtentry2.o(.ARM.Collect$$rtentry$$00000009)
    __rt_entry_main                          0x0800022d   Thumb Code     0  rtentry2.o(.ARM.Collect$$rtentry$$0000000D)
    __rt_entry_postli_1                      0x0800022d   Thumb Code     0  rtentry2.o(.ARM.Collect$$rtentry$$0000000C)
    __rt_exit                                0x08000235   Thumb Code     0  rtexit.o(.ARM.Collect$$rtexit$$00000000)
    __rt_exit_ls                             0x08000237   Thumb Code     0  rtexit2.o(.ARM.Collect$$rtexit$$00000003)
    __rt_exit_prels_1                        0x08000237   Thumb Code     0  rtexit2.o(.ARM.Collect$$rtexit$$00000002)
    __rt_exit_exit                           0x0800023b   Thumb Code     0  rtexit2.o(.ARM.Collect$$rtexit$$00000004)
    Reset_Handler                            0x08000241   Thumb Code     8  startup_stm32f30x.o(.text)
    ADC1_2_IRQHandler                        0x0800025b   Thumb Code     0  startup_stm32f30x.o(.text)
    ADC3_IRQHandler                          0x0800025b   Thumb Code     0  startup_stm32f30x.o(.text)
    ADC4_IRQHandler                          0x0800025b   Thumb Code     0  startup_stm32f30x.o(.text)
    CAN1_RX1_IRQHandler                      0x0800025b   Thumb Code     0  startup_stm32f30x.o(.text)
    CAN1_SCE_IRQHandler                      0x0800025b   Thumb Code     0  startup_stm32f30x.o(.text)
    COMP1_2_3_IRQHandler                     0x0800025b   Thumb Code     0  startup_stm32f30x.o(.text)
    COMP4_5_6_IRQHandler                     0x0800025b   Thumb Code     0  startup_stm32f30x.o(.text)
    COMP7_IRQHandler                         0x0800025b   Thumb Code     0  startup_stm32f30x.o(.text)
    DMA1_Channel1_IRQHandler                 0x0800025b   Thumb Code     0  startup_stm32f30x.o(.text)
    DMA1_Channel2_IRQHandler                 0x0800025b   Thumb Code     0  startup_stm32f30x.o(.text)
    DMA1_Channel3_IRQHandler                 0x0800025b   Thumb Code     0  startup_stm32f30x.o(.text)
    DMA1_Channel4_IRQHandler                 0x0800025b   Thumb Code     0  startup_stm32f30x.o(.text)
    DMA1_Channel5_IRQHandler                 0x0800025b   Thumb Code     0  startup_stm32f30x.o(.text)
    DMA1_Channel6_IRQHandler                 0x0800025b   Thumb Code     0  startup_stm32f30x.o(.text)
    DMA1_Channel7_IRQHandler                 0x0800025b   Thumb Code     0  startup_stm32f30x.o(.text)
    DMA2_Channel1_IRQHandler                 0x0800025b   Thumb Code     0  startup_stm32f30x.o(.text)
    DMA2_Channel2_IRQHandler                 0x0800025b   Thumb Code     0  startup_stm32f30x.o(.text)
    DMA2_Channel3_IRQHandler                 0x0800025b   Thumb Code     0  startup_stm32f30x.o(.text)
    DMA2_Channel4_IRQHandler                 0x0800025b   Thumb Code     0  startup_stm32f30x.o(.text)
    DMA2_Channel5_IRQHandler                 0x0800025b   Thumb Code     0  startup_stm32f30x.o(.text)
    EXTI0_IRQHandler                         0x0800025b   Thumb Code     0  startup_stm32f30x.o(.text)
    EXTI15_10_IRQHandler                     0x0800025b   Thumb Code     0  startup_stm32f30x.o(.text)
    EXTI1_IRQHandler                         0x0800025b   Thumb Code     0  startup_stm32f30x.o(.text)
    EXTI2_TS_IRQHandler                      0x0800025b   Thumb Code     0  startup_stm32f30x.o(.text)
    EXTI3_IRQHandler                         0x0800025b   Thumb Code     0  startup_stm32f30x.o(.text)
    EXTI4_IRQHandler                         0x0800025b   Thumb Code     0  startup_stm32f30x.o(.text)
    EXTI9_5_IRQHandler                       0x0800025b   Thumb Code     0  startup_stm32f30x.o(.text)
    FLASH_IRQHandler                         0x0800025b   Thumb Code     0  startup_stm32f30x.o(.text)
    FPU_IRQHandler                           0x0800025b   Thumb Code     0  startup_stm32f30x.o(.text)
    I2C1_ER_IRQHandler                       0x0800025b   Thumb Code     0  startup_stm32f30x.o(.text)
    I2C1_EV_IRQHandler                       0x0800025b   Thumb Code     0  startup_stm32f30x.o(.text)
    I2C2_ER_IRQHandler                       0x0800025b   Thumb Code     0  startup_stm32f30x.o(.text)
    I2C2_EV_IRQHandler                       0x0800025b   Thumb Code     0  startup_stm32f30x.o(.text)
    PVD_IRQHandler                           0x0800025b   Thumb Code     0  startup_stm32f30x.o(.text)
    RCC_IRQHandler                           0x0800025b   Thumb Code     0  startup_stm32f30x.o(.text)
    RTC_Alarm_IRQHandler                     0x0800025b   Thumb Code     0  startup_stm32f30x.o(.text)
    RTC_WKUP_IRQHandler                      0x0800025b   Thumb Code     0  startup_stm32f30x.o(.text)
    SPI1_IRQHandler                          0x0800025b   Thumb Code     0  startup_stm32f30x.o(.text)
    SPI2_IRQHandler                          0x0800025b   Thumb Code     0  startup_stm32f30x.o(.text)
    SPI3_IRQHandler                          0x0800025b   Thumb Code     0  startup_stm32f30x.o(.text)
    TAMPER_STAMP_IRQHandler                  0x0800025b   Thumb Code     0  startup_stm32f30x.o(.text)
    TIM1_BRK_TIM15_IRQHandler                0x0800025b   Thumb Code     0  startup_stm32f30x.o(.text)
    TIM1_CC_IRQHandler                       0x0800025b   Thumb Code     0  startup_stm32f30x.o(.text)
    TIM1_TRG_COM_TIM17_IRQHandler            0x0800025b   Thumb Code     0  startup_stm32f30x.o(.text)
    TIM1_UP_TIM16_IRQHandler                 0x0800025b   Thumb Code     0  startup_stm32f30x.o(.text)
    TIM3_IRQHandler                          0x0800025b   Thumb Code     0  startup_stm32f30x.o(.text)
    TIM4_IRQHandler                          0x0800025b   Thumb Code     0  startup_stm32f30x.o(.text)
    TIM6_DAC_IRQHandler                      0x0800025b   Thumb Code     0  startup_stm32f30x.o(.text)
    TIM7_IRQHandler                          0x0800025b   Thumb Code     0  startup_stm32f30x.o(.text)
    TIM8_BRK_IRQHandler                      0x0800025b   Thumb Code     0  startup_stm32f30x.o(.text)
    TIM8_CC_IRQHandler                       0x0800025b   Thumb Code     0  startup_stm32f30x.o(.text)
    TIM8_TRG_COM_IRQHandler                  0x0800025b   Thumb Code     0  startup_stm32f30x.o(.text)
    TIM8_UP_IRQHandler                       0x0800025b   Thumb Code     0  startup_stm32f30x.o(.text)
    UART4_IRQHandler                         0x0800025b   Thumb Code     0  startup_stm32f30x.o(.text)
    UART5_IRQHandler                         0x0800025b   Thumb Code     0  startup_stm32f30x.o(.text)
    USART1_IRQHandler                        0x0800025b   Thumb Code     0  startup_stm32f30x.o(.text)
    USART2_IRQHandler                        0x0800025b   Thumb Code     0  startup_stm32f30x.o(.text)
    USART3_IRQHandler                        0x0800025b   Thumb Code     0  startup_stm32f30x.o(.text)
    USBWakeUp_IRQHandler                     0x0800025b   Thumb Code     0  startup_stm32f30x.o(.text)
    USBWakeUp_RMP_IRQHandler                 0x0800025b   Thumb Code     0  startup_stm32f30x.o(.text)
    USB_HP_CAN1_TX_IRQHandler                0x0800025b   Thumb Code     0  startup_stm32f30x.o(.text)
    USB_HP_IRQHandler                        0x0800025b   Thumb Code     0  startup_stm32f30x.o(.text)
    USB_LP_CAN1_RX0_IRQHandler               0x0800025b   Thumb Code     0  startup_stm32f30x.o(.text)
    USB_LP_IRQHandler                        0x0800025b   Thumb Code     0  startup_stm32f30x.o(.text)
    WWDG_IRQHandler                          0x0800025b   Thumb Code     0  startup_stm32f30x.o(.text)
    __user_initial_stackheap                 0x0800025d   Thumb Code     0  startup_stm32f30x.o(.text)
    GPIO_DeInit                              0x08000281   Thumb Code   154  stm32f30x_gpio.o(.text)
    GPIO_Init                                0x0800031b   Thumb Code   144  stm32f30x_gpio.o(.text)
    GPIO_StructInit                          0x080003ab   Thumb Code    22  stm32f30x_gpio.o(.text)
    GPIO_PinLockConfig                       0x080003c1   Thumb Code    18  stm32f30x_gpio.o(.text)
    GPIO_ReadInputDataBit                    0x080003d3   Thumb Code    18  stm32f30x_gpio.o(.text)
    GPIO_ReadInputData                       0x080003e5   Thumb Code     6  stm32f30x_gpio.o(.text)
    GPIO_ReadOutputDataBit                   0x080003eb   Thumb Code    18  stm32f30x_gpio.o(.text)
    GPIO_ReadOutputData                      0x080003fd   Thumb Code     6  stm32f30x_gpio.o(.text)
    GPIO_SetBits                             0x08000403   Thumb Code     4  stm32f30x_gpio.o(.text)
    GPIO_ResetBits                           0x08000407   Thumb Code     4  stm32f30x_gpio.o(.text)
    GPIO_WriteBit                            0x0800040b   Thumb Code    10  stm32f30x_gpio.o(.text)
    GPIO_Write                               0x08000415   Thumb Code     4  stm32f30x_gpio.o(.text)
    GPIO_PinAFConfig                         0x08000419   Thumb Code    70  stm32f30x_gpio.o(.text)
    RCC_DeInit                               0x08000475   Thumb Code    84  stm32f30x_rcc.o(.text)
    RCC_HSEConfig                            0x080004c9   Thumb Code    12  stm32f30x_rcc.o(.text)
    RCC_GetFlagStatus                        0x080004d5   Thumb Code    64  stm32f30x_rcc.o(.text)
    RCC_WaitForHSEStartUp                    0x08000515   Thumb Code    56  stm32f30x_rcc.o(.text)
    RCC_AdjustHSICalibrationValue            0x0800054d   Thumb Code    20  stm32f30x_rcc.o(.text)
    RCC_HSICmd                               0x08000561   Thumb Code     6  stm32f30x_rcc.o(.text)
    RCC_LSEConfig                            0x08000567   Thumb Code    32  stm32f30x_rcc.o(.text)
    RCC_LSEDriveConfig                       0x08000587   Thumb Code    22  stm32f30x_rcc.o(.text)
    RCC_LSICmd                               0x0800059d   Thumb Code     6  stm32f30x_rcc.o(.text)
    RCC_PLLConfig                            0x080005a3   Thumb Code    28  stm32f30x_rcc.o(.text)
    RCC_PLLCmd                               0x080005bf   Thumb Code     6  stm32f30x_rcc.o(.text)
    RCC_PREDIV1Config                        0x080005c5   Thumb Code    18  stm32f30x_rcc.o(.text)
    RCC_ClockSecuritySystemCmd               0x080005d7   Thumb Code     6  stm32f30x_rcc.o(.text)
    RCC_MCOConfig                            0x080005dd   Thumb Code     6  stm32f30x_rcc.o(.text)
    RCC_SYSCLKConfig                         0x080005e3   Thumb Code    18  stm32f30x_rcc.o(.text)
    RCC_GetSYSCLKSource                      0x080005f5   Thumb Code    10  stm32f30x_rcc.o(.text)
    RCC_HCLKConfig                           0x080005ff   Thumb Code    18  stm32f30x_rcc.o(.text)
    RCC_PCLK1Config                          0x08000611   Thumb Code    18  stm32f30x_rcc.o(.text)
    RCC_PCLK2Config                          0x08000623   Thumb Code    20  stm32f30x_rcc.o(.text)
    RCC_GetClocksFreq                        0x08000637   Thumb Code  1088  stm32f30x_rcc.o(.text)
    RCC_ADCCLKConfig                         0x08000a77   Thumb Code    44  stm32f30x_rcc.o(.text)
    RCC_I2CCLKConfig                         0x08000aa3   Thumb Code    44  stm32f30x_rcc.o(.text)
    RCC_TIMCLKConfig                         0x08000acf   Thumb Code    44  stm32f30x_rcc.o(.text)
    RCC_USARTCLKConfig                       0x08000afb   Thumb Code   104  stm32f30x_rcc.o(.text)
    RCC_USBCLKConfig                         0x08000b63   Thumb Code     6  stm32f30x_rcc.o(.text)
    RCC_RTCCLKConfig                         0x08000b69   Thumb Code    12  stm32f30x_rcc.o(.text)
    RCC_I2SCLKConfig                         0x08000b75   Thumb Code     6  stm32f30x_rcc.o(.text)
    RCC_RTCCLKCmd                            0x08000b7b   Thumb Code     6  stm32f30x_rcc.o(.text)
    RCC_BackupResetCmd                       0x08000b81   Thumb Code     8  stm32f30x_rcc.o(.text)
    RCC_AHBPeriphClockCmd                    0x08000b89   Thumb Code    26  stm32f30x_rcc.o(.text)
    RCC_APB2PeriphClockCmd                   0x08000ba3   Thumb Code    26  stm32f30x_rcc.o(.text)
    RCC_APB1PeriphClockCmd                   0x08000bbd   Thumb Code    26  stm32f30x_rcc.o(.text)
    RCC_AHBPeriphResetCmd                    0x08000bd7   Thumb Code    26  stm32f30x_rcc.o(.text)
    RCC_APB2PeriphResetCmd                   0x08000bf1   Thumb Code    26  stm32f30x_rcc.o(.text)
    RCC_APB1PeriphResetCmd                   0x08000c0b   Thumb Code    26  stm32f30x_rcc.o(.text)
    RCC_ITConfig                             0x08000c25   Thumb Code    26  stm32f30x_rcc.o(.text)
    RCC_ClearFlag                            0x08000c3f   Thumb Code    14  stm32f30x_rcc.o(.text)
    RCC_GetITStatus                          0x08000c4d   Thumb Code    20  stm32f30x_rcc.o(.text)
    RCC_ClearITPendingBit                    0x08000c61   Thumb Code     6  stm32f30x_rcc.o(.text)
    TIM_DeInit                               0x08000c7d   Thumb Code   250  stm32f30x_tim.o(.text)
    TIM_TimeBaseInit                         0x08000d77   Thumb Code   116  stm32f30x_tim.o(.text)
    TIM_TimeBaseStructInit                   0x08000deb   Thumb Code    18  stm32f30x_tim.o(.text)
    TIM_PrescalerConfig                      0x08000dfd   Thumb Code     6  stm32f30x_tim.o(.text)
    TIM_CounterModeConfig                    0x08000e03   Thumb Code    18  stm32f30x_tim.o(.text)
    TIM_SetCounter                           0x08000e15   Thumb Code     4  stm32f30x_tim.o(.text)
    TIM_SetAutoreload                        0x08000e19   Thumb Code     4  stm32f30x_tim.o(.text)
    TIM_GetCounter                           0x08000e1d   Thumb Code     6  stm32f30x_tim.o(.text)
    TIM_GetPrescaler                         0x08000e23   Thumb Code     6  stm32f30x_tim.o(.text)
    TIM_UpdateDisableConfig                  0x08000e29   Thumb Code    24  stm32f30x_tim.o(.text)
    TIM_UpdateRequestConfig                  0x08000e41   Thumb Code    24  stm32f30x_tim.o(.text)
    TIM_UIFRemap                             0x08000e59   Thumb Code    24  stm32f30x_tim.o(.text)
    TIM_ARRPreloadConfig                     0x08000e71   Thumb Code    24  stm32f30x_tim.o(.text)
    TIM_SelectOnePulseMode                   0x08000e89   Thumb Code    18  stm32f30x_tim.o(.text)
    TIM_SetClockDivision                     0x08000e9b   Thumb Code    18  stm32f30x_tim.o(.text)
    TIM_Cmd                                  0x08000ead   Thumb Code    24  stm32f30x_tim.o(.text)
    TIM_OC1Init                              0x08000ec5   Thumb Code   120  stm32f30x_tim.o(.text)
    TIM_OC2Init                              0x08000f3d   Thumb Code   116  stm32f30x_tim.o(.text)
    TIM_OC3Init                              0x08000fb1   Thumb Code   114  stm32f30x_tim.o(.text)
    TIM_OC4Init                              0x08001023   Thumb Code   130  stm32f30x_tim.o(.text)
    TIM_OC5Init                              0x080010a5   Thumb Code    80  stm32f30x_tim.o(.text)
    TIM_OC6Init                              0x080010f5   Thumb Code    88  stm32f30x_tim.o(.text)
    TIM_SelectGC5C1                          0x0800114d   Thumb Code    22  stm32f30x_tim.o(.text)
    TIM_SelectGC5C2                          0x08001163   Thumb Code    22  stm32f30x_tim.o(.text)
    TIM_SelectGC5C3                          0x08001179   Thumb Code    22  stm32f30x_tim.o(.text)
    TIM_OCStructInit                         0x0800118f   Thumb Code    20  stm32f30x_tim.o(.text)
    TIM_SelectOCxM                           0x080011a3   Thumb Code    84  stm32f30x_tim.o(.text)
    TIM_SetCompare1                          0x080011f7   Thumb Code     4  stm32f30x_tim.o(.text)
    TIM_SetCompare2                          0x080011fb   Thumb Code     4  stm32f30x_tim.o(.text)
    TIM_SetCompare3                          0x080011ff   Thumb Code     4  stm32f30x_tim.o(.text)
    TIM_SetCompare4                          0x08001203   Thumb Code     4  stm32f30x_tim.o(.text)
    TIM_SetCompare5                          0x08001207   Thumb Code     4  stm32f30x_tim.o(.text)
    TIM_SetCompare6                          0x0800120b   Thumb Code     4  stm32f30x_tim.o(.text)
    TIM_ForcedOC1Config                      0x0800120f   Thumb Code    16  stm32f30x_tim.o(.text)
    TIM_ForcedOC2Config                      0x0800121f   Thumb Code    18  stm32f30x_tim.o(.text)
    TIM_ForcedOC3Config                      0x08001231   Thumb Code    16  stm32f30x_tim.o(.text)
    TIM_ForcedOC4Config                      0x08001241   Thumb Code    18  stm32f30x_tim.o(.text)
    TIM_ForcedOC5Config                      0x08001253   Thumb Code    16  stm32f30x_tim.o(.text)
    TIM_ForcedOC6Config                      0x08001263   Thumb Code    18  stm32f30x_tim.o(.text)
    TIM_OC1PreloadConfig                     0x08001275   Thumb Code    16  stm32f30x_tim.o(.text)
    TIM_OC2PreloadConfig                     0x08001285   Thumb Code    18  stm32f30x_tim.o(.text)
    TIM_OC3PreloadConfig                     0x08001297   Thumb Code    16  stm32f30x_tim.o(.text)
    TIM_OC4PreloadConfig                     0x080012a7   Thumb Code    18  stm32f30x_tim.o(.text)
    TIM_OC5PreloadConfig                     0x080012b9   Thumb Code    16  stm32f30x_tim.o(.text)
    TIM_OC6PreloadConfig                     0x080012c9   Thumb Code    18  stm32f30x_tim.o(.text)
    TIM_OC1FastConfig                        0x080012db   Thumb Code    16  stm32f30x_tim.o(.text)
    TIM_OC2FastConfig                        0x080012eb   Thumb Code    18  stm32f30x_tim.o(.text)
    TIM_OC3FastConfig                        0x080012fd   Thumb Code    16  stm32f30x_tim.o(.text)
    TIM_OC4FastConfig                        0x0800130d   Thumb Code    18  stm32f30x_tim.o(.text)
    TIM_ClearOC1Ref                          0x0800131f   Thumb Code    16  stm32f30x_tim.o(.text)
    TIM_ClearOC2Ref                          0x0800132f   Thumb Code    18  stm32f30x_tim.o(.text)
    TIM_ClearOC3Ref                          0x08001341   Thumb Code    16  stm32f30x_tim.o(.text)
    TIM_ClearOC4Ref                          0x08001351   Thumb Code    18  stm32f30x_tim.o(.text)
    TIM_ClearOC5Ref                          0x08001363   Thumb Code    16  stm32f30x_tim.o(.text)
    TIM_ClearOC6Ref                          0x08001373   Thumb Code    18  stm32f30x_tim.o(.text)
    TIM_SelectOCREFClear                     0x08001385   Thumb Code    18  stm32f30x_tim.o(.text)
    TIM_OC1PolarityConfig                    0x08001397   Thumb Code    16  stm32f30x_tim.o(.text)
    TIM_OC1NPolarityConfig                   0x080013a7   Thumb Code    16  stm32f30x_tim.o(.text)
    TIM_OC2PolarityConfig                    0x080013b7   Thumb Code    18  stm32f30x_tim.o(.text)
    TIM_OC2NPolarityConfig                   0x080013c9   Thumb Code    18  stm32f30x_tim.o(.text)
    TIM_OC3PolarityConfig                    0x080013db   Thumb Code    18  stm32f30x_tim.o(.text)
    TIM_OC3NPolarityConfig                   0x080013ed   Thumb Code    18  stm32f30x_tim.o(.text)
    TIM_OC4PolarityConfig                    0x080013ff   Thumb Code    18  stm32f30x_tim.o(.text)
    TIM_OC5PolarityConfig                    0x08001411   Thumb Code    18  stm32f30x_tim.o(.text)
    TIM_OC6PolarityConfig                    0x08001423   Thumb Code    18  stm32f30x_tim.o(.text)
    TIM_CCxCmd                               0x08001435   Thumb Code    28  stm32f30x_tim.o(.text)
    TIM_CCxNCmd                              0x08001451   Thumb Code    28  stm32f30x_tim.o(.text)
    TIM_SetIC4Prescaler                      0x0800146d   Thumb Code    26  stm32f30x_tim.o(.text)
    TIM_SetIC3Prescaler                      0x080014ef   Thumb Code    18  stm32f30x_tim.o(.text)
    TIM_SetIC2Prescaler                      0x0800154d   Thumb Code    18  stm32f30x_tim.o(.text)
    TIM_SetIC1Prescaler                      0x080015a1   Thumb Code    16  stm32f30x_tim.o(.text)
    TIM_ICInit                               0x080015e1   Thumb Code   110  stm32f30x_tim.o(.text)
    TIM_ICStructInit                         0x0800164f   Thumb Code    18  stm32f30x_tim.o(.text)
    TIM_PWMIConfig                           0x08001661   Thumb Code   124  stm32f30x_tim.o(.text)
    TIM_GetCapture1                          0x080016dd   Thumb Code     6  stm32f30x_tim.o(.text)
    TIM_GetCapture2                          0x080016e3   Thumb Code     6  stm32f30x_tim.o(.text)
    TIM_GetCapture3                          0x080016e9   Thumb Code     6  stm32f30x_tim.o(.text)
    TIM_GetCapture4                          0x080016ef   Thumb Code     6  stm32f30x_tim.o(.text)
    TIM_BDTRConfig                           0x080016f5   Thumb Code    30  stm32f30x_tim.o(.text)
    TIM_Break1Config                         0x08001713   Thumb Code    22  stm32f30x_tim.o(.text)
    TIM_Break2Config                         0x08001729   Thumb Code    22  stm32f30x_tim.o(.text)
    TIM_Break1Cmd                            0x0800173f   Thumb Code    22  stm32f30x_tim.o(.text)
    TIM_Break2Cmd                            0x08001755   Thumb Code    22  stm32f30x_tim.o(.text)
    TIM_BDTRStructInit                       0x0800176b   Thumb Code    18  stm32f30x_tim.o(.text)
    TIM_CtrlPWMOutputs                       0x0800177d   Thumb Code    22  stm32f30x_tim.o(.text)
    TIM_SelectCOM                            0x08001793   Thumb Code    24  stm32f30x_tim.o(.text)
    TIM_CCPreloadControl                     0x080017ab   Thumb Code    24  stm32f30x_tim.o(.text)
    TIM_ITConfig                             0x080017c3   Thumb Code    24  stm32f30x_tim.o(.text)
    TIM_GenerateEvent                        0x080017db   Thumb Code     4  stm32f30x_tim.o(.text)
    TIM_GetFlagStatus                        0x080017df   Thumb Code    18  stm32f30x_tim.o(.text)
    TIM_ClearFlag                            0x080017f1   Thumb Code     8  stm32f30x_tim.o(.text)
    TIM_GetITStatus                          0x080017f9   Thumb Code    34  stm32f30x_tim.o(.text)
    TIM_ClearITPendingBit                    0x0800181b   Thumb Code     8  stm32f30x_tim.o(.text)
    TIM_DMAConfig                            0x08001823   Thumb Code    10  stm32f30x_tim.o(.text)
    TIM_DMACmd                               0x0800182d   Thumb Code    24  stm32f30x_tim.o(.text)
    TIM_SelectCCDMA                          0x08001845   Thumb Code    24  stm32f30x_tim.o(.text)
    TIM_InternalClockConfig                  0x0800185d   Thumb Code    12  stm32f30x_tim.o(.text)
    TIM_SelectInputTrigger                   0x08001869   Thumb Code    20  stm32f30x_tim.o(.text)
    TIM_ITRxExternalClockConfig              0x0800187d   Thumb Code    24  stm32f30x_tim.o(.text)
    TIM_TIxExternalClockConfig               0x08001895   Thumb Code    62  stm32f30x_tim.o(.text)
    TIM_ETRConfig                            0x080018d3   Thumb Code    30  stm32f30x_tim.o(.text)
    TIM_ETRClockMode1Config                  0x080018f1   Thumb Code    56  stm32f30x_tim.o(.text)
    TIM_ETRClockMode2Config                  0x08001929   Thumb Code    32  stm32f30x_tim.o(.text)
    TIM_SelectOutputTrigger                  0x08001949   Thumb Code    18  stm32f30x_tim.o(.text)
    TIM_SelectOutputTrigger2                 0x0800195b   Thumb Code    16  stm32f30x_tim.o(.text)
    TIM_SelectSlaveMode                      0x0800196b   Thumb Code    16  stm32f30x_tim.o(.text)
    TIM_SelectMasterSlaveMode                0x0800197b   Thumb Code    18  stm32f30x_tim.o(.text)
    TIM_EncoderInterfaceConfig               0x0800198d   Thumb Code    72  stm32f30x_tim.o(.text)
    TIM_SelectHallSensor                     0x080019d5   Thumb Code    24  stm32f30x_tim.o(.text)
    TIM_RemapConfig                          0x080019ed   Thumb Code     6  stm32f30x_tim.o(.text)
    USART_DeInit                             0x080019f9   Thumb Code   134  stm32f30x_usart.o(.text)
    USART_Init                               0x08001a7f   Thumb Code   220  stm32f30x_usart.o(.text)
    USART_StructInit                         0x08001b5b   Thumb Code    24  stm32f30x_usart.o(.text)
    USART_ClockInit                          0x08001b73   Thumb Code    30  stm32f30x_usart.o(.text)
    USART_ClockStructInit                    0x08001b91   Thumb Code    12  stm32f30x_usart.o(.text)
    USART_Cmd                                0x08001b9d   Thumb Code    22  stm32f30x_usart.o(.text)
    USART_DirectionModeCmd                   0x08001bb3   Thumb Code    18  stm32f30x_usart.o(.text)
    USART_OverSampling8Cmd                   0x08001bc5   Thumb Code    22  stm32f30x_usart.o(.text)
    USART_OneBitMethodCmd                    0x08001bdb   Thumb Code    22  stm32f30x_usart.o(.text)
    USART_MSBFirstCmd                        0x08001bf1   Thumb Code    22  stm32f30x_usart.o(.text)
    USART_DataInvCmd                         0x08001c07   Thumb Code    22  stm32f30x_usart.o(.text)
    USART_InvPinCmd                          0x08001c1d   Thumb Code    18  stm32f30x_usart.o(.text)
    USART_SWAPPinCmd                         0x08001c2f   Thumb Code    22  stm32f30x_usart.o(.text)
    USART_ReceiverTimeOutCmd                 0x08001c45   Thumb Code    22  stm32f30x_usart.o(.text)
    USART_SetReceiverTimeOut                 0x08001c5b   Thumb Code    16  stm32f30x_usart.o(.text)
    USART_SetPrescaler                       0x08001c6b   Thumb Code    16  stm32f30x_usart.o(.text)
    USART_STOPModeCmd                        0x08001c7b   Thumb Code    22  stm32f30x_usart.o(.text)
    USART_StopModeWakeUpSourceConfig         0x08001c91   Thumb Code    16  stm32f30x_usart.o(.text)
    USART_AutoBaudRateCmd                    0x08001ca1   Thumb Code    22  stm32f30x_usart.o(.text)
    USART_AutoBaudRateConfig                 0x08001cb7   Thumb Code    16  stm32f30x_usart.o(.text)
    USART_SendData                           0x08001cc7   Thumb Code     8  stm32f30x_usart.o(.text)
    USART_ReceiveData                        0x08001ccf   Thumb Code    10  stm32f30x_usart.o(.text)
    USART_SetAddress                         0x08001cd9   Thumb Code    18  stm32f30x_usart.o(.text)
    USART_MuteModeCmd                        0x08001ceb   Thumb Code    22  stm32f30x_usart.o(.text)
    USART_MuteModeWakeUpConfig               0x08001d01   Thumb Code    16  stm32f30x_usart.o(.text)
    USART_AddressDetectionConfig             0x08001d11   Thumb Code    16  stm32f30x_usart.o(.text)
    USART_LINBreakDetectLengthConfig         0x08001d21   Thumb Code    16  stm32f30x_usart.o(.text)
    USART_LINCmd                             0x08001d31   Thumb Code    22  stm32f30x_usart.o(.text)
    USART_HalfDuplexCmd                      0x08001d47   Thumb Code    22  stm32f30x_usart.o(.text)
    USART_SetGuardTime                       0x08001d5d   Thumb Code    16  stm32f30x_usart.o(.text)
    USART_SmartCardCmd                       0x08001d6d   Thumb Code    22  stm32f30x_usart.o(.text)
    USART_SmartCardNACKCmd                   0x08001d83   Thumb Code    22  stm32f30x_usart.o(.text)
    USART_SetAutoRetryCount                  0x08001d99   Thumb Code    18  stm32f30x_usart.o(.text)
    USART_SetBlockLength                     0x08001dab   Thumb Code    18  stm32f30x_usart.o(.text)
    USART_IrDAConfig                         0x08001dbd   Thumb Code    16  stm32f30x_usart.o(.text)
    USART_IrDACmd                            0x08001dcd   Thumb Code    44  stm32f30x_usart.o(.text)
    USART_DECmd                              0x08001df9   Thumb Code    22  stm32f30x_usart.o(.text)
    USART_DEPolarityConfig                   0x08001e0f   Thumb Code    16  stm32f30x_usart.o(.text)
    USART_SetDEAssertionTime                 0x08001e1f   Thumb Code    18  stm32f30x_usart.o(.text)
    USART_SetDEDeassertionTime               0x08001e31   Thumb Code    18  stm32f30x_usart.o(.text)
    USART_DMACmd                             0x08001e43   Thumb Code    18  stm32f30x_usart.o(.text)
    USART_DMAReceptionErrorConfig            0x08001e55   Thumb Code    16  stm32f30x_usart.o(.text)
    USART_ITConfig                           0x08001e65   Thumb Code    58  stm32f30x_usart.o(.text)
    USART_RequestCmd                         0x08001e9f   Thumb Code    18  stm32f30x_usart.o(.text)
    USART_OverrunDetectionConfig             0x08001eb1   Thumb Code    16  stm32f30x_usart.o(.text)
    USART_GetFlagStatus                      0x08001ec1   Thumb Code    18  stm32f30x_usart.o(.text)
    USART_ClearFlag                          0x08001ed3   Thumb Code     4  stm32f30x_usart.o(.text)
    USART_GetITStatus                        0x08001ed7   Thumb Code    74  stm32f30x_usart.o(.text)
    USART_ClearITPendingBit                  0x08001f21   Thumb Code    18  stm32f30x_usart.o(.text)
    Display                                  0x08001f35   Thumb Code    30  main.o(.text)
    DisplayLine                              0x08001f53   Thumb Code    92  main.o(.text)
    Rotary                                   0x08001faf   Thumb Code   106  main.o(.text)
    UI_hl                                    0x08002019   Thumb Code  2060  main.o(.text)
    main                                     0x08002825   Thumb Code   160  main.o(.text)
    NMI_Handler                              0x0800293d   Thumb Code     2  stm32f30x_it.o(.text)
    HardFault_Handler                        0x0800293f   Thumb Code    10  stm32f30x_it.o(.text)
    MemManage_Handler                        0x08002949   Thumb Code     4  stm32f30x_it.o(.text)
    BusFault_Handler                         0x0800294d   Thumb Code     4  stm32f30x_it.o(.text)
    UsageFault_Handler                       0x08002951   Thumb Code     4  stm32f30x_it.o(.text)
    SVC_Handler                              0x08002955   Thumb Code     2  stm32f30x_it.o(.text)
    DebugMon_Handler                         0x08002957   Thumb Code     2  stm32f30x_it.o(.text)
    PendSV_Handler                           0x08002959   Thumb Code     2  stm32f30x_it.o(.text)
    SysTick_Handler                          0x0800295b   Thumb Code     2  stm32f30x_it.o(.text)
    TIM2_IRQHandler                          0x0800295d   Thumb Code    88  stm32f30x_it.o(.text)
    SystemInit                               0x08002a7f   Thumb Code   112  system_stm32f30x.o(.text)
    SystemCoreClockUpdate                    0x08002aef   Thumb Code   138  system_stm32f30x.o(.text)
    __2sprintf                               0x08002ba1   Thumb Code    34  noretval__2sprintf.o(.text)
    __printf                                 0x08002bc9   Thumb Code   104  __printf.o(.text)
    __use_two_region_memory                  0x08002c31   Thumb Code     2  heapauxi.o(.text)
    __rt_heap_escrow$2region                 0x08002c33   Thumb Code     2  heapauxi.o(.text)
    __rt_heap_expand$2region                 0x08002c35   Thumb Code     2  heapauxi.o(.text)
    __lib_sel_fp_printf                      0x08002c37   Thumb Code     2  _printf_fp_dec.o(.text)
    _printf_fp_dec_real                      0x08002de3   Thumb Code   628  _printf_fp_dec.o(.text)
    _printf_char_common                      0x08003063   Thumb Code    32  _printf_char_common.o(.text)
    _sputc                                   0x08003089   Thumb Code    10  _sputc.o(.text)
    __rt_locale                              0x08003095   Thumb Code     8  rt_locale_intlibspace.o(.text)
    _ll_udiv10                               0x0800309d   Thumb Code   138  lludiv10.o(.text)
    _printf_fp_infnan                        0x08003129   Thumb Code   112  _printf_fp_infnan.o(.text)
    _btod_etento                             0x080031a9   Thumb Code   222  bigflt0.o(.text)
    __user_libspace                          0x0800328d   Thumb Code     8  libspace.o(.text)
    __user_perproc_libspace                  0x0800328d   Thumb Code     0  libspace.o(.text)
    __user_perthread_libspace                0x0800328d   Thumb Code     0  libspace.o(.text)
    __user_setup_stackheap                   0x08003295   Thumb Code    74  sys_stackheap_outer.o(.text)
    exit                                     0x080032df   Thumb Code    12  exit.o(.text)
    strcmp                                   0x080032ed   Thumb Code   128  strcmpv7m.o(.text)
    _sys_exit                                0x0800336d   Thumb Code     8  sys_exit.o(.text)
    __I$use$semihosting                      0x08003379   Thumb Code     0  use_no_semi.o(.text)
    __use_no_semihosting_swi                 0x08003379   Thumb Code     2  use_no_semi.o(.text)
    __semihosting_library_function           0x0800337b   Thumb Code     0  indicate_semi.o(.text)
    _btod_d2e                                0x0800337b   Thumb Code    62  btod.o(CL$$btod_d2e)
    _d2e_denorm_low                          0x080033b9   Thumb Code    70  btod.o(CL$$btod_d2e_denorm_low)
    _d2e_norm_op1                            0x080033ff   Thumb Code    96  btod.o(CL$$btod_d2e_norm_op1)
    __btod_div_common                        0x0800345f   Thumb Code   696  btod.o(CL$$btod_div_common)
    _e2e                                     0x08003797   Thumb Code   198  btod.o(CL$$btod_e2e)
    _btod_ediv                               0x0800385d   Thumb Code    40  btod.o(CL$$btod_ediv)
    _btod_emul                               0x08003885   Thumb Code    40  btod.o(CL$$btod_emul)
    __btod_mult_common                       0x080038ad   Thumb Code   580  btod.o(CL$$btod_mult_common)
    __ARM_fpclassify                         0x08003af1   Thumb Code    48  fpclassify.o(i.__ARM_fpclassify)
    _get_lc_numeric                          0x08003b21   Thumb Code    44  lc_numeric_c.o(locale$$code)
    __aeabi_dadd                             0x08003b4d   Thumb Code     0  daddsub_clz.o(x$fpl$dadd)
    _dadd                                    0x08003b4d   Thumb Code   332  daddsub_clz.o(x$fpl$dadd)
    __fpl_dcmp_Inf                           0x08003c9d   Thumb Code    24  dcmpi.o(x$fpl$dcmpinf)
    __aeabi_cdcmpeq                          0x08003cb5   Thumb Code     0  deqf.o(x$fpl$deqf)
    _dcmpeq                                  0x08003cb5   Thumb Code   120  deqf.o(x$fpl$deqf)
    __fpl_dnaninf                            0x08003d2d   Thumb Code   156  dnaninf.o(x$fpl$dnaninf)
    __fpl_dretinf                            0x08003dc9   Thumb Code    12  dretinf.o(x$fpl$dretinf)
    __aeabi_dsub                             0x08003dd5   Thumb Code     0  daddsub_clz.o(x$fpl$dsub)
    _dsub                                    0x08003dd5   Thumb Code   464  daddsub_clz.o(x$fpl$dsub)
    _fp_init                                 0x08003fa9   Thumb Code    10  fpinit.o(x$fpl$fpinit)
    __fplib_config_fpu_vfp                   0x08003fb1   Thumb Code     0  fpinit.o(x$fpl$fpinit)
    __fplib_config_pureend_doubles           0x08003fb1   Thumb Code     0  fpinit.o(x$fpl$fpinit)
    _printf_fp_dec                           0x08003fb3   Thumb Code     4  printf1.o(x$fpl$printf1)
    __I$use$fp                               0x08003fb6   Number         0  usenofp.o(x$fpl$usenofp)
    Region$$Table$$Base                      0x0800404c   Number         0  anon$$obj.o(Region$$Table)
    Region$$Table$$Limit                     0x0800406c   Number         0  anon$$obj.o(Region$$Table)
    threshold                                0x20000030   Data           8  main.o(.data)
    attack                                   0x20000038   Data           8  main.o(.data)
    ratio                                    0x20000040   Data           8  main.o(.data)
    release                                  0x20000048   Data           8  main.o(.data)
    mug                                      0x20000050   Data           8  main.o(.data)
    autoEN                                   0x20000058   Data           4  main.o(.data)
    bypassEN                                 0x2000005c   Data           4  main.o(.data)
    GPIO_InitStructure                       0x20000060   Data           8  main.o(.data)
    IC2Value                                 0x20000068   Data           2  stm32f30x_it.o(.data)
    DutyCycle                                0x2000006a   Data           2  stm32f30x_it.o(.data)
    Frequency                                0x2000006c   Data           4  stm32f30x_it.o(.data)
    SystemCoreClock                          0x20000070   Data           4  system_stm32f30x.o(.data)
    AHBPrescTable                            0x20000074   Data          16  system_stm32f30x.o(.data)
    USART1_InitStructure                     0x20000084   Data          24  main.o(.bss)
    RCC_Clocks                               0x2000009c   Data          60  stm32f30x_it.o(.bss)
    __libspace_start                         0x200000d8   Data          96  libspace.o(.bss)
    __temporary_stack_top$libspace           0x20000138   Data           0  libspace.o(.bss)



==============================================================================

Memory Map of the image

  Image Entry point : 0x08000241

  Load Region LR_1 (Base: 0x08000000, Size: 0x0000410c, Max: 0xffffffff, ABSOLUTE)

    Execution Region ER_RO (Base: 0x08000000, Size: 0x00004088, Max: 0xffffffff, ABSOLUTE)

    Base Addr    Size         Type   Attr      Idx    E Section Name        Object

    0x08000000   0x00000188   Data   RO            3    RESET               startup_stm32f30x.o
    0x08000188   0x00000008   Code   RO          817  * !!!main             c_w.l(__main.o)
    0x08000190   0x00000034   Code   RO         1040    !!!scatter          c_w.l(__scatter.o)
    0x080001c4   0x0000001a   Code   RO         1042    !!handler_copy      c_w.l(__scatter_copy.o)
    0x080001de   0x00000002   PAD
    0x080001e0   0x0000001c   Code   RO         1044    !!handler_zi        c_w.l(__scatter_zi.o)
    0x080001fc   0x00000000   Code   RO          814    .ARM.Collect$$_printf_percent$$00000000  c_w.l(_printf_percent.o)
    0x080001fc   0x00000006   Code   RO          813    .ARM.Collect$$_printf_percent$$00000005  c_w.l(_printf_g.o)
    0x08000202   0x00000004   Code   RO          836    .ARM.Collect$$_printf_percent$$00000017  c_w.l(_printf_percent_end.o)
    0x08000206   0x00000002   Code   RO          916    .ARM.Collect$$libinit$$00000000  c_w.l(libinit.o)
    0x08000208   0x00000004   Code   RO          917    .ARM.Collect$$libinit$$00000001  c_w.l(libinit2.o)
    0x0800020c   0x00000000   Code   RO          921    .ARM.Collect$$libinit$$00000008  c_w.l(libinit2.o)
    0x0800020c   0x00000000   Code   RO          923    .ARM.Collect$$libinit$$0000000A  c_w.l(libinit2.o)
    0x0800020c   0x00000000   Code   RO          925    .ARM.Collect$$libinit$$0000000C  c_w.l(libinit2.o)
    0x0800020c   0x00000006   Code   RO          926    .ARM.Collect$$libinit$$0000000D  c_w.l(libinit2.o)
    0x08000212   0x00000000   Code   RO          928    .ARM.Collect$$libinit$$0000000F  c_w.l(libinit2.o)
    0x08000212   0x00000000   Code   RO          930    .ARM.Collect$$libinit$$00000011  c_w.l(libinit2.o)
    0x08000212   0x00000000   Code   RO          932    .ARM.Collect$$libinit$$00000013  c_w.l(libinit2.o)
    0x08000212   0x0000000a   Code   RO          933    .ARM.Collect$$libinit$$00000014  c_w.l(libinit2.o)
    0x0800021c   0x00000000   Code   RO          934    .ARM.Collect$$libinit$$00000015  c_w.l(libinit2.o)
    0x0800021c   0x00000000   Code   RO          936    .ARM.Collect$$libinit$$00000017  c_w.l(libinit2.o)
    0x0800021c   0x00000000   Code   RO          938    .ARM.Collect$$libinit$$00000019  c_w.l(libinit2.o)
    0x0800021c   0x00000000   Code   RO          940    .ARM.Collect$$libinit$$0000001B  c_w.l(libinit2.o)
    0x0800021c   0x00000000   Code   RO          942    .ARM.Collect$$libinit$$0000001D  c_w.l(libinit2.o)
    0x0800021c   0x00000000   Code   RO          944    .ARM.Collect$$libinit$$0000001F  c_w.l(libinit2.o)
    0x0800021c   0x00000000   Code   RO          946    .ARM.Collect$$libinit$$00000021  c_w.l(libinit2.o)
    0x0800021c   0x00000000   Code   RO          948    .ARM.Collect$$libinit$$00000023  c_w.l(libinit2.o)
    0x0800021c   0x00000000   Code   RO          952    .ARM.Collect$$libinit$$0000002A  c_w.l(libinit2.o)
    0x0800021c   0x00000000   Code   RO          954    .ARM.Collect$$libinit$$0000002C  c_w.l(libinit2.o)
    0x0800021c   0x00000000   Code   RO          956    .ARM.Collect$$libinit$$0000002E  c_w.l(libinit2.o)
    0x0800021c   0x00000000   Code   RO          958    .ARM.Collect$$libinit$$00000030  c_w.l(libinit2.o)
    0x0800021c   0x00000002   Code   RO          959    .ARM.Collect$$libinit$$00000031  c_w.l(libinit2.o)
    0x0800021e   0x00000002   Code   RO          989    .ARM.Collect$$libshutdown$$00000000  c_w.l(libshutdown.o)
    0x08000220   0x00000000   Code   RO         1001    .ARM.Collect$$libshutdown$$00000003  c_w.l(libshutdown2.o)
    0x08000220   0x00000000   Code   RO         1004    .ARM.Collect$$libshutdown$$00000006  c_w.l(libshutdown2.o)
    0x08000220   0x00000000   Code   RO         1007    .ARM.Collect$$libshutdown$$00000009  c_w.l(libshutdown2.o)
    0x08000220   0x00000000   Code   RO         1009    .ARM.Collect$$libshutdown$$0000000B  c_w.l(libshutdown2.o)
    0x08000220   0x00000000   Code   RO         1012    .ARM.Collect$$libshutdown$$0000000E  c_w.l(libshutdown2.o)
    0x08000220   0x00000002   Code   RO         1013    .ARM.Collect$$libshutdown$$0000000F  c_w.l(libshutdown2.o)
    0x08000222   0x00000000   Code   RO          829    .ARM.Collect$$rtentry$$00000000  c_w.l(rtentry.o)
    0x08000222   0x00000000   Code   RO          845    .ARM.Collect$$rtentry$$00000002  c_w.l(rtentry2.o)
    0x08000222   0x00000006   Code   RO          857    .ARM.Collect$$rtentry$$00000004  c_w.l(rtentry4.o)
    0x08000228   0x00000000   Code   RO          847    .ARM.Collect$$rtentry$$00000009  c_w.l(rtentry2.o)
    0x08000228   0x00000004   Code   RO          848    .ARM.Collect$$rtentry$$0000000A  c_w.l(rtentry2.o)
    0x0800022c   0x00000000   Code   RO          850    .ARM.Collect$$rtentry$$0000000C  c_w.l(rtentry2.o)
    0x0800022c   0x00000008   Code   RO          851    .ARM.Collect$$rtentry$$0000000D  c_w.l(rtentry2.o)
    0x08000234   0x00000002   Code   RO          960    .ARM.Collect$$rtexit$$00000000  c_w.l(rtexit.o)
    0x08000236   0x00000000   Code   RO          967    .ARM.Collect$$rtexit$$00000002  c_w.l(rtexit2.o)
    0x08000236   0x00000004   Code   RO          968    .ARM.Collect$$rtexit$$00000003  c_w.l(rtexit2.o)
    0x0800023a   0x00000006   Code   RO          969    .ARM.Collect$$rtexit$$00000004  c_w.l(rtexit2.o)
    0x08000240   0x00000040   Code   RO            4  * .text               startup_stm32f30x.o
    0x08000280   0x000001f4   Code   RO          399    .text               stm32f30x_gpio.o
    0x08000474   0x00000808   Code   RO          531    .text               stm32f30x_rcc.o
    0x08000c7c   0x00000d7c   Code   RO          622    .text               stm32f30x_tim.o
    0x080019f8   0x0000053a   Code   RO          645    .text               stm32f30x_usart.o
    0x08001f32   0x00000002   PAD
    0x08001f34   0x00000a08   Code   RO          688    .text               main.o
    0x0800293c   0x00000088   Code   RO          737    .text               stm32f30x_it.o
    0x080029c4   0x000001dc   Code   RO          761    .text               system_stm32f30x.o
    0x08002ba0   0x00000028   Code   RO          789    .text               c_w.l(noretval__2sprintf.o)
    0x08002bc8   0x00000068   Code   RO          791    .text               c_w.l(__printf.o)
    0x08002c30   0x00000006   Code   RO          815    .text               c_w.l(heapauxi.o)
    0x08002c36   0x00000420   Code   RO          830    .text               c_w.l(_printf_fp_dec.o)
    0x08003056   0x00000002   PAD
    0x08003058   0x00000030   Code   RO          832    .text               c_w.l(_printf_char_common.o)
    0x08003088   0x0000000a   Code   RO          834    .text               c_w.l(_sputc.o)
    0x08003092   0x00000002   PAD
    0x08003094   0x00000008   Code   RO          862    .text               c_w.l(rt_locale_intlibspace.o)
    0x0800309c   0x0000008a   Code   RO          864    .text               c_w.l(lludiv10.o)
    0x08003126   0x00000002   PAD
    0x08003128   0x00000080   Code   RO          866    .text               c_w.l(_printf_fp_infnan.o)
    0x080031a8   0x000000e4   Code   RO          870    .text               c_w.l(bigflt0.o)
    0x0800328c   0x00000008   Code   RO          902    .text               c_w.l(libspace.o)
    0x08003294   0x0000004a   Code   RO          905    .text               c_w.l(sys_stackheap_outer.o)
    0x080032de   0x0000000c   Code   RO          907    .text               c_w.l(exit.o)
    0x080032ea   0x00000002   PAD
    0x080032ec   0x00000080   Code   RO          909    .text               c_w.l(strcmpv7m.o)
    0x0800336c   0x0000000c   Code   RO          979    .text               c_w.l(sys_exit.o)
    0x08003378   0x00000002   Code   RO          990    .text               c_w.l(use_no_semi.o)
    0x0800337a   0x00000000   Code   RO          992    .text               c_w.l(indicate_semi.o)
    0x0800337a   0x0000003e   Code   RO          873    CL$$btod_d2e        c_w.l(btod.o)
    0x080033b8   0x00000046   Code   RO          875    CL$$btod_d2e_denorm_low  c_w.l(btod.o)
    0x080033fe   0x00000060   Code   RO          874    CL$$btod_d2e_norm_op1  c_w.l(btod.o)
    0x0800345e   0x00000338   Code   RO          883    CL$$btod_div_common  c_w.l(btod.o)
    0x08003796   0x000000c6   Code   RO          880    CL$$btod_e2e        c_w.l(btod.o)
    0x0800385c   0x00000028   Code   RO          877    CL$$btod_ediv       c_w.l(btod.o)
    0x08003884   0x00000028   Code   RO          876    CL$$btod_emul       c_w.l(btod.o)
    0x080038ac   0x00000244   Code   RO          882    CL$$btod_mult_common  c_w.l(btod.o)
    0x08003af0   0x00000030   Code   RO          900    i.__ARM_fpclassify  m_wm.l(fpclassify.o)
    0x08003b20   0x0000002c   Code   RO          896    locale$$code        c_w.l(lc_numeric_c.o)
    0x08003b4c   0x00000150   Code   RO          819    x$fpl$dadd          fz_wm.l(daddsub_clz.o)
    0x08003c9c   0x00000018   Code   RO          837    x$fpl$dcmpinf       fz_wm.l(dcmpi.o)
    0x08003cb4   0x00000078   Code   RO          825    x$fpl$deqf          fz_wm.l(deqf.o)
    0x08003d2c   0x0000009c   Code   RO          839    x$fpl$dnaninf       fz_wm.l(dnaninf.o)
    0x08003dc8   0x0000000c   Code   RO          841    x$fpl$dretinf       fz_wm.l(dretinf.o)
    0x08003dd4   0x000001d4   Code   RO          821    x$fpl$dsub          fz_wm.l(daddsub_clz.o)
    0x08003fa8   0x0000000a   Code   RO          964    x$fpl$fpinit        fz_wm.l(fpinit.o)
    0x08003fb2   0x00000004   Code   RO          827    x$fpl$printf1       fz_wm.l(printf1.o)
    0x08003fb6   0x00000000   Code   RO          843    x$fpl$usenofp       fz_wm.l(usenofp.o)
    0x08003fb6   0x00000002   PAD
    0x08003fb8   0x00000094   Data   RO          871    .constdata          c_w.l(bigflt0.o)
    0x0800404c   0x00000020   Data   RO         1038    Region$$Table       anon$$obj.o
    0x0800406c   0x0000001c   Data   RO          895    locale$$data        c_w.l(lc_numeric_c.o)


    Execution Region ER_RW (Base: 0x20000000, Size: 0x00000084, Max: 0xffffffff, ABSOLUTE)

    Base Addr    Size         Type   Attr      Idx    E Section Name        Object

    0x20000000   0x0000002a   Data   RW          532    .data               stm32f30x_rcc.o
    0x2000002a   0x00000006   PAD
    0x20000030   0x00000038   Data   RW          690    .data               main.o
    0x20000068   0x00000008   Data   RW          739    .data               stm32f30x_it.o
    0x20000070   0x00000014   Data   RW          762    .data               system_stm32f30x.o


    Execution Region ER_ZI (Base: 0x20000084, Size: 0x000006b4, Max: 0xffffffff, ABSOLUTE)

    Base Addr    Size         Type   Attr      Idx    E Section Name        Object

    0x20000084   0x00000018   Zero   RW          689    .bss                main.o
    0x2000009c   0x0000003c   Zero   RW          738    .bss                stm32f30x_it.o
    0x200000d8   0x00000060   Zero   RW          903    .bss                c_w.l(libspace.o)
    0x20000138   0x00000200   Zero   RW            2    HEAP                startup_stm32f30x.o
    0x20000338   0x00000400   Zero   RW            1    STACK               startup_stm32f30x.o


==============================================================================

Image component sizes


      Code (inc. data)   RO Data    RW Data    ZI Data      Debug   Object Name

      2568        490          0         56         24     194533   main.o
        64         26        392          0       1536        964   startup_stm32f30x.o
         0          0          0          0          0      14808   stm32f30x_adc.o
       500         22          0          0          0       8749   stm32f30x_gpio.o
       136         16          0          8         60       2028   stm32f30x_it.o
      2056         68          0         42          0      25069   stm32f30x_rcc.o
      3452         68          0          0          0      52115   stm32f30x_tim.o
      1338         22          0          0          0      22082   stm32f30x_usart.o
         0          0          0          0          0     224760   stm32f3_discovery.o
       476         40          0         20          0       1775   system_stm32f30x.o

    ----------------------------------------------------------------------
     10592        752        424        132       1620     546883   Object Totals
         0          0         32          0          0          0   (incl. Generated)
         2          0          0          6          0          0   (incl. Padding)

    ----------------------------------------------------------------------

      Code (inc. data)   RO Data    RW Data    ZI Data      Debug   Library Member Name

         8          0          0          0          0         68   __main.o
       104          0          0          0          0         84   __printf.o
        52          8          0          0          0          0   __scatter.o
        26          0          0          0          0          0   __scatter_copy.o
        28          0          0          0          0          0   __scatter_zi.o
        48          6          0          0          0         96   _printf_char_common.o
      1056          0          0          0          0        216   _printf_fp_dec.o
       128         16          0          0          0         84   _printf_fp_infnan.o
         6          0          0          0          0          0   _printf_g.o
         0          0          0          0          0          0   _printf_percent.o
         4          0          0          0          0          0   _printf_percent_end.o
        10          0          0          0          0         68   _sputc.o
       228          6        148          0          0         96   bigflt0.o
      1910        128          0          0          0        672   btod.o
        12          0          0          0          0         72   exit.o
         6          0          0          0          0        152   heapauxi.o
         0          0          0          0          0          0   indicate_semi.o
        44         10         28          0          0         76   lc_numeric_c.o
         2          0          0          0          0          0   libinit.o
        22          0          0          0          0          0   libinit2.o
         2          0          0          0          0          0   libshutdown.o
         2          0          0          0          0          0   libshutdown2.o
         8          4          0          0         96         68   libspace.o
       138          0          0          0          0         80   lludiv10.o
        40          6          0          0          0         84   noretval__2sprintf.o
         8          4          0          0          0         68   rt_locale_intlibspace.o
         0          0          0          0          0          0   rtentry.o
        12          0          0          0          0          0   rtentry2.o
         6          0          0          0          0          0   rtentry4.o
         2          0          0          0          0          0   rtexit.o
        10          0          0          0          0          0   rtexit2.o
       128          0          0          0          0         68   strcmpv7m.o
        12          4          0          0          0         68   sys_exit.o
        74          0          0          0          0         80   sys_stackheap_outer.o
         2          0          0          0          0         68   use_no_semi.o
       804         16          0          0          0        368   daddsub_clz.o
        24          0          0          0          0        116   dcmpi.o
       120          4          0          0          0        140   deqf.o
       156          4          0          0          0        140   dnaninf.o
        12          0          0          0          0        116   dretinf.o
        10          0          0          0          0        116   fpinit.o
         4          0          0          0          0        116   printf1.o
         0          0          0          0          0          0   usenofp.o
        48          0          0          0          0        124   fpclassify.o

    ----------------------------------------------------------------------
      5328        216        176          0         96       3504   Library Totals
        12          0          0          0          0          0   (incl. Padding)

    ----------------------------------------------------------------------

      Code (inc. data)   RO Data    RW Data    ZI Data      Debug   Library Name

      4138        192        176          0         96       2268   c_w.l
      1130         24          0          0          0       1112   fz_wm.l
        48          0          0          0          0        124   m_wm.l

    ----------------------------------------------------------------------
      5328        216        176          0         96       3504   Library Totals

    ----------------------------------------------------------------------

==============================================================================


      Code (inc. data)   RO Data    RW Data    ZI Data      Debug   

     15920        968        600        132       1716     546687   Grand Totals
     15920        968        600        132       1716     546687   ELF Image Totals
     15920        968        600        132          0          0   ROM Totals

==============================================================================

    Total RO  Size (Code + RO Data)                16520 (  16.13kB)
    Total RW  Size (RW Data + ZI Data)              1848 (   1.80kB)
    Total ROM Size (Code + RO Data + RW Data)      16652 (  16.26kB)

==============================================================================

