<html>
<body>
<pre>
<h1>µVision Build Log</h1>
<h2>Project:</h2>
C:\Users\jda3800\Documents\Keil_STM32\Project\SD_Projects\System\MDK-ARM\System.uvproj
Project File Date:  10/23/2014

<h2>Output:</h2>
Build Project 'System' - Target 'STM32F3_Discovery'
compiling main.c...
linking...
Program Size: Code=25732 RO-data=488 RW-data=312 ZI-data=1760  
FromELF: creating hex file...
".\Obj\System.axf" - 0 Error(s), 0 Warning(s).
Load "C:\\Users\\jda3800\\Documents\\Keil_STM32\\Project\\SD_Projects\\System\\MDK-ARM\\Obj\\System.axf" 
Erase Done.
Programming Done.
Verify OK.
  
FromELF: creating hex file...
".\Obj\System.axf" - 0 Error(s), 1 Warning(s).
Load "C:\\Users\\jda3800\\Documents\\Keil_STM32\\Project\\SD_Projects\\System\\MDK-ARM\\Obj\\System.axf" 
Erase Done.
Programming Done.
Verify OK.
EVAL_LEDToggle(LED8);
..\stm32f30x_it.c: 2 warnings, 1 error
".\Obj\System.axf" - 1 Error(s), 2 Warning(s).
Target not created
dB2 x 0.30103;
..\stm32f30x_it.c: 1 warning, 3 errors
".\Obj\System.axf" - 3 Error(s), 1 Warning(s).
Target not created
Load "C:\\Users\\jda3800\\Documents\\Keil_STM32\\Project\\SD_Projects\\System\\MDK-ARM\\Obj\\System.axf" 
_____^
*** error 56: cannot open file
Error: Flash Download failed  -  Could not load file 'C:\Users\jda3800\Documents\Keil_STM32\Project\SD_Projects\System\MDK-ARM\Obj\System.axf'
