<html>
<body>
<pre>
<h1>µVision Build Log</h1>
<h2>Project:</h2>
C:\Users\jda3800\Documents\Keil_STM32\Project\SD_Projects\System\MDK-ARM\System.uvproj
Project File Date:  10/23/2014

<h2>Output:</h2>
Build Project 'System' - Target 'STM32F3_Discovery'
compiling stm32f30x_it.c...
C:\Users\jda3800\Documents\Keil_STM32\Project\SD_Projects\System\stm32f30x_it.c(475): warning:  #223-D: function "log2" declared implicitly
                base2SSdB = log2( SSint );
..\stm32f30x_it.c: 1 warning, 0 errors
linking...
Program Size: Code=28088 RO-data=552 RW-data=312 ZI-data=1760  
FromELF: creating hex file...
".\Obj\System.axf" - 0 Error(s), 1 Warning(s).
</pre>
</body>
</html>
