<html>
<body>
<pre>
<h1>µVision Build Log</h1>
<h2>Project:</h2>
C:\Users\jda3800\Documents\Keil_STM32\Project\SD_Projects\System\MDK-ARM\System.uvproj
Project File Date:  11/04/2014

<h2>Output:</h2>
Build Project 'System' - Target 'STM32F3_Discovery'
linking...
Program Size: Code=25892 RO-data=488 RW-data=264 ZI-data=1760  
FromELF: creating hex file...
".\Obj\System.axf" - 0 Error(s), 0 Warning(s).
</pre>
</body>
</html>
            base2SSdB = log2( SS16q16int );
..\stm32f30x_it.c: 1 warning, 0 errors
linking...
Program Size: Code=25892 RO-data=488 RW-data=264 ZI-data=1760  
FromELF: creating hex file...
".\Obj\System.axf" - 0 Error(s), 1 Warning(s).
Load "C:\\Users\\jda3800\\Documents\\Keil_STM32\\Project\\SD_Projects\\System\\MDK-ARM\\Obj\\System.axf" 
Erase Done.
Programming Done.
Verify OK.
g Done.
Verify OK.
