<html>
<body>
<pre>
<h1>µVision Build Log</h1>
<h2>Project:</h2>
C:\Users\jda3800\Documents\Keil_STM32\Project\SD_Projects\System\MDK-ARM\System.uvproj
Project File Date:  10/09/2014

<h2>Output:</h2>
Build Project 'System' - Target 'STM32F3_Discovery'
compiling stm32f3_discovery.c...
compiling stm32f30x_adc.c...
compiling stm32f30x_can.c...
compiling stm32f30x_comp.c...
compiling stm32f30x_crc.c...
compiling stm32f30x_dac.c...
compiling stm32f30x_dbgmcu.c...
compiling stm32f30x_dma.c...
compiling stm32f30x_exti.c...
compiling stm32f30x_flash.c...
compiling stm32f30x_gpio.c...
compiling stm32f30x_i2c.c...
compiling stm32f30x_iwdg.c...
compiling stm32f30x_misc.c...
compiling stm32f30x_opamp.c...
compiling stm32f30x_pwr.c...
compiling stm32f30x_rcc.c...
compiling stm32f30x_rtc.c...
compiling stm32f30x_spi.c...
compiling stm32f30x_syscfg.c...
compiling stm32f30x_tim.c...
compiling stm32f30x_usart.c...
compiling stm32f30x_wwdg.c...
compiling main.c...
compiling stm32f30x_it.c...
compiling system_stm32f30x.c...
linking...
Program Size: Code=6468 RO-data=424 RW-data=72 ZI-data=1696  
FromELF: creating hex file...
".\Obj\System.axf" - 0 Error(s), 0 Warning(s).
</pre>
</body>
</html>
c: 0 warnings, 1 error
compiling stm32f30x_comp.c...
C:\Users\jda3800\Documents\Keil_STM32\Libraries\STM32F30x_StdPeriph_Driver\src\stm32f30x_comp.c(166): error:  #5: cannot open source input file "stm32f30x_comp.h": No such file or directory
  #include "stm32f30x_comp.h"
..\..\..\..\Libraries\STM32F30x_StdPeriph_Driver\src\stm32f30x_comp.c: 0 warnings, 1 error
compiling stm32f30x_crc.c...
C:\Users\jda3800\Documents\Keil_STM32\Libraries\STM32F30x_StdPeriph_Driver\src\stm32f30x_crc.c(56): error:  #5: cannot open source input file "stm32f30x_crc.h": No such file or directory
  #include "stm32f30x_crc.h"
..\..\..\..\Libraries\STM32F30x_StdPeriph_Driver\src\stm32f30x_crc.c: 0 warnings, 1 error
compiling stm32f30x_dac.c...
C:\Users\jda3800\Documents\Keil_STM32\Libraries\STM32F30x_StdPeriph_Driver\src\stm32f30x_dac.c(102): error:  #5: cannot open source input file "stm32f30x_dac.h": No such file or directory
  #include "stm32f30x_dac.h"
..\..\..\..\Libraries\STM32F30x_StdPeriph_Driver\src\stm32f30x_dac.c: 0 warnings, 1 error
compiling stm32f30x_dbgmcu.c...
C:\Users\jda3800\Documents\Keil_STM32\Libraries\STM32F30x_StdPeriph_Driver\src\stm32f30x_dbgmcu.c(32): error:  #5: cannot open source input file "stm32f30x_dbgmcu.h": No such file or directory
  #include "stm32f30x_dbgmcu.h"
..\..\..\..\Libraries\STM32F30x_StdPeriph_Driver\src\stm32f30x_dbgmcu.c: 0 warnings, 1 error
compiling stm32f30x_dma.c...
C:\Users\jda3800\Documents\Keil_STM32\Libraries\STM32F30x_StdPeriph_Driver\src\stm32f30x_dma.c(74): error:  #5: cannot open source input file "stm32f30x_dma.h": No such file or directory
  #include "stm32f30x_dma.h"
..\..\..\..\Libraries\STM32F30x_StdPeriph_Driver\src\stm32f30x_dma.c: 0 warnings, 1 error
compiling stm32f30x_exti.c...
C:\Users\jda3800\Documents\Keil_STM32\Libraries\STM32F30x_StdPeriph_Driver\src\stm32f30x_exti.c(81): error:  #5: cannot open source input file "stm32f30x_exti.h": No such file or directory
  #include "stm32f30x_exti.h"
..\..\..\..\Libraries\STM32F30x_StdPeriph_Driver\src\stm32f30x_exti.c: 0 warnings, 1 error
compiling stm32f30x_flash.c...
C:\Users\jda3800\Documents\Keil_STM32\Libraries\STM32F30x_StdPeriph_Driver\src\stm32f30x_flash.c(76): error:  #5: cannot open source input file "stm32f30x_flash.h": No such file or directory
  #include "stm32f30x_flash.h"
..\..\..\..\Libraries\STM32F30x_StdPeriph_Driver\src\stm32f30x_flash.c: 0 warnings, 1 error
compiling stm32f30x_gpio.c...
C:\Users\jda3800\Documents\Keil_STM32\Libraries\STM32F30x_StdPeriph_Driver\src\stm32f30x_gpio.c(77): error:  #5: cannot open source input file "stm32f30x_gpio.h": No such file or directory
  #include "stm32f30x_gpio.h"
..\..\..\..\Libraries\STM32F30x_StdPeriph_Driver\src\stm32f30x_gpio.c: 0 warnings, 1 error
compiling stm32f30x_i2c.c...
C:\Users\jda3800\Documents\Keil_STM32\Libraries\STM32F30x_StdPeriph_Driver\src\stm32f30x_i2c.c(79): error:  #5: cannot open source input file "stm32f30x_i2c.h": No such file or directory
  #include "stm32f30x_i2c.h"
..\..\..\..\Libraries\STM32F30x_StdPeriph_Driver\src\stm32f30x_i2c.c: 0 warnings, 1 error
compiling stm32f30x_iwdg.c...
C:\Users\jda3800\Documents\Keil_STM32\Libraries\STM32F30x_StdPeriph_Driver\src\stm32f30x_iwdg.c(93): error:  #5: cannot open source input file "stm32f30x_iwdg.h": No such file or directory
  #include "stm32f30x_iwdg.h"
..\..\..\..\Libraries\STM32F30x_StdPeriph_Driver\src\stm32f30x_iwdg.c: 0 warnings, 1 error
compiling stm32f30x_misc.c...
C:\Users\jda3800\Documents\Keil_STM32\Libraries\STM32F30x_StdPeriph_Driver\src\stm32f30x_misc.c(58): error:  #5: cannot open source input file "stm32f30x_misc.h": No such file or directory
  #include "stm32f30x_misc.h"
..\..\..\..\Libraries\STM32F30x_StdPeriph_Driver\src\stm32f30x_misc.c: 0 warnings, 1 error
compiling stm32f30x_opamp.c...
C:\Users\jda3800\Documents\Keil_STM32\Libraries\STM32F30x_StdPeriph_Driver\src\stm32f30x_opamp.c(96): error:  #5: cannot open source input file "stm32f30x_opamp.h": No such file or directory
  #include "stm32f30x_opamp.h"
..\..\..\..\Libraries\STM32F30x_StdPeriph_Driver\src\stm32f30x_opamp.c: 0 warnings, 1 error
compiling stm32f30x_pwr.c...
C:\Users\jda3800\Documents\Keil_STM32\Libraries\STM32F30x_StdPeriph_Driver\src\stm32f30x_pwr.c(36): error:  #5: cannot open source input file "stm32f30x_pwr.h": No such file or directory
  #include "stm32f30x_pwr.h"
..\..\..\..\Libraries\STM32F30x_StdPeriph_Driver\src\stm32f30x_pwr.c: 0 warnings, 1 error
compiling stm32f30x_rcc.c...
C:\Users\jda3800\Documents\Keil_STM32\Libraries\STM32F30x_StdPeriph_Driver\src\stm32f30x_rcc.c(58): error:  #5: cannot open source input file "stm32f30x_rcc.h": No such file or directory
  #include "stm32f30x_rcc.h"
..\..\..\..\Libraries\STM32F30x_StdPeriph_Driver\src\stm32f30x_rcc.c: 0 warnings, 1 error
compiling stm32f30x_rtc.c...
C:\Users\jda3800\Documents\Keil_STM32\Libraries\STM32F30x_StdPeriph_Driver\src\stm32f30x_rtc.c(239): error:  #5: cannot open source input file "stm32f30x_rtc.h": No such file or directory
  #include "stm32f30x_rtc.h"
..\..\..\..\Libraries\STM32F30x_StdPeriph_Driver\src\stm32f30x_rtc.c: 0 warnings, 1 error
compiling stm32f30x_spi.c...
C:\Users\jda3800\Documents\Keil_STM32\Libraries\STM32F30x_StdPeriph_Driver\src\stm32f30x_spi.c(123): error:  #5: cannot open source input file "stm32f30x_spi.h": No such file or directory
  #include "stm32f30x_spi.h"
..\..\..\..\Libraries\STM32F30x_StdPeriph_Driver\src\stm32f30x_spi.c: 0 warnings, 1 error
compiling stm32f30x_syscfg.c...
C:\Users\jda3800\Documents\Keil_STM32\Libraries\STM32F30x_StdPeriph_Driver\src\stm32f30x_syscfg.c(49): error:  #5: cannot open source input file "stm32f30x_syscfg.h": No such file or directory
  #include "stm32f30x_syscfg.h"
..\..\..\..\Libraries\STM32F30x_StdPeriph_Driver\src\stm32f30x_syscfg.c: 0 warnings, 1 error
compiling stm32f30x_tim.c...
C:\Users\jda3800\Documents\Keil_STM32\Libraries\STM32F30x_StdPeriph_Driver\src\stm32f30x_tim.c(120): error:  #5: cannot open source input file "stm32f30x_tim.h": No such file or directory
  #include "stm32f30x_tim.h"
..\..\..\..\Libraries\STM32F30x_StdPeriph_Driver\src\stm32f30x_tim.c: 0 warnings, 1 error
compiling stm32f30x_usart.c...
C:\Users\jda3800\Documents\Keil_STM32\Libraries\STM32F30x_StdPeriph_Driver\src\stm32f30x_usart.c(81): error:  #5: cannot open source input file "stm32f30x_usart.h": No such file or directory
  #include "stm32f30x_usart.h"
..\..\..\..\Libraries\STM32F30x_StdPeriph_Driver\src\stm32f30x_usart.c: 0 warnings, 1 error
compiling stm32f30x_wwdg.c...
C:\Users\jda3800\Documents\Keil_STM32\Libraries\STM32F30x_StdPeriph_Driver\src\stm32f30x_wwdg.c(87): error:  #5: cannot open source input file "stm32f30x_wwdg.h": No such file or directory
  #include "stm32f30x_wwdg.h"
..\..\..\..\Libraries\STM32F30x_StdPeriph_Driver\src\stm32f30x_wwdg.c: 0 warnings, 1 error
compiling main.c...
C:\Users\jda3800\Documents\Keil_STM32\Project\SD_Projects\System\stm32f30x_conf.h(34): error:  #5: cannot open source input file "stm32f30x_adc.h": No such file or directory
  #include "stm32f30x_adc.h"
..\main.c: 0 warnings, 1 error
compiling stm32f30x_it.c...
C:\Users\jda3800\Documents\Keil_STM32\Project\SD_Projects\System\stm32f30x_conf.h(34): error:  #5: cannot open source input file "stm32f30x_adc.h": No such file or directory
  #include "stm32f30x_adc.h"
..\stm32f30x_it.c: 0 warnings, 1 error
compiling system_stm32f30x.c...
C:\Users\jda3800\Documents\Keil_STM32\Project\SD_Projects\System\stm32f30x_conf.h(34): error:  #5: cannot open source input file "stm32f30x_adc.h": No such file or directory
  #include "stm32f30x_adc.h"
..\system_stm32f30x.c: 0 warnings, 1 error
".\Obj\System.axf" - 26 Error(s), 0 Warning(s).
Target not created
r
".\Obj\System.axf" - 26 Error(s), 0 Warning(s).
Target not created
