<html>
<body>
<pre>
<h1>µVision Build Log</h1>
<h2>Project:</h2>
C:\Users\jda3800\Documents\Keil_STM32\Project\SD_Projects\System\MDK-ARM\System.uvproj
Project File Date:  11/04/2014

<h2>Output:</h2>
Build Project 'System' - Target 'STM32F3_Discovery'
linking...
Program Size: Code=26004 RO-data=488 RW-data=320 ZI-data=1760  
FromELF: creating hex file...
".\Obj\System.axf" - 0 Error(s), 0 Warning(s).
Load "C:\\Users\\jda3800\\Documents\\Keil_STM32\\Project\\SD_Projects\\System\\MDK-ARM\\Obj\\System.axf" 
Erase Done.
Programming Done.
Verify OK.
</pre>
</body>
</html>
760  
FromELF: creating hex file...
".\Obj\System.axf" - 0 Error(s), 1 Warning(s).
Load "C:\\Users\\jda3800\\Documents\\Keil_STM32\\Project\\SD_Projects\\System\\MDK-ARM\\Obj\\System.axf" 
Erase Done.
Programming Done.
Verify OK.

Verify OK.
.
compiling stm32f30x_syscfg.c...
compiling stm32f30x_tim.c...
compiling stm32f30x_usart.c...
compiling stm32f30x_wwdg.c...
compiling main.c...
compiling stm32f30x_it.c...
C:\Users\jda3800\Documents\Keil_STM32\Project\SD_Projects\System\stm32f30x_it.c(486): warning:  #223-D: function "log2" declared implicitly
                base2SSdB = log2( SSint2 );
..\stm32f30x_it.c: 1 warning, 0 errors
compiling system_stm32f30x.c...
linking...
Program Size: Code=25948 RO-data=488 RW-data=320 ZI-data=1760  
FromELF: creating hex file...
".\Obj\System.axf" - 0 Error(s), 1 Warning(s).
Load "C:\\Users\\jda3800\\Documents\\Keil_STM32\\Project\\SD_Projects\\System\\MDK-ARM\\Obj\\System.axf" 
Erase Done.
Programming Done.
Verify OK.
