<html>
<body>
<pre>
<h1>µVision Build Log</h1>
<h2>Project:</h2>
C:\Users\jda3800\Documents\Keil_STM32\Project\SD_Projects\System\MDK-ARM\System.uvproj
Project File Date:  10/23/2014

<h2>Output:</h2>
Build Project 'System' - Target 'STM32F3_Discovery'
compiling stm32f30x_it.c...
C:\Users\jda3800\Documents\Keil_STM32\Project\SD_Projects\System\stm32f30x_it.c(420): warning:  #223-D: function "log2" declared implicitly
                base2SSdB = log2( SSint );
..\stm32f30x_it.c: 1 warning, 0 errors
linking...
Program Size: Code=25420 RO-data=488 RW-data=280 ZI-data=1760  
FromELF: creating hex file...
".\Obj\System.axf" - 0 Error(s), 1 Warning(s).
Load "C:\\Users\\jda3800\\Documents\\Keil_STM32\\Project\\SD_Projects\\System\\MDK-ARM\\Obj\\System.axf" 
Erase Done.
Programming Done.
Verify OK.
</pre>
</body>
</html>
it.c: 1 warning, 2 errors
".\Obj\System.axf" - 2 Error(s), 1 Warning(s).
Target not created
ompiling stm32f30x_wwdg.c...
compiling main.c...
compiling stm32f30x_it.c...
C:\Users\jda3800\Documents\Keil_STM32\Project\SD_Projects\System\stm32f30x_it.c(412): warning:  #223-D: function "log2" declared implicitly
                y = log2( x );
..\stm32f30x_it.c: 1 warning, 0 errors
compiling system_stm32f30x.c...
assembling log2.s...
C:\Users\jda3800\Documents\Keil_STM32\Project\SD_Projects\System\log2.s(30): warning: A1479W: Requested alignment 8 is greater than area alignment 4, which has been increased
linking...
Program Size: Code=25244 RO-data=488 RW-data=272 ZI-data=1760  
FromELF: creating hex file...
".\Obj\System.axf" - 0 Error(s), 2 Warning(s).
Load "C:\\Users\\jda3800\\Documents\\Keil_STM32\\Project\\SD_Projects\\System\\MDK-ARM\\Obj\\System.axf" 
Erase Done.
Programming Done.
Verify OK.
