<html>
<body>
<pre>
<h1>µVision Build Log</h1>
<h2>Project:</h2>
C:\Users\jda3800\Documents\Keil_STM32\Project\SD_Projects\System\MDK-ARM\System.uvproj
Project File Date:  11/11/2014

<h2>Output:</h2>
Build Project 'System' - Target 'STM32F3_Discovery'
compiling main.c...
linking...
Program Size: Code=28244 RO-data=488 RW-data=280 ZI-data=1760  
FromELF: creating hex file...
".\Obj\System.axf" - 0 Error(s), 0 Warning(s).
Load "C:\\Users\\jda3800\\Documents\\Keil_STM32\\Project\\SD_Projects\\System\\MDK-ARM\\Obj\\System.axf" 
Erase Done.
Programming Done.
Verify OK.
</pre>
</body>
</html>
ing stm32f30x_gpio.c...
compiling stm32f30x_i2c.c...
compiling stm32f30x_iwdg.c...
compiling stm32f30x_misc.c...
compiling stm32f30x_opamp.c...
compiling stm32f30x_pwr.c...
compiling stm32f30x_rcc.c...
compiling stm32f30x_rtc.c...
compiling stm32f30x_spi.c...
compiling stm32f30x_syscfg.c...
compiling stm32f30x_tim.c...
compiling stm32f30x_usart.c...
compiling stm32f30x_wwdg.c...
compiling main.c...
compiling stm32f30x_it.c...
C:\Users\jda3800\Documents\Keil_STM32\Project\SD_Projects\System\stm32f30x_it.c(353): warning:  #223-D: function "log2" declared implicitly
                        base2SSdB = log2( SS16q16int );
..\stm32f30x_it.c: 1 warning, 0 errors
compiling system_stm32f30x.c...
assembling log2.s...
C:\Users\jda3800\Documents\Keil_STM32\Project\SD_Projects\System\log2.s(30): warning: A1479W: Requested alignment 8 is greater than area alignment 4, which has been increased
linking...
Program Size: Code=28116 RO-data=488 RW-data=280 ZI-data=1760  
FromELF: creating hex file...
".\Obj\System.axf" - 0 Error(s), 2 Warning(s).
Load "C:\\Users\\jda3800\\Documents\\Keil_STM32\\Project\\SD_Projects\\System\\MDK-ARM\\Obj\\System.axf" 
Erase Done.
Programming Done.
Verify OK.
