<html>
<body>
<pre>
<h1>µVision Build Log</h1>
<h2>Project:</h2>
C:\Users\jda3800\Documents\Keil_STM32\Project\SD_Projects\System\MDK-ARM\System.uvproj
Project File Date:  11/10/2014

<h2>Output:</h2>
Build Project 'System' - Target 'STM32F3_Discovery'
compiling stm32f30x_it.c...
C:\Users\jda3800\Documents\Keil_STM32\Project\SD_Projects\System\stm32f30x_it.c(353): warning:  #223-D: function "log2" declared implicitly
                        base2SSdB = log2( SS16q16int );
..\stm32f30x_it.c: 1 warning, 0 errors
linking...
Program Size: Code=28308 RO-data=488 RW-data=280 ZI-data=1760  
FromELF: creating hex file...
".\Obj\System.axf" - 0 Error(s), 1 Warning(s).
</pre>
</body>
</html>
"C:\\Users\\jda3800\\Documents\\Keil_STM32\\Project\\SD_Projects\\System\\MDK-ARM\\Obj\\System.axf" 
Erase Done.
Programming Done.
Verify OK.
Error: Target DLL has been cancelled. Debugger aborted !
 current - minimum;
..\main.c: 0 warnings, 3 errors
".\Obj\System.axf" - 3 Error(s), 0 Warning(s).
Target not created
Load "C:\\Users\\jda3800\\Documents\\Keil_STM32\\Project\\SD_Projects\\System\\MDK-ARM\\Obj\\System.axf" 
_____^
*** error 56: cannot open file
Error: Flash Download failed  -  Could not load file 'C:\Users\jda3800\Documents\Keil_STM32\Project\SD_Projects\System\MDK-ARM\Obj\System.axf'
D: function "log2" declared implicitly
                        base2SSdB = log2( SS16q16int );
..\stm32f30x_it.c: 1 warning, 0 errors
compiling system_stm32f30x.c...
assembling log2.s...
C:\Users\jda3800\Documents\Keil_STM32\Project\SD_Projects\System\log2.s(30): warning: A1479W: Requested alignment 8 is greater than area alignment 4, which has been increased
linking...
Program Size: Code=27996 RO-data=488 RW-data=280 ZI-data=1760  
FromELF: creating hex file...
".\Obj\System.axf" - 0 Error(s), 3 Warning(s).
