<html>
<body>
<pre>
<h1>µVision Build Log</h1>
<h2>Project:</h2>
C:\Users\jda3800\Documents\Keil_STM32\Project\SD_Projects\System\MDK-ARM\System.uvproj
Project File Date:  10/23/2014

<h2>Output:</h2>
Build Project 'System' - Target 'STM32F3_Discovery'
linking...
Program Size: Code=27392 RO-data=552 RW-data=296 ZI-data=1760  
FromELF: creating hex file...
".\Obj\System.axf" - 0 Error(s), 0 Warning(s).
</pre>
</body>
</html>
.
    for( int i = 15 ; i < 0 ; i = i - 1 )
C:\Users\jda3800\Documents\Keil_STM32\Project\SD_Projects\System\stm32f30x_it.c(446): error:  #20: identifier "i" is undefined
                for( int i = 15 ; i < 0 ; i = i - 1 )
..\stm32f30x_it.c: 0 warnings, 2 errors
".\Obj\System.axf" - 2 Error(s), 0 Warning(s).
Target not created
